
examples/arduino-tone-melody/build/arduino-tone-melody.ino.elf:     file format elf32-avr


Disassembly of section .text:

00000000 <__vectors>:
   0:	0c 94 5d 00 	jmp	0xba	; 0xba <__ctors_end>
   4:	0c 94 7a 00 	jmp	0xf4	; 0xf4 <__bad_interrupt>
   8:	0c 94 7a 00 	jmp	0xf4	; 0xf4 <__bad_interrupt>
   c:	0c 94 7a 00 	jmp	0xf4	; 0xf4 <__bad_interrupt>
  10:	0c 94 7a 00 	jmp	0xf4	; 0xf4 <__bad_interrupt>
  14:	0c 94 7a 00 	jmp	0xf4	; 0xf4 <__bad_interrupt>
  18:	0c 94 7a 00 	jmp	0xf4	; 0xf4 <__bad_interrupt>
  1c:	0c 94 e2 00 	jmp	0x1c4	; 0x1c4 <__vector_7>
  20:	0c 94 7a 00 	jmp	0xf4	; 0xf4 <__bad_interrupt>
  24:	0c 94 7a 00 	jmp	0xf4	; 0xf4 <__bad_interrupt>
  28:	0c 94 7a 00 	jmp	0xf4	; 0xf4 <__bad_interrupt>
  2c:	0c 94 7a 00 	jmp	0xf4	; 0xf4 <__bad_interrupt>
  30:	0c 94 7a 00 	jmp	0xf4	; 0xf4 <__bad_interrupt>
  34:	0c 94 7a 00 	jmp	0xf4	; 0xf4 <__bad_interrupt>
  38:	0c 94 7a 00 	jmp	0xf4	; 0xf4 <__bad_interrupt>
  3c:	0c 94 7a 00 	jmp	0xf4	; 0xf4 <__bad_interrupt>
  40:	0c 94 98 00 	jmp	0x130	; 0x130 <__vector_16>
  44:	0c 94 7a 00 	jmp	0xf4	; 0xf4 <__bad_interrupt>
  48:	0c 94 7a 00 	jmp	0xf4	; 0xf4 <__bad_interrupt>
  4c:	0c 94 7a 00 	jmp	0xf4	; 0xf4 <__bad_interrupt>
  50:	0c 94 7a 00 	jmp	0xf4	; 0xf4 <__bad_interrupt>
  54:	0c 94 7a 00 	jmp	0xf4	; 0xf4 <__bad_interrupt>
  58:	0c 94 7a 00 	jmp	0xf4	; 0xf4 <__bad_interrupt>
  5c:	0c 94 7a 00 	jmp	0xf4	; 0xf4 <__bad_interrupt>
  60:	0c 94 7a 00 	jmp	0xf4	; 0xf4 <__bad_interrupt>
  64:	0c 94 7a 00 	jmp	0xf4	; 0xf4 <__bad_interrupt>

00000068 <digital_pin_to_timer_PGM>:
  68:	00 00 00 08 00 02 01 00 00 03 04 07 00 00 00 00     ................
  78:	00 00 00 00                                         ....

0000007c <_ZL21tone_pin_to_timer_PGM>:
  7c:	02                                                  .

0000007d <port_to_output_PGM>:
  7d:	00 00 00 00 25 00 28 00 2b 00                       ....%.(.+.

00000087 <port_to_mode_PGM>:
  87:	00 00 00 00 24 00 27 00 2a 00                       ....$.'.*.

00000091 <digital_pin_to_port_PGM>:
  91:	04 04 04 04 04 04 04 04 02 02 02 02 02 02 03 03     ................
  a1:	03 03 03 03                                         ....

000000a5 <digital_pin_to_bit_mask_PGM>:
  a5:	01 02 04 08 10 20 40 80 01 02 04 08 10 20 01 02     ..... @...... ..
  b5:	04 08 10 20 00                                      ... .

000000ba <__ctors_end>:
  ba:	11 24       	eor	r1, r1
  bc:	1f be       	out	0x3f, r1	; 63
  be:	cf ef       	ldi	r28, 0xFF	; 255
  c0:	d8 e0       	ldi	r29, 0x08	; 8
  c2:	de bf       	out	0x3e, r29	; 62
  c4:	cd bf       	out	0x3d, r28	; 61

000000c6 <__do_copy_data>:
  c6:	11 e0       	ldi	r17, 0x01	; 1
  c8:	a0 e0       	ldi	r26, 0x00	; 0
  ca:	b1 e0       	ldi	r27, 0x01	; 1
  cc:	e6 ed       	ldi	r30, 0xD6	; 214
  ce:	f5 e0       	ldi	r31, 0x05	; 5
  d0:	02 c0       	rjmp	.+4      	; 0xd6 <__do_copy_data+0x10>
  d2:	05 90       	lpm	r0, Z+
  d4:	0d 92       	st	X+, r0
  d6:	a2 30       	cpi	r26, 0x02	; 2
  d8:	b1 07       	cpc	r27, r17
  da:	d9 f7       	brne	.-10     	; 0xd2 <__do_copy_data+0xc>

000000dc <__do_clear_bss>:
  dc:	21 e0       	ldi	r18, 0x01	; 1
  de:	a2 e0       	ldi	r26, 0x02	; 2
  e0:	b1 e0       	ldi	r27, 0x01	; 1
  e2:	01 c0       	rjmp	.+2      	; 0xe6 <.do_clear_bss_start>

000000e4 <.do_clear_bss_loop>:
  e4:	1d 92       	st	X+, r1

000000e6 <.do_clear_bss_start>:
  e6:	ac 31       	cpi	r26, 0x1C	; 28
  e8:	b2 07       	cpc	r27, r18
  ea:	e1 f7       	brne	.-8      	; 0xe4 <.do_clear_bss_loop>
  ec:	0e 94 a5 01 	call	0x34a	; 0x34a <main>
  f0:	0c 94 e9 02 	jmp	0x5d2	; 0x5d2 <_exit>

000000f4 <__bad_interrupt>:
  f4:	0c 94 00 00 	jmp	0	; 0x0 <__vectors>

000000f8 <pinMode.constprop.3>:
  f8:	ed ea       	ldi	r30, 0xAD	; 173
  fa:	f0 e0       	ldi	r31, 0x00	; 0
  fc:	24 91       	lpm	r18, Z
  fe:	e9 e9       	ldi	r30, 0x99	; 153
 100:	f0 e0       	ldi	r31, 0x00	; 0
 102:	84 91       	lpm	r24, Z
 104:	88 23       	and	r24, r24
 106:	99 f0       	breq	.+38     	; 0x12e <pinMode.constprop.3+0x36>
 108:	90 e0       	ldi	r25, 0x00	; 0
 10a:	88 0f       	add	r24, r24
 10c:	99 1f       	adc	r25, r25
 10e:	fc 01       	movw	r30, r24
 110:	e9 57       	subi	r30, 0x79	; 121
 112:	ff 4f       	sbci	r31, 0xFF	; 255
 114:	a5 91       	lpm	r26, Z+
 116:	b4 91       	lpm	r27, Z
 118:	fc 01       	movw	r30, r24
 11a:	e3 58       	subi	r30, 0x83	; 131
 11c:	ff 4f       	sbci	r31, 0xFF	; 255
 11e:	85 91       	lpm	r24, Z+
 120:	94 91       	lpm	r25, Z
 122:	8f b7       	in	r24, 0x3f	; 63
 124:	f8 94       	cli
 126:	ec 91       	ld	r30, X
 128:	e2 2b       	or	r30, r18
 12a:	ec 93       	st	X, r30
 12c:	8f bf       	out	0x3f, r24	; 63
 12e:	08 95       	ret

00000130 <__vector_16>:
 130:	1f 92       	push	r1
 132:	0f 92       	push	r0
 134:	0f b6       	in	r0, 0x3f	; 63
 136:	0f 92       	push	r0
 138:	11 24       	eor	r1, r1
 13a:	2f 93       	push	r18
 13c:	3f 93       	push	r19
 13e:	8f 93       	push	r24
 140:	9f 93       	push	r25
 142:	af 93       	push	r26
 144:	bf 93       	push	r27
 146:	80 91 18 01 	lds	r24, 0x0118	; 0x800118 <timer0_millis>
 14a:	90 91 19 01 	lds	r25, 0x0119	; 0x800119 <timer0_millis+0x1>
 14e:	a0 91 1a 01 	lds	r26, 0x011A	; 0x80011a <timer0_millis+0x2>
 152:	b0 91 1b 01 	lds	r27, 0x011B	; 0x80011b <timer0_millis+0x3>
 156:	30 91 17 01 	lds	r19, 0x0117	; 0x800117 <timer0_fract>
 15a:	23 e0       	ldi	r18, 0x03	; 3
 15c:	23 0f       	add	r18, r19
 15e:	2d 37       	cpi	r18, 0x7D	; 125
 160:	58 f5       	brcc	.+86     	; 0x1b8 <__vector_16+0x88>
 162:	01 96       	adiw	r24, 0x01	; 1
 164:	a1 1d       	adc	r26, r1
 166:	b1 1d       	adc	r27, r1
 168:	20 93 17 01 	sts	0x0117, r18	; 0x800117 <timer0_fract>
 16c:	80 93 18 01 	sts	0x0118, r24	; 0x800118 <timer0_millis>
 170:	90 93 19 01 	sts	0x0119, r25	; 0x800119 <timer0_millis+0x1>
 174:	a0 93 1a 01 	sts	0x011A, r26	; 0x80011a <timer0_millis+0x2>
 178:	b0 93 1b 01 	sts	0x011B, r27	; 0x80011b <timer0_millis+0x3>
 17c:	80 91 13 01 	lds	r24, 0x0113	; 0x800113 <timer0_overflow_count>
 180:	90 91 14 01 	lds	r25, 0x0114	; 0x800114 <timer0_overflow_count+0x1>
 184:	a0 91 15 01 	lds	r26, 0x0115	; 0x800115 <timer0_overflow_count+0x2>
 188:	b0 91 16 01 	lds	r27, 0x0116	; 0x800116 <timer0_overflow_count+0x3>
 18c:	01 96       	adiw	r24, 0x01	; 1
 18e:	a1 1d       	adc	r26, r1
 190:	b1 1d       	adc	r27, r1
 192:	80 93 13 01 	sts	0x0113, r24	; 0x800113 <timer0_overflow_count>
 196:	90 93 14 01 	sts	0x0114, r25	; 0x800114 <timer0_overflow_count+0x1>
 19a:	a0 93 15 01 	sts	0x0115, r26	; 0x800115 <timer0_overflow_count+0x2>
 19e:	b0 93 16 01 	sts	0x0116, r27	; 0x800116 <timer0_overflow_count+0x3>
 1a2:	bf 91       	pop	r27
 1a4:	af 91       	pop	r26
 1a6:	9f 91       	pop	r25
 1a8:	8f 91       	pop	r24
 1aa:	3f 91       	pop	r19
 1ac:	2f 91       	pop	r18
 1ae:	0f 90       	pop	r0
 1b0:	0f be       	out	0x3f, r0	; 63
 1b2:	0f 90       	pop	r0
 1b4:	1f 90       	pop	r1
 1b6:	18 95       	reti
 1b8:	26 e8       	ldi	r18, 0x86	; 134
 1ba:	23 0f       	add	r18, r19
 1bc:	02 96       	adiw	r24, 0x02	; 2
 1be:	a1 1d       	adc	r26, r1
 1c0:	b1 1d       	adc	r27, r1
 1c2:	d2 cf       	rjmp	.-92     	; 0x168 <__vector_16+0x38>

000001c4 <__vector_7>:
 1c4:	1f 92       	push	r1
 1c6:	0f 92       	push	r0
 1c8:	0f b6       	in	r0, 0x3f	; 63
 1ca:	0f 92       	push	r0
 1cc:	11 24       	eor	r1, r1
 1ce:	2f 93       	push	r18
 1d0:	3f 93       	push	r19
 1d2:	8f 93       	push	r24
 1d4:	9f 93       	push	r25
 1d6:	af 93       	push	r26
 1d8:	bf 93       	push	r27
 1da:	ef 93       	push	r30
 1dc:	ff 93       	push	r31
 1de:	80 91 07 01 	lds	r24, 0x0107	; 0x800107 <timer2_toggle_count>
 1e2:	90 91 08 01 	lds	r25, 0x0108	; 0x800108 <timer2_toggle_count+0x1>
 1e6:	a0 91 09 01 	lds	r26, 0x0109	; 0x800109 <timer2_toggle_count+0x2>
 1ea:	b0 91 0a 01 	lds	r27, 0x010A	; 0x80010a <timer2_toggle_count+0x3>
 1ee:	89 2b       	or	r24, r25
 1f0:	8a 2b       	or	r24, r26
 1f2:	8b 2b       	or	r24, r27
 1f4:	b1 f1       	breq	.+108    	; 0x262 <__vector_7+0x9e>
 1f6:	90 91 02 01 	lds	r25, 0x0102	; 0x800102 <timer2_pin_mask>
 1fa:	e0 91 03 01 	lds	r30, 0x0103	; 0x800103 <timer2_pin_port>
 1fe:	f0 91 04 01 	lds	r31, 0x0104	; 0x800104 <timer2_pin_port+0x1>
 202:	80 81       	ld	r24, Z
 204:	89 27       	eor	r24, r25
 206:	80 83       	st	Z, r24
 208:	80 91 07 01 	lds	r24, 0x0107	; 0x800107 <timer2_toggle_count>
 20c:	90 91 08 01 	lds	r25, 0x0108	; 0x800108 <timer2_toggle_count+0x1>
 210:	a0 91 09 01 	lds	r26, 0x0109	; 0x800109 <timer2_toggle_count+0x2>
 214:	b0 91 0a 01 	lds	r27, 0x010A	; 0x80010a <timer2_toggle_count+0x3>
 218:	18 16       	cp	r1, r24
 21a:	19 06       	cpc	r1, r25
 21c:	1a 06       	cpc	r1, r26
 21e:	1b 06       	cpc	r1, r27
 220:	9c f4       	brge	.+38     	; 0x248 <__vector_7+0x84>
 222:	80 91 07 01 	lds	r24, 0x0107	; 0x800107 <timer2_toggle_count>
 226:	90 91 08 01 	lds	r25, 0x0108	; 0x800108 <timer2_toggle_count+0x1>
 22a:	a0 91 09 01 	lds	r26, 0x0109	; 0x800109 <timer2_toggle_count+0x2>
 22e:	b0 91 0a 01 	lds	r27, 0x010A	; 0x80010a <timer2_toggle_count+0x3>
 232:	01 97       	sbiw	r24, 0x01	; 1
 234:	a1 09       	sbc	r26, r1
 236:	b1 09       	sbc	r27, r1
 238:	80 93 07 01 	sts	0x0107, r24	; 0x800107 <timer2_toggle_count>
 23c:	90 93 08 01 	sts	0x0108, r25	; 0x800108 <timer2_toggle_count+0x1>
 240:	a0 93 09 01 	sts	0x0109, r26	; 0x800109 <timer2_toggle_count+0x2>
 244:	b0 93 0a 01 	sts	0x010A, r27	; 0x80010a <timer2_toggle_count+0x3>
 248:	ff 91       	pop	r31
 24a:	ef 91       	pop	r30
 24c:	bf 91       	pop	r27
 24e:	af 91       	pop	r26
 250:	9f 91       	pop	r25
 252:	8f 91       	pop	r24
 254:	3f 91       	pop	r19
 256:	2f 91       	pop	r18
 258:	0f 90       	pop	r0
 25a:	0f be       	out	0x3f, r0	; 63
 25c:	0f 90       	pop	r0
 25e:	1f 90       	pop	r1
 260:	18 95       	reti
 262:	80 91 00 01 	lds	r24, 0x0100	; 0x800100 <_ZL9tone_pins>
 266:	ec e7       	ldi	r30, 0x7C	; 124
 268:	f0 e0       	ldi	r31, 0x00	; 0
 26a:	e4 91       	lpm	r30, Z
 26c:	9f ef       	ldi	r25, 0xFF	; 255
 26e:	90 93 00 01 	sts	0x0100, r25	; 0x800100 <_ZL9tone_pins>
 272:	e1 30       	cpi	r30, 0x01	; 1
 274:	09 f4       	brne	.+2      	; 0x278 <__vector_7+0xb4>
 276:	31 c0       	rjmp	.+98     	; 0x2da <__vector_7+0x116>
 278:	68 f1       	brcs	.+90     	; 0x2d4 <__vector_7+0x110>
 27a:	e2 30       	cpi	r30, 0x02	; 2
 27c:	09 f4       	brne	.+2      	; 0x280 <__vector_7+0xbc>
 27e:	33 c0       	rjmp	.+102    	; 0x2e6 <__vector_7+0x122>
 280:	90 e0       	ldi	r25, 0x00	; 0
 282:	fc 01       	movw	r30, r24
 284:	e8 59       	subi	r30, 0x98	; 152
 286:	ff 4f       	sbci	r31, 0xFF	; 255
 288:	24 91       	lpm	r18, Z
 28a:	fc 01       	movw	r30, r24
 28c:	eb 55       	subi	r30, 0x5B	; 91
 28e:	ff 4f       	sbci	r31, 0xFF	; 255
 290:	34 91       	lpm	r19, Z
 292:	fc 01       	movw	r30, r24
 294:	ef 56       	subi	r30, 0x6F	; 111
 296:	ff 4f       	sbci	r31, 0xFF	; 255
 298:	e4 91       	lpm	r30, Z
 29a:	ee 23       	and	r30, r30
 29c:	a9 f2       	breq	.-86     	; 0x248 <__vector_7+0x84>
 29e:	22 23       	and	r18, r18
 2a0:	51 f0       	breq	.+20     	; 0x2b6 <__vector_7+0xf2>
 2a2:	23 30       	cpi	r18, 0x03	; 3
 2a4:	09 f4       	brne	.+2      	; 0x2a8 <__vector_7+0xe4>
 2a6:	3a c0       	rjmp	.+116    	; 0x31c <__vector_7+0x158>
 2a8:	78 f5       	brcc	.+94     	; 0x308 <__vector_7+0x144>
 2aa:	21 30       	cpi	r18, 0x01	; 1
 2ac:	09 f4       	brne	.+2      	; 0x2b0 <__vector_7+0xec>
 2ae:	3c c0       	rjmp	.+120    	; 0x328 <__vector_7+0x164>
 2b0:	22 30       	cpi	r18, 0x02	; 2
 2b2:	09 f4       	brne	.+2      	; 0x2b6 <__vector_7+0xf2>
 2b4:	3d c0       	rjmp	.+122    	; 0x330 <__vector_7+0x16c>
 2b6:	f0 e0       	ldi	r31, 0x00	; 0
 2b8:	ee 0f       	add	r30, r30
 2ba:	ff 1f       	adc	r31, r31
 2bc:	e3 58       	subi	r30, 0x83	; 131
 2be:	ff 4f       	sbci	r31, 0xFF	; 255
 2c0:	a5 91       	lpm	r26, Z+
 2c2:	b4 91       	lpm	r27, Z
 2c4:	8f b7       	in	r24, 0x3f	; 63
 2c6:	f8 94       	cli
 2c8:	ec 91       	ld	r30, X
 2ca:	30 95       	com	r19
 2cc:	3e 23       	and	r19, r30
 2ce:	3c 93       	st	X, r19
 2d0:	8f bf       	out	0x3f, r24	; 63
 2d2:	ba cf       	rjmp	.-140    	; 0x248 <__vector_7+0x84>
 2d4:	10 92 6e 00 	sts	0x006E, r1	; 0x80006e <__DATA_REGION_ORIGIN__+0xe>
 2d8:	d3 cf       	rjmp	.-90     	; 0x280 <__vector_7+0xbc>
 2da:	90 91 6f 00 	lds	r25, 0x006F	; 0x80006f <__DATA_REGION_ORIGIN__+0xf>
 2de:	9d 7f       	andi	r25, 0xFD	; 253
 2e0:	90 93 6f 00 	sts	0x006F, r25	; 0x80006f <__DATA_REGION_ORIGIN__+0xf>
 2e4:	cd cf       	rjmp	.-102    	; 0x280 <__vector_7+0xbc>
 2e6:	90 91 70 00 	lds	r25, 0x0070	; 0x800070 <__DATA_REGION_ORIGIN__+0x10>
 2ea:	9d 7f       	andi	r25, 0xFD	; 253
 2ec:	90 93 70 00 	sts	0x0070, r25	; 0x800070 <__DATA_REGION_ORIGIN__+0x10>
 2f0:	91 e0       	ldi	r25, 0x01	; 1
 2f2:	90 93 b0 00 	sts	0x00B0, r25	; 0x8000b0 <__DATA_REGION_ORIGIN__+0x50>
 2f6:	90 91 b1 00 	lds	r25, 0x00B1	; 0x8000b1 <__DATA_REGION_ORIGIN__+0x51>
 2fa:	98 7f       	andi	r25, 0xF8	; 248
 2fc:	94 60       	ori	r25, 0x04	; 4
 2fe:	90 93 b1 00 	sts	0x00B1, r25	; 0x8000b1 <__DATA_REGION_ORIGIN__+0x51>
 302:	10 92 b3 00 	sts	0x00B3, r1	; 0x8000b3 <__DATA_REGION_ORIGIN__+0x53>
 306:	bc cf       	rjmp	.-136    	; 0x280 <__vector_7+0xbc>
 308:	27 30       	cpi	r18, 0x07	; 7
 30a:	a9 f0       	breq	.+42     	; 0x336 <__vector_7+0x172>
 30c:	28 30       	cpi	r18, 0x08	; 8
 30e:	c9 f0       	breq	.+50     	; 0x342 <__vector_7+0x17e>
 310:	24 30       	cpi	r18, 0x04	; 4
 312:	89 f6       	brne	.-94     	; 0x2b6 <__vector_7+0xf2>
 314:	80 91 80 00 	lds	r24, 0x0080	; 0x800080 <__DATA_REGION_ORIGIN__+0x20>
 318:	8f 7d       	andi	r24, 0xDF	; 223
 31a:	03 c0       	rjmp	.+6      	; 0x322 <__vector_7+0x15e>
 31c:	80 91 80 00 	lds	r24, 0x0080	; 0x800080 <__DATA_REGION_ORIGIN__+0x20>
 320:	8f 77       	andi	r24, 0x7F	; 127
 322:	80 93 80 00 	sts	0x0080, r24	; 0x800080 <__DATA_REGION_ORIGIN__+0x20>
 326:	c7 cf       	rjmp	.-114    	; 0x2b6 <__vector_7+0xf2>
 328:	84 b5       	in	r24, 0x24	; 36
 32a:	8f 77       	andi	r24, 0x7F	; 127
 32c:	84 bd       	out	0x24, r24	; 36
 32e:	c3 cf       	rjmp	.-122    	; 0x2b6 <__vector_7+0xf2>
 330:	84 b5       	in	r24, 0x24	; 36
 332:	8f 7d       	andi	r24, 0xDF	; 223
 334:	fb cf       	rjmp	.-10     	; 0x32c <__vector_7+0x168>
 336:	80 91 b0 00 	lds	r24, 0x00B0	; 0x8000b0 <__DATA_REGION_ORIGIN__+0x50>
 33a:	8f 77       	andi	r24, 0x7F	; 127
 33c:	80 93 b0 00 	sts	0x00B0, r24	; 0x8000b0 <__DATA_REGION_ORIGIN__+0x50>
 340:	ba cf       	rjmp	.-140    	; 0x2b6 <__vector_7+0xf2>
 342:	80 91 b0 00 	lds	r24, 0x00B0	; 0x8000b0 <__DATA_REGION_ORIGIN__+0x50>
 346:	8f 7d       	andi	r24, 0xDF	; 223
 348:	f9 cf       	rjmp	.-14     	; 0x33c <__vector_7+0x178>

0000034a <main>:
 34a:	78 94       	sei
 34c:	84 b5       	in	r24, 0x24	; 36
 34e:	82 60       	ori	r24, 0x02	; 2
 350:	84 bd       	out	0x24, r24	; 36
 352:	84 b5       	in	r24, 0x24	; 36
 354:	81 60       	ori	r24, 0x01	; 1
 356:	84 bd       	out	0x24, r24	; 36
 358:	85 b5       	in	r24, 0x25	; 37
 35a:	82 60       	ori	r24, 0x02	; 2
 35c:	85 bd       	out	0x25, r24	; 37
 35e:	85 b5       	in	r24, 0x25	; 37
 360:	81 60       	ori	r24, 0x01	; 1
 362:	85 bd       	out	0x25, r24	; 37
 364:	80 91 6e 00 	lds	r24, 0x006E	; 0x80006e <__DATA_REGION_ORIGIN__+0xe>
 368:	81 60       	ori	r24, 0x01	; 1
 36a:	80 93 6e 00 	sts	0x006E, r24	; 0x80006e <__DATA_REGION_ORIGIN__+0xe>
 36e:	10 92 81 00 	sts	0x0081, r1	; 0x800081 <__DATA_REGION_ORIGIN__+0x21>
 372:	80 91 81 00 	lds	r24, 0x0081	; 0x800081 <__DATA_REGION_ORIGIN__+0x21>
 376:	82 60       	ori	r24, 0x02	; 2
 378:	80 93 81 00 	sts	0x0081, r24	; 0x800081 <__DATA_REGION_ORIGIN__+0x21>
 37c:	80 91 81 00 	lds	r24, 0x0081	; 0x800081 <__DATA_REGION_ORIGIN__+0x21>
 380:	81 60       	ori	r24, 0x01	; 1
 382:	80 93 81 00 	sts	0x0081, r24	; 0x800081 <__DATA_REGION_ORIGIN__+0x21>
 386:	80 91 80 00 	lds	r24, 0x0080	; 0x800080 <__DATA_REGION_ORIGIN__+0x20>
 38a:	81 60       	ori	r24, 0x01	; 1
 38c:	80 93 80 00 	sts	0x0080, r24	; 0x800080 <__DATA_REGION_ORIGIN__+0x20>
 390:	80 91 b1 00 	lds	r24, 0x00B1	; 0x8000b1 <__DATA_REGION_ORIGIN__+0x51>
 394:	84 60       	ori	r24, 0x04	; 4
 396:	80 93 b1 00 	sts	0x00B1, r24	; 0x8000b1 <__DATA_REGION_ORIGIN__+0x51>
 39a:	80 91 b0 00 	lds	r24, 0x00B0	; 0x8000b0 <__DATA_REGION_ORIGIN__+0x50>
 39e:	81 60       	ori	r24, 0x01	; 1
 3a0:	80 93 b0 00 	sts	0x00B0, r24	; 0x8000b0 <__DATA_REGION_ORIGIN__+0x50>
 3a4:	80 91 7a 00 	lds	r24, 0x007A	; 0x80007a <__DATA_REGION_ORIGIN__+0x1a>
 3a8:	84 60       	ori	r24, 0x04	; 4
 3aa:	80 93 7a 00 	sts	0x007A, r24	; 0x80007a <__DATA_REGION_ORIGIN__+0x1a>
 3ae:	80 91 7a 00 	lds	r24, 0x007A	; 0x80007a <__DATA_REGION_ORIGIN__+0x1a>
 3b2:	82 60       	ori	r24, 0x02	; 2
 3b4:	80 93 7a 00 	sts	0x007A, r24	; 0x80007a <__DATA_REGION_ORIGIN__+0x1a>
 3b8:	80 91 7a 00 	lds	r24, 0x007A	; 0x80007a <__DATA_REGION_ORIGIN__+0x1a>
 3bc:	81 60       	ori	r24, 0x01	; 1
 3be:	80 93 7a 00 	sts	0x007A, r24	; 0x80007a <__DATA_REGION_ORIGIN__+0x1a>
 3c2:	80 91 7a 00 	lds	r24, 0x007A	; 0x80007a <__DATA_REGION_ORIGIN__+0x1a>
 3c6:	80 68       	ori	r24, 0x80	; 128
 3c8:	80 93 7a 00 	sts	0x007A, r24	; 0x80007a <__DATA_REGION_ORIGIN__+0x1a>
 3cc:	10 92 c1 00 	sts	0x00C1, r1	; 0x8000c1 <__DATA_REGION_ORIGIN__+0x61>
 3d0:	10 92 00 03 	sts	0x0300, r1	; 0x800300 <__bss_end+0x1e4>
 3d4:	10 92 01 03 	sts	0x0301, r1	; 0x800301 <__bss_end+0x1e5>
 3d8:	10 92 02 03 	sts	0x0302, r1	; 0x800302 <__bss_end+0x1e6>
 3dc:	10 92 03 03 	sts	0x0303, r1	; 0x800303 <__bss_end+0x1e7>
 3e0:	10 92 04 03 	sts	0x0304, r1	; 0x800304 <__bss_end+0x1e8>
 3e4:	10 92 05 03 	sts	0x0305, r1	; 0x800305 <__bss_end+0x1e9>
 3e8:	10 92 06 03 	sts	0x0306, r1	; 0x800306 <__bss_end+0x1ea>
 3ec:	10 92 07 03 	sts	0x0307, r1	; 0x800307 <__bss_end+0x1eb>
 3f0:	0e 94 7c 00 	call	0xf8	; 0xf8 <pinMode.constprop.3>
 3f4:	80 91 00 01 	lds	r24, 0x0100	; 0x800100 <_ZL9tone_pins>
 3f8:	88 30       	cpi	r24, 0x08	; 8
 3fa:	a9 f0       	breq	.+42     	; 0x426 <__LOCK_REGION_LENGTH__+0x26>
 3fc:	8f 3f       	cpi	r24, 0xFF	; 255
 3fe:	51 f1       	breq	.+84     	; 0x454 <__LOCK_REGION_LENGTH__+0x54>
 400:	87 ea       	ldi	r24, 0xA7	; 167
 402:	80 93 00 03 	sts	0x0300, r24	; 0x800300 <__bss_end+0x1e4>
 406:	88 ee       	ldi	r24, 0xE8	; 232
 408:	80 93 01 03 	sts	0x0301, r24	; 0x800301 <__bss_end+0x1e5>
 40c:	83 e0       	ldi	r24, 0x03	; 3
 40e:	80 93 02 03 	sts	0x0302, r24	; 0x800302 <__bss_end+0x1e6>
 412:	8c e5       	ldi	r24, 0x5C	; 92
 414:	80 93 03 03 	sts	0x0303, r24	; 0x800303 <__bss_end+0x1e7>
 418:	c0 e0       	ldi	r28, 0x00	; 0
 41a:	d0 e0       	ldi	r29, 0x00	; 0
 41c:	20 97       	sbiw	r28, 0x00	; 0
 41e:	f1 f3       	breq	.-4      	; 0x41c <__LOCK_REGION_LENGTH__+0x1c>
 420:	0e 94 00 00 	call	0	; 0x0 <__vectors>
 424:	fb cf       	rjmp	.-10     	; 0x41c <__LOCK_REGION_LENGTH__+0x1c>
 426:	ec e7       	ldi	r30, 0x7C	; 124
 428:	f0 e0       	ldi	r31, 0x00	; 0
 42a:	c4 91       	lpm	r28, Z
 42c:	c7 fd       	sbrc	r28, 7
 42e:	e8 cf       	rjmp	.-48     	; 0x400 <__LOCK_REGION_LENGTH__>
 430:	0e 94 7c 00 	call	0xf8	; 0xf8 <pinMode.constprop.3>
 434:	cc 23       	and	r28, r28
 436:	09 f4       	brne	.+2      	; 0x43a <__LOCK_REGION_LENGTH__+0x3a>
 438:	3a c0       	rjmp	.+116    	; 0x4ae <__LOCK_REGION_LENGTH__+0xae>
 43a:	c2 30       	cpi	r28, 0x02	; 2
 43c:	09 f4       	brne	.+2      	; 0x440 <__LOCK_REGION_LENGTH__+0x40>
 43e:	ad c0       	rjmp	.+346    	; 0x59a <__LOCK_REGION_LENGTH__+0x19a>
 440:	c1 30       	cpi	r28, 0x01	; 1
 442:	09 f4       	brne	.+2      	; 0x446 <__LOCK_REGION_LENGTH__+0x46>
 444:	6a c0       	rjmp	.+212    	; 0x51a <__LOCK_REGION_LENGTH__+0x11a>
 446:	c2 30       	cpi	r28, 0x02	; 2
 448:	09 f4       	brne	.+2      	; 0x44c <__LOCK_REGION_LENGTH__+0x4c>
 44a:	c1 c0       	rjmp	.+386    	; 0x5ce <__LOCK_REGION_LENGTH__+0x1ce>
 44c:	c1 11       	cpse	r28, r1
 44e:	d8 cf       	rjmp	.-80     	; 0x400 <__LOCK_REGION_LENGTH__>
 450:	8f e3       	ldi	r24, 0x3F	; 63
 452:	32 c0       	rjmp	.+100    	; 0x4b8 <__LOCK_REGION_LENGTH__+0xb8>
 454:	88 e0       	ldi	r24, 0x08	; 8
 456:	80 93 00 01 	sts	0x0100, r24	; 0x800100 <_ZL9tone_pins>
 45a:	ec e7       	ldi	r30, 0x7C	; 124
 45c:	f0 e0       	ldi	r31, 0x00	; 0
 45e:	c4 91       	lpm	r28, Z
 460:	cf 3f       	cpi	r28, 0xFF	; 255
 462:	71 f2       	breq	.-100    	; 0x400 <__LOCK_REGION_LENGTH__>
 464:	c1 30       	cpi	r28, 0x01	; 1
 466:	09 f4       	brne	.+2      	; 0x46a <__LOCK_REGION_LENGTH__+0x6a>
 468:	39 c0       	rjmp	.+114    	; 0x4dc <__LOCK_REGION_LENGTH__+0xdc>
 46a:	40 f0       	brcs	.+16     	; 0x47c <__LOCK_REGION_LENGTH__+0x7c>
 46c:	c2 30       	cpi	r28, 0x02	; 2
 46e:	09 f4       	brne	.+2      	; 0x472 <__LOCK_REGION_LENGTH__+0x72>
 470:	71 c0       	rjmp	.+226    	; 0x554 <__LOCK_REGION_LENGTH__+0x154>
 472:	c7 fd       	sbrc	r28, 7
 474:	c5 cf       	rjmp	.-118    	; 0x400 <__LOCK_REGION_LENGTH__>
 476:	0e 94 7c 00 	call	0xf8	; 0xf8 <pinMode.constprop.3>
 47a:	df cf       	rjmp	.-66     	; 0x43a <__LOCK_REGION_LENGTH__+0x3a>
 47c:	14 bc       	out	0x24, r1	; 36
 47e:	15 bc       	out	0x25, r1	; 37
 480:	84 b5       	in	r24, 0x24	; 36
 482:	82 60       	ori	r24, 0x02	; 2
 484:	84 bd       	out	0x24, r24	; 36
 486:	85 b5       	in	r24, 0x25	; 37
 488:	81 60       	ori	r24, 0x01	; 1
 48a:	85 bd       	out	0x25, r24	; 37
 48c:	e9 e9       	ldi	r30, 0x99	; 153
 48e:	f0 e0       	ldi	r31, 0x00	; 0
 490:	e4 91       	lpm	r30, Z
 492:	f0 e0       	ldi	r31, 0x00	; 0
 494:	ee 0f       	add	r30, r30
 496:	ff 1f       	adc	r31, r31
 498:	e3 58       	subi	r30, 0x83	; 131
 49a:	ff 4f       	sbci	r31, 0xFF	; 255
 49c:	85 91       	lpm	r24, Z+
 49e:	94 91       	lpm	r25, Z
 4a0:	ed ea       	ldi	r30, 0xAD	; 173
 4a2:	f0 e0       	ldi	r31, 0x00	; 0
 4a4:	e4 91       	lpm	r30, Z
 4a6:	e0 93 06 01 	sts	0x0106, r30	; 0x800106 <timer0_pin_mask>
 4aa:	0e 94 7c 00 	call	0xf8	; 0xf8 <pinMode.constprop.3>
 4ae:	85 b5       	in	r24, 0x25	; 37
 4b0:	88 7f       	andi	r24, 0xF8	; 248
 4b2:	83 60       	ori	r24, 0x03	; 3
 4b4:	85 bd       	out	0x25, r24	; 37
 4b6:	8c e7       	ldi	r24, 0x7C	; 124
 4b8:	87 bd       	out	0x27, r24	; 39
 4ba:	8f ef       	ldi	r24, 0xFF	; 255
 4bc:	9f ef       	ldi	r25, 0xFF	; 255
 4be:	dc 01       	movw	r26, r24
 4c0:	80 93 0f 01 	sts	0x010F, r24	; 0x80010f <timer0_toggle_count>
 4c4:	90 93 10 01 	sts	0x0110, r25	; 0x800110 <timer0_toggle_count+0x1>
 4c8:	a0 93 11 01 	sts	0x0111, r26	; 0x800111 <timer0_toggle_count+0x2>
 4cc:	b0 93 12 01 	sts	0x0112, r27	; 0x800112 <timer0_toggle_count+0x3>
 4d0:	80 91 6e 00 	lds	r24, 0x006E	; 0x80006e <__DATA_REGION_ORIGIN__+0xe>
 4d4:	82 60       	ori	r24, 0x02	; 2
 4d6:	80 93 6e 00 	sts	0x006E, r24	; 0x80006e <__DATA_REGION_ORIGIN__+0xe>
 4da:	92 cf       	rjmp	.-220    	; 0x400 <__LOCK_REGION_LENGTH__>
 4dc:	10 92 80 00 	sts	0x0080, r1	; 0x800080 <__DATA_REGION_ORIGIN__+0x20>
 4e0:	10 92 81 00 	sts	0x0081, r1	; 0x800081 <__DATA_REGION_ORIGIN__+0x21>
 4e4:	80 91 81 00 	lds	r24, 0x0081	; 0x800081 <__DATA_REGION_ORIGIN__+0x21>
 4e8:	88 60       	ori	r24, 0x08	; 8
 4ea:	80 93 81 00 	sts	0x0081, r24	; 0x800081 <__DATA_REGION_ORIGIN__+0x21>
 4ee:	80 91 81 00 	lds	r24, 0x0081	; 0x800081 <__DATA_REGION_ORIGIN__+0x21>
 4f2:	81 60       	ori	r24, 0x01	; 1
 4f4:	80 93 81 00 	sts	0x0081, r24	; 0x800081 <__DATA_REGION_ORIGIN__+0x21>
 4f8:	e9 e9       	ldi	r30, 0x99	; 153
 4fa:	f0 e0       	ldi	r31, 0x00	; 0
 4fc:	e4 91       	lpm	r30, Z
 4fe:	f0 e0       	ldi	r31, 0x00	; 0
 500:	ee 0f       	add	r30, r30
 502:	ff 1f       	adc	r31, r31
 504:	e3 58       	subi	r30, 0x83	; 131
 506:	ff 4f       	sbci	r31, 0xFF	; 255
 508:	85 91       	lpm	r24, Z+
 50a:	94 91       	lpm	r25, Z
 50c:	ed ea       	ldi	r30, 0xAD	; 173
 50e:	f0 e0       	ldi	r31, 0x00	; 0
 510:	e4 91       	lpm	r30, Z
 512:	e0 93 05 01 	sts	0x0105, r30	; 0x800105 <timer1_pin_mask>
 516:	0e 94 7c 00 	call	0xf8	; 0xf8 <pinMode.constprop.3>
 51a:	80 91 81 00 	lds	r24, 0x0081	; 0x800081 <__DATA_REGION_ORIGIN__+0x21>
 51e:	88 7f       	andi	r24, 0xF8	; 248
 520:	81 60       	ori	r24, 0x01	; 1
 522:	80 93 81 00 	sts	0x0081, r24	; 0x800081 <__DATA_REGION_ORIGIN__+0x21>
 526:	8f e3       	ldi	r24, 0x3F	; 63
 528:	9f e1       	ldi	r25, 0x1F	; 31
 52a:	90 93 89 00 	sts	0x0089, r25	; 0x800089 <__DATA_REGION_ORIGIN__+0x29>
 52e:	80 93 88 00 	sts	0x0088, r24	; 0x800088 <__DATA_REGION_ORIGIN__+0x28>
 532:	8f ef       	ldi	r24, 0xFF	; 255
 534:	9f ef       	ldi	r25, 0xFF	; 255
 536:	dc 01       	movw	r26, r24
 538:	80 93 0b 01 	sts	0x010B, r24	; 0x80010b <timer1_toggle_count>
 53c:	90 93 0c 01 	sts	0x010C, r25	; 0x80010c <timer1_toggle_count+0x1>
 540:	a0 93 0d 01 	sts	0x010D, r26	; 0x80010d <timer1_toggle_count+0x2>
 544:	b0 93 0e 01 	sts	0x010E, r27	; 0x80010e <timer1_toggle_count+0x3>
 548:	80 91 6f 00 	lds	r24, 0x006F	; 0x80006f <__DATA_REGION_ORIGIN__+0xf>
 54c:	82 60       	ori	r24, 0x02	; 2
 54e:	80 93 6f 00 	sts	0x006F, r24	; 0x80006f <__DATA_REGION_ORIGIN__+0xf>
 552:	56 cf       	rjmp	.-340    	; 0x400 <__LOCK_REGION_LENGTH__>
 554:	10 92 b0 00 	sts	0x00B0, r1	; 0x8000b0 <__DATA_REGION_ORIGIN__+0x50>
 558:	10 92 b1 00 	sts	0x00B1, r1	; 0x8000b1 <__DATA_REGION_ORIGIN__+0x51>
 55c:	80 91 b0 00 	lds	r24, 0x00B0	; 0x8000b0 <__DATA_REGION_ORIGIN__+0x50>
 560:	82 60       	ori	r24, 0x02	; 2
 562:	80 93 b0 00 	sts	0x00B0, r24	; 0x8000b0 <__DATA_REGION_ORIGIN__+0x50>
 566:	80 91 b1 00 	lds	r24, 0x00B1	; 0x8000b1 <__DATA_REGION_ORIGIN__+0x51>
 56a:	81 60       	ori	r24, 0x01	; 1
 56c:	80 93 b1 00 	sts	0x00B1, r24	; 0x8000b1 <__DATA_REGION_ORIGIN__+0x51>
 570:	e9 e9       	ldi	r30, 0x99	; 153
 572:	f0 e0       	ldi	r31, 0x00	; 0
 574:	e4 91       	lpm	r30, Z
 576:	f0 e0       	ldi	r31, 0x00	; 0
 578:	ee 0f       	add	r30, r30
 57a:	ff 1f       	adc	r31, r31
 57c:	e3 58       	subi	r30, 0x83	; 131
 57e:	ff 4f       	sbci	r31, 0xFF	; 255
 580:	85 91       	lpm	r24, Z+
 582:	94 91       	lpm	r25, Z
 584:	90 93 04 01 	sts	0x0104, r25	; 0x800104 <timer2_pin_port+0x1>
 588:	80 93 03 01 	sts	0x0103, r24	; 0x800103 <timer2_pin_port>
 58c:	ed ea       	ldi	r30, 0xAD	; 173
 58e:	f0 e0       	ldi	r31, 0x00	; 0
 590:	e4 91       	lpm	r30, Z
 592:	e0 93 02 01 	sts	0x0102, r30	; 0x800102 <timer2_pin_mask>
 596:	0e 94 7c 00 	call	0xf8	; 0xf8 <pinMode.constprop.3>
 59a:	80 91 b1 00 	lds	r24, 0x00B1	; 0x8000b1 <__DATA_REGION_ORIGIN__+0x51>
 59e:	88 7f       	andi	r24, 0xF8	; 248
 5a0:	83 60       	ori	r24, 0x03	; 3
 5a2:	80 93 b1 00 	sts	0x00B1, r24	; 0x8000b1 <__DATA_REGION_ORIGIN__+0x51>
 5a6:	89 ef       	ldi	r24, 0xF9	; 249
 5a8:	80 93 b3 00 	sts	0x00B3, r24	; 0x8000b3 <__DATA_REGION_ORIGIN__+0x53>
 5ac:	8f ef       	ldi	r24, 0xFF	; 255
 5ae:	9f ef       	ldi	r25, 0xFF	; 255
 5b0:	dc 01       	movw	r26, r24
 5b2:	80 93 07 01 	sts	0x0107, r24	; 0x800107 <timer2_toggle_count>
 5b6:	90 93 08 01 	sts	0x0108, r25	; 0x800108 <timer2_toggle_count+0x1>
 5ba:	a0 93 09 01 	sts	0x0109, r26	; 0x800109 <timer2_toggle_count+0x2>
 5be:	b0 93 0a 01 	sts	0x010A, r27	; 0x80010a <timer2_toggle_count+0x3>
 5c2:	80 91 70 00 	lds	r24, 0x0070	; 0x800070 <__DATA_REGION_ORIGIN__+0x10>
 5c6:	82 60       	ori	r24, 0x02	; 2
 5c8:	80 93 70 00 	sts	0x0070, r24	; 0x800070 <__DATA_REGION_ORIGIN__+0x10>
 5cc:	19 cf       	rjmp	.-462    	; 0x400 <__LOCK_REGION_LENGTH__>
 5ce:	8f e3       	ldi	r24, 0x3F	; 63
 5d0:	eb cf       	rjmp	.-42     	; 0x5a8 <__LOCK_REGION_LENGTH__+0x1a8>

000005d2 <_exit>:
 5d2:	f8 94       	cli

000005d4 <__stop_program>:
 5d4:	ff cf       	rjmp	.-2      	; 0x5d4 <__stop_program>
