
examples/analog-sleep-probe/analog-sleep-probe.elf:     file format elf32-avr


Disassembly of section .text:

00000000 <__vectors>:
   0:	0c 94 34 00 	jmp	0x68	; 0x68 <__ctors_end>
   4:	0c 94 3e 00 	jmp	0x7c	; 0x7c <__bad_interrupt>
   8:	0c 94 3e 00 	jmp	0x7c	; 0x7c <__bad_interrupt>
   c:	0c 94 5b 00 	jmp	0xb6	; 0xb6 <__vector_3>
  10:	0c 94 3e 00 	jmp	0x7c	; 0x7c <__bad_interrupt>
  14:	0c 94 3e 00 	jmp	0x7c	; 0x7c <__bad_interrupt>
  18:	0c 94 3e 00 	jmp	0x7c	; 0x7c <__bad_interrupt>
  1c:	0c 94 3e 00 	jmp	0x7c	; 0x7c <__bad_interrupt>
  20:	0c 94 3e 00 	jmp	0x7c	; 0x7c <__bad_interrupt>
  24:	0c 94 3e 00 	jmp	0x7c	; 0x7c <__bad_interrupt>
  28:	0c 94 3e 00 	jmp	0x7c	; 0x7c <__bad_interrupt>
  2c:	0c 94 3e 00 	jmp	0x7c	; 0x7c <__bad_interrupt>
  30:	0c 94 3e 00 	jmp	0x7c	; 0x7c <__bad_interrupt>
  34:	0c 94 3e 00 	jmp	0x7c	; 0x7c <__bad_interrupt>
  38:	0c 94 3e 00 	jmp	0x7c	; 0x7c <__bad_interrupt>
  3c:	0c 94 3e 00 	jmp	0x7c	; 0x7c <__bad_interrupt>
  40:	0c 94 3e 00 	jmp	0x7c	; 0x7c <__bad_interrupt>
  44:	0c 94 3e 00 	jmp	0x7c	; 0x7c <__bad_interrupt>
  48:	0c 94 3e 00 	jmp	0x7c	; 0x7c <__bad_interrupt>
  4c:	0c 94 3e 00 	jmp	0x7c	; 0x7c <__bad_interrupt>
  50:	0c 94 3e 00 	jmp	0x7c	; 0x7c <__bad_interrupt>
  54:	0c 94 40 00 	jmp	0x80	; 0x80 <__vector_21>
  58:	0c 94 3e 00 	jmp	0x7c	; 0x7c <__bad_interrupt>
  5c:	0c 94 4b 00 	jmp	0x96	; 0x96 <__vector_23>
  60:	0c 94 3e 00 	jmp	0x7c	; 0x7c <__bad_interrupt>
  64:	0c 94 3e 00 	jmp	0x7c	; 0x7c <__bad_interrupt>

00000068 <__ctors_end>:
  68:	11 24       	eor	r1, r1
  6a:	1f be       	out	0x3f, r1	; 63
  6c:	cf ef       	ldi	r28, 0xFF	; 255
  6e:	d8 e0       	ldi	r29, 0x08	; 8
  70:	de bf       	out	0x3e, r29	; 62
  72:	cd bf       	out	0x3d, r28	; 61
  74:	0e 94 6b 00 	call	0xd6	; 0xd6 <main>
  78:	0c 94 a9 00 	jmp	0x152	; 0x152 <_exit>

0000007c <__bad_interrupt>:
  7c:	0c 94 00 00 	jmp	0	; 0x0 <__vectors>

00000080 <__vector_21>:
  80:	8f 93       	push	r24
  82:	80 91 78 00 	lds	r24, 0x0078	; 0x800078 <__TEXT_REGION_LENGTH__+0x7f8078>
  86:	80 93 01 03 	sts	0x0301, r24	; 0x800301 <_end+0x201>
  8a:	80 91 79 00 	lds	r24, 0x0079	; 0x800079 <__TEXT_REGION_LENGTH__+0x7f8079>
  8e:	80 93 02 03 	sts	0x0302, r24	; 0x800302 <_end+0x202>
  92:	8f 91       	pop	r24
  94:	18 95       	reti

00000096 <__vector_23>:
  96:	8f 93       	push	r24
  98:	8f b7       	in	r24, 0x3f	; 63
  9a:	8f 93       	push	r24
  9c:	ef 93       	push	r30
  9e:	ff 93       	push	r31
  a0:	e3 e0       	ldi	r30, 0x03	; 3
  a2:	f3 e0       	ldi	r31, 0x03	; 3
  a4:	80 81       	ld	r24, Z
  a6:	8f 5f       	subi	r24, 0xFF	; 255
  a8:	80 83       	st	Z, r24
  aa:	ff 91       	pop	r31
  ac:	ef 91       	pop	r30
  ae:	8f 91       	pop	r24
  b0:	8f bf       	out	0x3f, r24	; 63
  b2:	8f 91       	pop	r24
  b4:	18 95       	reti

000000b6 <__vector_3>:
  b6:	8f 93       	push	r24
  b8:	8f b7       	in	r24, 0x3f	; 63
  ba:	8f 93       	push	r24
  bc:	ef 93       	push	r30
  be:	ff 93       	push	r31
  c0:	e4 e0       	ldi	r30, 0x04	; 4
  c2:	f3 e0       	ldi	r31, 0x03	; 3
  c4:	80 81       	ld	r24, Z
  c6:	8f 5f       	subi	r24, 0xFF	; 255
  c8:	80 83       	st	Z, r24
  ca:	ff 91       	pop	r31
  cc:	ef 91       	pop	r30
  ce:	8f 91       	pop	r24
  d0:	8f bf       	out	0x3f, r24	; 63
  d2:	8f 91       	pop	r24
  d4:	18 95       	reti

000000d6 <main>:
  d6:	e0 e0       	ldi	r30, 0x00	; 0
  d8:	f3 e0       	ldi	r31, 0x03	; 3

000000da <.L5>:
  da:	11 92       	st	Z+, r1
  dc:	e7 30       	cpi	r30, 0x07	; 7
  de:	83 e0       	ldi	r24, 0x03	; 3
  e0:	f8 07       	cpc	r31, r24
  e2:	d9 f7       	brne	.-10     	; 0xda <.L5>
  e4:	87 ea       	ldi	r24, 0xA7	; 167
  e6:	80 93 00 03 	sts	0x0300, r24	; 0x800300 <_end+0x200>
  ea:	80 e4       	ldi	r24, 0x40	; 64
  ec:	80 93 7c 00 	sts	0x007C, r24	; 0x80007c <__TEXT_REGION_LENGTH__+0x7f807c>
  f0:	8f e8       	ldi	r24, 0x8F	; 143
  f2:	80 93 7a 00 	sts	0x007A, r24	; 0x80007a <__TEXT_REGION_LENGTH__+0x7f807a>
  f6:	83 b7       	in	r24, 0x33	; 51
  f8:	81 7f       	andi	r24, 0xF1	; 241
  fa:	83 bf       	out	0x33, r24	; 51
  fc:	83 b7       	in	r24, 0x33	; 51
  fe:	81 60       	ori	r24, 0x01	; 1
 100:	83 bf       	out	0x33, r24	; 51
 102:	78 94       	sei
 104:	88 95       	sleep
 106:	83 b7       	in	r24, 0x33	; 51
 108:	8e 7f       	andi	r24, 0xFE	; 254
 10a:	83 bf       	out	0x33, r24	; 51
 10c:	f8 94       	cli
 10e:	10 92 7a 00 	sts	0x007A, r1	; 0x80007a <__TEXT_REGION_LENGTH__+0x7f807a>
 112:	8b e1       	ldi	r24, 0x1B	; 27
 114:	80 bf       	out	0x30, r24	; 48
 116:	81 e0       	ldi	r24, 0x01	; 1
 118:	80 93 6b 00 	sts	0x006B, r24	; 0x80006b <__TEXT_REGION_LENGTH__+0x7f806b>
 11c:	8b bb       	out	0x1b, r24	; 27
 11e:	80 93 68 00 	sts	0x0068, r24	; 0x800068 <__TEXT_REGION_LENGTH__+0x7f8068>
 122:	83 b7       	in	r24, 0x33	; 51
 124:	81 7f       	andi	r24, 0xF1	; 241
 126:	84 60       	ori	r24, 0x04	; 4
 128:	83 bf       	out	0x33, r24	; 51
 12a:	83 b7       	in	r24, 0x33	; 51
 12c:	81 60       	ori	r24, 0x01	; 1
 12e:	83 bf       	out	0x33, r24	; 51
 130:	78 94       	sei
 132:	88 95       	sleep
 134:	83 b7       	in	r24, 0x33	; 51
 136:	8e 7f       	andi	r24, 0xFE	; 254
 138:	83 bf       	out	0x33, r24	; 51
 13a:	f8 94       	cli
 13c:	80 b7       	in	r24, 0x30	; 48
 13e:	85 fb       	bst	r24, 5
 140:	88 27       	eor	r24, r24
 142:	80 f9       	bld	r24, 0
 144:	80 93 05 03 	sts	0x0305, r24	; 0x800305 <_end+0x205>
 148:	8c e5       	ldi	r24, 0x5C	; 92
 14a:	80 93 06 03 	sts	0x0306, r24	; 0x800306 <_end+0x206>

0000014e <.L6>:
 14e:	00 00       	nop
 150:	fe cf       	rjmp	.-4      	; 0x14e <.L6>

00000152 <_exit>:
 152:	f8 94       	cli

00000154 <__stop_program>:
 154:	ff cf       	rjmp	.-2      	; 0x154 <__stop_program>
