
examples/arduino-eeprom-store/build/arduino-eeprom-store.ino.elf:     file format elf32-avr


Disassembly of section .text:

00000000 <__vectors>:
   0:	0c 94 34 00 	jmp	0x68	; 0x68 <__ctors_end>
   4:	0c 94 46 00 	jmp	0x8c	; 0x8c <__bad_interrupt>
   8:	0c 94 46 00 	jmp	0x8c	; 0x8c <__bad_interrupt>
   c:	0c 94 46 00 	jmp	0x8c	; 0x8c <__bad_interrupt>
  10:	0c 94 46 00 	jmp	0x8c	; 0x8c <__bad_interrupt>
  14:	0c 94 46 00 	jmp	0x8c	; 0x8c <__bad_interrupt>
  18:	0c 94 46 00 	jmp	0x8c	; 0x8c <__bad_interrupt>
  1c:	0c 94 46 00 	jmp	0x8c	; 0x8c <__bad_interrupt>
  20:	0c 94 46 00 	jmp	0x8c	; 0x8c <__bad_interrupt>
  24:	0c 94 46 00 	jmp	0x8c	; 0x8c <__bad_interrupt>
  28:	0c 94 46 00 	jmp	0x8c	; 0x8c <__bad_interrupt>
  2c:	0c 94 46 00 	jmp	0x8c	; 0x8c <__bad_interrupt>
  30:	0c 94 46 00 	jmp	0x8c	; 0x8c <__bad_interrupt>
  34:	0c 94 46 00 	jmp	0x8c	; 0x8c <__bad_interrupt>
  38:	0c 94 46 00 	jmp	0x8c	; 0x8c <__bad_interrupt>
  3c:	0c 94 46 00 	jmp	0x8c	; 0x8c <__bad_interrupt>
  40:	0c 94 48 00 	jmp	0x90	; 0x90 <__vector_16>
  44:	0c 94 46 00 	jmp	0x8c	; 0x8c <__bad_interrupt>
  48:	0c 94 46 00 	jmp	0x8c	; 0x8c <__bad_interrupt>
  4c:	0c 94 46 00 	jmp	0x8c	; 0x8c <__bad_interrupt>
  50:	0c 94 46 00 	jmp	0x8c	; 0x8c <__bad_interrupt>
  54:	0c 94 46 00 	jmp	0x8c	; 0x8c <__bad_interrupt>
  58:	0c 94 46 00 	jmp	0x8c	; 0x8c <__bad_interrupt>
  5c:	0c 94 46 00 	jmp	0x8c	; 0x8c <__bad_interrupt>
  60:	0c 94 46 00 	jmp	0x8c	; 0x8c <__bad_interrupt>
  64:	0c 94 46 00 	jmp	0x8c	; 0x8c <__bad_interrupt>

00000068 <__ctors_end>:
  68:	11 24       	eor	r1, r1
  6a:	1f be       	out	0x3f, r1	; 63
  6c:	cf ef       	ldi	r28, 0xFF	; 255
  6e:	d8 e0       	ldi	r29, 0x08	; 8
  70:	de bf       	out	0x3e, r29	; 62
  72:	cd bf       	out	0x3d, r28	; 61

00000074 <__do_clear_bss>:
  74:	21 e0       	ldi	r18, 0x01	; 1
  76:	a0 e0       	ldi	r26, 0x00	; 0
  78:	b1 e0       	ldi	r27, 0x01	; 1
  7a:	01 c0       	rjmp	.+2      	; 0x7e <.do_clear_bss_start>

0000007c <.do_clear_bss_loop>:
  7c:	1d 92       	st	X+, r1

0000007e <.do_clear_bss_start>:
  7e:	a9 30       	cpi	r26, 0x09	; 9
  80:	b2 07       	cpc	r27, r18
  82:	e1 f7       	brne	.-8      	; 0x7c <.do_clear_bss_loop>
  84:	0e 94 92 00 	call	0x124	; 0x124 <main>
  88:	0c 94 5e 01 	jmp	0x2bc	; 0x2bc <_exit>

0000008c <__bad_interrupt>:
  8c:	0c 94 00 00 	jmp	0	; 0x0 <__vectors>

00000090 <__vector_16>:
  90:	1f 92       	push	r1
  92:	0f 92       	push	r0
  94:	0f b6       	in	r0, 0x3f	; 63
  96:	0f 92       	push	r0
  98:	11 24       	eor	r1, r1
  9a:	2f 93       	push	r18
  9c:	3f 93       	push	r19
  9e:	8f 93       	push	r24
  a0:	9f 93       	push	r25
  a2:	af 93       	push	r26
  a4:	bf 93       	push	r27
  a6:	80 91 05 01 	lds	r24, 0x0105	; 0x800105 <timer0_millis>
  aa:	90 91 06 01 	lds	r25, 0x0106	; 0x800106 <timer0_millis+0x1>
  ae:	a0 91 07 01 	lds	r26, 0x0107	; 0x800107 <timer0_millis+0x2>
  b2:	b0 91 08 01 	lds	r27, 0x0108	; 0x800108 <timer0_millis+0x3>
  b6:	30 91 04 01 	lds	r19, 0x0104	; 0x800104 <timer0_fract>
  ba:	23 e0       	ldi	r18, 0x03	; 3
  bc:	23 0f       	add	r18, r19
  be:	2d 37       	cpi	r18, 0x7D	; 125
  c0:	58 f5       	brcc	.+86     	; 0x118 <__vector_16+0x88>
  c2:	01 96       	adiw	r24, 0x01	; 1
  c4:	a1 1d       	adc	r26, r1
  c6:	b1 1d       	adc	r27, r1
  c8:	20 93 04 01 	sts	0x0104, r18	; 0x800104 <timer0_fract>
  cc:	80 93 05 01 	sts	0x0105, r24	; 0x800105 <timer0_millis>
  d0:	90 93 06 01 	sts	0x0106, r25	; 0x800106 <timer0_millis+0x1>
  d4:	a0 93 07 01 	sts	0x0107, r26	; 0x800107 <timer0_millis+0x2>
  d8:	b0 93 08 01 	sts	0x0108, r27	; 0x800108 <timer0_millis+0x3>
  dc:	80 91 00 01 	lds	r24, 0x0100	; 0x800100 <timer0_overflow_count>
  e0:	90 91 01 01 	lds	r25, 0x0101	; 0x800101 <timer0_overflow_count+0x1>
  e4:	a0 91 02 01 	lds	r26, 0x0102	; 0x800102 <timer0_overflow_count+0x2>
  e8:	b0 91 03 01 	lds	r27, 0x0103	; 0x800103 <timer0_overflow_count+0x3>
  ec:	01 96       	adiw	r24, 0x01	; 1
  ee:	a1 1d       	adc	r26, r1
  f0:	b1 1d       	adc	r27, r1
  f2:	80 93 00 01 	sts	0x0100, r24	; 0x800100 <timer0_overflow_count>
  f6:	90 93 01 01 	sts	0x0101, r25	; 0x800101 <timer0_overflow_count+0x1>
  fa:	a0 93 02 01 	sts	0x0102, r26	; 0x800102 <timer0_overflow_count+0x2>
  fe:	b0 93 03 01 	sts	0x0103, r27	; 0x800103 <timer0_overflow_count+0x3>
 102:	bf 91       	pop	r27
 104:	af 91       	pop	r26
 106:	9f 91       	pop	r25
 108:	8f 91       	pop	r24
 10a:	3f 91       	pop	r19
 10c:	2f 91       	pop	r18
 10e:	0f 90       	pop	r0
 110:	0f be       	out	0x3f, r0	; 63
 112:	0f 90       	pop	r0
 114:	1f 90       	pop	r1
 116:	18 95       	reti
 118:	26 e8       	ldi	r18, 0x86	; 134
 11a:	23 0f       	add	r18, r19
 11c:	02 96       	adiw	r24, 0x02	; 2
 11e:	a1 1d       	adc	r26, r1
 120:	b1 1d       	adc	r27, r1
 122:	d2 cf       	rjmp	.-92     	; 0xc8 <__vector_16+0x38>

00000124 <main>:
 124:	cf 93       	push	r28
 126:	df 93       	push	r29
 128:	00 d0       	rcall	.+0      	; 0x12a <main+0x6>
 12a:	cd b7       	in	r28, 0x3d	; 61
 12c:	de b7       	in	r29, 0x3e	; 62
 12e:	78 94       	sei
 130:	84 b5       	in	r24, 0x24	; 36
 132:	82 60       	ori	r24, 0x02	; 2
 134:	84 bd       	out	0x24, r24	; 36
 136:	84 b5       	in	r24, 0x24	; 36
 138:	81 60       	ori	r24, 0x01	; 1
 13a:	84 bd       	out	0x24, r24	; 36
 13c:	85 b5       	in	r24, 0x25	; 37
 13e:	82 60       	ori	r24, 0x02	; 2
 140:	85 bd       	out	0x25, r24	; 37
 142:	85 b5       	in	r24, 0x25	; 37
 144:	81 60       	ori	r24, 0x01	; 1
 146:	85 bd       	out	0x25, r24	; 37
 148:	80 91 6e 00 	lds	r24, 0x006E	; 0x80006e <__DATA_REGION_ORIGIN__+0xe>
 14c:	81 60       	ori	r24, 0x01	; 1
 14e:	80 93 6e 00 	sts	0x006E, r24	; 0x80006e <__DATA_REGION_ORIGIN__+0xe>
 152:	10 92 81 00 	sts	0x0081, r1	; 0x800081 <__DATA_REGION_ORIGIN__+0x21>
 156:	80 91 81 00 	lds	r24, 0x0081	; 0x800081 <__DATA_REGION_ORIGIN__+0x21>
 15a:	82 60       	ori	r24, 0x02	; 2
 15c:	80 93 81 00 	sts	0x0081, r24	; 0x800081 <__DATA_REGION_ORIGIN__+0x21>
 160:	80 91 81 00 	lds	r24, 0x0081	; 0x800081 <__DATA_REGION_ORIGIN__+0x21>
 164:	81 60       	ori	r24, 0x01	; 1
 166:	80 93 81 00 	sts	0x0081, r24	; 0x800081 <__DATA_REGION_ORIGIN__+0x21>
 16a:	80 91 80 00 	lds	r24, 0x0080	; 0x800080 <__DATA_REGION_ORIGIN__+0x20>
 16e:	81 60       	ori	r24, 0x01	; 1
 170:	80 93 80 00 	sts	0x0080, r24	; 0x800080 <__DATA_REGION_ORIGIN__+0x20>
 174:	80 91 b1 00 	lds	r24, 0x00B1	; 0x8000b1 <__DATA_REGION_ORIGIN__+0x51>
 178:	84 60       	ori	r24, 0x04	; 4
 17a:	80 93 b1 00 	sts	0x00B1, r24	; 0x8000b1 <__DATA_REGION_ORIGIN__+0x51>
 17e:	80 91 b0 00 	lds	r24, 0x00B0	; 0x8000b0 <__DATA_REGION_ORIGIN__+0x50>
 182:	81 60       	ori	r24, 0x01	; 1
 184:	80 93 b0 00 	sts	0x00B0, r24	; 0x8000b0 <__DATA_REGION_ORIGIN__+0x50>
 188:	80 91 7a 00 	lds	r24, 0x007A	; 0x80007a <__DATA_REGION_ORIGIN__+0x1a>
 18c:	84 60       	ori	r24, 0x04	; 4
 18e:	80 93 7a 00 	sts	0x007A, r24	; 0x80007a <__DATA_REGION_ORIGIN__+0x1a>
 192:	80 91 7a 00 	lds	r24, 0x007A	; 0x80007a <__DATA_REGION_ORIGIN__+0x1a>
 196:	82 60       	ori	r24, 0x02	; 2
 198:	80 93 7a 00 	sts	0x007A, r24	; 0x80007a <__DATA_REGION_ORIGIN__+0x1a>
 19c:	80 91 7a 00 	lds	r24, 0x007A	; 0x80007a <__DATA_REGION_ORIGIN__+0x1a>
 1a0:	81 60       	ori	r24, 0x01	; 1
 1a2:	80 93 7a 00 	sts	0x007A, r24	; 0x80007a <__DATA_REGION_ORIGIN__+0x1a>
 1a6:	80 91 7a 00 	lds	r24, 0x007A	; 0x80007a <__DATA_REGION_ORIGIN__+0x1a>
 1aa:	80 68       	ori	r24, 0x80	; 128
 1ac:	80 93 7a 00 	sts	0x007A, r24	; 0x80007a <__DATA_REGION_ORIGIN__+0x1a>
 1b0:	10 92 c1 00 	sts	0x00C1, r1	; 0x8000c1 <__DATA_REGION_ORIGIN__+0x61>
 1b4:	10 92 00 03 	sts	0x0300, r1	; 0x800300 <__bss_end+0x1f7>
 1b8:	10 92 01 03 	sts	0x0301, r1	; 0x800301 <__bss_end+0x1f8>
 1bc:	10 92 02 03 	sts	0x0302, r1	; 0x800302 <__bss_end+0x1f9>
 1c0:	10 92 03 03 	sts	0x0303, r1	; 0x800303 <__bss_end+0x1fa>
 1c4:	10 92 04 03 	sts	0x0304, r1	; 0x800304 <__bss_end+0x1fb>
 1c8:	10 92 05 03 	sts	0x0305, r1	; 0x800305 <__bss_end+0x1fc>
 1cc:	10 92 06 03 	sts	0x0306, r1	; 0x800306 <__bss_end+0x1fd>
 1d0:	10 92 07 03 	sts	0x0307, r1	; 0x800307 <__bss_end+0x1fe>
 1d4:	65 ea       	ldi	r22, 0xA5	; 165
 1d6:	90 e0       	ldi	r25, 0x00	; 0
 1d8:	80 e0       	ldi	r24, 0x00	; 0
 1da:	0e 94 50 01 	call	0x2a0	; 0x2a0 <eeprom_write_byte>
 1de:	6c e3       	ldi	r22, 0x3C	; 60
 1e0:	81 e0       	ldi	r24, 0x01	; 1
 1e2:	90 e0       	ldi	r25, 0x00	; 0
 1e4:	0e 94 50 01 	call	0x2a0	; 0x2a0 <eeprom_write_byte>
 1e8:	82 e0       	ldi	r24, 0x02	; 2
 1ea:	90 e0       	ldi	r25, 0x00	; 0
 1ec:	0e 94 48 01 	call	0x290	; 0x290 <eeprom_read_byte>
 1f0:	8e 37       	cpi	r24, 0x7E	; 126
 1f2:	29 f0       	breq	.+10     	; 0x1fe <main+0xda>
 1f4:	6e e7       	ldi	r22, 0x7E	; 126
 1f6:	82 e0       	ldi	r24, 0x02	; 2
 1f8:	90 e0       	ldi	r25, 0x00	; 0
 1fa:	0e 94 50 01 	call	0x2a0	; 0x2a0 <eeprom_write_byte>
 1fe:	84 e0       	ldi	r24, 0x04	; 4
 200:	90 e0       	ldi	r25, 0x00	; 0
 202:	0e 94 48 01 	call	0x290	; 0x290 <eeprom_read_byte>
 206:	8f 3e       	cpi	r24, 0xEF	; 239
 208:	29 f0       	breq	.+10     	; 0x214 <main+0xf0>
 20a:	6f ee       	ldi	r22, 0xEF	; 239
 20c:	84 e0       	ldi	r24, 0x04	; 4
 20e:	90 e0       	ldi	r25, 0x00	; 0
 210:	0e 94 50 01 	call	0x2a0	; 0x2a0 <eeprom_write_byte>
 214:	85 e0       	ldi	r24, 0x05	; 5
 216:	90 e0       	ldi	r25, 0x00	; 0
 218:	0e 94 48 01 	call	0x290	; 0x290 <eeprom_read_byte>
 21c:	8e 3b       	cpi	r24, 0xBE	; 190
 21e:	29 f0       	breq	.+10     	; 0x22a <main+0x106>
 220:	6e eb       	ldi	r22, 0xBE	; 190
 222:	85 e0       	ldi	r24, 0x05	; 5
 224:	90 e0       	ldi	r25, 0x00	; 0
 226:	0e 94 50 01 	call	0x2a0	; 0x2a0 <eeprom_write_byte>
 22a:	90 e0       	ldi	r25, 0x00	; 0
 22c:	80 e0       	ldi	r24, 0x00	; 0
 22e:	0e 94 48 01 	call	0x290	; 0x290 <eeprom_read_byte>
 232:	f8 2e       	mov	r15, r24
 234:	81 e0       	ldi	r24, 0x01	; 1
 236:	90 e0       	ldi	r25, 0x00	; 0
 238:	0e 94 48 01 	call	0x290	; 0x290 <eeprom_read_byte>
 23c:	08 2f       	mov	r16, r24
 23e:	82 e0       	ldi	r24, 0x02	; 2
 240:	90 e0       	ldi	r25, 0x00	; 0
 242:	0e 94 48 01 	call	0x290	; 0x290 <eeprom_read_byte>
 246:	18 2f       	mov	r17, r24
 248:	84 e0       	ldi	r24, 0x04	; 4
 24a:	90 e0       	ldi	r25, 0x00	; 0
 24c:	0e 94 48 01 	call	0x290	; 0x290 <eeprom_read_byte>
 250:	89 83       	std	Y+1, r24	; 0x01
 252:	85 e0       	ldi	r24, 0x05	; 5
 254:	90 e0       	ldi	r25, 0x00	; 0
 256:	0e 94 48 01 	call	0x290	; 0x290 <eeprom_read_byte>
 25a:	8a 83       	std	Y+2, r24	; 0x02
 25c:	87 ea       	ldi	r24, 0xA7	; 167
 25e:	80 93 00 03 	sts	0x0300, r24	; 0x800300 <__bss_end+0x1f7>
 262:	f0 92 01 03 	sts	0x0301, r15	; 0x800301 <__bss_end+0x1f8>
 266:	00 93 02 03 	sts	0x0302, r16	; 0x800302 <__bss_end+0x1f9>
 26a:	10 93 03 03 	sts	0x0303, r17	; 0x800303 <__bss_end+0x1fa>
 26e:	89 81       	ldd	r24, Y+1	; 0x01
 270:	80 93 04 03 	sts	0x0304, r24	; 0x800304 <__bss_end+0x1fb>
 274:	8a 81       	ldd	r24, Y+2	; 0x02
 276:	80 93 05 03 	sts	0x0305, r24	; 0x800305 <__bss_end+0x1fc>
 27a:	8c e5       	ldi	r24, 0x5C	; 92
 27c:	80 93 06 03 	sts	0x0306, r24	; 0x800306 <__bss_end+0x1fd>
 280:	00 e0       	ldi	r16, 0x00	; 0
 282:	10 e0       	ldi	r17, 0x00	; 0
 284:	01 15       	cp	r16, r1
 286:	11 05       	cpc	r17, r1
 288:	e9 f3       	breq	.-6      	; 0x284 <main+0x160>
 28a:	0e 94 00 00 	call	0	; 0x0 <__vectors>
 28e:	fa cf       	rjmp	.-12     	; 0x284 <main+0x160>

00000290 <eeprom_read_byte>:
 290:	f9 99       	sbic	0x1f, 1	; 31
 292:	fe cf       	rjmp	.-4      	; 0x290 <eeprom_read_byte>
 294:	92 bd       	out	0x22, r25	; 34
 296:	81 bd       	out	0x21, r24	; 33
 298:	f8 9a       	sbi	0x1f, 0	; 31
 29a:	99 27       	eor	r25, r25
 29c:	80 b5       	in	r24, 0x20	; 32
 29e:	08 95       	ret

000002a0 <eeprom_write_byte>:
 2a0:	26 2f       	mov	r18, r22

000002a2 <eeprom_write_r18>:
 2a2:	f9 99       	sbic	0x1f, 1	; 31
 2a4:	fe cf       	rjmp	.-4      	; 0x2a2 <eeprom_write_r18>
 2a6:	1f ba       	out	0x1f, r1	; 31
 2a8:	92 bd       	out	0x22, r25	; 34
 2aa:	81 bd       	out	0x21, r24	; 33
 2ac:	20 bd       	out	0x20, r18	; 32
 2ae:	0f b6       	in	r0, 0x3f	; 63
 2b0:	f8 94       	cli
 2b2:	fa 9a       	sbi	0x1f, 2	; 31
 2b4:	f9 9a       	sbi	0x1f, 1	; 31
 2b6:	0f be       	out	0x3f, r0	; 63
 2b8:	01 96       	adiw	r24, 0x01	; 1
 2ba:	08 95       	ret

000002bc <_exit>:
 2bc:	f8 94       	cli

000002be <__stop_program>:
 2be:	ff cf       	rjmp	.-2      	; 0x2be <__stop_program>
