
examples/timer2-sync-probe/timer2-sync-probe.elf:     file format elf32-avr


Disassembly of section .text:

00000000 <__vectors>:
   0:	0c 94 34 00 	jmp	0x68	; 0x68 <__ctors_end>
   4:	0c 94 3e 00 	jmp	0x7c	; 0x7c <__bad_interrupt>
   8:	0c 94 3e 00 	jmp	0x7c	; 0x7c <__bad_interrupt>
   c:	0c 94 3e 00 	jmp	0x7c	; 0x7c <__bad_interrupt>
  10:	0c 94 3e 00 	jmp	0x7c	; 0x7c <__bad_interrupt>
  14:	0c 94 3e 00 	jmp	0x7c	; 0x7c <__bad_interrupt>
  18:	0c 94 3e 00 	jmp	0x7c	; 0x7c <__bad_interrupt>
  1c:	0c 94 40 00 	jmp	0x80	; 0x80 <__vector_7>
  20:	0c 94 3e 00 	jmp	0x7c	; 0x7c <__bad_interrupt>
  24:	0c 94 3e 00 	jmp	0x7c	; 0x7c <__bad_interrupt>
  28:	0c 94 3e 00 	jmp	0x7c	; 0x7c <__bad_interrupt>
  2c:	0c 94 3e 00 	jmp	0x7c	; 0x7c <__bad_interrupt>
  30:	0c 94 3e 00 	jmp	0x7c	; 0x7c <__bad_interrupt>
  34:	0c 94 3e 00 	jmp	0x7c	; 0x7c <__bad_interrupt>
  38:	0c 94 3e 00 	jmp	0x7c	; 0x7c <__bad_interrupt>
  3c:	0c 94 3e 00 	jmp	0x7c	; 0x7c <__bad_interrupt>
  40:	0c 94 3e 00 	jmp	0x7c	; 0x7c <__bad_interrupt>
  44:	0c 94 3e 00 	jmp	0x7c	; 0x7c <__bad_interrupt>
  48:	0c 94 3e 00 	jmp	0x7c	; 0x7c <__bad_interrupt>
  4c:	0c 94 3e 00 	jmp	0x7c	; 0x7c <__bad_interrupt>
  50:	0c 94 3e 00 	jmp	0x7c	; 0x7c <__bad_interrupt>
  54:	0c 94 3e 00 	jmp	0x7c	; 0x7c <__bad_interrupt>
  58:	0c 94 3e 00 	jmp	0x7c	; 0x7c <__bad_interrupt>
  5c:	0c 94 3e 00 	jmp	0x7c	; 0x7c <__bad_interrupt>
  60:	0c 94 3e 00 	jmp	0x7c	; 0x7c <__bad_interrupt>
  64:	0c 94 3e 00 	jmp	0x7c	; 0x7c <__bad_interrupt>

00000068 <__ctors_end>:
  68:	11 24       	eor	r1, r1
  6a:	1f be       	out	0x3f, r1	; 63
  6c:	cf ef       	ldi	r28, 0xFF	; 255
  6e:	d8 e0       	ldi	r29, 0x08	; 8
  70:	de bf       	out	0x3e, r29	; 62
  72:	cd bf       	out	0x3d, r28	; 61
  74:	0e 94 4a 00 	call	0x94	; 0x94 <main>
  78:	0c 94 9e 00 	jmp	0x13c	; 0x13c <_exit>

0000007c <__bad_interrupt>:
  7c:	0c 94 00 00 	jmp	0	; 0x0 <__vectors>

00000080 <__vector_7>:
  80:	8f 93       	push	r24
  82:	80 91 b2 00 	lds	r24, 0x00B2	; 0x8000b2 <__TEXT_REGION_LENGTH__+0x7f80b2>
  86:	80 93 05 03 	sts	0x0305, r24	; 0x800305 <_end+0x205>
  8a:	87 b3       	in	r24, 0x17	; 23
  8c:	80 93 06 03 	sts	0x0306, r24	; 0x800306 <_end+0x206>
  90:	8f 91       	pop	r24
  92:	18 95       	reti

00000094 <main>:
  94:	e0 e0       	ldi	r30, 0x00	; 0
  96:	f3 e0       	ldi	r31, 0x03	; 3

00000098 <.L3>:
  98:	11 92       	st	Z+, r1
  9a:	e8 30       	cpi	r30, 0x08	; 8
  9c:	83 e0       	ldi	r24, 0x03	; 3
  9e:	f8 07       	cpc	r31, r24
  a0:	d9 f7       	brne	.-10     	; 0x98 <.L3>
  a2:	80 e2       	ldi	r24, 0x20	; 32
  a4:	80 93 b6 00 	sts	0x00B6, r24	; 0x8000b6 <__TEXT_REGION_LENGTH__+0x7f80b6>
  a8:	10 92 b2 00 	sts	0x00B2, r1	; 0x8000b2 <__TEXT_REGION_LENGTH__+0x7f80b2>
  ac:	82 e0       	ldi	r24, 0x02	; 2
  ae:	80 93 b3 00 	sts	0x00B3, r24	; 0x8000b3 <__TEXT_REGION_LENGTH__+0x7f80b3>
  b2:	9a ef       	ldi	r25, 0xFA	; 250
  b4:	90 93 b4 00 	sts	0x00B4, r25	; 0x8000b4 <__TEXT_REGION_LENGTH__+0x7f80b4>
  b8:	10 92 b0 00 	sts	0x00B0, r1	; 0x8000b0 <__TEXT_REGION_LENGTH__+0x7f80b0>
  bc:	80 93 b1 00 	sts	0x00B1, r24	; 0x8000b1 <__TEXT_REGION_LENGTH__+0x7f80b1>

000000c0 <.L4>:
  c0:	80 91 b6 00 	lds	r24, 0x00B6	; 0x8000b6 <__TEXT_REGION_LENGTH__+0x7f80b6>
  c4:	8f 71       	andi	r24, 0x1F	; 31
  c6:	e1 f7       	brne	.-8      	; 0xc0 <.L4>
  c8:	92 e0       	ldi	r25, 0x02	; 2
  ca:	93 bd       	out	0x23, r25	; 35
  cc:	93 b5       	in	r25, 0x23	; 35
  ce:	90 93 01 03 	sts	0x0301, r25	; 0x800301 <_end+0x201>

000000d2 <.L6>:
  d2:	03 b4       	in	r0, 0x23	; 35
  d4:	01 fe       	sbrs	r0, 1
  d6:	02 c0       	rjmp	.+4      	; 0xdc <.L5>
  d8:	81 50       	subi	r24, 0x01	; 1
  da:	d9 f7       	brne	.-10     	; 0xd2 <.L6>

000000dc <.L5>:
  dc:	83 b5       	in	r24, 0x23	; 35
  de:	80 93 02 03 	sts	0x0302, r24	; 0x800302 <_end+0x202>
  e2:	13 bc       	out	0x23, r1	; 35
  e4:	87 e0       	ldi	r24, 0x07	; 7
  e6:	87 bb       	out	0x17, r24	; 23

000000e8 <.L7>:
  e8:	b9 9b       	sbis	0x17, 1	; 23
  ea:	fe cf       	rjmp	.-4      	; 0xe8 <.L7>
  ec:	80 91 b2 00 	lds	r24, 0x00B2	; 0x8000b2 <__TEXT_REGION_LENGTH__+0x7f80b2>
  f0:	80 93 03 03 	sts	0x0303, r24	; 0x800303 <_end+0x203>
  f4:	87 b3       	in	r24, 0x17	; 23
  f6:	80 93 04 03 	sts	0x0304, r24	; 0x800304 <_end+0x204>
  fa:	86 e0       	ldi	r24, 0x06	; 6
  fc:	80 93 b3 00 	sts	0x00B3, r24	; 0x8000b3 <__TEXT_REGION_LENGTH__+0x7f80b3>

00000100 <.L8>:
 100:	80 91 b6 00 	lds	r24, 0x00B6	; 0x8000b6 <__TEXT_REGION_LENGTH__+0x7f80b6>
 104:	83 fd       	sbrc	r24, 3
 106:	fc cf       	rjmp	.-8      	; 0x100 <.L8>
 108:	87 e0       	ldi	r24, 0x07	; 7
 10a:	87 bb       	out	0x17, r24	; 23
 10c:	82 e0       	ldi	r24, 0x02	; 2
 10e:	80 93 70 00 	sts	0x0070, r24	; 0x800070 <__TEXT_REGION_LENGTH__+0x7f8070>
 112:	83 b7       	in	r24, 0x33	; 51
 114:	81 7f       	andi	r24, 0xF1	; 241
 116:	86 60       	ori	r24, 0x06	; 6
 118:	83 bf       	out	0x33, r24	; 51
 11a:	83 b7       	in	r24, 0x33	; 51
 11c:	81 60       	ori	r24, 0x01	; 1
 11e:	83 bf       	out	0x33, r24	; 51
 120:	78 94       	sei
 122:	88 95       	sleep
 124:	83 b7       	in	r24, 0x33	; 51
 126:	8e 7f       	andi	r24, 0xFE	; 254
 128:	83 bf       	out	0x33, r24	; 51
 12a:	f8 94       	cli
 12c:	87 ea       	ldi	r24, 0xA7	; 167
 12e:	80 93 00 03 	sts	0x0300, r24	; 0x800300 <_end+0x200>
 132:	8c e5       	ldi	r24, 0x5C	; 92
 134:	80 93 07 03 	sts	0x0307, r24	; 0x800307 <_end+0x207>

00000138 <.L9>:
 138:	00 00       	nop
 13a:	fe cf       	rjmp	.-4      	; 0x138 <.L9>

0000013c <_exit>:
 13c:	f8 94       	cli

0000013e <__stop_program>:
 13e:	ff cf       	rjmp	.-2      	; 0x13e <__stop_program>
