
examples\arduino-softserial-loopback\build\arduino-softserial-loopback.ino.elf:     file format elf32-avr


Disassembly of section .text:

00000000 <__vectors>:
   0:	0c 94 63 00 	jmp	0xc6	; 0xc6 <__dtors_end>
   4:	0c 94 8b 00 	jmp	0x116	; 0x116 <__bad_interrupt>
   8:	0c 94 8b 00 	jmp	0x116	; 0x116 <__bad_interrupt>
   c:	0c 94 40 03 	jmp	0x680	; 0x680 <__vector_3>
  10:	0c 94 40 03 	jmp	0x680	; 0x680 <__vector_3>
  14:	0c 94 40 03 	jmp	0x680	; 0x680 <__vector_3>
  18:	0c 94 8b 00 	jmp	0x116	; 0x116 <__bad_interrupt>
  1c:	0c 94 8b 00 	jmp	0x116	; 0x116 <__bad_interrupt>
  20:	0c 94 8b 00 	jmp	0x116	; 0x116 <__bad_interrupt>
  24:	0c 94 8b 00 	jmp	0x116	; 0x116 <__bad_interrupt>
  28:	0c 94 8b 00 	jmp	0x116	; 0x116 <__bad_interrupt>
  2c:	0c 94 8b 00 	jmp	0x116	; 0x116 <__bad_interrupt>
  30:	0c 94 8b 00 	jmp	0x116	; 0x116 <__bad_interrupt>
  34:	0c 94 8b 00 	jmp	0x116	; 0x116 <__bad_interrupt>
  38:	0c 94 8b 00 	jmp	0x116	; 0x116 <__bad_interrupt>
  3c:	0c 94 8b 00 	jmp	0x116	; 0x116 <__bad_interrupt>
  40:	0c 94 9e 02 	jmp	0x53c	; 0x53c <__vector_16>
  44:	0c 94 8b 00 	jmp	0x116	; 0x116 <__bad_interrupt>
  48:	0c 94 0e 03 	jmp	0x61c	; 0x61c <__vector_18>
  4c:	0c 94 e8 02 	jmp	0x5d0	; 0x5d0 <__vector_19>
  50:	0c 94 8b 00 	jmp	0x116	; 0x116 <__bad_interrupt>
  54:	0c 94 8b 00 	jmp	0x116	; 0x116 <__bad_interrupt>
  58:	0c 94 8b 00 	jmp	0x116	; 0x116 <__bad_interrupt>
  5c:	0c 94 8b 00 	jmp	0x116	; 0x116 <__bad_interrupt>
  60:	0c 94 8b 00 	jmp	0x116	; 0x116 <__bad_interrupt>
  64:	0c 94 8b 00 	jmp	0x116	; 0x116 <__bad_interrupt>

00000068 <port_to_mode_PGM>:
  68:	00 00 00 00 24 00 27 00 2a 00                       ....$.'.*.

00000072 <digital_pin_to_timer_PGM>:
  72:	00 00 00 08 00 02 01 00 00 03 04 07 00 00 00 00     ................
  82:	00 00 00 00                                         ....

00000086 <port_to_input_PGM>:
  86:	00 00 00 00 23 00 26 00 29 00                       ....#.&.).

00000090 <port_to_output_PGM>:
  90:	00 00 00 00 25 00 28 00 2b 00                       ....%.(.+.

0000009a <digital_pin_to_port_PGM>:
  9a:	04 04 04 04 04 04 04 04 02 02 02 02 02 02 03 03     ................
  aa:	03 03 03 03                                         ....

000000ae <digital_pin_to_bit_mask_PGM>:
  ae:	01 02 04 08 10 20 40 80 01 02 04 08 10 20 01 02     ..... @...... ..
  be:	04 08 10 20                                         ... 

000000c2 <__ctors_start>:
  c2:	04 04       	cpc	r0, r4

000000c4 <__ctors_end>:
  c4:	06 06       	cpc	r0, r22

000000c6 <__dtors_end>:
  c6:	11 24       	eor	r1, r1
  c8:	1f be       	out	0x3f, r1	; 63
  ca:	cf ef       	ldi	r28, 0xFF	; 255
  cc:	d8 e0       	ldi	r29, 0x08	; 8
  ce:	de bf       	out	0x3e, r29	; 62
  d0:	cd bf       	out	0x3d, r28	; 61

000000d2 <__do_copy_data>:
  d2:	11 e0       	ldi	r17, 0x01	; 1
  d4:	a0 e0       	ldi	r26, 0x00	; 0
  d6:	b1 e0       	ldi	r27, 0x01	; 1
  d8:	ea e6       	ldi	r30, 0x6A	; 106
  da:	fc e0       	ldi	r31, 0x0C	; 12
  dc:	02 c0       	rjmp	.+4      	; 0xe2 <__do_copy_data+0x10>
  de:	05 90       	lpm	r0, Z+
  e0:	0d 92       	st	X+, r0
  e2:	a4 32       	cpi	r26, 0x24	; 36
  e4:	b1 07       	cpc	r27, r17
  e6:	d9 f7       	brne	.-10     	; 0xde <__do_copy_data+0xc>

000000e8 <__do_clear_bss>:
  e8:	22 e0       	ldi	r18, 0x02	; 2
  ea:	a4 e2       	ldi	r26, 0x24	; 36
  ec:	b1 e0       	ldi	r27, 0x01	; 1
  ee:	01 c0       	rjmp	.+2      	; 0xf2 <.do_clear_bss_start>

000000f0 <.do_clear_bss_loop>:
  f0:	1d 92       	st	X+, r1

000000f2 <.do_clear_bss_start>:
  f2:	a0 33       	cpi	r26, 0x30	; 48
  f4:	b2 07       	cpc	r27, r18
  f6:	e1 f7       	brne	.-8      	; 0xf0 <.do_clear_bss_loop>

000000f8 <__do_global_ctors>:
  f8:	10 e0       	ldi	r17, 0x00	; 0
  fa:	c2 e6       	ldi	r28, 0x62	; 98
  fc:	d0 e0       	ldi	r29, 0x00	; 0
  fe:	04 c0       	rjmp	.+8      	; 0x108 <__do_global_ctors+0x10>
 100:	21 97       	sbiw	r28, 0x01	; 1
 102:	fe 01       	movw	r30, r28
 104:	0e 94 22 06 	call	0xc44	; 0xc44 <__tablejump2__>
 108:	c1 36       	cpi	r28, 0x61	; 97
 10a:	d1 07       	cpc	r29, r17
 10c:	c9 f7       	brne	.-14     	; 0x100 <__do_global_ctors+0x8>
 10e:	0e 94 af 04 	call	0x95e	; 0x95e <main>
 112:	0c 94 28 06 	jmp	0xc50	; 0xc50 <__do_global_dtors>

00000116 <__bad_interrupt>:
 116:	0c 94 00 00 	jmp	0	; 0x0 <__vectors>

0000011a <pinMode>:
 11a:	cf 93       	push	r28
 11c:	df 93       	push	r29
 11e:	90 e0       	ldi	r25, 0x00	; 0
 120:	fc 01       	movw	r30, r24
 122:	e2 55       	subi	r30, 0x52	; 82
 124:	ff 4f       	sbci	r31, 0xFF	; 255
 126:	24 91       	lpm	r18, Z
 128:	86 56       	subi	r24, 0x66	; 102
 12a:	9f 4f       	sbci	r25, 0xFF	; 255
 12c:	fc 01       	movw	r30, r24
 12e:	84 91       	lpm	r24, Z
 130:	88 23       	and	r24, r24
 132:	c9 f0       	breq	.+50     	; 0x166 <pinMode+0x4c>
 134:	90 e0       	ldi	r25, 0x00	; 0
 136:	88 0f       	add	r24, r24
 138:	99 1f       	adc	r25, r25
 13a:	fc 01       	movw	r30, r24
 13c:	e8 59       	subi	r30, 0x98	; 152
 13e:	ff 4f       	sbci	r31, 0xFF	; 255
 140:	a5 91       	lpm	r26, Z+
 142:	b4 91       	lpm	r27, Z
 144:	fc 01       	movw	r30, r24
 146:	e0 57       	subi	r30, 0x70	; 112
 148:	ff 4f       	sbci	r31, 0xFF	; 255
 14a:	c5 91       	lpm	r28, Z+
 14c:	d4 91       	lpm	r29, Z
 14e:	61 11       	cpse	r22, r1
 150:	0d c0       	rjmp	.+26     	; 0x16c <pinMode+0x52>
 152:	9f b7       	in	r25, 0x3f	; 63
 154:	f8 94       	cli
 156:	8c 91       	ld	r24, X
 158:	20 95       	com	r18
 15a:	82 23       	and	r24, r18
 15c:	8c 93       	st	X, r24
 15e:	88 81       	ld	r24, Y
 160:	28 23       	and	r18, r24
 162:	28 83       	st	Y, r18
 164:	9f bf       	out	0x3f, r25	; 63
 166:	df 91       	pop	r29
 168:	cf 91       	pop	r28
 16a:	08 95       	ret
 16c:	62 30       	cpi	r22, 0x02	; 2
 16e:	51 f4       	brne	.+20     	; 0x184 <pinMode+0x6a>
 170:	9f b7       	in	r25, 0x3f	; 63
 172:	f8 94       	cli
 174:	3c 91       	ld	r19, X
 176:	82 2f       	mov	r24, r18
 178:	80 95       	com	r24
 17a:	83 23       	and	r24, r19
 17c:	8c 93       	st	X, r24
 17e:	e8 81       	ld	r30, Y
 180:	2e 2b       	or	r18, r30
 182:	ef cf       	rjmp	.-34     	; 0x162 <pinMode+0x48>
 184:	8f b7       	in	r24, 0x3f	; 63
 186:	f8 94       	cli
 188:	ec 91       	ld	r30, X
 18a:	2e 2b       	or	r18, r30
 18c:	2c 93       	st	X, r18
 18e:	8f bf       	out	0x3f, r24	; 63
 190:	ea cf       	rjmp	.-44     	; 0x166 <pinMode+0x4c>

00000192 <_ZN5Print5writeEPKhj>:
 192:	af 92       	push	r10
 194:	bf 92       	push	r11
 196:	cf 92       	push	r12
 198:	df 92       	push	r13
 19a:	ef 92       	push	r14
 19c:	ff 92       	push	r15
 19e:	0f 93       	push	r16
 1a0:	1f 93       	push	r17
 1a2:	cf 93       	push	r28
 1a4:	df 93       	push	r29
 1a6:	6c 01       	movw	r12, r24
 1a8:	7b 01       	movw	r14, r22
 1aa:	8b 01       	movw	r16, r22
 1ac:	04 0f       	add	r16, r20
 1ae:	15 1f       	adc	r17, r21
 1b0:	eb 01       	movw	r28, r22
 1b2:	5e 01       	movw	r10, r28
 1b4:	ae 18       	sub	r10, r14
 1b6:	bf 08       	sbc	r11, r15
 1b8:	c0 17       	cp	r28, r16
 1ba:	d1 07       	cpc	r29, r17
 1bc:	59 f0       	breq	.+22     	; 0x1d4 <_ZN5Print5writeEPKhj+0x42>
 1be:	69 91       	ld	r22, Y+
 1c0:	d6 01       	movw	r26, r12
 1c2:	ed 91       	ld	r30, X+
 1c4:	fc 91       	ld	r31, X
 1c6:	01 90       	ld	r0, Z+
 1c8:	f0 81       	ld	r31, Z
 1ca:	e0 2d       	mov	r30, r0
 1cc:	c6 01       	movw	r24, r12
 1ce:	09 95       	icall
 1d0:	89 2b       	or	r24, r25
 1d2:	79 f7       	brne	.-34     	; 0x1b2 <_ZN5Print5writeEPKhj+0x20>
 1d4:	c5 01       	movw	r24, r10
 1d6:	df 91       	pop	r29
 1d8:	cf 91       	pop	r28
 1da:	1f 91       	pop	r17
 1dc:	0f 91       	pop	r16
 1de:	ff 90       	pop	r15
 1e0:	ef 90       	pop	r14
 1e2:	df 90       	pop	r13
 1e4:	cf 90       	pop	r12
 1e6:	bf 90       	pop	r11
 1e8:	af 90       	pop	r10
 1ea:	08 95       	ret

000001ec <_ZN14HardwareSerial17availableForWriteEv>:
 1ec:	fc 01       	movw	r30, r24
 1ee:	53 8d       	ldd	r21, Z+27	; 0x1b
 1f0:	44 8d       	ldd	r20, Z+28	; 0x1c
 1f2:	25 2f       	mov	r18, r21
 1f4:	30 e0       	ldi	r19, 0x00	; 0
 1f6:	84 2f       	mov	r24, r20
 1f8:	90 e0       	ldi	r25, 0x00	; 0
 1fa:	82 1b       	sub	r24, r18
 1fc:	93 0b       	sbc	r25, r19
 1fe:	54 17       	cp	r21, r20
 200:	10 f0       	brcs	.+4      	; 0x206 <_ZN14HardwareSerial17availableForWriteEv+0x1a>
 202:	cf 96       	adiw	r24, 0x3f	; 63
 204:	08 95       	ret
 206:	01 97       	sbiw	r24, 0x01	; 1
 208:	08 95       	ret

0000020a <_ZN14HardwareSerial4readEv>:
 20a:	fc 01       	movw	r30, r24
 20c:	91 8d       	ldd	r25, Z+25	; 0x19
 20e:	82 8d       	ldd	r24, Z+26	; 0x1a
 210:	98 17       	cp	r25, r24
 212:	61 f0       	breq	.+24     	; 0x22c <_ZN14HardwareSerial4readEv+0x22>
 214:	a2 8d       	ldd	r26, Z+26	; 0x1a
 216:	ae 0f       	add	r26, r30
 218:	bf 2f       	mov	r27, r31
 21a:	b1 1d       	adc	r27, r1
 21c:	5d 96       	adiw	r26, 0x1d	; 29
 21e:	8c 91       	ld	r24, X
 220:	92 8d       	ldd	r25, Z+26	; 0x1a
 222:	9f 5f       	subi	r25, 0xFF	; 255
 224:	9f 73       	andi	r25, 0x3F	; 63
 226:	92 8f       	std	Z+26, r25	; 0x1a
 228:	90 e0       	ldi	r25, 0x00	; 0
 22a:	08 95       	ret
 22c:	8f ef       	ldi	r24, 0xFF	; 255
 22e:	9f ef       	ldi	r25, 0xFF	; 255
 230:	08 95       	ret

00000232 <_ZN14HardwareSerial4peekEv>:
 232:	fc 01       	movw	r30, r24
 234:	91 8d       	ldd	r25, Z+25	; 0x19
 236:	82 8d       	ldd	r24, Z+26	; 0x1a
 238:	98 17       	cp	r25, r24
 23a:	31 f0       	breq	.+12     	; 0x248 <_ZN14HardwareSerial4peekEv+0x16>
 23c:	82 8d       	ldd	r24, Z+26	; 0x1a
 23e:	e8 0f       	add	r30, r24
 240:	f1 1d       	adc	r31, r1
 242:	85 8d       	ldd	r24, Z+29	; 0x1d
 244:	90 e0       	ldi	r25, 0x00	; 0
 246:	08 95       	ret
 248:	8f ef       	ldi	r24, 0xFF	; 255
 24a:	9f ef       	ldi	r25, 0xFF	; 255
 24c:	08 95       	ret

0000024e <_ZN14HardwareSerial9availableEv>:
 24e:	fc 01       	movw	r30, r24
 250:	91 8d       	ldd	r25, Z+25	; 0x19
 252:	22 8d       	ldd	r18, Z+26	; 0x1a
 254:	89 2f       	mov	r24, r25
 256:	90 e0       	ldi	r25, 0x00	; 0
 258:	80 5c       	subi	r24, 0xC0	; 192
 25a:	9f 4f       	sbci	r25, 0xFF	; 255
 25c:	82 1b       	sub	r24, r18
 25e:	91 09       	sbc	r25, r1
 260:	8f 73       	andi	r24, 0x3F	; 63
 262:	99 27       	eor	r25, r25
 264:	08 95       	ret

00000266 <_Z17Serial0_availablev>:
 266:	84 e7       	ldi	r24, 0x74	; 116
 268:	91 e0       	ldi	r25, 0x01	; 1
 26a:	0e 94 27 01 	call	0x24e	; 0x24e <_ZN14HardwareSerial9availableEv>
 26e:	21 e0       	ldi	r18, 0x01	; 1
 270:	89 2b       	or	r24, r25
 272:	09 f4       	brne	.+2      	; 0x276 <_Z17Serial0_availablev+0x10>
 274:	20 e0       	ldi	r18, 0x00	; 0
 276:	82 2f       	mov	r24, r18
 278:	08 95       	ret

0000027a <_Z14serialEventRunv>:
 27a:	80 e0       	ldi	r24, 0x00	; 0
 27c:	90 e0       	ldi	r25, 0x00	; 0
 27e:	89 2b       	or	r24, r25
 280:	29 f0       	breq	.+10     	; 0x28c <_Z14serialEventRunv+0x12>
 282:	0e 94 33 01 	call	0x266	; 0x266 <_Z17Serial0_availablev>
 286:	81 11       	cpse	r24, r1
 288:	0c 94 00 00 	jmp	0	; 0x0 <__vectors>
 28c:	08 95       	ret

0000028e <_ZN14HardwareSerial17_tx_udr_empty_irqEv>:
 28e:	fc 01       	movw	r30, r24
 290:	a4 8d       	ldd	r26, Z+28	; 0x1c
 292:	a8 0f       	add	r26, r24
 294:	b9 2f       	mov	r27, r25
 296:	b1 1d       	adc	r27, r1
 298:	a3 5a       	subi	r26, 0xA3	; 163
 29a:	bf 4f       	sbci	r27, 0xFF	; 255
 29c:	2c 91       	ld	r18, X
 29e:	84 8d       	ldd	r24, Z+28	; 0x1c
 2a0:	90 e0       	ldi	r25, 0x00	; 0
 2a2:	01 96       	adiw	r24, 0x01	; 1
 2a4:	8f 73       	andi	r24, 0x3F	; 63
 2a6:	99 27       	eor	r25, r25
 2a8:	84 8f       	std	Z+28, r24	; 0x1c
 2aa:	a6 89       	ldd	r26, Z+22	; 0x16
 2ac:	b7 89       	ldd	r27, Z+23	; 0x17
 2ae:	2c 93       	st	X, r18
 2b0:	a0 89       	ldd	r26, Z+16	; 0x10
 2b2:	b1 89       	ldd	r27, Z+17	; 0x11
 2b4:	8c 91       	ld	r24, X
 2b6:	83 70       	andi	r24, 0x03	; 3
 2b8:	80 64       	ori	r24, 0x40	; 64
 2ba:	8c 93       	st	X, r24
 2bc:	93 8d       	ldd	r25, Z+27	; 0x1b
 2be:	84 8d       	ldd	r24, Z+28	; 0x1c
 2c0:	98 13       	cpse	r25, r24
 2c2:	06 c0       	rjmp	.+12     	; 0x2d0 <_ZN14HardwareSerial17_tx_udr_empty_irqEv+0x42>
 2c4:	02 88       	ldd	r0, Z+18	; 0x12
 2c6:	f3 89       	ldd	r31, Z+19	; 0x13
 2c8:	e0 2d       	mov	r30, r0
 2ca:	80 81       	ld	r24, Z
 2cc:	8f 7d       	andi	r24, 0xDF	; 223
 2ce:	80 83       	st	Z, r24
 2d0:	08 95       	ret

000002d2 <_ZN14HardwareSerial5writeEh>:
 2d2:	ef 92       	push	r14
 2d4:	ff 92       	push	r15
 2d6:	0f 93       	push	r16
 2d8:	1f 93       	push	r17
 2da:	cf 93       	push	r28
 2dc:	df 93       	push	r29
 2de:	ec 01       	movw	r28, r24
 2e0:	81 e0       	ldi	r24, 0x01	; 1
 2e2:	88 8f       	std	Y+24, r24	; 0x18
 2e4:	9b 8d       	ldd	r25, Y+27	; 0x1b
 2e6:	8c 8d       	ldd	r24, Y+28	; 0x1c
 2e8:	98 13       	cpse	r25, r24
 2ea:	1a c0       	rjmp	.+52     	; 0x320 <_ZN14HardwareSerial5writeEh+0x4e>
 2ec:	e8 89       	ldd	r30, Y+16	; 0x10
 2ee:	f9 89       	ldd	r31, Y+17	; 0x11
 2f0:	80 81       	ld	r24, Z
 2f2:	85 ff       	sbrs	r24, 5
 2f4:	15 c0       	rjmp	.+42     	; 0x320 <_ZN14HardwareSerial5writeEh+0x4e>
 2f6:	9f b7       	in	r25, 0x3f	; 63
 2f8:	f8 94       	cli
 2fa:	ee 89       	ldd	r30, Y+22	; 0x16
 2fc:	ff 89       	ldd	r31, Y+23	; 0x17
 2fe:	60 83       	st	Z, r22
 300:	e8 89       	ldd	r30, Y+16	; 0x10
 302:	f9 89       	ldd	r31, Y+17	; 0x11
 304:	80 81       	ld	r24, Z
 306:	83 70       	andi	r24, 0x03	; 3
 308:	80 64       	ori	r24, 0x40	; 64
 30a:	80 83       	st	Z, r24
 30c:	9f bf       	out	0x3f, r25	; 63
 30e:	81 e0       	ldi	r24, 0x01	; 1
 310:	90 e0       	ldi	r25, 0x00	; 0
 312:	df 91       	pop	r29
 314:	cf 91       	pop	r28
 316:	1f 91       	pop	r17
 318:	0f 91       	pop	r16
 31a:	ff 90       	pop	r15
 31c:	ef 90       	pop	r14
 31e:	08 95       	ret
 320:	f6 2e       	mov	r15, r22
 322:	0b 8d       	ldd	r16, Y+27	; 0x1b
 324:	10 e0       	ldi	r17, 0x00	; 0
 326:	0f 5f       	subi	r16, 0xFF	; 255
 328:	1f 4f       	sbci	r17, 0xFF	; 255
 32a:	0f 73       	andi	r16, 0x3F	; 63
 32c:	11 27       	eor	r17, r17
 32e:	e0 2e       	mov	r14, r16
 330:	8c 8d       	ldd	r24, Y+28	; 0x1c
 332:	8e 11       	cpse	r24, r14
 334:	0c c0       	rjmp	.+24     	; 0x34e <_ZN14HardwareSerial5writeEh+0x7c>
 336:	0f b6       	in	r0, 0x3f	; 63
 338:	07 fc       	sbrc	r0, 7
 33a:	fa cf       	rjmp	.-12     	; 0x330 <_ZN14HardwareSerial5writeEh+0x5e>
 33c:	e8 89       	ldd	r30, Y+16	; 0x10
 33e:	f9 89       	ldd	r31, Y+17	; 0x11
 340:	80 81       	ld	r24, Z
 342:	85 ff       	sbrs	r24, 5
 344:	f5 cf       	rjmp	.-22     	; 0x330 <_ZN14HardwareSerial5writeEh+0x5e>
 346:	ce 01       	movw	r24, r28
 348:	0e 94 47 01 	call	0x28e	; 0x28e <_ZN14HardwareSerial17_tx_udr_empty_irqEv>
 34c:	f1 cf       	rjmp	.-30     	; 0x330 <_ZN14HardwareSerial5writeEh+0x5e>
 34e:	eb 8d       	ldd	r30, Y+27	; 0x1b
 350:	ec 0f       	add	r30, r28
 352:	fd 2f       	mov	r31, r29
 354:	f1 1d       	adc	r31, r1
 356:	e3 5a       	subi	r30, 0xA3	; 163
 358:	ff 4f       	sbci	r31, 0xFF	; 255
 35a:	f0 82       	st	Z, r15
 35c:	9f b7       	in	r25, 0x3f	; 63
 35e:	f8 94       	cli
 360:	0b 8f       	std	Y+27, r16	; 0x1b
 362:	ea 89       	ldd	r30, Y+18	; 0x12
 364:	fb 89       	ldd	r31, Y+19	; 0x13
 366:	80 81       	ld	r24, Z
 368:	80 62       	ori	r24, 0x20	; 32
 36a:	cf cf       	rjmp	.-98     	; 0x30a <_ZN14HardwareSerial5writeEh+0x38>

0000036c <_ZN14HardwareSerial5flushEv>:
 36c:	cf 93       	push	r28
 36e:	df 93       	push	r29
 370:	ec 01       	movw	r28, r24
 372:	88 8d       	ldd	r24, Y+24	; 0x18
 374:	88 23       	and	r24, r24
 376:	b9 f0       	breq	.+46     	; 0x3a6 <_ZN14HardwareSerial5flushEv+0x3a>
 378:	aa 89       	ldd	r26, Y+18	; 0x12
 37a:	bb 89       	ldd	r27, Y+19	; 0x13
 37c:	e8 89       	ldd	r30, Y+16	; 0x10
 37e:	f9 89       	ldd	r31, Y+17	; 0x11
 380:	8c 91       	ld	r24, X
 382:	85 fd       	sbrc	r24, 5
 384:	03 c0       	rjmp	.+6      	; 0x38c <_ZN14HardwareSerial5flushEv+0x20>
 386:	80 81       	ld	r24, Z
 388:	86 fd       	sbrc	r24, 6
 38a:	0d c0       	rjmp	.+26     	; 0x3a6 <_ZN14HardwareSerial5flushEv+0x3a>
 38c:	0f b6       	in	r0, 0x3f	; 63
 38e:	07 fc       	sbrc	r0, 7
 390:	f7 cf       	rjmp	.-18     	; 0x380 <_ZN14HardwareSerial5flushEv+0x14>
 392:	8c 91       	ld	r24, X
 394:	85 ff       	sbrs	r24, 5
 396:	f2 cf       	rjmp	.-28     	; 0x37c <_ZN14HardwareSerial5flushEv+0x10>
 398:	80 81       	ld	r24, Z
 39a:	85 ff       	sbrs	r24, 5
 39c:	ed cf       	rjmp	.-38     	; 0x378 <_ZN14HardwareSerial5flushEv+0xc>
 39e:	ce 01       	movw	r24, r28
 3a0:	0e 94 47 01 	call	0x28e	; 0x28e <_ZN14HardwareSerial17_tx_udr_empty_irqEv>
 3a4:	e9 cf       	rjmp	.-46     	; 0x378 <_ZN14HardwareSerial5flushEv+0xc>
 3a6:	df 91       	pop	r29
 3a8:	cf 91       	pop	r28
 3aa:	08 95       	ret

000003ac <_ZN14SoftwareSerial4peekEv>:
 3ac:	20 91 66 01 	lds	r18, 0x0166	; 0x800166 <_ZN14SoftwareSerial13active_objectE>
 3b0:	30 91 67 01 	lds	r19, 0x0167	; 0x800167 <_ZN14SoftwareSerial13active_objectE+0x1>
 3b4:	28 17       	cp	r18, r24
 3b6:	39 07       	cpc	r19, r25
 3b8:	71 f4       	brne	.+28     	; 0x3d6 <_ZN14SoftwareSerial4peekEv+0x2a>
 3ba:	90 91 64 01 	lds	r25, 0x0164	; 0x800164 <_ZN14SoftwareSerial20_receive_buffer_headE>
 3be:	80 91 65 01 	lds	r24, 0x0165	; 0x800165 <_ZN14SoftwareSerial20_receive_buffer_tailE>
 3c2:	98 17       	cp	r25, r24
 3c4:	41 f0       	breq	.+16     	; 0x3d6 <_ZN14SoftwareSerial4peekEv+0x2a>
 3c6:	e0 91 64 01 	lds	r30, 0x0164	; 0x800164 <_ZN14SoftwareSerial20_receive_buffer_headE>
 3ca:	f0 e0       	ldi	r31, 0x00	; 0
 3cc:	ec 5d       	subi	r30, 0xDC	; 220
 3ce:	fe 4f       	sbci	r31, 0xFE	; 254
 3d0:	80 81       	ld	r24, Z
 3d2:	90 e0       	ldi	r25, 0x00	; 0
 3d4:	08 95       	ret
 3d6:	8f ef       	ldi	r24, 0xFF	; 255
 3d8:	9f ef       	ldi	r25, 0xFF	; 255
 3da:	08 95       	ret

000003dc <_ZN14SoftwareSerial5flushEv>:
 3dc:	08 95       	ret

000003de <_ZN14SoftwareSerial5writeEh>:
 3de:	ef 92       	push	r14
 3e0:	ff 92       	push	r15
 3e2:	0f 93       	push	r16
 3e4:	1f 93       	push	r17
 3e6:	cf 93       	push	r28
 3e8:	df 93       	push	r29
 3ea:	dc 01       	movw	r26, r24
 3ec:	5c 96       	adiw	r26, 0x1c	; 28
 3ee:	ed 90       	ld	r14, X+
 3f0:	fc 90       	ld	r15, X
 3f2:	5d 97       	sbiw	r26, 0x1d	; 29
 3f4:	e1 14       	cp	r14, r1
 3f6:	f1 04       	cpc	r15, r1
 3f8:	79 f4       	brne	.+30     	; 0x418 <__LOCK_REGION_LENGTH__+0x18>
 3fa:	81 e0       	ldi	r24, 0x01	; 1
 3fc:	90 e0       	ldi	r25, 0x00	; 0
 3fe:	13 96       	adiw	r26, 0x03	; 3
 400:	9c 93       	st	X, r25
 402:	8e 93       	st	-X, r24
 404:	12 97       	sbiw	r26, 0x02	; 2
 406:	90 e0       	ldi	r25, 0x00	; 0
 408:	80 e0       	ldi	r24, 0x00	; 0
 40a:	df 91       	pop	r29
 40c:	cf 91       	pop	r28
 40e:	1f 91       	pop	r17
 410:	0f 91       	pop	r16
 412:	ff 90       	pop	r15
 414:	ef 90       	pop	r14
 416:	08 95       	ret
 418:	51 96       	adiw	r26, 0x11	; 17
 41a:	ed 91       	ld	r30, X+
 41c:	fc 91       	ld	r31, X
 41e:	52 97       	sbiw	r26, 0x12	; 18
 420:	50 96       	adiw	r26, 0x10	; 16
 422:	8c 91       	ld	r24, X
 424:	50 97       	sbiw	r26, 0x10	; 16
 426:	98 2f       	mov	r25, r24
 428:	90 95       	com	r25
 42a:	0f b7       	in	r16, 0x3f	; 63
 42c:	5e 96       	adiw	r26, 0x1e	; 30
 42e:	2c 91       	ld	r18, X
 430:	5e 97       	sbiw	r26, 0x1e	; 30
 432:	12 2f       	mov	r17, r18
 434:	12 70       	andi	r17, 0x02	; 2
 436:	21 fd       	sbrc	r18, 1
 438:	60 95       	com	r22
 43a:	f8 94       	cli
 43c:	20 81       	ld	r18, Z
 43e:	11 23       	and	r17, r17
 440:	19 f1       	breq	.+70     	; 0x488 <__LOCK_REGION_LENGTH__+0x88>
 442:	28 2b       	or	r18, r24
 444:	20 83       	st	Z, r18
 446:	e7 01       	movw	r28, r14
 448:	21 97       	sbiw	r28, 0x01	; 1
 44a:	f1 f7       	brne	.-4      	; 0x448 <__LOCK_REGION_LENGTH__+0x48>
 44c:	28 e0       	ldi	r18, 0x08	; 8
 44e:	46 2f       	mov	r20, r22
 450:	50 e0       	ldi	r21, 0x00	; 0
 452:	30 81       	ld	r19, Z
 454:	60 ff       	sbrs	r22, 0
 456:	1a c0       	rjmp	.+52     	; 0x48c <__LOCK_REGION_LENGTH__+0x8c>
 458:	38 2b       	or	r19, r24
 45a:	30 83       	st	Z, r19
 45c:	e7 01       	movw	r28, r14
 45e:	21 97       	sbiw	r28, 0x01	; 1
 460:	f1 f7       	brne	.-4      	; 0x45e <__LOCK_REGION_LENGTH__+0x5e>
 462:	ba 01       	movw	r22, r20
 464:	75 95       	asr	r23
 466:	67 95       	ror	r22
 468:	21 50       	subi	r18, 0x01	; 1
 46a:	89 f7       	brne	.-30     	; 0x44e <__LOCK_REGION_LENGTH__+0x4e>
 46c:	11 23       	and	r17, r17
 46e:	81 f0       	breq	.+32     	; 0x490 <__LOCK_REGION_LENGTH__+0x90>
 470:	80 81       	ld	r24, Z
 472:	89 23       	and	r24, r25
 474:	80 83       	st	Z, r24
 476:	0f bf       	out	0x3f, r16	; 63
 478:	5c 96       	adiw	r26, 0x1c	; 28
 47a:	8d 91       	ld	r24, X+
 47c:	9c 91       	ld	r25, X
 47e:	01 97       	sbiw	r24, 0x01	; 1
 480:	f1 f7       	brne	.-4      	; 0x47e <__LOCK_REGION_LENGTH__+0x7e>
 482:	81 e0       	ldi	r24, 0x01	; 1
 484:	90 e0       	ldi	r25, 0x00	; 0
 486:	c1 cf       	rjmp	.-126    	; 0x40a <__LOCK_REGION_LENGTH__+0xa>
 488:	29 23       	and	r18, r25
 48a:	dc cf       	rjmp	.-72     	; 0x444 <__LOCK_REGION_LENGTH__+0x44>
 48c:	39 23       	and	r19, r25
 48e:	e5 cf       	rjmp	.-54     	; 0x45a <__LOCK_REGION_LENGTH__+0x5a>
 490:	90 81       	ld	r25, Z
 492:	89 2b       	or	r24, r25
 494:	ef cf       	rjmp	.-34     	; 0x474 <__LOCK_REGION_LENGTH__+0x74>

00000496 <_ZN14SoftwareSerial9availableEv>:
 496:	20 91 66 01 	lds	r18, 0x0166	; 0x800166 <_ZN14SoftwareSerial13active_objectE>
 49a:	30 91 67 01 	lds	r19, 0x0167	; 0x800167 <_ZN14SoftwareSerial13active_objectE+0x1>
 49e:	28 17       	cp	r18, r24
 4a0:	39 07       	cpc	r19, r25
 4a2:	61 f4       	brne	.+24     	; 0x4bc <_ZN14SoftwareSerial9availableEv+0x26>
 4a4:	80 91 65 01 	lds	r24, 0x0165	; 0x800165 <_ZN14SoftwareSerial20_receive_buffer_tailE>
 4a8:	20 91 64 01 	lds	r18, 0x0164	; 0x800164 <_ZN14SoftwareSerial20_receive_buffer_headE>
 4ac:	90 e0       	ldi	r25, 0x00	; 0
 4ae:	80 5c       	subi	r24, 0xC0	; 192
 4b0:	9f 4f       	sbci	r25, 0xFF	; 255
 4b2:	82 1b       	sub	r24, r18
 4b4:	91 09       	sbc	r25, r1
 4b6:	8f 73       	andi	r24, 0x3F	; 63
 4b8:	99 27       	eor	r25, r25
 4ba:	08 95       	ret
 4bc:	90 e0       	ldi	r25, 0x00	; 0
 4be:	80 e0       	ldi	r24, 0x00	; 0
 4c0:	08 95       	ret

000004c2 <_ZN14SoftwareSerial4readEv>:
 4c2:	20 91 66 01 	lds	r18, 0x0166	; 0x800166 <_ZN14SoftwareSerial13active_objectE>
 4c6:	30 91 67 01 	lds	r19, 0x0167	; 0x800167 <_ZN14SoftwareSerial13active_objectE+0x1>
 4ca:	28 17       	cp	r18, r24
 4cc:	39 07       	cpc	r19, r25
 4ce:	b9 f4       	brne	.+46     	; 0x4fe <_ZN14SoftwareSerial4readEv+0x3c>
 4d0:	90 91 64 01 	lds	r25, 0x0164	; 0x800164 <_ZN14SoftwareSerial20_receive_buffer_headE>
 4d4:	80 91 65 01 	lds	r24, 0x0165	; 0x800165 <_ZN14SoftwareSerial20_receive_buffer_tailE>
 4d8:	98 17       	cp	r25, r24
 4da:	89 f0       	breq	.+34     	; 0x4fe <_ZN14SoftwareSerial4readEv+0x3c>
 4dc:	e0 91 64 01 	lds	r30, 0x0164	; 0x800164 <_ZN14SoftwareSerial20_receive_buffer_headE>
 4e0:	f0 e0       	ldi	r31, 0x00	; 0
 4e2:	ec 5d       	subi	r30, 0xDC	; 220
 4e4:	fe 4f       	sbci	r31, 0xFE	; 254
 4e6:	80 81       	ld	r24, Z
 4e8:	20 91 64 01 	lds	r18, 0x0164	; 0x800164 <_ZN14SoftwareSerial20_receive_buffer_headE>
 4ec:	30 e0       	ldi	r19, 0x00	; 0
 4ee:	2f 5f       	subi	r18, 0xFF	; 255
 4f0:	3f 4f       	sbci	r19, 0xFF	; 255
 4f2:	2f 73       	andi	r18, 0x3F	; 63
 4f4:	33 27       	eor	r19, r19
 4f6:	20 93 64 01 	sts	0x0164, r18	; 0x800164 <_ZN14SoftwareSerial20_receive_buffer_headE>
 4fa:	90 e0       	ldi	r25, 0x00	; 0
 4fc:	08 95       	ret
 4fe:	8f ef       	ldi	r24, 0xFF	; 255
 500:	9f ef       	ldi	r25, 0xFF	; 255
 502:	08 95       	ret

00000504 <_ZN5Print17availableForWriteEv>:
 504:	90 e0       	ldi	r25, 0x00	; 0
 506:	80 e0       	ldi	r24, 0x00	; 0
 508:	08 95       	ret

0000050a <_ZL13publishResultv>:
 50a:	87 ea       	ldi	r24, 0xA7	; 167
 50c:	80 93 00 03 	sts	0x0300, r24	; 0x800300 <__bss_end+0xd0>
 510:	80 91 6a 01 	lds	r24, 0x016A	; 0x80016a <rxCount>
 514:	80 93 01 03 	sts	0x0301, r24	; 0x800301 <__bss_end+0xd1>
 518:	80 91 69 01 	lds	r24, 0x0169	; 0x800169 <rxXor>
 51c:	80 93 02 03 	sts	0x0302, r24	; 0x800302 <__bss_end+0xd2>
 520:	80 91 68 01 	lds	r24, 0x0168	; 0x800168 <lastRx>
 524:	80 93 03 03 	sts	0x0303, r24	; 0x800303 <__bss_end+0xd3>
 528:	81 e1       	ldi	r24, 0x11	; 17
 52a:	92 e0       	ldi	r25, 0x02	; 2
 52c:	0e 94 4b 02 	call	0x496	; 0x496 <_ZN14SoftwareSerial9availableEv>
 530:	80 93 04 03 	sts	0x0304, r24	; 0x800304 <__bss_end+0xd4>
 534:	8c e5       	ldi	r24, 0x5C	; 92
 536:	80 93 05 03 	sts	0x0305, r24	; 0x800305 <__bss_end+0xd5>
 53a:	08 95       	ret

0000053c <__vector_16>:
 53c:	1f 92       	push	r1
 53e:	0f 92       	push	r0
 540:	0f b6       	in	r0, 0x3f	; 63
 542:	0f 92       	push	r0
 544:	11 24       	eor	r1, r1
 546:	2f 93       	push	r18
 548:	3f 93       	push	r19
 54a:	8f 93       	push	r24
 54c:	9f 93       	push	r25
 54e:	af 93       	push	r26
 550:	bf 93       	push	r27
 552:	80 91 70 01 	lds	r24, 0x0170	; 0x800170 <timer0_millis>
 556:	90 91 71 01 	lds	r25, 0x0171	; 0x800171 <timer0_millis+0x1>
 55a:	a0 91 72 01 	lds	r26, 0x0172	; 0x800172 <timer0_millis+0x2>
 55e:	b0 91 73 01 	lds	r27, 0x0173	; 0x800173 <timer0_millis+0x3>
 562:	30 91 6f 01 	lds	r19, 0x016F	; 0x80016f <timer0_fract>
 566:	23 e0       	ldi	r18, 0x03	; 3
 568:	23 0f       	add	r18, r19
 56a:	2d 37       	cpi	r18, 0x7D	; 125
 56c:	58 f5       	brcc	.+86     	; 0x5c4 <__vector_16+0x88>
 56e:	01 96       	adiw	r24, 0x01	; 1
 570:	a1 1d       	adc	r26, r1
 572:	b1 1d       	adc	r27, r1
 574:	20 93 6f 01 	sts	0x016F, r18	; 0x80016f <timer0_fract>
 578:	80 93 70 01 	sts	0x0170, r24	; 0x800170 <timer0_millis>
 57c:	90 93 71 01 	sts	0x0171, r25	; 0x800171 <timer0_millis+0x1>
 580:	a0 93 72 01 	sts	0x0172, r26	; 0x800172 <timer0_millis+0x2>
 584:	b0 93 73 01 	sts	0x0173, r27	; 0x800173 <timer0_millis+0x3>
 588:	80 91 6b 01 	lds	r24, 0x016B	; 0x80016b <timer0_overflow_count>
 58c:	90 91 6c 01 	lds	r25, 0x016C	; 0x80016c <timer0_overflow_count+0x1>
 590:	a0 91 6d 01 	lds	r26, 0x016D	; 0x80016d <timer0_overflow_count+0x2>
 594:	b0 91 6e 01 	lds	r27, 0x016E	; 0x80016e <timer0_overflow_count+0x3>
 598:	01 96       	adiw	r24, 0x01	; 1
 59a:	a1 1d       	adc	r26, r1
 59c:	b1 1d       	adc	r27, r1
 59e:	80 93 6b 01 	sts	0x016B, r24	; 0x80016b <timer0_overflow_count>
 5a2:	90 93 6c 01 	sts	0x016C, r25	; 0x80016c <timer0_overflow_count+0x1>
 5a6:	a0 93 6d 01 	sts	0x016D, r26	; 0x80016d <timer0_overflow_count+0x2>
 5aa:	b0 93 6e 01 	sts	0x016E, r27	; 0x80016e <timer0_overflow_count+0x3>
 5ae:	bf 91       	pop	r27
 5b0:	af 91       	pop	r26
 5b2:	9f 91       	pop	r25
 5b4:	8f 91       	pop	r24
 5b6:	3f 91       	pop	r19
 5b8:	2f 91       	pop	r18
 5ba:	0f 90       	pop	r0
 5bc:	0f be       	out	0x3f, r0	; 63
 5be:	0f 90       	pop	r0
 5c0:	1f 90       	pop	r1
 5c2:	18 95       	reti
 5c4:	26 e8       	ldi	r18, 0x86	; 134
 5c6:	23 0f       	add	r18, r19
 5c8:	02 96       	adiw	r24, 0x02	; 2
 5ca:	a1 1d       	adc	r26, r1
 5cc:	b1 1d       	adc	r27, r1
 5ce:	d2 cf       	rjmp	.-92     	; 0x574 <__vector_16+0x38>

000005d0 <__vector_19>:
 5d0:	1f 92       	push	r1
 5d2:	0f 92       	push	r0
 5d4:	0f b6       	in	r0, 0x3f	; 63
 5d6:	0f 92       	push	r0
 5d8:	11 24       	eor	r1, r1
 5da:	2f 93       	push	r18
 5dc:	3f 93       	push	r19
 5de:	4f 93       	push	r20
 5e0:	5f 93       	push	r21
 5e2:	6f 93       	push	r22
 5e4:	7f 93       	push	r23
 5e6:	8f 93       	push	r24
 5e8:	9f 93       	push	r25
 5ea:	af 93       	push	r26
 5ec:	bf 93       	push	r27
 5ee:	ef 93       	push	r30
 5f0:	ff 93       	push	r31
 5f2:	84 e7       	ldi	r24, 0x74	; 116
 5f4:	91 e0       	ldi	r25, 0x01	; 1
 5f6:	0e 94 47 01 	call	0x28e	; 0x28e <_ZN14HardwareSerial17_tx_udr_empty_irqEv>
 5fa:	ff 91       	pop	r31
 5fc:	ef 91       	pop	r30
 5fe:	bf 91       	pop	r27
 600:	af 91       	pop	r26
 602:	9f 91       	pop	r25
 604:	8f 91       	pop	r24
 606:	7f 91       	pop	r23
 608:	6f 91       	pop	r22
 60a:	5f 91       	pop	r21
 60c:	4f 91       	pop	r20
 60e:	3f 91       	pop	r19
 610:	2f 91       	pop	r18
 612:	0f 90       	pop	r0
 614:	0f be       	out	0x3f, r0	; 63
 616:	0f 90       	pop	r0
 618:	1f 90       	pop	r1
 61a:	18 95       	reti

0000061c <__vector_18>:
 61c:	1f 92       	push	r1
 61e:	0f 92       	push	r0
 620:	0f b6       	in	r0, 0x3f	; 63
 622:	0f 92       	push	r0
 624:	11 24       	eor	r1, r1
 626:	2f 93       	push	r18
 628:	8f 93       	push	r24
 62a:	9f 93       	push	r25
 62c:	ef 93       	push	r30
 62e:	ff 93       	push	r31
 630:	e0 91 84 01 	lds	r30, 0x0184	; 0x800184 <Serial+0x10>
 634:	f0 91 85 01 	lds	r31, 0x0185	; 0x800185 <Serial+0x11>
 638:	80 81       	ld	r24, Z
 63a:	e0 91 8a 01 	lds	r30, 0x018A	; 0x80018a <Serial+0x16>
 63e:	f0 91 8b 01 	lds	r31, 0x018B	; 0x80018b <Serial+0x17>
 642:	82 fd       	sbrc	r24, 2
 644:	1b c0       	rjmp	.+54     	; 0x67c <__vector_18+0x60>
 646:	90 81       	ld	r25, Z
 648:	80 91 8d 01 	lds	r24, 0x018D	; 0x80018d <Serial+0x19>
 64c:	8f 5f       	subi	r24, 0xFF	; 255
 64e:	8f 73       	andi	r24, 0x3F	; 63
 650:	20 91 8e 01 	lds	r18, 0x018E	; 0x80018e <Serial+0x1a>
 654:	82 17       	cp	r24, r18
 656:	41 f0       	breq	.+16     	; 0x668 <__vector_18+0x4c>
 658:	e0 91 8d 01 	lds	r30, 0x018D	; 0x80018d <Serial+0x19>
 65c:	f0 e0       	ldi	r31, 0x00	; 0
 65e:	ec 58       	subi	r30, 0x8C	; 140
 660:	fe 4f       	sbci	r31, 0xFE	; 254
 662:	95 8f       	std	Z+29, r25	; 0x1d
 664:	80 93 8d 01 	sts	0x018D, r24	; 0x80018d <Serial+0x19>
 668:	ff 91       	pop	r31
 66a:	ef 91       	pop	r30
 66c:	9f 91       	pop	r25
 66e:	8f 91       	pop	r24
 670:	2f 91       	pop	r18
 672:	0f 90       	pop	r0
 674:	0f be       	out	0x3f, r0	; 63
 676:	0f 90       	pop	r0
 678:	1f 90       	pop	r1
 67a:	18 95       	reti
 67c:	80 81       	ld	r24, Z
 67e:	f4 cf       	rjmp	.-24     	; 0x668 <__vector_18+0x4c>

00000680 <__vector_3>:
 680:	1f 92       	push	r1
 682:	0f 92       	push	r0
 684:	0f b6       	in	r0, 0x3f	; 63
 686:	0f 92       	push	r0
 688:	11 24       	eor	r1, r1
 68a:	2f 93       	push	r18
 68c:	3f 93       	push	r19
 68e:	4f 93       	push	r20
 690:	5f 93       	push	r21
 692:	6f 93       	push	r22
 694:	7f 93       	push	r23
 696:	8f 93       	push	r24
 698:	9f 93       	push	r25
 69a:	af 93       	push	r26
 69c:	bf 93       	push	r27
 69e:	ef 93       	push	r30
 6a0:	ff 93       	push	r31
 6a2:	e0 91 66 01 	lds	r30, 0x0166	; 0x800166 <_ZN14SoftwareSerial13active_objectE>
 6a6:	f0 91 67 01 	lds	r31, 0x0167	; 0x800167 <_ZN14SoftwareSerial13active_objectE+0x1>
 6aa:	30 97       	sbiw	r30, 0x00	; 0
 6ac:	49 f0       	breq	.+18     	; 0x6c0 <__vector_3+0x40>
 6ae:	a6 85       	ldd	r26, Z+14	; 0x0e
 6b0:	b7 85       	ldd	r27, Z+15	; 0x0f
 6b2:	85 85       	ldd	r24, Z+13	; 0x0d
 6b4:	96 8d       	ldd	r25, Z+30	; 0x1e
 6b6:	91 ff       	sbrs	r25, 1
 6b8:	14 c0       	rjmp	.+40     	; 0x6e2 <__vector_3+0x62>
 6ba:	9c 91       	ld	r25, X
 6bc:	89 23       	and	r24, r25
 6be:	a1 f4       	brne	.+40     	; 0x6e8 <__vector_3+0x68>
 6c0:	ff 91       	pop	r31
 6c2:	ef 91       	pop	r30
 6c4:	bf 91       	pop	r27
 6c6:	af 91       	pop	r26
 6c8:	9f 91       	pop	r25
 6ca:	8f 91       	pop	r24
 6cc:	7f 91       	pop	r23
 6ce:	6f 91       	pop	r22
 6d0:	5f 91       	pop	r21
 6d2:	4f 91       	pop	r20
 6d4:	3f 91       	pop	r19
 6d6:	2f 91       	pop	r18
 6d8:	0f 90       	pop	r0
 6da:	0f be       	out	0x3f, r0	; 63
 6dc:	0f 90       	pop	r0
 6de:	1f 90       	pop	r1
 6e0:	18 95       	reti
 6e2:	9c 91       	ld	r25, X
 6e4:	89 23       	and	r24, r25
 6e6:	61 f7       	brne	.-40     	; 0x6c0 <__vector_3+0x40>
 6e8:	a3 89       	ldd	r26, Z+19	; 0x13
 6ea:	b4 89       	ldd	r27, Z+20	; 0x14
 6ec:	9c 91       	ld	r25, X
 6ee:	85 89       	ldd	r24, Z+21	; 0x15
 6f0:	80 95       	com	r24
 6f2:	89 23       	and	r24, r25
 6f4:	8c 93       	st	X, r24
 6f6:	86 89       	ldd	r24, Z+22	; 0x16
 6f8:	97 89       	ldd	r25, Z+23	; 0x17
 6fa:	01 97       	sbiw	r24, 0x01	; 1
 6fc:	f1 f7       	brne	.-4      	; 0x6fa <__vector_3+0x7a>
 6fe:	60 8d       	ldd	r22, Z+24	; 0x18
 700:	71 8d       	ldd	r23, Z+25	; 0x19
 702:	a6 85       	ldd	r26, Z+14	; 0x0e
 704:	b7 85       	ldd	r27, Z+15	; 0x0f
 706:	55 85       	ldd	r21, Z+13	; 0x0d
 708:	38 e0       	ldi	r19, 0x08	; 8
 70a:	20 e0       	ldi	r18, 0x00	; 0
 70c:	cb 01       	movw	r24, r22
 70e:	01 97       	sbiw	r24, 0x01	; 1
 710:	f1 f7       	brne	.-4      	; 0x70e <__vector_3+0x8e>
 712:	82 2f       	mov	r24, r18
 714:	90 e0       	ldi	r25, 0x00	; 0
 716:	95 95       	asr	r25
 718:	87 95       	ror	r24
 71a:	28 2f       	mov	r18, r24
 71c:	4c 91       	ld	r20, X
 71e:	45 23       	and	r20, r21
 720:	09 f0       	breq	.+2      	; 0x724 <__vector_3+0xa4>
 722:	20 68       	ori	r18, 0x80	; 128
 724:	31 50       	subi	r19, 0x01	; 1
 726:	91 f7       	brne	.-28     	; 0x70c <__vector_3+0x8c>
 728:	86 8d       	ldd	r24, Z+30	; 0x1e
 72a:	81 fd       	sbrc	r24, 1
 72c:	20 95       	com	r18
 72e:	80 91 65 01 	lds	r24, 0x0165	; 0x800165 <_ZN14SoftwareSerial20_receive_buffer_tailE>
 732:	90 e0       	ldi	r25, 0x00	; 0
 734:	01 96       	adiw	r24, 0x01	; 1
 736:	8f 73       	andi	r24, 0x3F	; 63
 738:	99 27       	eor	r25, r25
 73a:	30 91 64 01 	lds	r19, 0x0164	; 0x800164 <_ZN14SoftwareSerial20_receive_buffer_headE>
 73e:	38 17       	cp	r19, r24
 740:	99 f0       	breq	.+38     	; 0x768 <__vector_3+0xe8>
 742:	a0 91 65 01 	lds	r26, 0x0165	; 0x800165 <_ZN14SoftwareSerial20_receive_buffer_tailE>
 746:	b0 e0       	ldi	r27, 0x00	; 0
 748:	ac 5d       	subi	r26, 0xDC	; 220
 74a:	be 4f       	sbci	r27, 0xFE	; 254
 74c:	2c 93       	st	X, r18
 74e:	80 93 65 01 	sts	0x0165, r24	; 0x800165 <_ZN14SoftwareSerial20_receive_buffer_tailE>
 752:	82 8d       	ldd	r24, Z+26	; 0x1a
 754:	93 8d       	ldd	r25, Z+27	; 0x1b
 756:	01 97       	sbiw	r24, 0x01	; 1
 758:	f1 f7       	brne	.-4      	; 0x756 <__vector_3+0xd6>
 75a:	a3 89       	ldd	r26, Z+19	; 0x13
 75c:	b4 89       	ldd	r27, Z+20	; 0x14
 75e:	8c 91       	ld	r24, X
 760:	95 89       	ldd	r25, Z+21	; 0x15
 762:	89 2b       	or	r24, r25
 764:	8c 93       	st	X, r24
 766:	ac cf       	rjmp	.-168    	; 0x6c0 <__vector_3+0x40>
 768:	86 8d       	ldd	r24, Z+30	; 0x1e
 76a:	81 60       	ori	r24, 0x01	; 1
 76c:	86 8f       	std	Z+30, r24	; 0x1e
 76e:	f1 cf       	rjmp	.-30     	; 0x752 <__vector_3+0xd2>

00000770 <digitalWrite>:
 770:	90 e0       	ldi	r25, 0x00	; 0
 772:	fc 01       	movw	r30, r24
 774:	ee 58       	subi	r30, 0x8E	; 142
 776:	ff 4f       	sbci	r31, 0xFF	; 255
 778:	24 91       	lpm	r18, Z
 77a:	fc 01       	movw	r30, r24
 77c:	e2 55       	subi	r30, 0x52	; 82
 77e:	ff 4f       	sbci	r31, 0xFF	; 255
 780:	34 91       	lpm	r19, Z
 782:	fc 01       	movw	r30, r24
 784:	e6 56       	subi	r30, 0x66	; 102
 786:	ff 4f       	sbci	r31, 0xFF	; 255
 788:	e4 91       	lpm	r30, Z
 78a:	ee 23       	and	r30, r30
 78c:	c9 f0       	breq	.+50     	; 0x7c0 <digitalWrite+0x50>
 78e:	22 23       	and	r18, r18
 790:	39 f0       	breq	.+14     	; 0x7a0 <digitalWrite+0x30>
 792:	23 30       	cpi	r18, 0x03	; 3
 794:	01 f1       	breq	.+64     	; 0x7d6 <digitalWrite+0x66>
 796:	a8 f4       	brcc	.+42     	; 0x7c2 <digitalWrite+0x52>
 798:	21 30       	cpi	r18, 0x01	; 1
 79a:	19 f1       	breq	.+70     	; 0x7e2 <digitalWrite+0x72>
 79c:	22 30       	cpi	r18, 0x02	; 2
 79e:	29 f1       	breq	.+74     	; 0x7ea <digitalWrite+0x7a>
 7a0:	f0 e0       	ldi	r31, 0x00	; 0
 7a2:	ee 0f       	add	r30, r30
 7a4:	ff 1f       	adc	r31, r31
 7a6:	e0 57       	subi	r30, 0x70	; 112
 7a8:	ff 4f       	sbci	r31, 0xFF	; 255
 7aa:	a5 91       	lpm	r26, Z+
 7ac:	b4 91       	lpm	r27, Z
 7ae:	8f b7       	in	r24, 0x3f	; 63
 7b0:	f8 94       	cli
 7b2:	ec 91       	ld	r30, X
 7b4:	61 11       	cpse	r22, r1
 7b6:	26 c0       	rjmp	.+76     	; 0x804 <digitalWrite+0x94>
 7b8:	30 95       	com	r19
 7ba:	3e 23       	and	r19, r30
 7bc:	3c 93       	st	X, r19
 7be:	8f bf       	out	0x3f, r24	; 63
 7c0:	08 95       	ret
 7c2:	27 30       	cpi	r18, 0x07	; 7
 7c4:	a9 f0       	breq	.+42     	; 0x7f0 <digitalWrite+0x80>
 7c6:	28 30       	cpi	r18, 0x08	; 8
 7c8:	c9 f0       	breq	.+50     	; 0x7fc <digitalWrite+0x8c>
 7ca:	24 30       	cpi	r18, 0x04	; 4
 7cc:	49 f7       	brne	.-46     	; 0x7a0 <digitalWrite+0x30>
 7ce:	80 91 80 00 	lds	r24, 0x0080	; 0x800080 <__DATA_REGION_ORIGIN__+0x20>
 7d2:	8f 7d       	andi	r24, 0xDF	; 223
 7d4:	03 c0       	rjmp	.+6      	; 0x7dc <digitalWrite+0x6c>
 7d6:	80 91 80 00 	lds	r24, 0x0080	; 0x800080 <__DATA_REGION_ORIGIN__+0x20>
 7da:	8f 77       	andi	r24, 0x7F	; 127
 7dc:	80 93 80 00 	sts	0x0080, r24	; 0x800080 <__DATA_REGION_ORIGIN__+0x20>
 7e0:	df cf       	rjmp	.-66     	; 0x7a0 <digitalWrite+0x30>
 7e2:	84 b5       	in	r24, 0x24	; 36
 7e4:	8f 77       	andi	r24, 0x7F	; 127
 7e6:	84 bd       	out	0x24, r24	; 36
 7e8:	db cf       	rjmp	.-74     	; 0x7a0 <digitalWrite+0x30>
 7ea:	84 b5       	in	r24, 0x24	; 36
 7ec:	8f 7d       	andi	r24, 0xDF	; 223
 7ee:	fb cf       	rjmp	.-10     	; 0x7e6 <digitalWrite+0x76>
 7f0:	80 91 b0 00 	lds	r24, 0x00B0	; 0x8000b0 <__DATA_REGION_ORIGIN__+0x50>
 7f4:	8f 77       	andi	r24, 0x7F	; 127
 7f6:	80 93 b0 00 	sts	0x00B0, r24	; 0x8000b0 <__DATA_REGION_ORIGIN__+0x50>
 7fa:	d2 cf       	rjmp	.-92     	; 0x7a0 <digitalWrite+0x30>
 7fc:	80 91 b0 00 	lds	r24, 0x00B0	; 0x8000b0 <__DATA_REGION_ORIGIN__+0x50>
 800:	8f 7d       	andi	r24, 0xDF	; 223
 802:	f9 cf       	rjmp	.-14     	; 0x7f6 <digitalWrite+0x86>
 804:	3e 2b       	or	r19, r30
 806:	da cf       	rjmp	.-76     	; 0x7bc <digitalWrite+0x4c>

00000808 <_GLOBAL__I_65535_0_arduino_softserial_loopback.ino.cpp.o.1872>:
 808:	10 92 77 01 	sts	0x0177, r1	; 0x800177 <Serial+0x3>
 80c:	10 92 76 01 	sts	0x0176, r1	; 0x800176 <Serial+0x2>
 810:	88 ee       	ldi	r24, 0xE8	; 232
 812:	93 e0       	ldi	r25, 0x03	; 3
 814:	a0 e0       	ldi	r26, 0x00	; 0
 816:	b0 e0       	ldi	r27, 0x00	; 0
 818:	80 93 78 01 	sts	0x0178, r24	; 0x800178 <Serial+0x4>
 81c:	90 93 79 01 	sts	0x0179, r25	; 0x800179 <Serial+0x5>
 820:	a0 93 7a 01 	sts	0x017A, r26	; 0x80017a <Serial+0x6>
 824:	b0 93 7b 01 	sts	0x017B, r27	; 0x80017b <Serial+0x7>
 828:	24 e0       	ldi	r18, 0x04	; 4
 82a:	31 e0       	ldi	r19, 0x01	; 1
 82c:	30 93 75 01 	sts	0x0175, r19	; 0x800175 <Serial+0x1>
 830:	20 93 74 01 	sts	0x0174, r18	; 0x800174 <Serial>
 834:	25 ec       	ldi	r18, 0xC5	; 197
 836:	30 e0       	ldi	r19, 0x00	; 0
 838:	30 93 81 01 	sts	0x0181, r19	; 0x800181 <Serial+0xd>
 83c:	20 93 80 01 	sts	0x0180, r18	; 0x800180 <Serial+0xc>
 840:	24 ec       	ldi	r18, 0xC4	; 196
 842:	30 e0       	ldi	r19, 0x00	; 0
 844:	30 93 83 01 	sts	0x0183, r19	; 0x800183 <Serial+0xf>
 848:	20 93 82 01 	sts	0x0182, r18	; 0x800182 <Serial+0xe>
 84c:	20 ec       	ldi	r18, 0xC0	; 192
 84e:	30 e0       	ldi	r19, 0x00	; 0
 850:	30 93 85 01 	sts	0x0185, r19	; 0x800185 <Serial+0x11>
 854:	20 93 84 01 	sts	0x0184, r18	; 0x800184 <Serial+0x10>
 858:	21 ec       	ldi	r18, 0xC1	; 193
 85a:	30 e0       	ldi	r19, 0x00	; 0
 85c:	30 93 87 01 	sts	0x0187, r19	; 0x800187 <Serial+0x13>
 860:	20 93 86 01 	sts	0x0186, r18	; 0x800186 <Serial+0x12>
 864:	22 ec       	ldi	r18, 0xC2	; 194
 866:	30 e0       	ldi	r19, 0x00	; 0
 868:	30 93 89 01 	sts	0x0189, r19	; 0x800189 <Serial+0x15>
 86c:	20 93 88 01 	sts	0x0188, r18	; 0x800188 <Serial+0x14>
 870:	26 ec       	ldi	r18, 0xC6	; 198
 872:	30 e0       	ldi	r19, 0x00	; 0
 874:	30 93 8b 01 	sts	0x018B, r19	; 0x80018b <Serial+0x17>
 878:	20 93 8a 01 	sts	0x018A, r18	; 0x80018a <Serial+0x16>
 87c:	10 92 8d 01 	sts	0x018D, r1	; 0x80018d <Serial+0x19>
 880:	10 92 8e 01 	sts	0x018E, r1	; 0x80018e <Serial+0x1a>
 884:	10 92 8f 01 	sts	0x018F, r1	; 0x80018f <Serial+0x1b>
 888:	10 92 90 01 	sts	0x0190, r1	; 0x800190 <Serial+0x1c>
 88c:	10 92 14 02 	sts	0x0214, r1	; 0x800214 <softSerial+0x3>
 890:	10 92 13 02 	sts	0x0213, r1	; 0x800213 <softSerial+0x2>
 894:	80 93 15 02 	sts	0x0215, r24	; 0x800215 <softSerial+0x4>
 898:	90 93 16 02 	sts	0x0216, r25	; 0x800216 <softSerial+0x5>
 89c:	a0 93 17 02 	sts	0x0217, r26	; 0x800217 <softSerial+0x6>
 8a0:	b0 93 18 02 	sts	0x0218, r27	; 0x800218 <softSerial+0x7>
 8a4:	86 e1       	ldi	r24, 0x16	; 22
 8a6:	91 e0       	ldi	r25, 0x01	; 1
 8a8:	90 93 12 02 	sts	0x0212, r25	; 0x800212 <softSerial+0x1>
 8ac:	80 93 11 02 	sts	0x0211, r24	; 0x800211 <softSerial>
 8b0:	10 92 28 02 	sts	0x0228, r1	; 0x800228 <softSerial+0x17>
 8b4:	10 92 27 02 	sts	0x0227, r1	; 0x800227 <softSerial+0x16>
 8b8:	10 92 2a 02 	sts	0x022A, r1	; 0x80022a <softSerial+0x19>
 8bc:	10 92 29 02 	sts	0x0229, r1	; 0x800229 <softSerial+0x18>
 8c0:	10 92 2c 02 	sts	0x022C, r1	; 0x80022c <softSerial+0x1b>
 8c4:	10 92 2b 02 	sts	0x022B, r1	; 0x80022b <softSerial+0x1a>
 8c8:	10 92 2e 02 	sts	0x022E, r1	; 0x80022e <softSerial+0x1d>
 8cc:	10 92 2d 02 	sts	0x022D, r1	; 0x80022d <softSerial+0x1c>
 8d0:	60 91 2f 02 	lds	r22, 0x022F	; 0x80022f <softSerial+0x1e>
 8d4:	6e 7f       	andi	r22, 0xFE	; 254
 8d6:	6d 7f       	andi	r22, 0xFD	; 253
 8d8:	60 93 2f 02 	sts	0x022F, r22	; 0x80022f <softSerial+0x1e>
 8dc:	66 95       	lsr	r22
 8de:	61 70       	andi	r22, 0x01	; 1
 8e0:	81 e0       	ldi	r24, 0x01	; 1
 8e2:	68 27       	eor	r22, r24
 8e4:	89 e0       	ldi	r24, 0x09	; 9
 8e6:	0e 94 b8 03 	call	0x770	; 0x770 <digitalWrite>
 8ea:	61 e0       	ldi	r22, 0x01	; 1
 8ec:	89 e0       	ldi	r24, 0x09	; 9
 8ee:	0e 94 8d 00 	call	0x11a	; 0x11a <pinMode>
 8f2:	e7 eb       	ldi	r30, 0xB7	; 183
 8f4:	f0 e0       	ldi	r31, 0x00	; 0
 8f6:	e4 91       	lpm	r30, Z
 8f8:	e0 93 21 02 	sts	0x0221, r30	; 0x800221 <softSerial+0x10>
 8fc:	e3 ea       	ldi	r30, 0xA3	; 163
 8fe:	f0 e0       	ldi	r31, 0x00	; 0
 900:	e4 91       	lpm	r30, Z
 902:	f0 e0       	ldi	r31, 0x00	; 0
 904:	ee 0f       	add	r30, r30
 906:	ff 1f       	adc	r31, r31
 908:	e0 57       	subi	r30, 0x70	; 112
 90a:	ff 4f       	sbci	r31, 0xFF	; 255
 90c:	85 91       	lpm	r24, Z+
 90e:	94 91       	lpm	r25, Z
 910:	90 93 23 02 	sts	0x0223, r25	; 0x800223 <softSerial+0x12>
 914:	80 93 22 02 	sts	0x0222, r24	; 0x800222 <softSerial+0x11>
 918:	60 e0       	ldi	r22, 0x00	; 0
 91a:	88 e0       	ldi	r24, 0x08	; 8
 91c:	0e 94 8d 00 	call	0x11a	; 0x11a <pinMode>
 920:	80 91 2f 02 	lds	r24, 0x022F	; 0x80022f <softSerial+0x1e>
 924:	81 fd       	sbrc	r24, 1
 926:	04 c0       	rjmp	.+8      	; 0x930 <__stack+0x31>
 928:	61 e0       	ldi	r22, 0x01	; 1
 92a:	88 e0       	ldi	r24, 0x08	; 8
 92c:	0e 94 b8 03 	call	0x770	; 0x770 <digitalWrite>
 930:	88 e0       	ldi	r24, 0x08	; 8
 932:	80 93 1d 02 	sts	0x021D, r24	; 0x80021d <softSerial+0xc>
 936:	e6 eb       	ldi	r30, 0xB6	; 182
 938:	f0 e0       	ldi	r31, 0x00	; 0
 93a:	e4 91       	lpm	r30, Z
 93c:	e0 93 1e 02 	sts	0x021E, r30	; 0x80021e <softSerial+0xd>
 940:	e2 ea       	ldi	r30, 0xA2	; 162
 942:	f0 e0       	ldi	r31, 0x00	; 0
 944:	e4 91       	lpm	r30, Z
 946:	f0 e0       	ldi	r31, 0x00	; 0
 948:	ee 0f       	add	r30, r30
 94a:	ff 1f       	adc	r31, r31
 94c:	ea 57       	subi	r30, 0x7A	; 122
 94e:	ff 4f       	sbci	r31, 0xFF	; 255
 950:	85 91       	lpm	r24, Z+
 952:	94 91       	lpm	r25, Z
 954:	90 93 20 02 	sts	0x0220, r25	; 0x800220 <softSerial+0xf>
 958:	80 93 1f 02 	sts	0x021F, r24	; 0x80021f <softSerial+0xe>
 95c:	08 95       	ret

0000095e <main>:
 95e:	78 94       	sei
 960:	84 b5       	in	r24, 0x24	; 36
 962:	82 60       	ori	r24, 0x02	; 2
 964:	84 bd       	out	0x24, r24	; 36
 966:	84 b5       	in	r24, 0x24	; 36
 968:	81 60       	ori	r24, 0x01	; 1
 96a:	84 bd       	out	0x24, r24	; 36
 96c:	85 b5       	in	r24, 0x25	; 37
 96e:	82 60       	ori	r24, 0x02	; 2
 970:	85 bd       	out	0x25, r24	; 37
 972:	85 b5       	in	r24, 0x25	; 37
 974:	81 60       	ori	r24, 0x01	; 1
 976:	85 bd       	out	0x25, r24	; 37
 978:	80 91 6e 00 	lds	r24, 0x006E	; 0x80006e <__DATA_REGION_ORIGIN__+0xe>
 97c:	81 60       	ori	r24, 0x01	; 1
 97e:	80 93 6e 00 	sts	0x006E, r24	; 0x80006e <__DATA_REGION_ORIGIN__+0xe>
 982:	10 92 81 00 	sts	0x0081, r1	; 0x800081 <__DATA_REGION_ORIGIN__+0x21>
 986:	80 91 81 00 	lds	r24, 0x0081	; 0x800081 <__DATA_REGION_ORIGIN__+0x21>
 98a:	82 60       	ori	r24, 0x02	; 2
 98c:	80 93 81 00 	sts	0x0081, r24	; 0x800081 <__DATA_REGION_ORIGIN__+0x21>
 990:	80 91 81 00 	lds	r24, 0x0081	; 0x800081 <__DATA_REGION_ORIGIN__+0x21>
 994:	81 60       	ori	r24, 0x01	; 1
 996:	80 93 81 00 	sts	0x0081, r24	; 0x800081 <__DATA_REGION_ORIGIN__+0x21>
 99a:	80 91 80 00 	lds	r24, 0x0080	; 0x800080 <__DATA_REGION_ORIGIN__+0x20>
 99e:	81 60       	ori	r24, 0x01	; 1
 9a0:	80 93 80 00 	sts	0x0080, r24	; 0x800080 <__DATA_REGION_ORIGIN__+0x20>
 9a4:	80 91 b1 00 	lds	r24, 0x00B1	; 0x8000b1 <__DATA_REGION_ORIGIN__+0x51>
 9a8:	84 60       	ori	r24, 0x04	; 4
 9aa:	80 93 b1 00 	sts	0x00B1, r24	; 0x8000b1 <__DATA_REGION_ORIGIN__+0x51>
 9ae:	80 91 b0 00 	lds	r24, 0x00B0	; 0x8000b0 <__DATA_REGION_ORIGIN__+0x50>
 9b2:	81 60       	ori	r24, 0x01	; 1
 9b4:	80 93 b0 00 	sts	0x00B0, r24	; 0x8000b0 <__DATA_REGION_ORIGIN__+0x50>
 9b8:	80 91 7a 00 	lds	r24, 0x007A	; 0x80007a <__DATA_REGION_ORIGIN__+0x1a>
 9bc:	84 60       	ori	r24, 0x04	; 4
 9be:	80 93 7a 00 	sts	0x007A, r24	; 0x80007a <__DATA_REGION_ORIGIN__+0x1a>
 9c2:	80 91 7a 00 	lds	r24, 0x007A	; 0x80007a <__DATA_REGION_ORIGIN__+0x1a>
 9c6:	82 60       	ori	r24, 0x02	; 2
 9c8:	80 93 7a 00 	sts	0x007A, r24	; 0x80007a <__DATA_REGION_ORIGIN__+0x1a>
 9cc:	80 91 7a 00 	lds	r24, 0x007A	; 0x80007a <__DATA_REGION_ORIGIN__+0x1a>
 9d0:	81 60       	ori	r24, 0x01	; 1
 9d2:	80 93 7a 00 	sts	0x007A, r24	; 0x80007a <__DATA_REGION_ORIGIN__+0x1a>
 9d6:	80 91 7a 00 	lds	r24, 0x007A	; 0x80007a <__DATA_REGION_ORIGIN__+0x1a>
 9da:	80 68       	ori	r24, 0x80	; 128
 9dc:	80 93 7a 00 	sts	0x007A, r24	; 0x80007a <__DATA_REGION_ORIGIN__+0x1a>
 9e0:	10 92 c1 00 	sts	0x00C1, r1	; 0x8000c1 <__DATA_REGION_ORIGIN__+0x61>
 9e4:	e0 e0       	ldi	r30, 0x00	; 0
 9e6:	f3 e0       	ldi	r31, 0x03	; 3
 9e8:	11 92       	st	Z+, r1
 9ea:	e0 31       	cpi	r30, 0x10	; 16
 9ec:	83 e0       	ldi	r24, 0x03	; 3
 9ee:	f8 07       	cpc	r31, r24
 9f0:	d9 f7       	brne	.-10     	; 0x9e8 <main+0x8a>
 9f2:	62 e0       	ldi	r22, 0x02	; 2
 9f4:	88 e0       	ldi	r24, 0x08	; 8
 9f6:	0e 94 8d 00 	call	0x11a	; 0x11a <pinMode>
 9fa:	61 e0       	ldi	r22, 0x01	; 1
 9fc:	89 e0       	ldi	r24, 0x09	; 9
 9fe:	0e 94 8d 00 	call	0x11a	; 0x11a <pinMode>
 a02:	e0 91 84 01 	lds	r30, 0x0184	; 0x800184 <Serial+0x10>
 a06:	f0 91 85 01 	lds	r31, 0x0185	; 0x800185 <Serial+0x11>
 a0a:	82 e0       	ldi	r24, 0x02	; 2
 a0c:	80 83       	st	Z, r24
 a0e:	e0 91 80 01 	lds	r30, 0x0180	; 0x800180 <Serial+0xc>
 a12:	f0 91 81 01 	lds	r31, 0x0181	; 0x800181 <Serial+0xd>
 a16:	10 82       	st	Z, r1
 a18:	e0 91 82 01 	lds	r30, 0x0182	; 0x800182 <Serial+0xe>
 a1c:	f0 91 83 01 	lds	r31, 0x0183	; 0x800183 <Serial+0xf>
 a20:	8f ec       	ldi	r24, 0xCF	; 207
 a22:	80 83       	st	Z, r24
 a24:	10 92 8c 01 	sts	0x018C, r1	; 0x80018c <Serial+0x18>
 a28:	e0 91 88 01 	lds	r30, 0x0188	; 0x800188 <Serial+0x14>
 a2c:	f0 91 89 01 	lds	r31, 0x0189	; 0x800189 <Serial+0x15>
 a30:	86 e0       	ldi	r24, 0x06	; 6
 a32:	80 83       	st	Z, r24
 a34:	e0 91 86 01 	lds	r30, 0x0186	; 0x800186 <Serial+0x12>
 a38:	f0 91 87 01 	lds	r31, 0x0187	; 0x800187 <Serial+0x13>
 a3c:	80 81       	ld	r24, Z
 a3e:	80 61       	ori	r24, 0x10	; 16
 a40:	80 83       	st	Z, r24
 a42:	e0 91 86 01 	lds	r30, 0x0186	; 0x800186 <Serial+0x12>
 a46:	f0 91 87 01 	lds	r31, 0x0187	; 0x800187 <Serial+0x13>
 a4a:	80 81       	ld	r24, Z
 a4c:	88 60       	ori	r24, 0x08	; 8
 a4e:	80 83       	st	Z, r24
 a50:	e0 91 86 01 	lds	r30, 0x0186	; 0x800186 <Serial+0x12>
 a54:	f0 91 87 01 	lds	r31, 0x0187	; 0x800187 <Serial+0x13>
 a58:	80 81       	ld	r24, Z
 a5a:	80 68       	ori	r24, 0x80	; 128
 a5c:	80 83       	st	Z, r24
 a5e:	e0 91 86 01 	lds	r30, 0x0186	; 0x800186 <Serial+0x12>
 a62:	f0 91 87 01 	lds	r31, 0x0187	; 0x800187 <Serial+0x13>
 a66:	80 81       	ld	r24, Z
 a68:	8f 7d       	andi	r24, 0xDF	; 223
 a6a:	80 83       	st	Z, r24
 a6c:	10 92 2c 02 	sts	0x022C, r1	; 0x80022c <softSerial+0x1b>
 a70:	10 92 2b 02 	sts	0x022B, r1	; 0x80022b <softSerial+0x1a>
 a74:	10 92 2a 02 	sts	0x022A, r1	; 0x80022a <softSerial+0x19>
 a78:	10 92 29 02 	sts	0x0229, r1	; 0x800229 <softSerial+0x18>
 a7c:	10 92 28 02 	sts	0x0228, r1	; 0x800228 <softSerial+0x17>
 a80:	10 92 27 02 	sts	0x0227, r1	; 0x800227 <softSerial+0x16>
 a84:	8d e9       	ldi	r24, 0x9D	; 157
 a86:	91 e0       	ldi	r25, 0x01	; 1
 a88:	90 93 2e 02 	sts	0x022E, r25	; 0x80022e <softSerial+0x1d>
 a8c:	80 93 2d 02 	sts	0x022D, r24	; 0x80022d <softSerial+0x1c>
 a90:	90 91 1d 02 	lds	r25, 0x021D	; 0x80021d <softSerial+0xc>
 a94:	96 31       	cpi	r25, 0x16	; 22
 a96:	08 f0       	brcs	.+2      	; 0xa9a <main+0x13c>
 a98:	47 c0       	rjmp	.+142    	; 0xb28 <main+0x1ca>
 a9a:	2d eb       	ldi	r18, 0xBD	; 189
 a9c:	30 e0       	ldi	r19, 0x00	; 0
 a9e:	30 93 28 02 	sts	0x0228, r19	; 0x800228 <softSerial+0x17>
 aa2:	20 93 27 02 	sts	0x0227, r18	; 0x800227 <softSerial+0x16>
 aa6:	2b e9       	ldi	r18, 0x9B	; 155
 aa8:	31 e0       	ldi	r19, 0x01	; 1
 aaa:	30 93 2a 02 	sts	0x022A, r19	; 0x80022a <softSerial+0x19>
 aae:	20 93 29 02 	sts	0x0229, r18	; 0x800229 <softSerial+0x18>
 ab2:	2c e2       	ldi	r18, 0x2C	; 44
 ab4:	31 e0       	ldi	r19, 0x01	; 1
 ab6:	30 93 2c 02 	sts	0x022C, r19	; 0x80022c <softSerial+0x1b>
 aba:	20 93 2b 02 	sts	0x022B, r18	; 0x80022b <softSerial+0x1a>
 abe:	20 91 68 00 	lds	r18, 0x0068	; 0x800068 <__DATA_REGION_ORIGIN__+0x8>
 ac2:	84 e0       	ldi	r24, 0x04	; 4
 ac4:	98 30       	cpi	r25, 0x08	; 8
 ac6:	48 f0       	brcs	.+18     	; 0xada <main+0x17c>
 ac8:	31 e0       	ldi	r19, 0x01	; 1
 aca:	9e 30       	cpi	r25, 0x0E	; 14
 acc:	08 f4       	brcc	.+2      	; 0xad0 <main+0x172>
 ace:	30 e0       	ldi	r19, 0x00	; 0
 ad0:	81 e0       	ldi	r24, 0x01	; 1
 ad2:	01 c0       	rjmp	.+2      	; 0xad6 <main+0x178>
 ad4:	88 0f       	add	r24, r24
 ad6:	3a 95       	dec	r19
 ad8:	ea f7       	brpl	.-6      	; 0xad4 <main+0x176>
 ada:	82 2b       	or	r24, r18
 adc:	80 93 68 00 	sts	0x0068, r24	; 0x800068 <__DATA_REGION_ORIGIN__+0x8>
 ae0:	2d e6       	ldi	r18, 0x6D	; 109
 ae2:	30 e0       	ldi	r19, 0x00	; 0
 ae4:	98 30       	cpi	r25, 0x08	; 8
 ae6:	50 f0       	brcs	.+20     	; 0xafc <main+0x19e>
 ae8:	2b e6       	ldi	r18, 0x6B	; 107
 aea:	30 e0       	ldi	r19, 0x00	; 0
 aec:	9e 30       	cpi	r25, 0x0E	; 14
 aee:	30 f0       	brcs	.+12     	; 0xafc <main+0x19e>
 af0:	2c e6       	ldi	r18, 0x6C	; 108
 af2:	30 e0       	ldi	r19, 0x00	; 0
 af4:	96 31       	cpi	r25, 0x16	; 22
 af6:	10 f0       	brcs	.+4      	; 0xafc <main+0x19e>
 af8:	30 e0       	ldi	r19, 0x00	; 0
 afa:	20 e0       	ldi	r18, 0x00	; 0
 afc:	30 93 25 02 	sts	0x0225, r19	; 0x800225 <softSerial+0x14>
 b00:	20 93 24 02 	sts	0x0224, r18	; 0x800224 <softSerial+0x13>
 b04:	29 2f       	mov	r18, r25
 b06:	30 e0       	ldi	r19, 0x00	; 0
 b08:	98 30       	cpi	r25, 0x08	; 8
 b0a:	08 f0       	brcs	.+2      	; 0xb0e <main+0x1b0>
 b0c:	72 c0       	rjmp	.+228    	; 0xbf2 <main+0x294>
 b0e:	81 e0       	ldi	r24, 0x01	; 1
 b10:	01 c0       	rjmp	.+2      	; 0xb14 <main+0x1b6>
 b12:	88 0f       	add	r24, r24
 b14:	9a 95       	dec	r25
 b16:	ea f7       	brpl	.-6      	; 0xb12 <main+0x1b4>
 b18:	80 93 26 02 	sts	0x0226, r24	; 0x800226 <softSerial+0x15>
 b1c:	80 91 2d 02 	lds	r24, 0x022D	; 0x80022d <softSerial+0x1c>
 b20:	90 91 2e 02 	lds	r25, 0x022E	; 0x80022e <softSerial+0x1d>
 b24:	01 97       	sbiw	r24, 0x01	; 1
 b26:	f1 f7       	brne	.-4      	; 0xb24 <main+0x1c6>
 b28:	80 91 2b 02 	lds	r24, 0x022B	; 0x80022b <softSerial+0x1a>
 b2c:	90 91 2c 02 	lds	r25, 0x022C	; 0x80022c <softSerial+0x1b>
 b30:	89 2b       	or	r24, r25
 b32:	49 f1       	breq	.+82     	; 0xb86 <main+0x228>
 b34:	e0 91 66 01 	lds	r30, 0x0166	; 0x800166 <_ZN14SoftwareSerial13active_objectE>
 b38:	f0 91 67 01 	lds	r31, 0x0167	; 0x800167 <_ZN14SoftwareSerial13active_objectE+0x1>
 b3c:	92 e0       	ldi	r25, 0x02	; 2
 b3e:	e1 31       	cpi	r30, 0x11	; 17
 b40:	f9 07       	cpc	r31, r25
 b42:	09 f1       	breq	.+66     	; 0xb86 <main+0x228>
 b44:	30 97       	sbiw	r30, 0x00	; 0
 b46:	39 f0       	breq	.+14     	; 0xb56 <main+0x1f8>
 b48:	a3 89       	ldd	r26, Z+19	; 0x13
 b4a:	b4 89       	ldd	r27, Z+20	; 0x14
 b4c:	9c 91       	ld	r25, X
 b4e:	85 89       	ldd	r24, Z+21	; 0x15
 b50:	80 95       	com	r24
 b52:	89 23       	and	r24, r25
 b54:	8c 93       	st	X, r24
 b56:	80 91 2f 02 	lds	r24, 0x022F	; 0x80022f <softSerial+0x1e>
 b5a:	8e 7f       	andi	r24, 0xFE	; 254
 b5c:	80 93 2f 02 	sts	0x022F, r24	; 0x80022f <softSerial+0x1e>
 b60:	10 92 65 01 	sts	0x0165, r1	; 0x800165 <_ZN14SoftwareSerial20_receive_buffer_tailE>
 b64:	10 92 64 01 	sts	0x0164, r1	; 0x800164 <_ZN14SoftwareSerial20_receive_buffer_headE>
 b68:	81 e1       	ldi	r24, 0x11	; 17
 b6a:	92 e0       	ldi	r25, 0x02	; 2
 b6c:	90 93 67 01 	sts	0x0167, r25	; 0x800167 <_ZN14SoftwareSerial13active_objectE+0x1>
 b70:	80 93 66 01 	sts	0x0166, r24	; 0x800166 <_ZN14SoftwareSerial13active_objectE>
 b74:	e0 91 24 02 	lds	r30, 0x0224	; 0x800224 <softSerial+0x13>
 b78:	f0 91 25 02 	lds	r31, 0x0225	; 0x800225 <softSerial+0x14>
 b7c:	80 81       	ld	r24, Z
 b7e:	90 91 26 02 	lds	r25, 0x0226	; 0x800226 <softSerial+0x15>
 b82:	89 2b       	or	r24, r25
 b84:	80 83       	st	Z, r24
 b86:	0e 94 85 02 	call	0x50a	; 0x50a <_ZL13publishResultv>
 b8a:	00 e0       	ldi	r16, 0x00	; 0
 b8c:	10 e0       	ldi	r17, 0x00	; 0
 b8e:	81 e1       	ldi	r24, 0x11	; 17
 b90:	92 e0       	ldi	r25, 0x02	; 2
 b92:	0e 94 4b 02 	call	0x496	; 0x496 <_ZN14SoftwareSerial9availableEv>
 b96:	18 16       	cp	r1, r24
 b98:	19 06       	cpc	r1, r25
 b9a:	fc f4       	brge	.+62     	; 0xbda <main+0x27c>
 b9c:	81 e1       	ldi	r24, 0x11	; 17
 b9e:	92 e0       	ldi	r25, 0x02	; 2
 ba0:	0e 94 61 02 	call	0x4c2	; 0x4c2 <_ZN14SoftwareSerial4readEv>
 ba4:	ec 01       	movw	r28, r24
 ba6:	97 fd       	sbrc	r25, 7
 ba8:	18 c0       	rjmp	.+48     	; 0xbda <main+0x27c>
 baa:	80 91 6a 01 	lds	r24, 0x016A	; 0x80016a <rxCount>
 bae:	8f 5f       	subi	r24, 0xFF	; 255
 bb0:	80 93 6a 01 	sts	0x016A, r24	; 0x80016a <rxCount>
 bb4:	80 91 69 01 	lds	r24, 0x0169	; 0x800169 <rxXor>
 bb8:	8c 27       	eor	r24, r28
 bba:	80 93 69 01 	sts	0x0169, r24	; 0x800169 <rxXor>
 bbe:	c0 93 68 01 	sts	0x0168, r28	; 0x800168 <lastRx>
 bc2:	6c 2f       	mov	r22, r28
 bc4:	81 e1       	ldi	r24, 0x11	; 17
 bc6:	92 e0       	ldi	r25, 0x02	; 2
 bc8:	0e 94 ef 01 	call	0x3de	; 0x3de <_ZN14SoftwareSerial5writeEh>
 bcc:	6c 2f       	mov	r22, r28
 bce:	84 e7       	ldi	r24, 0x74	; 116
 bd0:	91 e0       	ldi	r25, 0x01	; 1
 bd2:	0e 94 69 01 	call	0x2d2	; 0x2d2 <_ZN14HardwareSerial5writeEh>
 bd6:	0e 94 85 02 	call	0x50a	; 0x50a <_ZL13publishResultv>
 bda:	0e 94 85 02 	call	0x50a	; 0x50a <_ZL13publishResultv>
 bde:	01 15       	cp	r16, r1
 be0:	11 05       	cpc	r17, r1
 be2:	a9 f2       	breq	.-86     	; 0xb8e <main+0x230>
 be4:	0e 94 33 01 	call	0x266	; 0x266 <_Z17Serial0_availablev>
 be8:	88 23       	and	r24, r24
 bea:	89 f2       	breq	.-94     	; 0xb8e <main+0x230>
 bec:	0e 94 00 00 	call	0	; 0x0 <__vectors>
 bf0:	ce cf       	rjmp	.-100    	; 0xb8e <main+0x230>
 bf2:	9e 30       	cpi	r25, 0x0E	; 14
 bf4:	40 f4       	brcc	.+16     	; 0xc06 <main+0x2a8>
 bf6:	28 50       	subi	r18, 0x08	; 8
 bf8:	31 09       	sbc	r19, r1
 bfa:	81 e0       	ldi	r24, 0x01	; 1
 bfc:	01 c0       	rjmp	.+2      	; 0xc00 <main+0x2a2>
 bfe:	88 0f       	add	r24, r24
 c00:	2a 95       	dec	r18
 c02:	ea f7       	brpl	.-6      	; 0xbfe <main+0x2a0>
 c04:	89 cf       	rjmp	.-238    	; 0xb18 <main+0x1ba>
 c06:	2e 50       	subi	r18, 0x0E	; 14
 c08:	31 09       	sbc	r19, r1
 c0a:	f7 cf       	rjmp	.-18     	; 0xbfa <main+0x29c>

00000c0c <_GLOBAL__sub_D_softSerial>:
 c0c:	86 e1       	ldi	r24, 0x16	; 22
 c0e:	91 e0       	ldi	r25, 0x01	; 1
 c10:	90 93 12 02 	sts	0x0212, r25	; 0x800212 <softSerial+0x1>
 c14:	80 93 11 02 	sts	0x0211, r24	; 0x800211 <softSerial>
 c18:	80 91 66 01 	lds	r24, 0x0166	; 0x800166 <_ZN14SoftwareSerial13active_objectE>
 c1c:	90 91 67 01 	lds	r25, 0x0167	; 0x800167 <_ZN14SoftwareSerial13active_objectE+0x1>
 c20:	81 51       	subi	r24, 0x11	; 17
 c22:	92 40       	sbci	r25, 0x02	; 2
 c24:	71 f4       	brne	.+28     	; 0xc42 <_GLOBAL__sub_D_softSerial+0x36>
 c26:	e0 91 24 02 	lds	r30, 0x0224	; 0x800224 <softSerial+0x13>
 c2a:	f0 91 25 02 	lds	r31, 0x0225	; 0x800225 <softSerial+0x14>
 c2e:	90 81       	ld	r25, Z
 c30:	80 91 26 02 	lds	r24, 0x0226	; 0x800226 <softSerial+0x15>
 c34:	80 95       	com	r24
 c36:	89 23       	and	r24, r25
 c38:	80 83       	st	Z, r24
 c3a:	10 92 67 01 	sts	0x0167, r1	; 0x800167 <_ZN14SoftwareSerial13active_objectE+0x1>
 c3e:	10 92 66 01 	sts	0x0166, r1	; 0x800166 <_ZN14SoftwareSerial13active_objectE>
 c42:	08 95       	ret

00000c44 <__tablejump2__>:
 c44:	ee 0f       	add	r30, r30
 c46:	ff 1f       	adc	r31, r31
 c48:	05 90       	lpm	r0, Z+
 c4a:	f4 91       	lpm	r31, Z
 c4c:	e0 2d       	mov	r30, r0
 c4e:	09 94       	ijmp

00000c50 <__do_global_dtors>:
 c50:	10 e0       	ldi	r17, 0x00	; 0
 c52:	c2 e6       	ldi	r28, 0x62	; 98
 c54:	d0 e0       	ldi	r29, 0x00	; 0
 c56:	04 c0       	rjmp	.+8      	; 0xc60 <__do_global_dtors+0x10>
 c58:	fe 01       	movw	r30, r28
 c5a:	0e 94 22 06 	call	0xc44	; 0xc44 <__tablejump2__>
 c5e:	21 96       	adiw	r28, 0x01	; 1
 c60:	c3 36       	cpi	r28, 0x63	; 99
 c62:	d1 07       	cpc	r29, r17
 c64:	c9 f7       	brne	.-14     	; 0xc58 <__do_global_dtors+0x8>
 c66:	f8 94       	cli

00000c68 <__stop_program>:
 c68:	ff cf       	rjmp	.-2      	; 0xc68 <__stop_program>
