
examples\arduino-bitbang-crc\build\arduino-bitbang-crc.ino.elf:     file format elf32-avr


Disassembly of section .text:

00000000 <__vectors>:
   0:	0c 94 3c 00 	jmp	0x78	; 0x78 <__ctors_end>
   4:	0c 94 59 00 	jmp	0xb2	; 0xb2 <__bad_interrupt>
   8:	0c 94 59 00 	jmp	0xb2	; 0xb2 <__bad_interrupt>
   c:	0c 94 59 00 	jmp	0xb2	; 0xb2 <__bad_interrupt>
  10:	0c 94 59 00 	jmp	0xb2	; 0xb2 <__bad_interrupt>
  14:	0c 94 59 00 	jmp	0xb2	; 0xb2 <__bad_interrupt>
  18:	0c 94 59 00 	jmp	0xb2	; 0xb2 <__bad_interrupt>
  1c:	0c 94 59 00 	jmp	0xb2	; 0xb2 <__bad_interrupt>
  20:	0c 94 59 00 	jmp	0xb2	; 0xb2 <__bad_interrupt>
  24:	0c 94 59 00 	jmp	0xb2	; 0xb2 <__bad_interrupt>
  28:	0c 94 59 00 	jmp	0xb2	; 0xb2 <__bad_interrupt>
  2c:	0c 94 59 00 	jmp	0xb2	; 0xb2 <__bad_interrupt>
  30:	0c 94 59 00 	jmp	0xb2	; 0xb2 <__bad_interrupt>
  34:	0c 94 59 00 	jmp	0xb2	; 0xb2 <__bad_interrupt>
  38:	0c 94 59 00 	jmp	0xb2	; 0xb2 <__bad_interrupt>
  3c:	0c 94 59 00 	jmp	0xb2	; 0xb2 <__bad_interrupt>
  40:	0c 94 5b 00 	jmp	0xb6	; 0xb6 <__vector_16>
  44:	0c 94 59 00 	jmp	0xb2	; 0xb2 <__bad_interrupt>
  48:	0c 94 59 00 	jmp	0xb2	; 0xb2 <__bad_interrupt>
  4c:	0c 94 59 00 	jmp	0xb2	; 0xb2 <__bad_interrupt>
  50:	0c 94 59 00 	jmp	0xb2	; 0xb2 <__bad_interrupt>
  54:	0c 94 59 00 	jmp	0xb2	; 0xb2 <__bad_interrupt>
  58:	0c 94 59 00 	jmp	0xb2	; 0xb2 <__bad_interrupt>
  5c:	0c 94 59 00 	jmp	0xb2	; 0xb2 <__bad_interrupt>
  60:	0c 94 59 00 	jmp	0xb2	; 0xb2 <__bad_interrupt>
  64:	0c 94 59 00 	jmp	0xb2	; 0xb2 <__bad_interrupt>

00000068 <_ZL7payload>:
  68:	31 42 53 64 75 86 97 a8 b9 ca db ec fd 0e 1f 20     1BSdu..........

00000078 <__ctors_end>:
  78:	11 24       	eor	r1, r1
  7a:	1f be       	out	0x3f, r1	; 63
  7c:	cf ef       	ldi	r28, 0xFF	; 255
  7e:	d8 e0       	ldi	r29, 0x08	; 8
  80:	de bf       	out	0x3e, r29	; 62
  82:	cd bf       	out	0x3d, r28	; 61

00000084 <__do_copy_data>:
  84:	11 e0       	ldi	r17, 0x01	; 1
  86:	a0 e0       	ldi	r26, 0x00	; 0
  88:	b1 e0       	ldi	r27, 0x01	; 1
  8a:	ec eb       	ldi	r30, 0xBC	; 188
  8c:	f2 e0       	ldi	r31, 0x02	; 2
  8e:	02 c0       	rjmp	.+4      	; 0x94 <__do_copy_data+0x10>
  90:	05 90       	lpm	r0, Z+
  92:	0d 92       	st	X+, r0
  94:	a4 30       	cpi	r26, 0x04	; 4
  96:	b1 07       	cpc	r27, r17
  98:	d9 f7       	brne	.-10     	; 0x90 <__do_copy_data+0xc>

0000009a <__do_clear_bss>:
  9a:	21 e0       	ldi	r18, 0x01	; 1
  9c:	a4 e0       	ldi	r26, 0x04	; 4
  9e:	b1 e0       	ldi	r27, 0x01	; 1
  a0:	01 c0       	rjmp	.+2      	; 0xa4 <.do_clear_bss_start>

000000a2 <.do_clear_bss_loop>:
  a2:	1d 92       	st	X+, r1

000000a4 <.do_clear_bss_start>:
  a4:	a2 31       	cpi	r26, 0x12	; 18
  a6:	b2 07       	cpc	r27, r18
  a8:	e1 f7       	brne	.-8      	; 0xa2 <.do_clear_bss_loop>
  aa:	0e 94 a5 00 	call	0x14a	; 0x14a <main>
  ae:	0c 94 5c 01 	jmp	0x2b8	; 0x2b8 <_exit>

000000b2 <__bad_interrupt>:
  b2:	0c 94 00 00 	jmp	0	; 0x0 <__vectors>

000000b6 <__vector_16>:
  b6:	1f 92       	push	r1
  b8:	0f 92       	push	r0
  ba:	0f b6       	in	r0, 0x3f	; 63
  bc:	0f 92       	push	r0
  be:	11 24       	eor	r1, r1
  c0:	2f 93       	push	r18
  c2:	3f 93       	push	r19
  c4:	8f 93       	push	r24
  c6:	9f 93       	push	r25
  c8:	af 93       	push	r26
  ca:	bf 93       	push	r27
  cc:	80 91 0e 01 	lds	r24, 0x010E	; 0x80010e <timer0_millis>
  d0:	90 91 0f 01 	lds	r25, 0x010F	; 0x80010f <timer0_millis+0x1>
  d4:	a0 91 10 01 	lds	r26, 0x0110	; 0x800110 <timer0_millis+0x2>
  d8:	b0 91 11 01 	lds	r27, 0x0111	; 0x800111 <timer0_millis+0x3>
  dc:	30 91 0d 01 	lds	r19, 0x010D	; 0x80010d <timer0_fract>
  e0:	23 e0       	ldi	r18, 0x03	; 3
  e2:	23 0f       	add	r18, r19
  e4:	2d 37       	cpi	r18, 0x7D	; 125
  e6:	58 f5       	brcc	.+86     	; 0x13e <__vector_16+0x88>
  e8:	01 96       	adiw	r24, 0x01	; 1
  ea:	a1 1d       	adc	r26, r1
  ec:	b1 1d       	adc	r27, r1
  ee:	20 93 0d 01 	sts	0x010D, r18	; 0x80010d <timer0_fract>
  f2:	80 93 0e 01 	sts	0x010E, r24	; 0x80010e <timer0_millis>
  f6:	90 93 0f 01 	sts	0x010F, r25	; 0x80010f <timer0_millis+0x1>
  fa:	a0 93 10 01 	sts	0x0110, r26	; 0x800110 <timer0_millis+0x2>
  fe:	b0 93 11 01 	sts	0x0111, r27	; 0x800111 <timer0_millis+0x3>
 102:	80 91 09 01 	lds	r24, 0x0109	; 0x800109 <timer0_overflow_count>
 106:	90 91 0a 01 	lds	r25, 0x010A	; 0x80010a <timer0_overflow_count+0x1>
 10a:	a0 91 0b 01 	lds	r26, 0x010B	; 0x80010b <timer0_overflow_count+0x2>
 10e:	b0 91 0c 01 	lds	r27, 0x010C	; 0x80010c <timer0_overflow_count+0x3>
 112:	01 96       	adiw	r24, 0x01	; 1
 114:	a1 1d       	adc	r26, r1
 116:	b1 1d       	adc	r27, r1
 118:	80 93 09 01 	sts	0x0109, r24	; 0x800109 <timer0_overflow_count>
 11c:	90 93 0a 01 	sts	0x010A, r25	; 0x80010a <timer0_overflow_count+0x1>
 120:	a0 93 0b 01 	sts	0x010B, r26	; 0x80010b <timer0_overflow_count+0x2>
 124:	b0 93 0c 01 	sts	0x010C, r27	; 0x80010c <timer0_overflow_count+0x3>
 128:	bf 91       	pop	r27
 12a:	af 91       	pop	r26
 12c:	9f 91       	pop	r25
 12e:	8f 91       	pop	r24
 130:	3f 91       	pop	r19
 132:	2f 91       	pop	r18
 134:	0f 90       	pop	r0
 136:	0f be       	out	0x3f, r0	; 63
 138:	0f 90       	pop	r0
 13a:	1f 90       	pop	r1
 13c:	18 95       	reti
 13e:	26 e8       	ldi	r18, 0x86	; 134
 140:	23 0f       	add	r18, r19
 142:	02 96       	adiw	r24, 0x02	; 2
 144:	a1 1d       	adc	r26, r1
 146:	b1 1d       	adc	r27, r1
 148:	d2 cf       	rjmp	.-92     	; 0xee <__vector_16+0x38>

0000014a <main>:
 14a:	78 94       	sei
 14c:	84 b5       	in	r24, 0x24	; 36
 14e:	82 60       	ori	r24, 0x02	; 2
 150:	84 bd       	out	0x24, r24	; 36
 152:	84 b5       	in	r24, 0x24	; 36
 154:	81 60       	ori	r24, 0x01	; 1
 156:	84 bd       	out	0x24, r24	; 36
 158:	85 b5       	in	r24, 0x25	; 37
 15a:	82 60       	ori	r24, 0x02	; 2
 15c:	85 bd       	out	0x25, r24	; 37
 15e:	85 b5       	in	r24, 0x25	; 37
 160:	81 60       	ori	r24, 0x01	; 1
 162:	85 bd       	out	0x25, r24	; 37
 164:	80 91 6e 00 	lds	r24, 0x006E	; 0x80006e <__DATA_REGION_ORIGIN__+0xe>
 168:	81 60       	ori	r24, 0x01	; 1
 16a:	80 93 6e 00 	sts	0x006E, r24	; 0x80006e <__DATA_REGION_ORIGIN__+0xe>
 16e:	10 92 81 00 	sts	0x0081, r1	; 0x800081 <__DATA_REGION_ORIGIN__+0x21>
 172:	80 91 81 00 	lds	r24, 0x0081	; 0x800081 <__DATA_REGION_ORIGIN__+0x21>
 176:	82 60       	ori	r24, 0x02	; 2
 178:	80 93 81 00 	sts	0x0081, r24	; 0x800081 <__DATA_REGION_ORIGIN__+0x21>
 17c:	80 91 81 00 	lds	r24, 0x0081	; 0x800081 <__DATA_REGION_ORIGIN__+0x21>
 180:	81 60       	ori	r24, 0x01	; 1
 182:	80 93 81 00 	sts	0x0081, r24	; 0x800081 <__DATA_REGION_ORIGIN__+0x21>
 186:	80 91 80 00 	lds	r24, 0x0080	; 0x800080 <__DATA_REGION_ORIGIN__+0x20>
 18a:	81 60       	ori	r24, 0x01	; 1
 18c:	80 93 80 00 	sts	0x0080, r24	; 0x800080 <__DATA_REGION_ORIGIN__+0x20>
 190:	80 91 b1 00 	lds	r24, 0x00B1	; 0x8000b1 <__DATA_REGION_ORIGIN__+0x51>
 194:	84 60       	ori	r24, 0x04	; 4
 196:	80 93 b1 00 	sts	0x00B1, r24	; 0x8000b1 <__DATA_REGION_ORIGIN__+0x51>
 19a:	80 91 b0 00 	lds	r24, 0x00B0	; 0x8000b0 <__DATA_REGION_ORIGIN__+0x50>
 19e:	81 60       	ori	r24, 0x01	; 1
 1a0:	80 93 b0 00 	sts	0x00B0, r24	; 0x8000b0 <__DATA_REGION_ORIGIN__+0x50>
 1a4:	80 91 7a 00 	lds	r24, 0x007A	; 0x80007a <__DATA_REGION_ORIGIN__+0x1a>
 1a8:	84 60       	ori	r24, 0x04	; 4
 1aa:	80 93 7a 00 	sts	0x007A, r24	; 0x80007a <__DATA_REGION_ORIGIN__+0x1a>
 1ae:	80 91 7a 00 	lds	r24, 0x007A	; 0x80007a <__DATA_REGION_ORIGIN__+0x1a>
 1b2:	82 60       	ori	r24, 0x02	; 2
 1b4:	80 93 7a 00 	sts	0x007A, r24	; 0x80007a <__DATA_REGION_ORIGIN__+0x1a>
 1b8:	80 91 7a 00 	lds	r24, 0x007A	; 0x80007a <__DATA_REGION_ORIGIN__+0x1a>
 1bc:	81 60       	ori	r24, 0x01	; 1
 1be:	80 93 7a 00 	sts	0x007A, r24	; 0x80007a <__DATA_REGION_ORIGIN__+0x1a>
 1c2:	80 91 7a 00 	lds	r24, 0x007A	; 0x80007a <__DATA_REGION_ORIGIN__+0x1a>
 1c6:	80 68       	ori	r24, 0x80	; 128
 1c8:	80 93 7a 00 	sts	0x007A, r24	; 0x80007a <__DATA_REGION_ORIGIN__+0x1a>
 1cc:	10 92 c1 00 	sts	0x00C1, r1	; 0x8000c1 <__DATA_REGION_ORIGIN__+0x61>
 1d0:	84 b1       	in	r24, 0x04	; 4
 1d2:	88 62       	ori	r24, 0x28	; 40
 1d4:	84 b9       	out	0x04, r24	; 4
 1d6:	24 98       	cbi	0x04, 4	; 4
 1d8:	2c 9a       	sbi	0x05, 4	; 5
 1da:	17 e0       	ldi	r17, 0x07	; 7
 1dc:	c0 e0       	ldi	r28, 0x00	; 0
 1de:	d0 e0       	ldi	r29, 0x00	; 0
 1e0:	80 91 05 01 	lds	r24, 0x0105	; 0x800105 <rounds>
 1e4:	90 91 06 01 	lds	r25, 0x0106	; 0x800106 <rounds+0x1>
 1e8:	a0 91 07 01 	lds	r26, 0x0107	; 0x800107 <rounds+0x2>
 1ec:	b0 91 08 01 	lds	r27, 0x0108	; 0x800108 <rounds+0x3>
 1f0:	8f 70       	andi	r24, 0x0F	; 15
 1f2:	e8 2f       	mov	r30, r24
 1f4:	f0 e0       	ldi	r31, 0x00	; 0
 1f6:	e8 59       	subi	r30, 0x98	; 152
 1f8:	ff 4f       	sbci	r31, 0xFF	; 255
 1fa:	e4 91       	lpm	r30, Z
 1fc:	80 91 05 01 	lds	r24, 0x0105	; 0x800105 <rounds>
 200:	90 91 06 01 	lds	r25, 0x0106	; 0x800106 <rounds+0x1>
 204:	a0 91 07 01 	lds	r26, 0x0107	; 0x800107 <rounds+0x2>
 208:	b0 91 08 01 	lds	r27, 0x0108	; 0x800108 <rounds+0x3>
 20c:	e8 27       	eor	r30, r24
 20e:	88 e0       	ldi	r24, 0x08	; 8
 210:	90 e0       	ldi	r25, 0x00	; 0
 212:	20 e0       	ldi	r18, 0x00	; 0
 214:	30 e8       	ldi	r19, 0x80	; 128
 216:	4e 2f       	mov	r20, r30
 218:	43 23       	and	r20, r19
 21a:	09 f4       	brne	.+2      	; 0x21e <main+0xd4>
 21c:	49 c0       	rjmp	.+146    	; 0x2b0 <main+0x166>
 21e:	2b 9a       	sbi	0x05, 3	; 5
 220:	2d 9a       	sbi	0x05, 5	; 5
 222:	22 0f       	add	r18, r18
 224:	1c 99       	sbic	0x03, 4	; 3
 226:	21 60       	ori	r18, 0x01	; 1
 228:	2d 98       	cbi	0x05, 5	; 5
 22a:	36 95       	lsr	r19
 22c:	01 97       	sbiw	r24, 0x01	; 1
 22e:	99 f7       	brne	.-26     	; 0x216 <main+0xcc>
 230:	80 91 02 01 	lds	r24, 0x0102	; 0x800102 <crc8State>
 234:	8e 27       	eor	r24, r30
 236:	82 27       	eor	r24, r18
 238:	98 e0       	ldi	r25, 0x08	; 8
 23a:	87 ff       	sbrs	r24, 7
 23c:	3b c0       	rjmp	.+118    	; 0x2b4 <main+0x16a>
 23e:	88 0f       	add	r24, r24
 240:	81 27       	eor	r24, r17
 242:	91 50       	subi	r25, 0x01	; 1
 244:	d1 f7       	brne	.-12     	; 0x23a <main+0xf0>
 246:	80 93 02 01 	sts	0x0102, r24	; 0x800102 <crc8State>
 24a:	80 91 00 01 	lds	r24, 0x0100	; 0x800100 <crc16State>
 24e:	90 91 01 01 	lds	r25, 0x0101	; 0x800101 <crc16State+0x1>
 252:	9e 27       	eor	r25, r30
 254:	38 e0       	ldi	r19, 0x08	; 8
 256:	ac 01       	movw	r20, r24
 258:	88 0f       	add	r24, r24
 25a:	99 1f       	adc	r25, r25
 25c:	57 ff       	sbrs	r21, 7
 25e:	04 c0       	rjmp	.+8      	; 0x268 <main+0x11e>
 260:	41 e2       	ldi	r20, 0x21	; 33
 262:	84 27       	eor	r24, r20
 264:	40 e1       	ldi	r20, 0x10	; 16
 266:	94 27       	eor	r25, r20
 268:	31 50       	subi	r19, 0x01	; 1
 26a:	a9 f7       	brne	.-22     	; 0x256 <main+0x10c>
 26c:	90 93 01 01 	sts	0x0101, r25	; 0x800101 <crc16State+0x1>
 270:	80 93 00 01 	sts	0x0100, r24	; 0x800100 <crc16State>
 274:	80 91 04 01 	lds	r24, 0x0104	; 0x800104 <wireEcho>
 278:	28 27       	eor	r18, r24
 27a:	20 93 04 01 	sts	0x0104, r18	; 0x800104 <wireEcho>
 27e:	80 91 05 01 	lds	r24, 0x0105	; 0x800105 <rounds>
 282:	90 91 06 01 	lds	r25, 0x0106	; 0x800106 <rounds+0x1>
 286:	a0 91 07 01 	lds	r26, 0x0107	; 0x800107 <rounds+0x2>
 28a:	b0 91 08 01 	lds	r27, 0x0108	; 0x800108 <rounds+0x3>
 28e:	01 96       	adiw	r24, 0x01	; 1
 290:	a1 1d       	adc	r26, r1
 292:	b1 1d       	adc	r27, r1
 294:	80 93 05 01 	sts	0x0105, r24	; 0x800105 <rounds>
 298:	90 93 06 01 	sts	0x0106, r25	; 0x800106 <rounds+0x1>
 29c:	a0 93 07 01 	sts	0x0107, r26	; 0x800107 <rounds+0x2>
 2a0:	b0 93 08 01 	sts	0x0108, r27	; 0x800108 <rounds+0x3>
 2a4:	20 97       	sbiw	r28, 0x00	; 0
 2a6:	09 f4       	brne	.+2      	; 0x2aa <main+0x160>
 2a8:	9b cf       	rjmp	.-202    	; 0x1e0 <main+0x96>
 2aa:	0e 94 00 00 	call	0	; 0x0 <__vectors>
 2ae:	98 cf       	rjmp	.-208    	; 0x1e0 <main+0x96>
 2b0:	2b 98       	cbi	0x05, 3	; 5
 2b2:	b6 cf       	rjmp	.-148    	; 0x220 <main+0xd6>
 2b4:	88 0f       	add	r24, r24
 2b6:	c5 cf       	rjmp	.-118    	; 0x242 <main+0xf8>

000002b8 <_exit>:
 2b8:	f8 94       	cli

000002ba <__stop_program>:
 2ba:	ff cf       	rjmp	.-2      	; 0x2ba <__stop_program>
