
examples/arduino-adc-internal/build/arduino-adc-internal.ino.elf:     file format elf32-avr


Disassembly of section .text:

00000000 <__vectors>:
   0:	0c 94 34 00 	jmp	0x68	; 0x68 <__ctors_end>
   4:	0c 94 46 00 	jmp	0x8c	; 0x8c <__bad_interrupt>
   8:	0c 94 46 00 	jmp	0x8c	; 0x8c <__bad_interrupt>
   c:	0c 94 46 00 	jmp	0x8c	; 0x8c <__bad_interrupt>
  10:	0c 94 46 00 	jmp	0x8c	; 0x8c <__bad_interrupt>
  14:	0c 94 46 00 	jmp	0x8c	; 0x8c <__bad_interrupt>
  18:	0c 94 46 00 	jmp	0x8c	; 0x8c <__bad_interrupt>
  1c:	0c 94 46 00 	jmp	0x8c	; 0x8c <__bad_interrupt>
  20:	0c 94 46 00 	jmp	0x8c	; 0x8c <__bad_interrupt>
  24:	0c 94 46 00 	jmp	0x8c	; 0x8c <__bad_interrupt>
  28:	0c 94 46 00 	jmp	0x8c	; 0x8c <__bad_interrupt>
  2c:	0c 94 46 00 	jmp	0x8c	; 0x8c <__bad_interrupt>
  30:	0c 94 46 00 	jmp	0x8c	; 0x8c <__bad_interrupt>
  34:	0c 94 46 00 	jmp	0x8c	; 0x8c <__bad_interrupt>
  38:	0c 94 46 00 	jmp	0x8c	; 0x8c <__bad_interrupt>
  3c:	0c 94 46 00 	jmp	0x8c	; 0x8c <__bad_interrupt>
  40:	0c 94 56 00 	jmp	0xac	; 0xac <__vector_16>
  44:	0c 94 46 00 	jmp	0x8c	; 0x8c <__bad_interrupt>
  48:	0c 94 46 00 	jmp	0x8c	; 0x8c <__bad_interrupt>
  4c:	0c 94 46 00 	jmp	0x8c	; 0x8c <__bad_interrupt>
  50:	0c 94 46 00 	jmp	0x8c	; 0x8c <__bad_interrupt>
  54:	0c 94 46 00 	jmp	0x8c	; 0x8c <__bad_interrupt>
  58:	0c 94 46 00 	jmp	0x8c	; 0x8c <__bad_interrupt>
  5c:	0c 94 46 00 	jmp	0x8c	; 0x8c <__bad_interrupt>
  60:	0c 94 46 00 	jmp	0x8c	; 0x8c <__bad_interrupt>
  64:	0c 94 46 00 	jmp	0x8c	; 0x8c <__bad_interrupt>

00000068 <__ctors_end>:
  68:	11 24       	eor	r1, r1
  6a:	1f be       	out	0x3f, r1	; 63
  6c:	cf ef       	ldi	r28, 0xFF	; 255
  6e:	d8 e0       	ldi	r29, 0x08	; 8
  70:	de bf       	out	0x3e, r29	; 62
  72:	cd bf       	out	0x3d, r28	; 61

00000074 <__do_clear_bss>:
  74:	21 e0       	ldi	r18, 0x01	; 1
  76:	a0 e0       	ldi	r26, 0x00	; 0
  78:	b1 e0       	ldi	r27, 0x01	; 1
  7a:	01 c0       	rjmp	.+2      	; 0x7e <.do_clear_bss_start>

0000007c <.do_clear_bss_loop>:
  7c:	1d 92       	st	X+, r1

0000007e <.do_clear_bss_start>:
  7e:	a9 30       	cpi	r26, 0x09	; 9
  80:	b2 07       	cpc	r27, r18
  82:	e1 f7       	brne	.-8      	; 0x7c <.do_clear_bss_loop>
  84:	0e 94 a0 00 	call	0x140	; 0x140 <main>
  88:	0c 94 10 01 	jmp	0x220	; 0x220 <_exit>

0000008c <__bad_interrupt>:
  8c:	0c 94 00 00 	jmp	0	; 0x0 <__vectors>

00000090 <_ZL7readAdch>:
  90:	80 93 7c 00 	sts	0x007C, r24	; 0x80007c <__DATA_REGION_ORIGIN__+0x1c>
  94:	80 ec       	ldi	r24, 0xC0	; 192
  96:	80 93 7a 00 	sts	0x007A, r24	; 0x80007a <__DATA_REGION_ORIGIN__+0x1a>
  9a:	80 91 7a 00 	lds	r24, 0x007A	; 0x80007a <__DATA_REGION_ORIGIN__+0x1a>
  9e:	86 fd       	sbrc	r24, 6
  a0:	fc cf       	rjmp	.-8      	; 0x9a <_ZL7readAdch+0xa>
  a2:	80 91 78 00 	lds	r24, 0x0078	; 0x800078 <__DATA_REGION_ORIGIN__+0x18>
  a6:	90 91 79 00 	lds	r25, 0x0079	; 0x800079 <__DATA_REGION_ORIGIN__+0x19>
  aa:	08 95       	ret

000000ac <__vector_16>:
  ac:	1f 92       	push	r1
  ae:	0f 92       	push	r0
  b0:	0f b6       	in	r0, 0x3f	; 63
  b2:	0f 92       	push	r0
  b4:	11 24       	eor	r1, r1
  b6:	2f 93       	push	r18
  b8:	3f 93       	push	r19
  ba:	8f 93       	push	r24
  bc:	9f 93       	push	r25
  be:	af 93       	push	r26
  c0:	bf 93       	push	r27
  c2:	80 91 05 01 	lds	r24, 0x0105	; 0x800105 <timer0_millis>
  c6:	90 91 06 01 	lds	r25, 0x0106	; 0x800106 <timer0_millis+0x1>
  ca:	a0 91 07 01 	lds	r26, 0x0107	; 0x800107 <timer0_millis+0x2>
  ce:	b0 91 08 01 	lds	r27, 0x0108	; 0x800108 <timer0_millis+0x3>
  d2:	30 91 04 01 	lds	r19, 0x0104	; 0x800104 <timer0_fract>
  d6:	23 e0       	ldi	r18, 0x03	; 3
  d8:	23 0f       	add	r18, r19
  da:	2d 37       	cpi	r18, 0x7D	; 125
  dc:	58 f5       	brcc	.+86     	; 0x134 <__vector_16+0x88>
  de:	01 96       	adiw	r24, 0x01	; 1
  e0:	a1 1d       	adc	r26, r1
  e2:	b1 1d       	adc	r27, r1
  e4:	20 93 04 01 	sts	0x0104, r18	; 0x800104 <timer0_fract>
  e8:	80 93 05 01 	sts	0x0105, r24	; 0x800105 <timer0_millis>
  ec:	90 93 06 01 	sts	0x0106, r25	; 0x800106 <timer0_millis+0x1>
  f0:	a0 93 07 01 	sts	0x0107, r26	; 0x800107 <timer0_millis+0x2>
  f4:	b0 93 08 01 	sts	0x0108, r27	; 0x800108 <timer0_millis+0x3>
  f8:	80 91 00 01 	lds	r24, 0x0100	; 0x800100 <timer0_overflow_count>
  fc:	90 91 01 01 	lds	r25, 0x0101	; 0x800101 <timer0_overflow_count+0x1>
 100:	a0 91 02 01 	lds	r26, 0x0102	; 0x800102 <timer0_overflow_count+0x2>
 104:	b0 91 03 01 	lds	r27, 0x0103	; 0x800103 <timer0_overflow_count+0x3>
 108:	01 96       	adiw	r24, 0x01	; 1
 10a:	a1 1d       	adc	r26, r1
 10c:	b1 1d       	adc	r27, r1
 10e:	80 93 00 01 	sts	0x0100, r24	; 0x800100 <timer0_overflow_count>
 112:	90 93 01 01 	sts	0x0101, r25	; 0x800101 <timer0_overflow_count+0x1>
 116:	a0 93 02 01 	sts	0x0102, r26	; 0x800102 <timer0_overflow_count+0x2>
 11a:	b0 93 03 01 	sts	0x0103, r27	; 0x800103 <timer0_overflow_count+0x3>
 11e:	bf 91       	pop	r27
 120:	af 91       	pop	r26
 122:	9f 91       	pop	r25
 124:	8f 91       	pop	r24
 126:	3f 91       	pop	r19
 128:	2f 91       	pop	r18
 12a:	0f 90       	pop	r0
 12c:	0f be       	out	0x3f, r0	; 63
 12e:	0f 90       	pop	r0
 130:	1f 90       	pop	r1
 132:	18 95       	reti
 134:	26 e8       	ldi	r18, 0x86	; 134
 136:	23 0f       	add	r18, r19
 138:	02 96       	adiw	r24, 0x02	; 2
 13a:	a1 1d       	adc	r26, r1
 13c:	b1 1d       	adc	r27, r1
 13e:	d2 cf       	rjmp	.-92     	; 0xe4 <__vector_16+0x38>

00000140 <main>:
 140:	78 94       	sei
 142:	84 b5       	in	r24, 0x24	; 36
 144:	82 60       	ori	r24, 0x02	; 2
 146:	84 bd       	out	0x24, r24	; 36
 148:	84 b5       	in	r24, 0x24	; 36
 14a:	81 60       	ori	r24, 0x01	; 1
 14c:	84 bd       	out	0x24, r24	; 36
 14e:	85 b5       	in	r24, 0x25	; 37
 150:	82 60       	ori	r24, 0x02	; 2
 152:	85 bd       	out	0x25, r24	; 37
 154:	85 b5       	in	r24, 0x25	; 37
 156:	81 60       	ori	r24, 0x01	; 1
 158:	85 bd       	out	0x25, r24	; 37
 15a:	80 91 6e 00 	lds	r24, 0x006E	; 0x80006e <__DATA_REGION_ORIGIN__+0xe>
 15e:	81 60       	ori	r24, 0x01	; 1
 160:	80 93 6e 00 	sts	0x006E, r24	; 0x80006e <__DATA_REGION_ORIGIN__+0xe>
 164:	10 92 81 00 	sts	0x0081, r1	; 0x800081 <__DATA_REGION_ORIGIN__+0x21>
 168:	80 91 81 00 	lds	r24, 0x0081	; 0x800081 <__DATA_REGION_ORIGIN__+0x21>
 16c:	82 60       	ori	r24, 0x02	; 2
 16e:	80 93 81 00 	sts	0x0081, r24	; 0x800081 <__DATA_REGION_ORIGIN__+0x21>
 172:	80 91 81 00 	lds	r24, 0x0081	; 0x800081 <__DATA_REGION_ORIGIN__+0x21>
 176:	81 60       	ori	r24, 0x01	; 1
 178:	80 93 81 00 	sts	0x0081, r24	; 0x800081 <__DATA_REGION_ORIGIN__+0x21>
 17c:	80 91 80 00 	lds	r24, 0x0080	; 0x800080 <__DATA_REGION_ORIGIN__+0x20>
 180:	81 60       	ori	r24, 0x01	; 1
 182:	80 93 80 00 	sts	0x0080, r24	; 0x800080 <__DATA_REGION_ORIGIN__+0x20>
 186:	80 91 b1 00 	lds	r24, 0x00B1	; 0x8000b1 <__DATA_REGION_ORIGIN__+0x51>
 18a:	84 60       	ori	r24, 0x04	; 4
 18c:	80 93 b1 00 	sts	0x00B1, r24	; 0x8000b1 <__DATA_REGION_ORIGIN__+0x51>
 190:	80 91 b0 00 	lds	r24, 0x00B0	; 0x8000b0 <__DATA_REGION_ORIGIN__+0x50>
 194:	81 60       	ori	r24, 0x01	; 1
 196:	80 93 b0 00 	sts	0x00B0, r24	; 0x8000b0 <__DATA_REGION_ORIGIN__+0x50>
 19a:	80 91 7a 00 	lds	r24, 0x007A	; 0x80007a <__DATA_REGION_ORIGIN__+0x1a>
 19e:	84 60       	ori	r24, 0x04	; 4
 1a0:	80 93 7a 00 	sts	0x007A, r24	; 0x80007a <__DATA_REGION_ORIGIN__+0x1a>
 1a4:	80 91 7a 00 	lds	r24, 0x007A	; 0x80007a <__DATA_REGION_ORIGIN__+0x1a>
 1a8:	82 60       	ori	r24, 0x02	; 2
 1aa:	80 93 7a 00 	sts	0x007A, r24	; 0x80007a <__DATA_REGION_ORIGIN__+0x1a>
 1ae:	80 91 7a 00 	lds	r24, 0x007A	; 0x80007a <__DATA_REGION_ORIGIN__+0x1a>
 1b2:	81 60       	ori	r24, 0x01	; 1
 1b4:	80 93 7a 00 	sts	0x007A, r24	; 0x80007a <__DATA_REGION_ORIGIN__+0x1a>
 1b8:	80 91 7a 00 	lds	r24, 0x007A	; 0x80007a <__DATA_REGION_ORIGIN__+0x1a>
 1bc:	80 68       	ori	r24, 0x80	; 128
 1be:	80 93 7a 00 	sts	0x007A, r24	; 0x80007a <__DATA_REGION_ORIGIN__+0x1a>
 1c2:	10 92 c1 00 	sts	0x00C1, r1	; 0x8000c1 <__DATA_REGION_ORIGIN__+0x61>
 1c6:	10 92 00 03 	sts	0x0300, r1	; 0x800300 <__bss_end+0x1f7>
 1ca:	10 92 01 03 	sts	0x0301, r1	; 0x800301 <__bss_end+0x1f8>
 1ce:	10 92 02 03 	sts	0x0302, r1	; 0x800302 <__bss_end+0x1f9>
 1d2:	10 92 03 03 	sts	0x0303, r1	; 0x800303 <__bss_end+0x1fa>
 1d6:	10 92 04 03 	sts	0x0304, r1	; 0x800304 <__bss_end+0x1fb>
 1da:	10 92 05 03 	sts	0x0305, r1	; 0x800305 <__bss_end+0x1fc>
 1de:	10 92 06 03 	sts	0x0306, r1	; 0x800306 <__bss_end+0x1fd>
 1e2:	10 92 07 03 	sts	0x0307, r1	; 0x800307 <__bss_end+0x1fe>
 1e6:	88 ec       	ldi	r24, 0xC8	; 200
 1e8:	0e 94 48 00 	call	0x90	; 0x90 <_ZL7readAdch>
 1ec:	d8 2f       	mov	r29, r24
 1ee:	c9 2f       	mov	r28, r25
 1f0:	8e e4       	ldi	r24, 0x4E	; 78
 1f2:	0e 94 48 00 	call	0x90	; 0x90 <_ZL7readAdch>
 1f6:	27 ea       	ldi	r18, 0xA7	; 167
 1f8:	20 93 00 03 	sts	0x0300, r18	; 0x800300 <__bss_end+0x1f7>
 1fc:	d0 93 01 03 	sts	0x0301, r29	; 0x800301 <__bss_end+0x1f8>
 200:	c0 93 02 03 	sts	0x0302, r28	; 0x800302 <__bss_end+0x1f9>
 204:	80 93 03 03 	sts	0x0303, r24	; 0x800303 <__bss_end+0x1fa>
 208:	90 93 04 03 	sts	0x0304, r25	; 0x800304 <__bss_end+0x1fb>
 20c:	8c e5       	ldi	r24, 0x5C	; 92
 20e:	80 93 05 03 	sts	0x0305, r24	; 0x800305 <__bss_end+0x1fc>
 212:	c0 e0       	ldi	r28, 0x00	; 0
 214:	d0 e0       	ldi	r29, 0x00	; 0
 216:	20 97       	sbiw	r28, 0x00	; 0
 218:	f1 f3       	breq	.-4      	; 0x216 <main+0xd6>
 21a:	0e 94 00 00 	call	0	; 0x0 <__vectors>
 21e:	fb cf       	rjmp	.-10     	; 0x216 <main+0xd6>

00000220 <_exit>:
 220:	f8 94       	cli

00000222 <__stop_program>:
 222:	ff cf       	rjmp	.-2      	; 0x222 <__stop_program>
