
examples\arduino-delay-blink\build\arduino-delay-blink.ino.elf:     file format elf32-avr


Disassembly of section .text:

00000000 <__vectors>:
   0:	0c 94 5c 00 	jmp	0xb8	; 0xb8 <__ctors_end>
   4:	0c 94 6e 00 	jmp	0xdc	; 0xdc <__bad_interrupt>
   8:	0c 94 6e 00 	jmp	0xdc	; 0xdc <__bad_interrupt>
   c:	0c 94 6e 00 	jmp	0xdc	; 0xdc <__bad_interrupt>
  10:	0c 94 6e 00 	jmp	0xdc	; 0xdc <__bad_interrupt>
  14:	0c 94 6e 00 	jmp	0xdc	; 0xdc <__bad_interrupt>
  18:	0c 94 6e 00 	jmp	0xdc	; 0xdc <__bad_interrupt>
  1c:	0c 94 6e 00 	jmp	0xdc	; 0xdc <__bad_interrupt>
  20:	0c 94 6e 00 	jmp	0xdc	; 0xdc <__bad_interrupt>
  24:	0c 94 6e 00 	jmp	0xdc	; 0xdc <__bad_interrupt>
  28:	0c 94 6e 00 	jmp	0xdc	; 0xdc <__bad_interrupt>
  2c:	0c 94 6e 00 	jmp	0xdc	; 0xdc <__bad_interrupt>
  30:	0c 94 6e 00 	jmp	0xdc	; 0xdc <__bad_interrupt>
  34:	0c 94 6e 00 	jmp	0xdc	; 0xdc <__bad_interrupt>
  38:	0c 94 6e 00 	jmp	0xdc	; 0xdc <__bad_interrupt>
  3c:	0c 94 6e 00 	jmp	0xdc	; 0xdc <__bad_interrupt>
  40:	0c 94 f5 00 	jmp	0x1ea	; 0x1ea <__vector_16>
  44:	0c 94 6e 00 	jmp	0xdc	; 0xdc <__bad_interrupt>
  48:	0c 94 6e 00 	jmp	0xdc	; 0xdc <__bad_interrupt>
  4c:	0c 94 6e 00 	jmp	0xdc	; 0xdc <__bad_interrupt>
  50:	0c 94 6e 00 	jmp	0xdc	; 0xdc <__bad_interrupt>
  54:	0c 94 6e 00 	jmp	0xdc	; 0xdc <__bad_interrupt>
  58:	0c 94 6e 00 	jmp	0xdc	; 0xdc <__bad_interrupt>
  5c:	0c 94 6e 00 	jmp	0xdc	; 0xdc <__bad_interrupt>
  60:	0c 94 6e 00 	jmp	0xdc	; 0xdc <__bad_interrupt>
  64:	0c 94 6e 00 	jmp	0xdc	; 0xdc <__bad_interrupt>

00000068 <port_to_mode_PGM>:
  68:	00 00 00 00 24 00 27 00 2a 00                       ....$.'.*.

00000072 <port_to_output_PGM>:
  72:	00 00 00 00 25 00 28 00 2b 00                       ....%.(.+.

0000007c <digital_pin_to_port_PGM>:
  7c:	04 04 04 04 04 04 04 04 02 02 02 02 02 02 03 03     ................
  8c:	03 03 03 03                                         ....

00000090 <digital_pin_to_bit_mask_PGM>:
  90:	01 02 04 08 10 20 40 80 01 02 04 08 10 20 01 02     ..... @...... ..
  a0:	04 08 10 20                                         ... 

000000a4 <digital_pin_to_timer_PGM>:
  a4:	00 00 00 08 00 02 01 00 00 03 04 07 00 00 00 00     ................
  b4:	00 00 00 00                                         ....

000000b8 <__ctors_end>:
  b8:	11 24       	eor	r1, r1
  ba:	1f be       	out	0x3f, r1	; 63
  bc:	cf ef       	ldi	r28, 0xFF	; 255
  be:	d8 e0       	ldi	r29, 0x08	; 8
  c0:	de bf       	out	0x3e, r29	; 62
  c2:	cd bf       	out	0x3d, r28	; 61

000000c4 <__do_clear_bss>:
  c4:	21 e0       	ldi	r18, 0x01	; 1
  c6:	a0 e0       	ldi	r26, 0x00	; 0
  c8:	b1 e0       	ldi	r27, 0x01	; 1
  ca:	01 c0       	rjmp	.+2      	; 0xce <.do_clear_bss_start>

000000cc <.do_clear_bss_loop>:
  cc:	1d 92       	st	X+, r1

000000ce <.do_clear_bss_start>:
  ce:	a9 30       	cpi	r26, 0x09	; 9
  d0:	b2 07       	cpc	r27, r18
  d2:	e1 f7       	brne	.-8      	; 0xcc <.do_clear_bss_loop>
  d4:	0e 94 3f 01 	call	0x27e	; 0x27e <main>
  d8:	0c 94 ae 01 	jmp	0x35c	; 0x35c <_exit>

000000dc <__bad_interrupt>:
  dc:	0c 94 00 00 	jmp	0	; 0x0 <__vectors>

000000e0 <digitalWrite.constprop.0>:
  e0:	e1 eb       	ldi	r30, 0xB1	; 177
  e2:	f0 e0       	ldi	r31, 0x00	; 0
  e4:	24 91       	lpm	r18, Z
  e6:	ed e9       	ldi	r30, 0x9D	; 157
  e8:	f0 e0       	ldi	r31, 0x00	; 0
  ea:	94 91       	lpm	r25, Z
  ec:	e9 e8       	ldi	r30, 0x89	; 137
  ee:	f0 e0       	ldi	r31, 0x00	; 0
  f0:	e4 91       	lpm	r30, Z
  f2:	ee 23       	and	r30, r30
  f4:	c9 f0       	breq	.+50     	; 0x128 <digitalWrite.constprop.0+0x48>
  f6:	22 23       	and	r18, r18
  f8:	39 f0       	breq	.+14     	; 0x108 <digitalWrite.constprop.0+0x28>
  fa:	23 30       	cpi	r18, 0x03	; 3
  fc:	01 f1       	breq	.+64     	; 0x13e <digitalWrite.constprop.0+0x5e>
  fe:	a8 f4       	brcc	.+42     	; 0x12a <digitalWrite.constprop.0+0x4a>
 100:	21 30       	cpi	r18, 0x01	; 1
 102:	19 f1       	breq	.+70     	; 0x14a <digitalWrite.constprop.0+0x6a>
 104:	22 30       	cpi	r18, 0x02	; 2
 106:	29 f1       	breq	.+74     	; 0x152 <digitalWrite.constprop.0+0x72>
 108:	f0 e0       	ldi	r31, 0x00	; 0
 10a:	ee 0f       	add	r30, r30
 10c:	ff 1f       	adc	r31, r31
 10e:	ee 58       	subi	r30, 0x8E	; 142
 110:	ff 4f       	sbci	r31, 0xFF	; 255
 112:	a5 91       	lpm	r26, Z+
 114:	b4 91       	lpm	r27, Z
 116:	2f b7       	in	r18, 0x3f	; 63
 118:	f8 94       	cli
 11a:	ec 91       	ld	r30, X
 11c:	81 11       	cpse	r24, r1
 11e:	26 c0       	rjmp	.+76     	; 0x16c <digitalWrite.constprop.0+0x8c>
 120:	90 95       	com	r25
 122:	9e 23       	and	r25, r30
 124:	9c 93       	st	X, r25
 126:	2f bf       	out	0x3f, r18	; 63
 128:	08 95       	ret
 12a:	27 30       	cpi	r18, 0x07	; 7
 12c:	a9 f0       	breq	.+42     	; 0x158 <digitalWrite.constprop.0+0x78>
 12e:	28 30       	cpi	r18, 0x08	; 8
 130:	c9 f0       	breq	.+50     	; 0x164 <digitalWrite.constprop.0+0x84>
 132:	24 30       	cpi	r18, 0x04	; 4
 134:	49 f7       	brne	.-46     	; 0x108 <digitalWrite.constprop.0+0x28>
 136:	20 91 80 00 	lds	r18, 0x0080	; 0x800080 <__DATA_REGION_ORIGIN__+0x20>
 13a:	2f 7d       	andi	r18, 0xDF	; 223
 13c:	03 c0       	rjmp	.+6      	; 0x144 <digitalWrite.constprop.0+0x64>
 13e:	20 91 80 00 	lds	r18, 0x0080	; 0x800080 <__DATA_REGION_ORIGIN__+0x20>
 142:	2f 77       	andi	r18, 0x7F	; 127
 144:	20 93 80 00 	sts	0x0080, r18	; 0x800080 <__DATA_REGION_ORIGIN__+0x20>
 148:	df cf       	rjmp	.-66     	; 0x108 <digitalWrite.constprop.0+0x28>
 14a:	24 b5       	in	r18, 0x24	; 36
 14c:	2f 77       	andi	r18, 0x7F	; 127
 14e:	24 bd       	out	0x24, r18	; 36
 150:	db cf       	rjmp	.-74     	; 0x108 <digitalWrite.constprop.0+0x28>
 152:	24 b5       	in	r18, 0x24	; 36
 154:	2f 7d       	andi	r18, 0xDF	; 223
 156:	fb cf       	rjmp	.-10     	; 0x14e <digitalWrite.constprop.0+0x6e>
 158:	20 91 b0 00 	lds	r18, 0x00B0	; 0x8000b0 <__DATA_REGION_ORIGIN__+0x50>
 15c:	2f 77       	andi	r18, 0x7F	; 127
 15e:	20 93 b0 00 	sts	0x00B0, r18	; 0x8000b0 <__DATA_REGION_ORIGIN__+0x50>
 162:	d2 cf       	rjmp	.-92     	; 0x108 <digitalWrite.constprop.0+0x28>
 164:	20 91 b0 00 	lds	r18, 0x00B0	; 0x8000b0 <__DATA_REGION_ORIGIN__+0x50>
 168:	2f 7d       	andi	r18, 0xDF	; 223
 16a:	f9 cf       	rjmp	.-14     	; 0x15e <digitalWrite.constprop.0+0x7e>
 16c:	9e 2b       	or	r25, r30
 16e:	da cf       	rjmp	.-76     	; 0x124 <digitalWrite.constprop.0+0x44>

00000170 <micros>:
 170:	3f b7       	in	r19, 0x3f	; 63
 172:	f8 94       	cli
 174:	80 91 05 01 	lds	r24, 0x0105	; 0x800105 <timer0_overflow_count>
 178:	90 91 06 01 	lds	r25, 0x0106	; 0x800106 <timer0_overflow_count+0x1>
 17c:	a0 91 07 01 	lds	r26, 0x0107	; 0x800107 <timer0_overflow_count+0x2>
 180:	b0 91 08 01 	lds	r27, 0x0108	; 0x800108 <timer0_overflow_count+0x3>
 184:	26 b5       	in	r18, 0x26	; 38
 186:	a8 9b       	sbis	0x15, 0	; 21
 188:	05 c0       	rjmp	.+10     	; 0x194 <micros+0x24>
 18a:	2f 3f       	cpi	r18, 0xFF	; 255
 18c:	19 f0       	breq	.+6      	; 0x194 <micros+0x24>
 18e:	01 96       	adiw	r24, 0x01	; 1
 190:	a1 1d       	adc	r26, r1
 192:	b1 1d       	adc	r27, r1
 194:	3f bf       	out	0x3f, r19	; 63
 196:	ba 2f       	mov	r27, r26
 198:	a9 2f       	mov	r26, r25
 19a:	98 2f       	mov	r25, r24
 19c:	88 27       	eor	r24, r24
 19e:	bc 01       	movw	r22, r24
 1a0:	cd 01       	movw	r24, r26
 1a2:	62 0f       	add	r22, r18
 1a4:	71 1d       	adc	r23, r1
 1a6:	81 1d       	adc	r24, r1
 1a8:	91 1d       	adc	r25, r1
 1aa:	42 e0       	ldi	r20, 0x02	; 2
 1ac:	66 0f       	add	r22, r22
 1ae:	77 1f       	adc	r23, r23
 1b0:	88 1f       	adc	r24, r24
 1b2:	99 1f       	adc	r25, r25
 1b4:	4a 95       	dec	r20
 1b6:	d1 f7       	brne	.-12     	; 0x1ac <micros+0x3c>
 1b8:	08 95       	ret

000001ba <delay.constprop.1>:
 1ba:	cf 92       	push	r12
 1bc:	df 92       	push	r13
 1be:	ef 92       	push	r14
 1c0:	ff 92       	push	r15
 1c2:	0e 94 b8 00 	call	0x170	; 0x170 <micros>
 1c6:	6b 01       	movw	r12, r22
 1c8:	7c 01       	movw	r14, r24
 1ca:	0e 94 b8 00 	call	0x170	; 0x170 <micros>
 1ce:	6c 19       	sub	r22, r12
 1d0:	7d 09       	sbc	r23, r13
 1d2:	8e 09       	sbc	r24, r14
 1d4:	9f 09       	sbc	r25, r15
 1d6:	68 3e       	cpi	r22, 0xE8	; 232
 1d8:	73 40       	sbci	r23, 0x03	; 3
 1da:	81 05       	cpc	r24, r1
 1dc:	91 05       	cpc	r25, r1
 1de:	a8 f3       	brcs	.-22     	; 0x1ca <delay.constprop.1+0x10>
 1e0:	ff 90       	pop	r15
 1e2:	ef 90       	pop	r14
 1e4:	df 90       	pop	r13
 1e6:	cf 90       	pop	r12
 1e8:	08 95       	ret

000001ea <__vector_16>:
 1ea:	1f 92       	push	r1
 1ec:	0f 92       	push	r0
 1ee:	0f b6       	in	r0, 0x3f	; 63
 1f0:	0f 92       	push	r0
 1f2:	11 24       	eor	r1, r1
 1f4:	2f 93       	push	r18
 1f6:	3f 93       	push	r19
 1f8:	8f 93       	push	r24
 1fa:	9f 93       	push	r25
 1fc:	af 93       	push	r26
 1fe:	bf 93       	push	r27
 200:	80 91 01 01 	lds	r24, 0x0101	; 0x800101 <timer0_millis>
 204:	90 91 02 01 	lds	r25, 0x0102	; 0x800102 <timer0_millis+0x1>
 208:	a0 91 03 01 	lds	r26, 0x0103	; 0x800103 <timer0_millis+0x2>
 20c:	b0 91 04 01 	lds	r27, 0x0104	; 0x800104 <timer0_millis+0x3>
 210:	30 91 00 01 	lds	r19, 0x0100	; 0x800100 <timer0_fract>
 214:	23 e0       	ldi	r18, 0x03	; 3
 216:	23 0f       	add	r18, r19
 218:	2d 37       	cpi	r18, 0x7D	; 125
 21a:	58 f5       	brcc	.+86     	; 0x272 <__vector_16+0x88>
 21c:	01 96       	adiw	r24, 0x01	; 1
 21e:	a1 1d       	adc	r26, r1
 220:	b1 1d       	adc	r27, r1
 222:	20 93 00 01 	sts	0x0100, r18	; 0x800100 <timer0_fract>
 226:	80 93 01 01 	sts	0x0101, r24	; 0x800101 <timer0_millis>
 22a:	90 93 02 01 	sts	0x0102, r25	; 0x800102 <timer0_millis+0x1>
 22e:	a0 93 03 01 	sts	0x0103, r26	; 0x800103 <timer0_millis+0x2>
 232:	b0 93 04 01 	sts	0x0104, r27	; 0x800104 <timer0_millis+0x3>
 236:	80 91 05 01 	lds	r24, 0x0105	; 0x800105 <timer0_overflow_count>
 23a:	90 91 06 01 	lds	r25, 0x0106	; 0x800106 <timer0_overflow_count+0x1>
 23e:	a0 91 07 01 	lds	r26, 0x0107	; 0x800107 <timer0_overflow_count+0x2>
 242:	b0 91 08 01 	lds	r27, 0x0108	; 0x800108 <timer0_overflow_count+0x3>
 246:	01 96       	adiw	r24, 0x01	; 1
 248:	a1 1d       	adc	r26, r1
 24a:	b1 1d       	adc	r27, r1
 24c:	80 93 05 01 	sts	0x0105, r24	; 0x800105 <timer0_overflow_count>
 250:	90 93 06 01 	sts	0x0106, r25	; 0x800106 <timer0_overflow_count+0x1>
 254:	a0 93 07 01 	sts	0x0107, r26	; 0x800107 <timer0_overflow_count+0x2>
 258:	b0 93 08 01 	sts	0x0108, r27	; 0x800108 <timer0_overflow_count+0x3>
 25c:	bf 91       	pop	r27
 25e:	af 91       	pop	r26
 260:	9f 91       	pop	r25
 262:	8f 91       	pop	r24
 264:	3f 91       	pop	r19
 266:	2f 91       	pop	r18
 268:	0f 90       	pop	r0
 26a:	0f be       	out	0x3f, r0	; 63
 26c:	0f 90       	pop	r0
 26e:	1f 90       	pop	r1
 270:	18 95       	reti
 272:	26 e8       	ldi	r18, 0x86	; 134
 274:	23 0f       	add	r18, r19
 276:	02 96       	adiw	r24, 0x02	; 2
 278:	a1 1d       	adc	r26, r1
 27a:	b1 1d       	adc	r27, r1
 27c:	d2 cf       	rjmp	.-92     	; 0x222 <__vector_16+0x38>

0000027e <main>:
 27e:	78 94       	sei
 280:	84 b5       	in	r24, 0x24	; 36
 282:	82 60       	ori	r24, 0x02	; 2
 284:	84 bd       	out	0x24, r24	; 36
 286:	84 b5       	in	r24, 0x24	; 36
 288:	81 60       	ori	r24, 0x01	; 1
 28a:	84 bd       	out	0x24, r24	; 36
 28c:	85 b5       	in	r24, 0x25	; 37
 28e:	82 60       	ori	r24, 0x02	; 2
 290:	85 bd       	out	0x25, r24	; 37
 292:	85 b5       	in	r24, 0x25	; 37
 294:	81 60       	ori	r24, 0x01	; 1
 296:	85 bd       	out	0x25, r24	; 37
 298:	80 91 6e 00 	lds	r24, 0x006E	; 0x80006e <__DATA_REGION_ORIGIN__+0xe>
 29c:	81 60       	ori	r24, 0x01	; 1
 29e:	80 93 6e 00 	sts	0x006E, r24	; 0x80006e <__DATA_REGION_ORIGIN__+0xe>
 2a2:	10 92 81 00 	sts	0x0081, r1	; 0x800081 <__DATA_REGION_ORIGIN__+0x21>
 2a6:	80 91 81 00 	lds	r24, 0x0081	; 0x800081 <__DATA_REGION_ORIGIN__+0x21>
 2aa:	82 60       	ori	r24, 0x02	; 2
 2ac:	80 93 81 00 	sts	0x0081, r24	; 0x800081 <__DATA_REGION_ORIGIN__+0x21>
 2b0:	80 91 81 00 	lds	r24, 0x0081	; 0x800081 <__DATA_REGION_ORIGIN__+0x21>
 2b4:	81 60       	ori	r24, 0x01	; 1
 2b6:	80 93 81 00 	sts	0x0081, r24	; 0x800081 <__DATA_REGION_ORIGIN__+0x21>
 2ba:	80 91 80 00 	lds	r24, 0x0080	; 0x800080 <__DATA_REGION_ORIGIN__+0x20>
 2be:	81 60       	ori	r24, 0x01	; 1
 2c0:	80 93 80 00 	sts	0x0080, r24	; 0x800080 <__DATA_REGION_ORIGIN__+0x20>
 2c4:	80 91 b1 00 	lds	r24, 0x00B1	; 0x8000b1 <__DATA_REGION_ORIGIN__+0x51>
 2c8:	84 60       	ori	r24, 0x04	; 4
 2ca:	80 93 b1 00 	sts	0x00B1, r24	; 0x8000b1 <__DATA_REGION_ORIGIN__+0x51>
 2ce:	80 91 b0 00 	lds	r24, 0x00B0	; 0x8000b0 <__DATA_REGION_ORIGIN__+0x50>
 2d2:	81 60       	ori	r24, 0x01	; 1
 2d4:	80 93 b0 00 	sts	0x00B0, r24	; 0x8000b0 <__DATA_REGION_ORIGIN__+0x50>
 2d8:	80 91 7a 00 	lds	r24, 0x007A	; 0x80007a <__DATA_REGION_ORIGIN__+0x1a>
 2dc:	84 60       	ori	r24, 0x04	; 4
 2de:	80 93 7a 00 	sts	0x007A, r24	; 0x80007a <__DATA_REGION_ORIGIN__+0x1a>
 2e2:	80 91 7a 00 	lds	r24, 0x007A	; 0x80007a <__DATA_REGION_ORIGIN__+0x1a>
 2e6:	82 60       	ori	r24, 0x02	; 2
 2e8:	80 93 7a 00 	sts	0x007A, r24	; 0x80007a <__DATA_REGION_ORIGIN__+0x1a>
 2ec:	80 91 7a 00 	lds	r24, 0x007A	; 0x80007a <__DATA_REGION_ORIGIN__+0x1a>
 2f0:	81 60       	ori	r24, 0x01	; 1
 2f2:	80 93 7a 00 	sts	0x007A, r24	; 0x80007a <__DATA_REGION_ORIGIN__+0x1a>
 2f6:	80 91 7a 00 	lds	r24, 0x007A	; 0x80007a <__DATA_REGION_ORIGIN__+0x1a>
 2fa:	80 68       	ori	r24, 0x80	; 128
 2fc:	80 93 7a 00 	sts	0x007A, r24	; 0x80007a <__DATA_REGION_ORIGIN__+0x1a>
 300:	10 92 c1 00 	sts	0x00C1, r1	; 0x8000c1 <__DATA_REGION_ORIGIN__+0x61>
 304:	ed e9       	ldi	r30, 0x9D	; 157
 306:	f0 e0       	ldi	r31, 0x00	; 0
 308:	24 91       	lpm	r18, Z
 30a:	e9 e8       	ldi	r30, 0x89	; 137
 30c:	f0 e0       	ldi	r31, 0x00	; 0
 30e:	84 91       	lpm	r24, Z
 310:	88 23       	and	r24, r24
 312:	99 f0       	breq	.+38     	; 0x33a <main+0xbc>
 314:	90 e0       	ldi	r25, 0x00	; 0
 316:	88 0f       	add	r24, r24
 318:	99 1f       	adc	r25, r25
 31a:	fc 01       	movw	r30, r24
 31c:	e8 59       	subi	r30, 0x98	; 152
 31e:	ff 4f       	sbci	r31, 0xFF	; 255
 320:	a5 91       	lpm	r26, Z+
 322:	b4 91       	lpm	r27, Z
 324:	fc 01       	movw	r30, r24
 326:	ee 58       	subi	r30, 0x8E	; 142
 328:	ff 4f       	sbci	r31, 0xFF	; 255
 32a:	85 91       	lpm	r24, Z+
 32c:	94 91       	lpm	r25, Z
 32e:	8f b7       	in	r24, 0x3f	; 63
 330:	f8 94       	cli
 332:	ec 91       	ld	r30, X
 334:	e2 2b       	or	r30, r18
 336:	ec 93       	st	X, r30
 338:	8f bf       	out	0x3f, r24	; 63
 33a:	c0 e0       	ldi	r28, 0x00	; 0
 33c:	d0 e0       	ldi	r29, 0x00	; 0
 33e:	81 e0       	ldi	r24, 0x01	; 1
 340:	0e 94 70 00 	call	0xe0	; 0xe0 <digitalWrite.constprop.0>
 344:	0e 94 dd 00 	call	0x1ba	; 0x1ba <delay.constprop.1>
 348:	80 e0       	ldi	r24, 0x00	; 0
 34a:	0e 94 70 00 	call	0xe0	; 0xe0 <digitalWrite.constprop.0>
 34e:	0e 94 dd 00 	call	0x1ba	; 0x1ba <delay.constprop.1>
 352:	20 97       	sbiw	r28, 0x00	; 0
 354:	a1 f3       	breq	.-24     	; 0x33e <main+0xc0>
 356:	0e 94 00 00 	call	0	; 0x0 <__vectors>
 35a:	f1 cf       	rjmp	.-30     	; 0x33e <main+0xc0>

0000035c <_exit>:
 35c:	f8 94       	cli

0000035e <__stop_program>:
 35e:	ff cf       	rjmp	.-2      	; 0x35e <__stop_program>
