
examples/arduino-timer2-rtc/build/arduino-timer2-rtc.ino.elf:     file format elf32-avr


Disassembly of section .text:

00000000 <__vectors>:
   0:	0c 94 34 00 	jmp	0x68	; 0x68 <__ctors_end>
   4:	0c 94 46 00 	jmp	0x8c	; 0x8c <__bad_interrupt>
   8:	0c 94 46 00 	jmp	0x8c	; 0x8c <__bad_interrupt>
   c:	0c 94 46 00 	jmp	0x8c	; 0x8c <__bad_interrupt>
  10:	0c 94 46 00 	jmp	0x8c	; 0x8c <__bad_interrupt>
  14:	0c 94 46 00 	jmp	0x8c	; 0x8c <__bad_interrupt>
  18:	0c 94 46 00 	jmp	0x8c	; 0x8c <__bad_interrupt>
  1c:	0c 94 46 00 	jmp	0x8c	; 0x8c <__bad_interrupt>
  20:	0c 94 46 00 	jmp	0x8c	; 0x8c <__bad_interrupt>
  24:	0c 94 b5 00 	jmp	0x16a	; 0x16a <__vector_9>
  28:	0c 94 46 00 	jmp	0x8c	; 0x8c <__bad_interrupt>
  2c:	0c 94 46 00 	jmp	0x8c	; 0x8c <__bad_interrupt>
  30:	0c 94 46 00 	jmp	0x8c	; 0x8c <__bad_interrupt>
  34:	0c 94 46 00 	jmp	0x8c	; 0x8c <__bad_interrupt>
  38:	0c 94 46 00 	jmp	0x8c	; 0x8c <__bad_interrupt>
  3c:	0c 94 46 00 	jmp	0x8c	; 0x8c <__bad_interrupt>
  40:	0c 94 6b 00 	jmp	0xd6	; 0xd6 <__vector_16>
  44:	0c 94 46 00 	jmp	0x8c	; 0x8c <__bad_interrupt>
  48:	0c 94 46 00 	jmp	0x8c	; 0x8c <__bad_interrupt>
  4c:	0c 94 46 00 	jmp	0x8c	; 0x8c <__bad_interrupt>
  50:	0c 94 46 00 	jmp	0x8c	; 0x8c <__bad_interrupt>
  54:	0c 94 46 00 	jmp	0x8c	; 0x8c <__bad_interrupt>
  58:	0c 94 46 00 	jmp	0x8c	; 0x8c <__bad_interrupt>
  5c:	0c 94 46 00 	jmp	0x8c	; 0x8c <__bad_interrupt>
  60:	0c 94 46 00 	jmp	0x8c	; 0x8c <__bad_interrupt>
  64:	0c 94 46 00 	jmp	0x8c	; 0x8c <__bad_interrupt>

00000068 <__ctors_end>:
  68:	11 24       	eor	r1, r1
  6a:	1f be       	out	0x3f, r1	; 63
  6c:	cf ef       	ldi	r28, 0xFF	; 255
  6e:	d8 e0       	ldi	r29, 0x08	; 8
  70:	de bf       	out	0x3e, r29	; 62
  72:	cd bf       	out	0x3d, r28	; 61

00000074 <__do_clear_bss>:
  74:	21 e0       	ldi	r18, 0x01	; 1
  76:	a0 e0       	ldi	r26, 0x00	; 0
  78:	b1 e0       	ldi	r27, 0x01	; 1
  7a:	01 c0       	rjmp	.+2      	; 0x7e <.do_clear_bss_start>

0000007c <.do_clear_bss_loop>:
  7c:	1d 92       	st	X+, r1

0000007e <.do_clear_bss_start>:
  7e:	ad 30       	cpi	r26, 0x0D	; 13
  80:	b2 07       	cpc	r27, r18
  82:	e1 f7       	brne	.-8      	; 0x7c <.do_clear_bss_loop>
  84:	0e 94 da 00 	call	0x1b4	; 0x1b4 <main>
  88:	0c 94 4c 01 	jmp	0x298	; 0x298 <_exit>

0000008c <__bad_interrupt>:
  8c:	0c 94 00 00 	jmp	0	; 0x0 <__vectors>

00000090 <_ZL13publishResultv>:
  90:	87 ea       	ldi	r24, 0xA7	; 167
  92:	80 93 00 03 	sts	0x0300, r24	; 0x800300 <__bss_end+0x1f3>
  96:	80 91 00 01 	lds	r24, 0x0100	; 0x800100 <seconds>
  9a:	90 91 01 01 	lds	r25, 0x0101	; 0x800101 <seconds+0x1>
  9e:	a0 91 02 01 	lds	r26, 0x0102	; 0x800102 <seconds+0x2>
  a2:	b0 91 03 01 	lds	r27, 0x0103	; 0x800103 <seconds+0x3>
  a6:	80 93 01 03 	sts	0x0301, r24	; 0x800301 <__bss_end+0x1f4>
  aa:	80 91 00 01 	lds	r24, 0x0100	; 0x800100 <seconds>
  ae:	90 91 01 01 	lds	r25, 0x0101	; 0x800101 <seconds+0x1>
  b2:	a0 91 02 01 	lds	r26, 0x0102	; 0x800102 <seconds+0x2>
  b6:	b0 91 03 01 	lds	r27, 0x0103	; 0x800103 <seconds+0x3>
  ba:	89 2f       	mov	r24, r25
  bc:	9a 2f       	mov	r25, r26
  be:	ab 2f       	mov	r26, r27
  c0:	bb 27       	eor	r27, r27
  c2:	80 93 02 03 	sts	0x0302, r24	; 0x800302 <__bss_end+0x1f5>
  c6:	80 91 b2 00 	lds	r24, 0x00B2	; 0x8000b2 <__DATA_REGION_ORIGIN__+0x52>
  ca:	80 93 03 03 	sts	0x0303, r24	; 0x800303 <__bss_end+0x1f6>
  ce:	8c e5       	ldi	r24, 0x5C	; 92
  d0:	80 93 04 03 	sts	0x0304, r24	; 0x800304 <__bss_end+0x1f7>
  d4:	08 95       	ret

000000d6 <__vector_16>:
  d6:	1f 92       	push	r1
  d8:	0f 92       	push	r0
  da:	0f b6       	in	r0, 0x3f	; 63
  dc:	0f 92       	push	r0
  de:	11 24       	eor	r1, r1
  e0:	2f 93       	push	r18
  e2:	3f 93       	push	r19
  e4:	8f 93       	push	r24
  e6:	9f 93       	push	r25
  e8:	af 93       	push	r26
  ea:	bf 93       	push	r27
  ec:	80 91 09 01 	lds	r24, 0x0109	; 0x800109 <timer0_millis>
  f0:	90 91 0a 01 	lds	r25, 0x010A	; 0x80010a <timer0_millis+0x1>
  f4:	a0 91 0b 01 	lds	r26, 0x010B	; 0x80010b <timer0_millis+0x2>
  f8:	b0 91 0c 01 	lds	r27, 0x010C	; 0x80010c <timer0_millis+0x3>
  fc:	30 91 08 01 	lds	r19, 0x0108	; 0x800108 <timer0_fract>
 100:	23 e0       	ldi	r18, 0x03	; 3
 102:	23 0f       	add	r18, r19
 104:	2d 37       	cpi	r18, 0x7D	; 125
 106:	58 f5       	brcc	.+86     	; 0x15e <__vector_16+0x88>
 108:	01 96       	adiw	r24, 0x01	; 1
 10a:	a1 1d       	adc	r26, r1
 10c:	b1 1d       	adc	r27, r1
 10e:	20 93 08 01 	sts	0x0108, r18	; 0x800108 <timer0_fract>
 112:	80 93 09 01 	sts	0x0109, r24	; 0x800109 <timer0_millis>
 116:	90 93 0a 01 	sts	0x010A, r25	; 0x80010a <timer0_millis+0x1>
 11a:	a0 93 0b 01 	sts	0x010B, r26	; 0x80010b <timer0_millis+0x2>
 11e:	b0 93 0c 01 	sts	0x010C, r27	; 0x80010c <timer0_millis+0x3>
 122:	80 91 04 01 	lds	r24, 0x0104	; 0x800104 <timer0_overflow_count>
 126:	90 91 05 01 	lds	r25, 0x0105	; 0x800105 <timer0_overflow_count+0x1>
 12a:	a0 91 06 01 	lds	r26, 0x0106	; 0x800106 <timer0_overflow_count+0x2>
 12e:	b0 91 07 01 	lds	r27, 0x0107	; 0x800107 <timer0_overflow_count+0x3>
 132:	01 96       	adiw	r24, 0x01	; 1
 134:	a1 1d       	adc	r26, r1
 136:	b1 1d       	adc	r27, r1
 138:	80 93 04 01 	sts	0x0104, r24	; 0x800104 <timer0_overflow_count>
 13c:	90 93 05 01 	sts	0x0105, r25	; 0x800105 <timer0_overflow_count+0x1>
 140:	a0 93 06 01 	sts	0x0106, r26	; 0x800106 <timer0_overflow_count+0x2>
 144:	b0 93 07 01 	sts	0x0107, r27	; 0x800107 <timer0_overflow_count+0x3>
 148:	bf 91       	pop	r27
 14a:	af 91       	pop	r26
 14c:	9f 91       	pop	r25
 14e:	8f 91       	pop	r24
 150:	3f 91       	pop	r19
 152:	2f 91       	pop	r18
 154:	0f 90       	pop	r0
 156:	0f be       	out	0x3f, r0	; 63
 158:	0f 90       	pop	r0
 15a:	1f 90       	pop	r1
 15c:	18 95       	reti
 15e:	26 e8       	ldi	r18, 0x86	; 134
 160:	23 0f       	add	r18, r19
 162:	02 96       	adiw	r24, 0x02	; 2
 164:	a1 1d       	adc	r26, r1
 166:	b1 1d       	adc	r27, r1
 168:	d2 cf       	rjmp	.-92     	; 0x10e <__vector_16+0x38>

0000016a <__vector_9>:
 16a:	1f 92       	push	r1
 16c:	0f 92       	push	r0
 16e:	0f b6       	in	r0, 0x3f	; 63
 170:	0f 92       	push	r0
 172:	11 24       	eor	r1, r1
 174:	8f 93       	push	r24
 176:	9f 93       	push	r25
 178:	af 93       	push	r26
 17a:	bf 93       	push	r27
 17c:	80 91 00 01 	lds	r24, 0x0100	; 0x800100 <seconds>
 180:	90 91 01 01 	lds	r25, 0x0101	; 0x800101 <seconds+0x1>
 184:	a0 91 02 01 	lds	r26, 0x0102	; 0x800102 <seconds+0x2>
 188:	b0 91 03 01 	lds	r27, 0x0103	; 0x800103 <seconds+0x3>
 18c:	01 96       	adiw	r24, 0x01	; 1
 18e:	a1 1d       	adc	r26, r1
 190:	b1 1d       	adc	r27, r1
 192:	80 93 00 01 	sts	0x0100, r24	; 0x800100 <seconds>
 196:	90 93 01 01 	sts	0x0101, r25	; 0x800101 <seconds+0x1>
 19a:	a0 93 02 01 	sts	0x0102, r26	; 0x800102 <seconds+0x2>
 19e:	b0 93 03 01 	sts	0x0103, r27	; 0x800103 <seconds+0x3>
 1a2:	bf 91       	pop	r27
 1a4:	af 91       	pop	r26
 1a6:	9f 91       	pop	r25
 1a8:	8f 91       	pop	r24
 1aa:	0f 90       	pop	r0
 1ac:	0f be       	out	0x3f, r0	; 63
 1ae:	0f 90       	pop	r0
 1b0:	1f 90       	pop	r1
 1b2:	18 95       	reti

000001b4 <main>:
 1b4:	78 94       	sei
 1b6:	84 b5       	in	r24, 0x24	; 36
 1b8:	82 60       	ori	r24, 0x02	; 2
 1ba:	84 bd       	out	0x24, r24	; 36
 1bc:	84 b5       	in	r24, 0x24	; 36
 1be:	81 60       	ori	r24, 0x01	; 1
 1c0:	84 bd       	out	0x24, r24	; 36
 1c2:	85 b5       	in	r24, 0x25	; 37
 1c4:	82 60       	ori	r24, 0x02	; 2
 1c6:	85 bd       	out	0x25, r24	; 37
 1c8:	85 b5       	in	r24, 0x25	; 37
 1ca:	81 60       	ori	r24, 0x01	; 1
 1cc:	85 bd       	out	0x25, r24	; 37
 1ce:	80 91 6e 00 	lds	r24, 0x006E	; 0x80006e <__DATA_REGION_ORIGIN__+0xe>
 1d2:	81 60       	ori	r24, 0x01	; 1
 1d4:	80 93 6e 00 	sts	0x006E, r24	; 0x80006e <__DATA_REGION_ORIGIN__+0xe>
 1d8:	10 92 81 00 	sts	0x0081, r1	; 0x800081 <__DATA_REGION_ORIGIN__+0x21>
 1dc:	80 91 81 00 	lds	r24, 0x0081	; 0x800081 <__DATA_REGION_ORIGIN__+0x21>
 1e0:	82 60       	ori	r24, 0x02	; 2
 1e2:	80 93 81 00 	sts	0x0081, r24	; 0x800081 <__DATA_REGION_ORIGIN__+0x21>
 1e6:	80 91 81 00 	lds	r24, 0x0081	; 0x800081 <__DATA_REGION_ORIGIN__+0x21>
 1ea:	81 60       	ori	r24, 0x01	; 1
 1ec:	80 93 81 00 	sts	0x0081, r24	; 0x800081 <__DATA_REGION_ORIGIN__+0x21>
 1f0:	80 91 80 00 	lds	r24, 0x0080	; 0x800080 <__DATA_REGION_ORIGIN__+0x20>
 1f4:	81 60       	ori	r24, 0x01	; 1
 1f6:	80 93 80 00 	sts	0x0080, r24	; 0x800080 <__DATA_REGION_ORIGIN__+0x20>
 1fa:	80 91 b1 00 	lds	r24, 0x00B1	; 0x8000b1 <__DATA_REGION_ORIGIN__+0x51>
 1fe:	84 60       	ori	r24, 0x04	; 4
 200:	80 93 b1 00 	sts	0x00B1, r24	; 0x8000b1 <__DATA_REGION_ORIGIN__+0x51>
 204:	80 91 b0 00 	lds	r24, 0x00B0	; 0x8000b0 <__DATA_REGION_ORIGIN__+0x50>
 208:	81 60       	ori	r24, 0x01	; 1
 20a:	80 93 b0 00 	sts	0x00B0, r24	; 0x8000b0 <__DATA_REGION_ORIGIN__+0x50>
 20e:	80 91 7a 00 	lds	r24, 0x007A	; 0x80007a <__DATA_REGION_ORIGIN__+0x1a>
 212:	84 60       	ori	r24, 0x04	; 4
 214:	80 93 7a 00 	sts	0x007A, r24	; 0x80007a <__DATA_REGION_ORIGIN__+0x1a>
 218:	80 91 7a 00 	lds	r24, 0x007A	; 0x80007a <__DATA_REGION_ORIGIN__+0x1a>
 21c:	82 60       	ori	r24, 0x02	; 2
 21e:	80 93 7a 00 	sts	0x007A, r24	; 0x80007a <__DATA_REGION_ORIGIN__+0x1a>
 222:	80 91 7a 00 	lds	r24, 0x007A	; 0x80007a <__DATA_REGION_ORIGIN__+0x1a>
 226:	81 60       	ori	r24, 0x01	; 1
 228:	80 93 7a 00 	sts	0x007A, r24	; 0x80007a <__DATA_REGION_ORIGIN__+0x1a>
 22c:	80 91 7a 00 	lds	r24, 0x007A	; 0x80007a <__DATA_REGION_ORIGIN__+0x1a>
 230:	80 68       	ori	r24, 0x80	; 128
 232:	80 93 7a 00 	sts	0x007A, r24	; 0x80007a <__DATA_REGION_ORIGIN__+0x1a>
 236:	10 92 c1 00 	sts	0x00C1, r1	; 0x8000c1 <__DATA_REGION_ORIGIN__+0x61>
 23a:	10 92 00 03 	sts	0x0300, r1	; 0x800300 <__bss_end+0x1f3>
 23e:	10 92 01 03 	sts	0x0301, r1	; 0x800301 <__bss_end+0x1f4>
 242:	10 92 02 03 	sts	0x0302, r1	; 0x800302 <__bss_end+0x1f5>
 246:	10 92 03 03 	sts	0x0303, r1	; 0x800303 <__bss_end+0x1f6>
 24a:	10 92 04 03 	sts	0x0304, r1	; 0x800304 <__bss_end+0x1f7>
 24e:	10 92 05 03 	sts	0x0305, r1	; 0x800305 <__bss_end+0x1f8>
 252:	10 92 06 03 	sts	0x0306, r1	; 0x800306 <__bss_end+0x1f9>
 256:	10 92 07 03 	sts	0x0307, r1	; 0x800307 <__bss_end+0x1fa>
 25a:	f8 94       	cli
 25c:	80 e2       	ldi	r24, 0x20	; 32
 25e:	80 93 b6 00 	sts	0x00B6, r24	; 0x8000b6 <__DATA_REGION_ORIGIN__+0x56>
 262:	10 92 b0 00 	sts	0x00B0, r1	; 0x8000b0 <__DATA_REGION_ORIGIN__+0x50>
 266:	85 e0       	ldi	r24, 0x05	; 5
 268:	80 93 b1 00 	sts	0x00B1, r24	; 0x8000b1 <__DATA_REGION_ORIGIN__+0x51>
 26c:	10 92 b2 00 	sts	0x00B2, r1	; 0x8000b2 <__DATA_REGION_ORIGIN__+0x52>
 270:	80 91 b6 00 	lds	r24, 0x00B6	; 0x8000b6 <__DATA_REGION_ORIGIN__+0x56>
 274:	83 71       	andi	r24, 0x13	; 19
 276:	e1 f7       	brne	.-8      	; 0x270 <main+0xbc>
 278:	81 e0       	ldi	r24, 0x01	; 1
 27a:	87 bb       	out	0x17, r24	; 23
 27c:	80 93 70 00 	sts	0x0070, r24	; 0x800070 <__DATA_REGION_ORIGIN__+0x10>
 280:	78 94       	sei
 282:	0e 94 48 00 	call	0x90	; 0x90 <_ZL13publishResultv>
 286:	c0 e0       	ldi	r28, 0x00	; 0
 288:	d0 e0       	ldi	r29, 0x00	; 0
 28a:	0e 94 48 00 	call	0x90	; 0x90 <_ZL13publishResultv>
 28e:	20 97       	sbiw	r28, 0x00	; 0
 290:	e1 f3       	breq	.-8      	; 0x28a <main+0xd6>
 292:	0e 94 00 00 	call	0	; 0x0 <__vectors>
 296:	f9 cf       	rjmp	.-14     	; 0x28a <main+0xd6>

00000298 <_exit>:
 298:	f8 94       	cli

0000029a <__stop_program>:
 29a:	ff cf       	rjmp	.-2      	; 0x29a <__stop_program>
