
examples\timer2-async-oracle\timer2-async-oracle.elf:     file format elf32-avr


Disassembly of section .text:

00000000 <__vectors>:
   0:	0c 94 34 00 	jmp	0x68	; 0x68 <__ctors_end>
   4:	0c 94 3e 00 	jmp	0x7c	; 0x7c <__bad_interrupt>
   8:	0c 94 3e 00 	jmp	0x7c	; 0x7c <__bad_interrupt>
   c:	0c 94 3e 00 	jmp	0x7c	; 0x7c <__bad_interrupt>
  10:	0c 94 3e 00 	jmp	0x7c	; 0x7c <__bad_interrupt>
  14:	0c 94 3e 00 	jmp	0x7c	; 0x7c <__bad_interrupt>
  18:	0c 94 3e 00 	jmp	0x7c	; 0x7c <__bad_interrupt>
  1c:	0c 94 3e 00 	jmp	0x7c	; 0x7c <__bad_interrupt>
  20:	0c 94 3e 00 	jmp	0x7c	; 0x7c <__bad_interrupt>
  24:	0c 94 3e 00 	jmp	0x7c	; 0x7c <__bad_interrupt>
  28:	0c 94 3e 00 	jmp	0x7c	; 0x7c <__bad_interrupt>
  2c:	0c 94 3e 00 	jmp	0x7c	; 0x7c <__bad_interrupt>
  30:	0c 94 3e 00 	jmp	0x7c	; 0x7c <__bad_interrupt>
  34:	0c 94 3e 00 	jmp	0x7c	; 0x7c <__bad_interrupt>
  38:	0c 94 3e 00 	jmp	0x7c	; 0x7c <__bad_interrupt>
  3c:	0c 94 3e 00 	jmp	0x7c	; 0x7c <__bad_interrupt>
  40:	0c 94 3e 00 	jmp	0x7c	; 0x7c <__bad_interrupt>
  44:	0c 94 3e 00 	jmp	0x7c	; 0x7c <__bad_interrupt>
  48:	0c 94 3e 00 	jmp	0x7c	; 0x7c <__bad_interrupt>
  4c:	0c 94 3e 00 	jmp	0x7c	; 0x7c <__bad_interrupt>
  50:	0c 94 3e 00 	jmp	0x7c	; 0x7c <__bad_interrupt>
  54:	0c 94 3e 00 	jmp	0x7c	; 0x7c <__bad_interrupt>
  58:	0c 94 3e 00 	jmp	0x7c	; 0x7c <__bad_interrupt>
  5c:	0c 94 3e 00 	jmp	0x7c	; 0x7c <__bad_interrupt>
  60:	0c 94 3e 00 	jmp	0x7c	; 0x7c <__bad_interrupt>
  64:	0c 94 3e 00 	jmp	0x7c	; 0x7c <__bad_interrupt>

00000068 <__ctors_end>:
  68:	11 24       	eor	r1, r1
  6a:	1f be       	out	0x3f, r1	; 63
  6c:	cf ef       	ldi	r28, 0xFF	; 255
  6e:	d8 e0       	ldi	r29, 0x08	; 8
  70:	de bf       	out	0x3e, r29	; 62
  72:	cd bf       	out	0x3d, r28	; 61
  74:	0e 94 49 00 	call	0x92	; 0x92 <main>
  78:	0c 94 8e 00 	jmp	0x11c	; 0x11c <_exit>

0000007c <__bad_interrupt>:
  7c:	0c 94 00 00 	jmp	0	; 0x0 <__vectors>

00000080 <wait_timer1_overflows>:
  80:	90 e0       	ldi	r25, 0x00	; 0
  82:	21 e0       	ldi	r18, 0x01	; 1

00000084 <.L2>:
  84:	b0 9b       	sbis	0x16, 0	; 22
  86:	fe cf       	rjmp	.-4      	; 0x84 <.L2>
  88:	26 bb       	out	0x16, r18	; 22
  8a:	9f 5f       	subi	r25, 0xFF	; 255
  8c:	89 13       	cpse	r24, r25
  8e:	fa cf       	rjmp	.-12     	; 0x84 <.L2>
  90:	08 95       	ret

00000092 <main>:
  92:	e0 e0       	ldi	r30, 0x00	; 0
  94:	f3 e0       	ldi	r31, 0x03	; 3

00000096 <.L8>:
  96:	11 92       	st	Z+, r1
  98:	e8 30       	cpi	r30, 0x08	; 8
  9a:	83 e0       	ldi	r24, 0x03	; 3
  9c:	f8 07       	cpc	r31, r24
  9e:	d9 f7       	brne	.-10     	; 0x96 <.L8>
  a0:	87 ea       	ldi	r24, 0xA7	; 167
  a2:	80 93 00 03 	sts	0x0300, r24	; 0x800300 <_end+0x200>
  a6:	80 e2       	ldi	r24, 0x20	; 32
  a8:	80 93 b6 00 	sts	0x00B6, r24	; 0x8000b6 <__TEXT_REGION_LENGTH__+0x7f80b6>
  ac:	10 92 b2 00 	sts	0x00B2, r1	; 0x8000b2 <__TEXT_REGION_LENGTH__+0x7f80b2>
  b0:	8e ef       	ldi	r24, 0xFE	; 254
  b2:	80 93 b3 00 	sts	0x00B3, r24	; 0x8000b3 <__TEXT_REGION_LENGTH__+0x7f80b3>
  b6:	8d ef       	ldi	r24, 0xFD	; 253
  b8:	80 93 b4 00 	sts	0x00B4, r24	; 0x8000b4 <__TEXT_REGION_LENGTH__+0x7f80b4>
  bc:	10 92 b0 00 	sts	0x00B0, r1	; 0x8000b0 <__TEXT_REGION_LENGTH__+0x7f80b0>
  c0:	87 e0       	ldi	r24, 0x07	; 7
  c2:	87 bb       	out	0x17, r24	; 23
  c4:	81 e0       	ldi	r24, 0x01	; 1
  c6:	80 93 b1 00 	sts	0x00B1, r24	; 0x8000b1 <__TEXT_REGION_LENGTH__+0x7f80b1>
  ca:	10 92 80 00 	sts	0x0080, r1	; 0x800080 <__TEXT_REGION_LENGTH__+0x7f8080>
  ce:	10 92 85 00 	sts	0x0085, r1	; 0x800085 <__TEXT_REGION_LENGTH__+0x7f8085>
  d2:	10 92 84 00 	sts	0x0084, r1	; 0x800084 <__TEXT_REGION_LENGTH__+0x7f8084>
  d6:	86 bb       	out	0x16, r24	; 22
  d8:	80 93 81 00 	sts	0x0081, r24	; 0x800081 <__TEXT_REGION_LENGTH__+0x7f8081>
  dc:	0e 94 40 00 	call	0x80	; 0x80 <wait_timer1_overflows>
  e0:	80 91 b2 00 	lds	r24, 0x00B2	; 0x8000b2 <__TEXT_REGION_LENGTH__+0x7f80b2>
  e4:	80 93 01 03 	sts	0x0301, r24	; 0x800301 <_end+0x201>
  e8:	87 b3       	in	r24, 0x17	; 23
  ea:	80 93 02 03 	sts	0x0302, r24	; 0x800302 <_end+0x202>
  ee:	80 91 b6 00 	lds	r24, 0x00B6	; 0x8000b6 <__TEXT_REGION_LENGTH__+0x7f80b6>
  f2:	80 93 03 03 	sts	0x0303, r24	; 0x800303 <_end+0x203>
  f6:	8d e1       	ldi	r24, 0x1D	; 29
  f8:	0e 94 40 00 	call	0x80	; 0x80 <wait_timer1_overflows>
  fc:	80 91 b2 00 	lds	r24, 0x00B2	; 0x8000b2 <__TEXT_REGION_LENGTH__+0x7f80b2>
 100:	80 93 04 03 	sts	0x0304, r24	; 0x800304 <_end+0x204>
 104:	87 b3       	in	r24, 0x17	; 23
 106:	80 93 05 03 	sts	0x0305, r24	; 0x800305 <_end+0x205>
 10a:	80 91 b6 00 	lds	r24, 0x00B6	; 0x8000b6 <__TEXT_REGION_LENGTH__+0x7f80b6>
 10e:	80 93 06 03 	sts	0x0306, r24	; 0x800306 <_end+0x206>
 112:	8c e5       	ldi	r24, 0x5C	; 92
 114:	80 93 07 03 	sts	0x0307, r24	; 0x800307 <_end+0x207>

00000118 <.L9>:
 118:	00 00       	nop
 11a:	fe cf       	rjmp	.-4      	; 0x118 <.L9>

0000011c <_exit>:
 11c:	f8 94       	cli

0000011e <__stop_program>:
 11e:	ff cf       	rjmp	.-2      	; 0x11e <__stop_program>
