
examples\arduino-sensor-format\build\arduino-sensor-format.ino.elf:     file format elf32-avr


Disassembly of section .text:

00000000 <__vectors>:
   0:	0c 94 89 00 	jmp	0x112	; 0x112 <__ctors_end>
   4:	0c 94 b1 00 	jmp	0x162	; 0x162 <__bad_interrupt>
   8:	0c 94 b1 00 	jmp	0x162	; 0x162 <__bad_interrupt>
   c:	0c 94 b1 00 	jmp	0x162	; 0x162 <__bad_interrupt>
  10:	0c 94 b1 00 	jmp	0x162	; 0x162 <__bad_interrupt>
  14:	0c 94 b1 00 	jmp	0x162	; 0x162 <__bad_interrupt>
  18:	0c 94 b1 00 	jmp	0x162	; 0x162 <__bad_interrupt>
  1c:	0c 94 b1 00 	jmp	0x162	; 0x162 <__bad_interrupt>
  20:	0c 94 b1 00 	jmp	0x162	; 0x162 <__bad_interrupt>
  24:	0c 94 b1 00 	jmp	0x162	; 0x162 <__bad_interrupt>
  28:	0c 94 b1 00 	jmp	0x162	; 0x162 <__bad_interrupt>
  2c:	0c 94 b1 00 	jmp	0x162	; 0x162 <__bad_interrupt>
  30:	0c 94 b1 00 	jmp	0x162	; 0x162 <__bad_interrupt>
  34:	0c 94 b1 00 	jmp	0x162	; 0x162 <__bad_interrupt>
  38:	0c 94 b1 00 	jmp	0x162	; 0x162 <__bad_interrupt>
  3c:	0c 94 b1 00 	jmp	0x162	; 0x162 <__bad_interrupt>
  40:	0c 94 f0 02 	jmp	0x5e0	; 0x5e0 <__vector_16>
  44:	0c 94 b1 00 	jmp	0x162	; 0x162 <__bad_interrupt>
  48:	0c 94 60 03 	jmp	0x6c0	; 0x6c0 <__vector_18>
  4c:	0c 94 3a 03 	jmp	0x674	; 0x674 <__vector_19>
  50:	0c 94 b1 00 	jmp	0x162	; 0x162 <__bad_interrupt>
  54:	0c 94 b1 00 	jmp	0x162	; 0x162 <__bad_interrupt>
  58:	0c 94 b1 00 	jmp	0x162	; 0x162 <__bad_interrupt>
  5c:	0c 94 b1 00 	jmp	0x162	; 0x162 <__bad_interrupt>
  60:	0c 94 b1 00 	jmp	0x162	; 0x162 <__bad_interrupt>
  64:	0c 94 b1 00 	jmp	0x162	; 0x162 <__bad_interrupt>

00000068 <_ZZ4loopE3__c_1>:
  68:	2c 73 63 61 6c 65 64 3d 00                          ,scaled=.

00000071 <_ZZ4loopE3__c_0>:
  71:	2c 72 61 77 3d 00                                   ,raw=.

00000077 <_ZZ4loopE3__c>:
  77:	73 61 6d 70 6c 65 3d 00                             sample=.

0000007f <_ZL11calibration>:
  7f:	0c 00 30 00 67 00 a1 00 dc 00 14 01 4b 01 83 01     ..0.g.......K...
  8f:	bc 01 f7 01 2f 02 64 02 9c 02 d1 02 09 03 3f 03     ..../.d.......?.
  9f:	74 03 a4 03 d2 03 ef 03 df 03 ad 03 77 03 40 03     t...........w.@.
  af:	08 03 ca 02 8f 02 52 02 13 02 ce 01 87 01 ff 00     ......R.........

000000bf <digital_pin_to_timer_PGM>:
  bf:	00 00 00 08 00 02 01 00 00 03 04 07 00 00 00 00     ................
  cf:	00 00 00 00                                         ....

000000d3 <port_to_output_PGM>:
  d3:	00 00 00 00 25 00 28 00 2b 00                       ....%.(.+.

000000dd <port_to_mode_PGM>:
  dd:	00 00 00 00 24 00 27 00 2a 00                       ....$.'.*.

000000e7 <digital_pin_to_port_PGM>:
  e7:	04 04 04 04 04 04 04 04 02 02 02 02 02 02 03 03     ................
  f7:	03 03 03 03                                         ....

000000fb <digital_pin_to_bit_mask_PGM>:
  fb:	01 02 04 08 10 20 40 80 01 02 04 08 10 20 01 02     ..... @...... ..
 10b:	04 08 10 20 00                                      ... .

00000110 <__ctors_start>:
 110:	be 04       	cpc	r11, r14

00000112 <__ctors_end>:
 112:	11 24       	eor	r1, r1
 114:	1f be       	out	0x3f, r1	; 63
 116:	cf ef       	ldi	r28, 0xFF	; 255
 118:	d8 e0       	ldi	r29, 0x08	; 8
 11a:	de bf       	out	0x3e, r29	; 62
 11c:	cd bf       	out	0x3d, r28	; 61

0000011e <__do_copy_data>:
 11e:	11 e0       	ldi	r17, 0x01	; 1
 120:	a0 e0       	ldi	r26, 0x00	; 0
 122:	b1 e0       	ldi	r27, 0x01	; 1
 124:	ec e9       	ldi	r30, 0x9C	; 156
 126:	fa e0       	ldi	r31, 0x0A	; 10
 128:	02 c0       	rjmp	.+4      	; 0x12e <__do_copy_data+0x10>
 12a:	05 90       	lpm	r0, Z+
 12c:	0d 92       	st	X+, r0
 12e:	a6 31       	cpi	r26, 0x16	; 22
 130:	b1 07       	cpc	r27, r17
 132:	d9 f7       	brne	.-10     	; 0x12a <__do_copy_data+0xc>

00000134 <__do_clear_bss>:
 134:	21 e0       	ldi	r18, 0x01	; 1
 136:	a6 e1       	ldi	r26, 0x16	; 22
 138:	b1 e0       	ldi	r27, 0x01	; 1
 13a:	01 c0       	rjmp	.+2      	; 0x13e <.do_clear_bss_start>

0000013c <.do_clear_bss_loop>:
 13c:	1d 92       	st	X+, r1

0000013e <.do_clear_bss_start>:
 13e:	a2 3c       	cpi	r26, 0xC2	; 194
 140:	b2 07       	cpc	r27, r18
 142:	e1 f7       	brne	.-8      	; 0x13c <.do_clear_bss_loop>

00000144 <__do_global_ctors>:
 144:	10 e0       	ldi	r17, 0x00	; 0
 146:	c9 e8       	ldi	r28, 0x89	; 137
 148:	d0 e0       	ldi	r29, 0x00	; 0
 14a:	04 c0       	rjmp	.+8      	; 0x154 <__do_global_ctors+0x10>
 14c:	21 97       	sbiw	r28, 0x01	; 1
 14e:	fe 01       	movw	r30, r28
 150:	0e 94 46 05 	call	0xa8c	; 0xa8c <__tablejump2__>
 154:	c8 38       	cpi	r28, 0x88	; 136
 156:	d1 07       	cpc	r29, r17
 158:	c9 f7       	brne	.-14     	; 0x14c <__do_global_ctors+0x8>
 15a:	0e 94 92 03 	call	0x724	; 0x724 <main>
 15e:	0c 94 4c 05 	jmp	0xa98	; 0xa98 <_exit>

00000162 <__bad_interrupt>:
 162:	0c 94 00 00 	jmp	0	; 0x0 <__vectors>

00000166 <pinMode.constprop.16>:
 166:	90 e0       	ldi	r25, 0x00	; 0
 168:	fc 01       	movw	r30, r24
 16a:	e5 50       	subi	r30, 0x05	; 5
 16c:	ff 4f       	sbci	r31, 0xFF	; 255
 16e:	24 91       	lpm	r18, Z
 170:	89 51       	subi	r24, 0x19	; 25
 172:	9f 4f       	sbci	r25, 0xFF	; 255
 174:	fc 01       	movw	r30, r24
 176:	84 91       	lpm	r24, Z
 178:	88 23       	and	r24, r24
 17a:	99 f0       	breq	.+38     	; 0x1a2 <pinMode.constprop.16+0x3c>
 17c:	90 e0       	ldi	r25, 0x00	; 0
 17e:	88 0f       	add	r24, r24
 180:	99 1f       	adc	r25, r25
 182:	fc 01       	movw	r30, r24
 184:	e3 52       	subi	r30, 0x23	; 35
 186:	ff 4f       	sbci	r31, 0xFF	; 255
 188:	a5 91       	lpm	r26, Z+
 18a:	b4 91       	lpm	r27, Z
 18c:	fc 01       	movw	r30, r24
 18e:	ed 52       	subi	r30, 0x2D	; 45
 190:	ff 4f       	sbci	r31, 0xFF	; 255
 192:	85 91       	lpm	r24, Z+
 194:	94 91       	lpm	r25, Z
 196:	8f b7       	in	r24, 0x3f	; 63
 198:	f8 94       	cli
 19a:	ec 91       	ld	r30, X
 19c:	e2 2b       	or	r30, r18
 19e:	ec 93       	st	X, r30
 1a0:	8f bf       	out	0x3f, r24	; 63
 1a2:	08 95       	ret

000001a4 <digitalWrite>:
 1a4:	90 e0       	ldi	r25, 0x00	; 0
 1a6:	fc 01       	movw	r30, r24
 1a8:	e1 54       	subi	r30, 0x41	; 65
 1aa:	ff 4f       	sbci	r31, 0xFF	; 255
 1ac:	24 91       	lpm	r18, Z
 1ae:	fc 01       	movw	r30, r24
 1b0:	e5 50       	subi	r30, 0x05	; 5
 1b2:	ff 4f       	sbci	r31, 0xFF	; 255
 1b4:	34 91       	lpm	r19, Z
 1b6:	fc 01       	movw	r30, r24
 1b8:	e9 51       	subi	r30, 0x19	; 25
 1ba:	ff 4f       	sbci	r31, 0xFF	; 255
 1bc:	e4 91       	lpm	r30, Z
 1be:	ee 23       	and	r30, r30
 1c0:	c9 f0       	breq	.+50     	; 0x1f4 <digitalWrite+0x50>
 1c2:	22 23       	and	r18, r18
 1c4:	39 f0       	breq	.+14     	; 0x1d4 <digitalWrite+0x30>
 1c6:	23 30       	cpi	r18, 0x03	; 3
 1c8:	01 f1       	breq	.+64     	; 0x20a <digitalWrite+0x66>
 1ca:	a8 f4       	brcc	.+42     	; 0x1f6 <digitalWrite+0x52>
 1cc:	21 30       	cpi	r18, 0x01	; 1
 1ce:	19 f1       	breq	.+70     	; 0x216 <digitalWrite+0x72>
 1d0:	22 30       	cpi	r18, 0x02	; 2
 1d2:	29 f1       	breq	.+74     	; 0x21e <digitalWrite+0x7a>
 1d4:	f0 e0       	ldi	r31, 0x00	; 0
 1d6:	ee 0f       	add	r30, r30
 1d8:	ff 1f       	adc	r31, r31
 1da:	ed 52       	subi	r30, 0x2D	; 45
 1dc:	ff 4f       	sbci	r31, 0xFF	; 255
 1de:	a5 91       	lpm	r26, Z+
 1e0:	b4 91       	lpm	r27, Z
 1e2:	8f b7       	in	r24, 0x3f	; 63
 1e4:	f8 94       	cli
 1e6:	ec 91       	ld	r30, X
 1e8:	61 11       	cpse	r22, r1
 1ea:	26 c0       	rjmp	.+76     	; 0x238 <digitalWrite+0x94>
 1ec:	30 95       	com	r19
 1ee:	3e 23       	and	r19, r30
 1f0:	3c 93       	st	X, r19
 1f2:	8f bf       	out	0x3f, r24	; 63
 1f4:	08 95       	ret
 1f6:	27 30       	cpi	r18, 0x07	; 7
 1f8:	a9 f0       	breq	.+42     	; 0x224 <digitalWrite+0x80>
 1fa:	28 30       	cpi	r18, 0x08	; 8
 1fc:	c9 f0       	breq	.+50     	; 0x230 <digitalWrite+0x8c>
 1fe:	24 30       	cpi	r18, 0x04	; 4
 200:	49 f7       	brne	.-46     	; 0x1d4 <digitalWrite+0x30>
 202:	80 91 80 00 	lds	r24, 0x0080	; 0x800080 <__DATA_REGION_ORIGIN__+0x20>
 206:	8f 7d       	andi	r24, 0xDF	; 223
 208:	03 c0       	rjmp	.+6      	; 0x210 <digitalWrite+0x6c>
 20a:	80 91 80 00 	lds	r24, 0x0080	; 0x800080 <__DATA_REGION_ORIGIN__+0x20>
 20e:	8f 77       	andi	r24, 0x7F	; 127
 210:	80 93 80 00 	sts	0x0080, r24	; 0x800080 <__DATA_REGION_ORIGIN__+0x20>
 214:	df cf       	rjmp	.-66     	; 0x1d4 <digitalWrite+0x30>
 216:	84 b5       	in	r24, 0x24	; 36
 218:	8f 77       	andi	r24, 0x7F	; 127
 21a:	84 bd       	out	0x24, r24	; 36
 21c:	db cf       	rjmp	.-74     	; 0x1d4 <digitalWrite+0x30>
 21e:	84 b5       	in	r24, 0x24	; 36
 220:	8f 7d       	andi	r24, 0xDF	; 223
 222:	fb cf       	rjmp	.-10     	; 0x21a <digitalWrite+0x76>
 224:	80 91 b0 00 	lds	r24, 0x00B0	; 0x8000b0 <__DATA_REGION_ORIGIN__+0x50>
 228:	8f 77       	andi	r24, 0x7F	; 127
 22a:	80 93 b0 00 	sts	0x00B0, r24	; 0x8000b0 <__DATA_REGION_ORIGIN__+0x50>
 22e:	d2 cf       	rjmp	.-92     	; 0x1d4 <digitalWrite+0x30>
 230:	80 91 b0 00 	lds	r24, 0x00B0	; 0x8000b0 <__DATA_REGION_ORIGIN__+0x50>
 234:	8f 7d       	andi	r24, 0xDF	; 223
 236:	f9 cf       	rjmp	.-14     	; 0x22a <digitalWrite+0x86>
 238:	3e 2b       	or	r19, r30
 23a:	da cf       	rjmp	.-76     	; 0x1f0 <digitalWrite+0x4c>

0000023c <analogWrite>:
 23c:	1f 93       	push	r17
 23e:	cf 93       	push	r28
 240:	df 93       	push	r29
 242:	18 2f       	mov	r17, r24
 244:	eb 01       	movw	r28, r22
 246:	0e 94 b3 00 	call	0x166	; 0x166 <pinMode.constprop.16>
 24a:	20 97       	sbiw	r28, 0x00	; 0
 24c:	39 f4       	brne	.+14     	; 0x25c <analogWrite+0x20>
 24e:	60 e0       	ldi	r22, 0x00	; 0
 250:	81 2f       	mov	r24, r17
 252:	df 91       	pop	r29
 254:	cf 91       	pop	r28
 256:	1f 91       	pop	r17
 258:	0c 94 d2 00 	jmp	0x1a4	; 0x1a4 <digitalWrite>
 25c:	cf 3f       	cpi	r28, 0xFF	; 255
 25e:	d1 05       	cpc	r29, r1
 260:	11 f4       	brne	.+4      	; 0x266 <analogWrite+0x2a>
 262:	61 e0       	ldi	r22, 0x01	; 1
 264:	f5 cf       	rjmp	.-22     	; 0x250 <analogWrite+0x14>
 266:	e1 2f       	mov	r30, r17
 268:	f0 e0       	ldi	r31, 0x00	; 0
 26a:	e1 54       	subi	r30, 0x41	; 65
 26c:	ff 4f       	sbci	r31, 0xFF	; 255
 26e:	e4 91       	lpm	r30, Z
 270:	e3 30       	cpi	r30, 0x03	; 3
 272:	31 f1       	breq	.+76     	; 0x2c0 <analogWrite+0x84>
 274:	40 f4       	brcc	.+16     	; 0x286 <analogWrite+0x4a>
 276:	e1 30       	cpi	r30, 0x01	; 1
 278:	b1 f0       	breq	.+44     	; 0x2a6 <analogWrite+0x6a>
 27a:	e2 30       	cpi	r30, 0x02	; 2
 27c:	e1 f0       	breq	.+56     	; 0x2b6 <analogWrite+0x7a>
 27e:	c0 38       	cpi	r28, 0x80	; 128
 280:	d1 05       	cpc	r29, r1
 282:	7c f7       	brge	.-34     	; 0x262 <analogWrite+0x26>
 284:	e4 cf       	rjmp	.-56     	; 0x24e <analogWrite+0x12>
 286:	e7 30       	cpi	r30, 0x07	; 7
 288:	29 f1       	breq	.+74     	; 0x2d4 <analogWrite+0x98>
 28a:	e8 30       	cpi	r30, 0x08	; 8
 28c:	59 f1       	breq	.+86     	; 0x2e4 <analogWrite+0xa8>
 28e:	e4 30       	cpi	r30, 0x04	; 4
 290:	b1 f7       	brne	.-20     	; 0x27e <analogWrite+0x42>
 292:	80 91 80 00 	lds	r24, 0x0080	; 0x800080 <__DATA_REGION_ORIGIN__+0x20>
 296:	80 62       	ori	r24, 0x20	; 32
 298:	80 93 80 00 	sts	0x0080, r24	; 0x800080 <__DATA_REGION_ORIGIN__+0x20>
 29c:	d0 93 8b 00 	sts	0x008B, r29	; 0x80008b <__DATA_REGION_ORIGIN__+0x2b>
 2a0:	c0 93 8a 00 	sts	0x008A, r28	; 0x80008a <__DATA_REGION_ORIGIN__+0x2a>
 2a4:	04 c0       	rjmp	.+8      	; 0x2ae <analogWrite+0x72>
 2a6:	84 b5       	in	r24, 0x24	; 36
 2a8:	80 68       	ori	r24, 0x80	; 128
 2aa:	84 bd       	out	0x24, r24	; 36
 2ac:	c7 bd       	out	0x27, r28	; 39
 2ae:	df 91       	pop	r29
 2b0:	cf 91       	pop	r28
 2b2:	1f 91       	pop	r17
 2b4:	08 95       	ret
 2b6:	84 b5       	in	r24, 0x24	; 36
 2b8:	80 62       	ori	r24, 0x20	; 32
 2ba:	84 bd       	out	0x24, r24	; 36
 2bc:	c8 bd       	out	0x28, r28	; 40
 2be:	f7 cf       	rjmp	.-18     	; 0x2ae <analogWrite+0x72>
 2c0:	80 91 80 00 	lds	r24, 0x0080	; 0x800080 <__DATA_REGION_ORIGIN__+0x20>
 2c4:	80 68       	ori	r24, 0x80	; 128
 2c6:	80 93 80 00 	sts	0x0080, r24	; 0x800080 <__DATA_REGION_ORIGIN__+0x20>
 2ca:	d0 93 89 00 	sts	0x0089, r29	; 0x800089 <__DATA_REGION_ORIGIN__+0x29>
 2ce:	c0 93 88 00 	sts	0x0088, r28	; 0x800088 <__DATA_REGION_ORIGIN__+0x28>
 2d2:	ed cf       	rjmp	.-38     	; 0x2ae <analogWrite+0x72>
 2d4:	80 91 b0 00 	lds	r24, 0x00B0	; 0x8000b0 <__DATA_REGION_ORIGIN__+0x50>
 2d8:	80 68       	ori	r24, 0x80	; 128
 2da:	80 93 b0 00 	sts	0x00B0, r24	; 0x8000b0 <__DATA_REGION_ORIGIN__+0x50>
 2de:	c0 93 b3 00 	sts	0x00B3, r28	; 0x8000b3 <__DATA_REGION_ORIGIN__+0x53>
 2e2:	e5 cf       	rjmp	.-54     	; 0x2ae <analogWrite+0x72>
 2e4:	80 91 b0 00 	lds	r24, 0x00B0	; 0x8000b0 <__DATA_REGION_ORIGIN__+0x50>
 2e8:	80 62       	ori	r24, 0x20	; 32
 2ea:	80 93 b0 00 	sts	0x00B0, r24	; 0x8000b0 <__DATA_REGION_ORIGIN__+0x50>
 2ee:	c0 93 b4 00 	sts	0x00B4, r28	; 0x8000b4 <__DATA_REGION_ORIGIN__+0x54>
 2f2:	dd cf       	rjmp	.-70     	; 0x2ae <analogWrite+0x72>

000002f4 <_ZN5Print5writeEPKhj>:
 2f4:	af 92       	push	r10
 2f6:	bf 92       	push	r11
 2f8:	cf 92       	push	r12
 2fa:	df 92       	push	r13
 2fc:	ef 92       	push	r14
 2fe:	ff 92       	push	r15
 300:	0f 93       	push	r16
 302:	1f 93       	push	r17
 304:	cf 93       	push	r28
 306:	df 93       	push	r29
 308:	6c 01       	movw	r12, r24
 30a:	7b 01       	movw	r14, r22
 30c:	8b 01       	movw	r16, r22
 30e:	04 0f       	add	r16, r20
 310:	15 1f       	adc	r17, r21
 312:	eb 01       	movw	r28, r22
 314:	5e 01       	movw	r10, r28
 316:	ae 18       	sub	r10, r14
 318:	bf 08       	sbc	r11, r15
 31a:	c0 17       	cp	r28, r16
 31c:	d1 07       	cpc	r29, r17
 31e:	59 f0       	breq	.+22     	; 0x336 <_ZN5Print5writeEPKhj+0x42>
 320:	69 91       	ld	r22, Y+
 322:	d6 01       	movw	r26, r12
 324:	ed 91       	ld	r30, X+
 326:	fc 91       	ld	r31, X
 328:	01 90       	ld	r0, Z+
 32a:	f0 81       	ld	r31, Z
 32c:	e0 2d       	mov	r30, r0
 32e:	c6 01       	movw	r24, r12
 330:	09 95       	icall
 332:	89 2b       	or	r24, r25
 334:	79 f7       	brne	.-34     	; 0x314 <_ZN5Print5writeEPKhj+0x20>
 336:	c5 01       	movw	r24, r10
 338:	df 91       	pop	r29
 33a:	cf 91       	pop	r28
 33c:	1f 91       	pop	r17
 33e:	0f 91       	pop	r16
 340:	ff 90       	pop	r15
 342:	ef 90       	pop	r14
 344:	df 90       	pop	r13
 346:	cf 90       	pop	r12
 348:	bf 90       	pop	r11
 34a:	af 90       	pop	r10
 34c:	08 95       	ret

0000034e <_ZN14HardwareSerial17availableForWriteEv>:
 34e:	fc 01       	movw	r30, r24
 350:	53 8d       	ldd	r21, Z+27	; 0x1b
 352:	44 8d       	ldd	r20, Z+28	; 0x1c
 354:	25 2f       	mov	r18, r21
 356:	30 e0       	ldi	r19, 0x00	; 0
 358:	84 2f       	mov	r24, r20
 35a:	90 e0       	ldi	r25, 0x00	; 0
 35c:	82 1b       	sub	r24, r18
 35e:	93 0b       	sbc	r25, r19
 360:	54 17       	cp	r21, r20
 362:	10 f0       	brcs	.+4      	; 0x368 <_ZN14HardwareSerial17availableForWriteEv+0x1a>
 364:	cf 96       	adiw	r24, 0x3f	; 63
 366:	08 95       	ret
 368:	01 97       	sbiw	r24, 0x01	; 1
 36a:	08 95       	ret

0000036c <_ZN14HardwareSerial4readEv>:
 36c:	fc 01       	movw	r30, r24
 36e:	91 8d       	ldd	r25, Z+25	; 0x19
 370:	82 8d       	ldd	r24, Z+26	; 0x1a
 372:	98 17       	cp	r25, r24
 374:	61 f0       	breq	.+24     	; 0x38e <_ZN14HardwareSerial4readEv+0x22>
 376:	a2 8d       	ldd	r26, Z+26	; 0x1a
 378:	ae 0f       	add	r26, r30
 37a:	bf 2f       	mov	r27, r31
 37c:	b1 1d       	adc	r27, r1
 37e:	5d 96       	adiw	r26, 0x1d	; 29
 380:	8c 91       	ld	r24, X
 382:	92 8d       	ldd	r25, Z+26	; 0x1a
 384:	9f 5f       	subi	r25, 0xFF	; 255
 386:	9f 73       	andi	r25, 0x3F	; 63
 388:	92 8f       	std	Z+26, r25	; 0x1a
 38a:	90 e0       	ldi	r25, 0x00	; 0
 38c:	08 95       	ret
 38e:	8f ef       	ldi	r24, 0xFF	; 255
 390:	9f ef       	ldi	r25, 0xFF	; 255
 392:	08 95       	ret

00000394 <_ZN14HardwareSerial4peekEv>:
 394:	fc 01       	movw	r30, r24
 396:	91 8d       	ldd	r25, Z+25	; 0x19
 398:	82 8d       	ldd	r24, Z+26	; 0x1a
 39a:	98 17       	cp	r25, r24
 39c:	31 f0       	breq	.+12     	; 0x3aa <_ZN14HardwareSerial4peekEv+0x16>
 39e:	82 8d       	ldd	r24, Z+26	; 0x1a
 3a0:	e8 0f       	add	r30, r24
 3a2:	f1 1d       	adc	r31, r1
 3a4:	85 8d       	ldd	r24, Z+29	; 0x1d
 3a6:	90 e0       	ldi	r25, 0x00	; 0
 3a8:	08 95       	ret
 3aa:	8f ef       	ldi	r24, 0xFF	; 255
 3ac:	9f ef       	ldi	r25, 0xFF	; 255
 3ae:	08 95       	ret

000003b0 <_ZN14HardwareSerial9availableEv>:
 3b0:	fc 01       	movw	r30, r24
 3b2:	91 8d       	ldd	r25, Z+25	; 0x19
 3b4:	22 8d       	ldd	r18, Z+26	; 0x1a
 3b6:	89 2f       	mov	r24, r25
 3b8:	90 e0       	ldi	r25, 0x00	; 0
 3ba:	80 5c       	subi	r24, 0xC0	; 192
 3bc:	9f 4f       	sbci	r25, 0xFF	; 255
 3be:	82 1b       	sub	r24, r18
 3c0:	91 09       	sbc	r25, r1
 3c2:	8f 73       	andi	r24, 0x3F	; 63
 3c4:	99 27       	eor	r25, r25
 3c6:	08 95       	ret

000003c8 <_Z17Serial0_availablev>:
 3c8:	85 e2       	ldi	r24, 0x25	; 37
 3ca:	91 e0       	ldi	r25, 0x01	; 1
 3cc:	0e 94 d8 01 	call	0x3b0	; 0x3b0 <_ZN14HardwareSerial9availableEv>
 3d0:	21 e0       	ldi	r18, 0x01	; 1
 3d2:	89 2b       	or	r24, r25
 3d4:	09 f4       	brne	.+2      	; 0x3d8 <_Z17Serial0_availablev+0x10>
 3d6:	20 e0       	ldi	r18, 0x00	; 0
 3d8:	82 2f       	mov	r24, r18
 3da:	08 95       	ret

000003dc <_Z14serialEventRunv>:
 3dc:	80 e0       	ldi	r24, 0x00	; 0
 3de:	90 e0       	ldi	r25, 0x00	; 0
 3e0:	89 2b       	or	r24, r25
 3e2:	29 f0       	breq	.+10     	; 0x3ee <_Z14serialEventRunv+0x12>
 3e4:	0e 94 e4 01 	call	0x3c8	; 0x3c8 <_Z17Serial0_availablev>
 3e8:	81 11       	cpse	r24, r1
 3ea:	0c 94 00 00 	jmp	0	; 0x0 <__vectors>
 3ee:	08 95       	ret

000003f0 <_ZN14HardwareSerial17_tx_udr_empty_irqEv>:
 3f0:	fc 01       	movw	r30, r24
 3f2:	a4 8d       	ldd	r26, Z+28	; 0x1c
 3f4:	a8 0f       	add	r26, r24
 3f6:	b9 2f       	mov	r27, r25
 3f8:	b1 1d       	adc	r27, r1
 3fa:	a3 5a       	subi	r26, 0xA3	; 163
 3fc:	bf 4f       	sbci	r27, 0xFF	; 255
 3fe:	2c 91       	ld	r18, X
 400:	84 8d       	ldd	r24, Z+28	; 0x1c
 402:	90 e0       	ldi	r25, 0x00	; 0
 404:	01 96       	adiw	r24, 0x01	; 1
 406:	8f 73       	andi	r24, 0x3F	; 63
 408:	99 27       	eor	r25, r25
 40a:	84 8f       	std	Z+28, r24	; 0x1c
 40c:	a6 89       	ldd	r26, Z+22	; 0x16
 40e:	b7 89       	ldd	r27, Z+23	; 0x17
 410:	2c 93       	st	X, r18
 412:	a0 89       	ldd	r26, Z+16	; 0x10
 414:	b1 89       	ldd	r27, Z+17	; 0x11
 416:	8c 91       	ld	r24, X
 418:	83 70       	andi	r24, 0x03	; 3
 41a:	80 64       	ori	r24, 0x40	; 64
 41c:	8c 93       	st	X, r24
 41e:	93 8d       	ldd	r25, Z+27	; 0x1b
 420:	84 8d       	ldd	r24, Z+28	; 0x1c
 422:	98 13       	cpse	r25, r24
 424:	06 c0       	rjmp	.+12     	; 0x432 <__LOCK_REGION_LENGTH__+0x32>
 426:	02 88       	ldd	r0, Z+18	; 0x12
 428:	f3 89       	ldd	r31, Z+19	; 0x13
 42a:	e0 2d       	mov	r30, r0
 42c:	80 81       	ld	r24, Z
 42e:	8f 7d       	andi	r24, 0xDF	; 223
 430:	80 83       	st	Z, r24
 432:	08 95       	ret

00000434 <_ZN14HardwareSerial5writeEh>:
 434:	ef 92       	push	r14
 436:	ff 92       	push	r15
 438:	0f 93       	push	r16
 43a:	1f 93       	push	r17
 43c:	cf 93       	push	r28
 43e:	df 93       	push	r29
 440:	ec 01       	movw	r28, r24
 442:	81 e0       	ldi	r24, 0x01	; 1
 444:	88 8f       	std	Y+24, r24	; 0x18
 446:	9b 8d       	ldd	r25, Y+27	; 0x1b
 448:	8c 8d       	ldd	r24, Y+28	; 0x1c
 44a:	98 13       	cpse	r25, r24
 44c:	1a c0       	rjmp	.+52     	; 0x482 <_ZN14HardwareSerial5writeEh+0x4e>
 44e:	e8 89       	ldd	r30, Y+16	; 0x10
 450:	f9 89       	ldd	r31, Y+17	; 0x11
 452:	80 81       	ld	r24, Z
 454:	85 ff       	sbrs	r24, 5
 456:	15 c0       	rjmp	.+42     	; 0x482 <_ZN14HardwareSerial5writeEh+0x4e>
 458:	9f b7       	in	r25, 0x3f	; 63
 45a:	f8 94       	cli
 45c:	ee 89       	ldd	r30, Y+22	; 0x16
 45e:	ff 89       	ldd	r31, Y+23	; 0x17
 460:	60 83       	st	Z, r22
 462:	e8 89       	ldd	r30, Y+16	; 0x10
 464:	f9 89       	ldd	r31, Y+17	; 0x11
 466:	80 81       	ld	r24, Z
 468:	83 70       	andi	r24, 0x03	; 3
 46a:	80 64       	ori	r24, 0x40	; 64
 46c:	80 83       	st	Z, r24
 46e:	9f bf       	out	0x3f, r25	; 63
 470:	81 e0       	ldi	r24, 0x01	; 1
 472:	90 e0       	ldi	r25, 0x00	; 0
 474:	df 91       	pop	r29
 476:	cf 91       	pop	r28
 478:	1f 91       	pop	r17
 47a:	0f 91       	pop	r16
 47c:	ff 90       	pop	r15
 47e:	ef 90       	pop	r14
 480:	08 95       	ret
 482:	f6 2e       	mov	r15, r22
 484:	0b 8d       	ldd	r16, Y+27	; 0x1b
 486:	10 e0       	ldi	r17, 0x00	; 0
 488:	0f 5f       	subi	r16, 0xFF	; 255
 48a:	1f 4f       	sbci	r17, 0xFF	; 255
 48c:	0f 73       	andi	r16, 0x3F	; 63
 48e:	11 27       	eor	r17, r17
 490:	e0 2e       	mov	r14, r16
 492:	8c 8d       	ldd	r24, Y+28	; 0x1c
 494:	8e 11       	cpse	r24, r14
 496:	0c c0       	rjmp	.+24     	; 0x4b0 <_ZN14HardwareSerial5writeEh+0x7c>
 498:	0f b6       	in	r0, 0x3f	; 63
 49a:	07 fc       	sbrc	r0, 7
 49c:	fa cf       	rjmp	.-12     	; 0x492 <_ZN14HardwareSerial5writeEh+0x5e>
 49e:	e8 89       	ldd	r30, Y+16	; 0x10
 4a0:	f9 89       	ldd	r31, Y+17	; 0x11
 4a2:	80 81       	ld	r24, Z
 4a4:	85 ff       	sbrs	r24, 5
 4a6:	f5 cf       	rjmp	.-22     	; 0x492 <_ZN14HardwareSerial5writeEh+0x5e>
 4a8:	ce 01       	movw	r24, r28
 4aa:	0e 94 f8 01 	call	0x3f0	; 0x3f0 <_ZN14HardwareSerial17_tx_udr_empty_irqEv>
 4ae:	f1 cf       	rjmp	.-30     	; 0x492 <_ZN14HardwareSerial5writeEh+0x5e>
 4b0:	eb 8d       	ldd	r30, Y+27	; 0x1b
 4b2:	ec 0f       	add	r30, r28
 4b4:	fd 2f       	mov	r31, r29
 4b6:	f1 1d       	adc	r31, r1
 4b8:	e3 5a       	subi	r30, 0xA3	; 163
 4ba:	ff 4f       	sbci	r31, 0xFF	; 255
 4bc:	f0 82       	st	Z, r15
 4be:	9f b7       	in	r25, 0x3f	; 63
 4c0:	f8 94       	cli
 4c2:	0b 8f       	std	Y+27, r16	; 0x1b
 4c4:	ea 89       	ldd	r30, Y+18	; 0x12
 4c6:	fb 89       	ldd	r31, Y+19	; 0x13
 4c8:	80 81       	ld	r24, Z
 4ca:	80 62       	ori	r24, 0x20	; 32
 4cc:	cf cf       	rjmp	.-98     	; 0x46c <_ZN14HardwareSerial5writeEh+0x38>

000004ce <_ZN5Print5printEPK19__FlashStringHelper.constprop.7>:
 4ce:	0f 93       	push	r16
 4d0:	1f 93       	push	r17
 4d2:	cf 93       	push	r28
 4d4:	df 93       	push	r29
 4d6:	8c 01       	movw	r16, r24
 4d8:	d0 e0       	ldi	r29, 0x00	; 0
 4da:	c0 e0       	ldi	r28, 0x00	; 0
 4dc:	f8 01       	movw	r30, r16
 4de:	ec 0f       	add	r30, r28
 4e0:	fd 1f       	adc	r31, r29
 4e2:	64 91       	lpm	r22, Z
 4e4:	66 23       	and	r22, r22
 4e6:	41 f0       	breq	.+16     	; 0x4f8 <_ZN5Print5printEPK19__FlashStringHelper.constprop.7+0x2a>
 4e8:	85 e2       	ldi	r24, 0x25	; 37
 4ea:	91 e0       	ldi	r25, 0x01	; 1
 4ec:	0e 94 1a 02 	call	0x434	; 0x434 <_ZN14HardwareSerial5writeEh>
 4f0:	89 2b       	or	r24, r25
 4f2:	11 f0       	breq	.+4      	; 0x4f8 <_ZN5Print5printEPK19__FlashStringHelper.constprop.7+0x2a>
 4f4:	21 96       	adiw	r28, 0x01	; 1
 4f6:	f2 cf       	rjmp	.-28     	; 0x4dc <_ZN5Print5printEPK19__FlashStringHelper.constprop.7+0xe>
 4f8:	ce 01       	movw	r24, r28
 4fa:	df 91       	pop	r29
 4fc:	cf 91       	pop	r28
 4fe:	1f 91       	pop	r17
 500:	0f 91       	pop	r16
 502:	08 95       	ret

00000504 <_ZN14HardwareSerial5flushEv>:
 504:	cf 93       	push	r28
 506:	df 93       	push	r29
 508:	ec 01       	movw	r28, r24
 50a:	88 8d       	ldd	r24, Y+24	; 0x18
 50c:	88 23       	and	r24, r24
 50e:	b9 f0       	breq	.+46     	; 0x53e <_ZN14HardwareSerial5flushEv+0x3a>
 510:	aa 89       	ldd	r26, Y+18	; 0x12
 512:	bb 89       	ldd	r27, Y+19	; 0x13
 514:	e8 89       	ldd	r30, Y+16	; 0x10
 516:	f9 89       	ldd	r31, Y+17	; 0x11
 518:	8c 91       	ld	r24, X
 51a:	85 fd       	sbrc	r24, 5
 51c:	03 c0       	rjmp	.+6      	; 0x524 <_ZN14HardwareSerial5flushEv+0x20>
 51e:	80 81       	ld	r24, Z
 520:	86 fd       	sbrc	r24, 6
 522:	0d c0       	rjmp	.+26     	; 0x53e <_ZN14HardwareSerial5flushEv+0x3a>
 524:	0f b6       	in	r0, 0x3f	; 63
 526:	07 fc       	sbrc	r0, 7
 528:	f7 cf       	rjmp	.-18     	; 0x518 <_ZN14HardwareSerial5flushEv+0x14>
 52a:	8c 91       	ld	r24, X
 52c:	85 ff       	sbrs	r24, 5
 52e:	f2 cf       	rjmp	.-28     	; 0x514 <_ZN14HardwareSerial5flushEv+0x10>
 530:	80 81       	ld	r24, Z
 532:	85 ff       	sbrs	r24, 5
 534:	ed cf       	rjmp	.-38     	; 0x510 <_ZN14HardwareSerial5flushEv+0xc>
 536:	ce 01       	movw	r24, r28
 538:	0e 94 f8 01 	call	0x3f0	; 0x3f0 <_ZN14HardwareSerial17_tx_udr_empty_irqEv>
 53c:	e9 cf       	rjmp	.-46     	; 0x510 <_ZN14HardwareSerial5flushEv+0xc>
 53e:	df 91       	pop	r29
 540:	cf 91       	pop	r28
 542:	08 95       	ret

00000544 <_ZN5Print11printNumberEmh.constprop.12>:
 544:	8f 92       	push	r8
 546:	9f 92       	push	r9
 548:	af 92       	push	r10
 54a:	bf 92       	push	r11
 54c:	0f 93       	push	r16
 54e:	1f 93       	push	r17
 550:	cf 93       	push	r28
 552:	df 93       	push	r29
 554:	cd b7       	in	r28, 0x3d	; 61
 556:	de b7       	in	r29, 0x3e	; 62
 558:	a1 97       	sbiw	r28, 0x21	; 33
 55a:	0f b6       	in	r0, 0x3f	; 63
 55c:	f8 94       	cli
 55e:	de bf       	out	0x3e, r29	; 62
 560:	0f be       	out	0x3f, r0	; 63
 562:	cd bf       	out	0x3d, r28	; 61
 564:	19 a2       	std	Y+33, r1	; 0x21
 566:	42 30       	cpi	r20, 0x02	; 2
 568:	08 f4       	brcc	.+2      	; 0x56c <_ZN5Print11printNumberEmh.constprop.12+0x28>
 56a:	4a e0       	ldi	r20, 0x0A	; 10
 56c:	8e 01       	movw	r16, r28
 56e:	0f 5d       	subi	r16, 0xDF	; 223
 570:	1f 4f       	sbci	r17, 0xFF	; 255
 572:	84 2e       	mov	r8, r20
 574:	91 2c       	mov	r9, r1
 576:	b1 2c       	mov	r11, r1
 578:	a1 2c       	mov	r10, r1
 57a:	a5 01       	movw	r20, r10
 57c:	94 01       	movw	r18, r8
 57e:	0e 94 15 05 	call	0xa2a	; 0xa2a <__udivmodsi4>
 582:	e6 2f       	mov	r30, r22
 584:	b9 01       	movw	r22, r18
 586:	ca 01       	movw	r24, r20
 588:	ea 30       	cpi	r30, 0x0A	; 10
 58a:	44 f5       	brge	.+80     	; 0x5dc <_ZN5Print11printNumberEmh.constprop.12+0x98>
 58c:	e0 5d       	subi	r30, 0xD0	; 208
 58e:	d8 01       	movw	r26, r16
 590:	ee 93       	st	-X, r30
 592:	8d 01       	movw	r16, r26
 594:	23 2b       	or	r18, r19
 596:	24 2b       	or	r18, r20
 598:	25 2b       	or	r18, r21
 59a:	79 f7       	brne	.-34     	; 0x57a <_ZN5Print11printNumberEmh.constprop.12+0x36>
 59c:	90 e0       	ldi	r25, 0x00	; 0
 59e:	80 e0       	ldi	r24, 0x00	; 0
 5a0:	10 97       	sbiw	r26, 0x00	; 0
 5a2:	69 f0       	breq	.+26     	; 0x5be <_ZN5Print11printNumberEmh.constprop.12+0x7a>
 5a4:	fd 01       	movw	r30, r26
 5a6:	01 90       	ld	r0, Z+
 5a8:	00 20       	and	r0, r0
 5aa:	e9 f7       	brne	.-6      	; 0x5a6 <_ZN5Print11printNumberEmh.constprop.12+0x62>
 5ac:	31 97       	sbiw	r30, 0x01	; 1
 5ae:	af 01       	movw	r20, r30
 5b0:	4a 1b       	sub	r20, r26
 5b2:	5b 0b       	sbc	r21, r27
 5b4:	bd 01       	movw	r22, r26
 5b6:	85 e2       	ldi	r24, 0x25	; 37
 5b8:	91 e0       	ldi	r25, 0x01	; 1
 5ba:	0e 94 7a 01 	call	0x2f4	; 0x2f4 <_ZN5Print5writeEPKhj>
 5be:	a1 96       	adiw	r28, 0x21	; 33
 5c0:	0f b6       	in	r0, 0x3f	; 63
 5c2:	f8 94       	cli
 5c4:	de bf       	out	0x3e, r29	; 62
 5c6:	0f be       	out	0x3f, r0	; 63
 5c8:	cd bf       	out	0x3d, r28	; 61
 5ca:	df 91       	pop	r29
 5cc:	cf 91       	pop	r28
 5ce:	1f 91       	pop	r17
 5d0:	0f 91       	pop	r16
 5d2:	bf 90       	pop	r11
 5d4:	af 90       	pop	r10
 5d6:	9f 90       	pop	r9
 5d8:	8f 90       	pop	r8
 5da:	08 95       	ret
 5dc:	e9 5c       	subi	r30, 0xC9	; 201
 5de:	d7 cf       	rjmp	.-82     	; 0x58e <_ZN5Print11printNumberEmh.constprop.12+0x4a>

000005e0 <__vector_16>:
 5e0:	1f 92       	push	r1
 5e2:	0f 92       	push	r0
 5e4:	0f b6       	in	r0, 0x3f	; 63
 5e6:	0f 92       	push	r0
 5e8:	11 24       	eor	r1, r1
 5ea:	2f 93       	push	r18
 5ec:	3f 93       	push	r19
 5ee:	8f 93       	push	r24
 5f0:	9f 93       	push	r25
 5f2:	af 93       	push	r26
 5f4:	bf 93       	push	r27
 5f6:	80 91 21 01 	lds	r24, 0x0121	; 0x800121 <timer0_millis>
 5fa:	90 91 22 01 	lds	r25, 0x0122	; 0x800122 <timer0_millis+0x1>
 5fe:	a0 91 23 01 	lds	r26, 0x0123	; 0x800123 <timer0_millis+0x2>
 602:	b0 91 24 01 	lds	r27, 0x0124	; 0x800124 <timer0_millis+0x3>
 606:	30 91 20 01 	lds	r19, 0x0120	; 0x800120 <timer0_fract>
 60a:	23 e0       	ldi	r18, 0x03	; 3
 60c:	23 0f       	add	r18, r19
 60e:	2d 37       	cpi	r18, 0x7D	; 125
 610:	58 f5       	brcc	.+86     	; 0x668 <__vector_16+0x88>
 612:	01 96       	adiw	r24, 0x01	; 1
 614:	a1 1d       	adc	r26, r1
 616:	b1 1d       	adc	r27, r1
 618:	20 93 20 01 	sts	0x0120, r18	; 0x800120 <timer0_fract>
 61c:	80 93 21 01 	sts	0x0121, r24	; 0x800121 <timer0_millis>
 620:	90 93 22 01 	sts	0x0122, r25	; 0x800122 <timer0_millis+0x1>
 624:	a0 93 23 01 	sts	0x0123, r26	; 0x800123 <timer0_millis+0x2>
 628:	b0 93 24 01 	sts	0x0124, r27	; 0x800124 <timer0_millis+0x3>
 62c:	80 91 1c 01 	lds	r24, 0x011C	; 0x80011c <timer0_overflow_count>
 630:	90 91 1d 01 	lds	r25, 0x011D	; 0x80011d <timer0_overflow_count+0x1>
 634:	a0 91 1e 01 	lds	r26, 0x011E	; 0x80011e <timer0_overflow_count+0x2>
 638:	b0 91 1f 01 	lds	r27, 0x011F	; 0x80011f <timer0_overflow_count+0x3>
 63c:	01 96       	adiw	r24, 0x01	; 1
 63e:	a1 1d       	adc	r26, r1
 640:	b1 1d       	adc	r27, r1
 642:	80 93 1c 01 	sts	0x011C, r24	; 0x80011c <timer0_overflow_count>
 646:	90 93 1d 01 	sts	0x011D, r25	; 0x80011d <timer0_overflow_count+0x1>
 64a:	a0 93 1e 01 	sts	0x011E, r26	; 0x80011e <timer0_overflow_count+0x2>
 64e:	b0 93 1f 01 	sts	0x011F, r27	; 0x80011f <timer0_overflow_count+0x3>
 652:	bf 91       	pop	r27
 654:	af 91       	pop	r26
 656:	9f 91       	pop	r25
 658:	8f 91       	pop	r24
 65a:	3f 91       	pop	r19
 65c:	2f 91       	pop	r18
 65e:	0f 90       	pop	r0
 660:	0f be       	out	0x3f, r0	; 63
 662:	0f 90       	pop	r0
 664:	1f 90       	pop	r1
 666:	18 95       	reti
 668:	26 e8       	ldi	r18, 0x86	; 134
 66a:	23 0f       	add	r18, r19
 66c:	02 96       	adiw	r24, 0x02	; 2
 66e:	a1 1d       	adc	r26, r1
 670:	b1 1d       	adc	r27, r1
 672:	d2 cf       	rjmp	.-92     	; 0x618 <__vector_16+0x38>

00000674 <__vector_19>:
 674:	1f 92       	push	r1
 676:	0f 92       	push	r0
 678:	0f b6       	in	r0, 0x3f	; 63
 67a:	0f 92       	push	r0
 67c:	11 24       	eor	r1, r1
 67e:	2f 93       	push	r18
 680:	3f 93       	push	r19
 682:	4f 93       	push	r20
 684:	5f 93       	push	r21
 686:	6f 93       	push	r22
 688:	7f 93       	push	r23
 68a:	8f 93       	push	r24
 68c:	9f 93       	push	r25
 68e:	af 93       	push	r26
 690:	bf 93       	push	r27
 692:	ef 93       	push	r30
 694:	ff 93       	push	r31
 696:	85 e2       	ldi	r24, 0x25	; 37
 698:	91 e0       	ldi	r25, 0x01	; 1
 69a:	0e 94 f8 01 	call	0x3f0	; 0x3f0 <_ZN14HardwareSerial17_tx_udr_empty_irqEv>
 69e:	ff 91       	pop	r31
 6a0:	ef 91       	pop	r30
 6a2:	bf 91       	pop	r27
 6a4:	af 91       	pop	r26
 6a6:	9f 91       	pop	r25
 6a8:	8f 91       	pop	r24
 6aa:	7f 91       	pop	r23
 6ac:	6f 91       	pop	r22
 6ae:	5f 91       	pop	r21
 6b0:	4f 91       	pop	r20
 6b2:	3f 91       	pop	r19
 6b4:	2f 91       	pop	r18
 6b6:	0f 90       	pop	r0
 6b8:	0f be       	out	0x3f, r0	; 63
 6ba:	0f 90       	pop	r0
 6bc:	1f 90       	pop	r1
 6be:	18 95       	reti

000006c0 <__vector_18>:
 6c0:	1f 92       	push	r1
 6c2:	0f 92       	push	r0
 6c4:	0f b6       	in	r0, 0x3f	; 63
 6c6:	0f 92       	push	r0
 6c8:	11 24       	eor	r1, r1
 6ca:	2f 93       	push	r18
 6cc:	8f 93       	push	r24
 6ce:	9f 93       	push	r25
 6d0:	ef 93       	push	r30
 6d2:	ff 93       	push	r31
 6d4:	e0 91 35 01 	lds	r30, 0x0135	; 0x800135 <Serial+0x10>
 6d8:	f0 91 36 01 	lds	r31, 0x0136	; 0x800136 <Serial+0x11>
 6dc:	80 81       	ld	r24, Z
 6de:	e0 91 3b 01 	lds	r30, 0x013B	; 0x80013b <Serial+0x16>
 6e2:	f0 91 3c 01 	lds	r31, 0x013C	; 0x80013c <Serial+0x17>
 6e6:	82 fd       	sbrc	r24, 2
 6e8:	1b c0       	rjmp	.+54     	; 0x720 <__vector_18+0x60>
 6ea:	90 81       	ld	r25, Z
 6ec:	80 91 3e 01 	lds	r24, 0x013E	; 0x80013e <Serial+0x19>
 6f0:	8f 5f       	subi	r24, 0xFF	; 255
 6f2:	8f 73       	andi	r24, 0x3F	; 63
 6f4:	20 91 3f 01 	lds	r18, 0x013F	; 0x80013f <Serial+0x1a>
 6f8:	82 17       	cp	r24, r18
 6fa:	41 f0       	breq	.+16     	; 0x70c <__vector_18+0x4c>
 6fc:	e0 91 3e 01 	lds	r30, 0x013E	; 0x80013e <Serial+0x19>
 700:	f0 e0       	ldi	r31, 0x00	; 0
 702:	eb 5d       	subi	r30, 0xDB	; 219
 704:	fe 4f       	sbci	r31, 0xFE	; 254
 706:	95 8f       	std	Z+29, r25	; 0x1d
 708:	80 93 3e 01 	sts	0x013E, r24	; 0x80013e <Serial+0x19>
 70c:	ff 91       	pop	r31
 70e:	ef 91       	pop	r30
 710:	9f 91       	pop	r25
 712:	8f 91       	pop	r24
 714:	2f 91       	pop	r18
 716:	0f 90       	pop	r0
 718:	0f be       	out	0x3f, r0	; 63
 71a:	0f 90       	pop	r0
 71c:	1f 90       	pop	r1
 71e:	18 95       	reti
 720:	80 81       	ld	r24, Z
 722:	f4 cf       	rjmp	.-24     	; 0x70c <__vector_18+0x4c>

00000724 <main>:
 724:	78 94       	sei
 726:	84 b5       	in	r24, 0x24	; 36
 728:	82 60       	ori	r24, 0x02	; 2
 72a:	84 bd       	out	0x24, r24	; 36
 72c:	84 b5       	in	r24, 0x24	; 36
 72e:	81 60       	ori	r24, 0x01	; 1
 730:	84 bd       	out	0x24, r24	; 36
 732:	85 b5       	in	r24, 0x25	; 37
 734:	82 60       	ori	r24, 0x02	; 2
 736:	85 bd       	out	0x25, r24	; 37
 738:	85 b5       	in	r24, 0x25	; 37
 73a:	81 60       	ori	r24, 0x01	; 1
 73c:	85 bd       	out	0x25, r24	; 37
 73e:	80 91 6e 00 	lds	r24, 0x006E	; 0x80006e <__DATA_REGION_ORIGIN__+0xe>
 742:	81 60       	ori	r24, 0x01	; 1
 744:	80 93 6e 00 	sts	0x006E, r24	; 0x80006e <__DATA_REGION_ORIGIN__+0xe>
 748:	10 92 81 00 	sts	0x0081, r1	; 0x800081 <__DATA_REGION_ORIGIN__+0x21>
 74c:	80 91 81 00 	lds	r24, 0x0081	; 0x800081 <__DATA_REGION_ORIGIN__+0x21>
 750:	82 60       	ori	r24, 0x02	; 2
 752:	80 93 81 00 	sts	0x0081, r24	; 0x800081 <__DATA_REGION_ORIGIN__+0x21>
 756:	80 91 81 00 	lds	r24, 0x0081	; 0x800081 <__DATA_REGION_ORIGIN__+0x21>
 75a:	81 60       	ori	r24, 0x01	; 1
 75c:	80 93 81 00 	sts	0x0081, r24	; 0x800081 <__DATA_REGION_ORIGIN__+0x21>
 760:	80 91 80 00 	lds	r24, 0x0080	; 0x800080 <__DATA_REGION_ORIGIN__+0x20>
 764:	81 60       	ori	r24, 0x01	; 1
 766:	80 93 80 00 	sts	0x0080, r24	; 0x800080 <__DATA_REGION_ORIGIN__+0x20>
 76a:	80 91 b1 00 	lds	r24, 0x00B1	; 0x8000b1 <__DATA_REGION_ORIGIN__+0x51>
 76e:	84 60       	ori	r24, 0x04	; 4
 770:	80 93 b1 00 	sts	0x00B1, r24	; 0x8000b1 <__DATA_REGION_ORIGIN__+0x51>
 774:	80 91 b0 00 	lds	r24, 0x00B0	; 0x8000b0 <__DATA_REGION_ORIGIN__+0x50>
 778:	81 60       	ori	r24, 0x01	; 1
 77a:	80 93 b0 00 	sts	0x00B0, r24	; 0x8000b0 <__DATA_REGION_ORIGIN__+0x50>
 77e:	80 91 7a 00 	lds	r24, 0x007A	; 0x80007a <__DATA_REGION_ORIGIN__+0x1a>
 782:	84 60       	ori	r24, 0x04	; 4
 784:	80 93 7a 00 	sts	0x007A, r24	; 0x80007a <__DATA_REGION_ORIGIN__+0x1a>
 788:	80 91 7a 00 	lds	r24, 0x007A	; 0x80007a <__DATA_REGION_ORIGIN__+0x1a>
 78c:	82 60       	ori	r24, 0x02	; 2
 78e:	80 93 7a 00 	sts	0x007A, r24	; 0x80007a <__DATA_REGION_ORIGIN__+0x1a>
 792:	80 91 7a 00 	lds	r24, 0x007A	; 0x80007a <__DATA_REGION_ORIGIN__+0x1a>
 796:	81 60       	ori	r24, 0x01	; 1
 798:	80 93 7a 00 	sts	0x007A, r24	; 0x80007a <__DATA_REGION_ORIGIN__+0x1a>
 79c:	80 91 7a 00 	lds	r24, 0x007A	; 0x80007a <__DATA_REGION_ORIGIN__+0x1a>
 7a0:	80 68       	ori	r24, 0x80	; 128
 7a2:	80 93 7a 00 	sts	0x007A, r24	; 0x80007a <__DATA_REGION_ORIGIN__+0x1a>
 7a6:	10 92 c1 00 	sts	0x00C1, r1	; 0x8000c1 <__DATA_REGION_ORIGIN__+0x61>
 7aa:	e0 91 35 01 	lds	r30, 0x0135	; 0x800135 <Serial+0x10>
 7ae:	f0 91 36 01 	lds	r31, 0x0136	; 0x800136 <Serial+0x11>
 7b2:	82 e0       	ldi	r24, 0x02	; 2
 7b4:	80 83       	st	Z, r24
 7b6:	e0 91 31 01 	lds	r30, 0x0131	; 0x800131 <Serial+0xc>
 7ba:	f0 91 32 01 	lds	r31, 0x0132	; 0x800132 <Serial+0xd>
 7be:	10 82       	st	Z, r1
 7c0:	e0 91 33 01 	lds	r30, 0x0133	; 0x800133 <Serial+0xe>
 7c4:	f0 91 34 01 	lds	r31, 0x0134	; 0x800134 <Serial+0xf>
 7c8:	8f ec       	ldi	r24, 0xCF	; 207
 7ca:	80 83       	st	Z, r24
 7cc:	10 92 3d 01 	sts	0x013D, r1	; 0x80013d <Serial+0x18>
 7d0:	e0 91 39 01 	lds	r30, 0x0139	; 0x800139 <Serial+0x14>
 7d4:	f0 91 3a 01 	lds	r31, 0x013A	; 0x80013a <Serial+0x15>
 7d8:	86 e0       	ldi	r24, 0x06	; 6
 7da:	80 83       	st	Z, r24
 7dc:	e0 91 37 01 	lds	r30, 0x0137	; 0x800137 <Serial+0x12>
 7e0:	f0 91 38 01 	lds	r31, 0x0138	; 0x800138 <Serial+0x13>
 7e4:	80 81       	ld	r24, Z
 7e6:	80 61       	ori	r24, 0x10	; 16
 7e8:	80 83       	st	Z, r24
 7ea:	e0 91 37 01 	lds	r30, 0x0137	; 0x800137 <Serial+0x12>
 7ee:	f0 91 38 01 	lds	r31, 0x0138	; 0x800138 <Serial+0x13>
 7f2:	80 81       	ld	r24, Z
 7f4:	88 60       	ori	r24, 0x08	; 8
 7f6:	80 83       	st	Z, r24
 7f8:	e0 91 37 01 	lds	r30, 0x0137	; 0x800137 <Serial+0x12>
 7fc:	f0 91 38 01 	lds	r31, 0x0138	; 0x800138 <Serial+0x13>
 800:	80 81       	ld	r24, Z
 802:	80 68       	ori	r24, 0x80	; 128
 804:	80 83       	st	Z, r24
 806:	e0 91 37 01 	lds	r30, 0x0137	; 0x800137 <Serial+0x12>
 80a:	f0 91 38 01 	lds	r31, 0x0138	; 0x800138 <Serial+0x13>
 80e:	80 81       	ld	r24, Z
 810:	8f 7d       	andi	r24, 0xDF	; 223
 812:	80 83       	st	Z, r24
 814:	83 e0       	ldi	r24, 0x03	; 3
 816:	0e 94 b3 00 	call	0x166	; 0x166 <pinMode.constprop.16>
 81a:	89 e0       	ldi	r24, 0x09	; 9
 81c:	0e 94 b3 00 	call	0x166	; 0x166 <pinMode.constprop.16>
 820:	38 ec       	ldi	r19, 0xC8	; 200
 822:	43 2e       	mov	r4, r19
 824:	51 2c       	mov	r5, r1
 826:	61 2c       	mov	r6, r1
 828:	71 2c       	mov	r7, r1
 82a:	00 91 1a 01 	lds	r16, 0x011A	; 0x80011a <sampleIndex>
 82e:	10 91 1b 01 	lds	r17, 0x011B	; 0x80011b <sampleIndex+0x1>
 832:	e0 2f       	mov	r30, r16
 834:	ef 71       	andi	r30, 0x1F	; 31
 836:	f0 e0       	ldi	r31, 0x00	; 0
 838:	ee 0f       	add	r30, r30
 83a:	ff 1f       	adc	r31, r31
 83c:	e1 58       	subi	r30, 0x81	; 129
 83e:	ff 4f       	sbci	r31, 0xFF	; 255
 840:	65 91       	lpm	r22, Z+
 842:	74 91       	lpm	r23, Z
 844:	25 e2       	ldi	r18, 0x25	; 37
 846:	20 9f       	mul	r18, r16
 848:	c0 01       	movw	r24, r0
 84a:	21 9f       	mul	r18, r17
 84c:	90 0d       	add	r25, r0
 84e:	11 24       	eor	r1, r1
 850:	68 0f       	add	r22, r24
 852:	79 1f       	adc	r23, r25
 854:	1b 01       	movw	r2, r22
 856:	83 e0       	ldi	r24, 0x03	; 3
 858:	38 22       	and	r3, r24
 85a:	91 01       	movw	r18, r2
 85c:	aa e1       	ldi	r26, 0x1A	; 26
 85e:	b4 e0       	ldi	r27, 0x04	; 4
 860:	0e 94 37 05 	call	0xa6e	; 0xa6e <__umulhisi3>
 864:	2f ef       	ldi	r18, 0xFF	; 255
 866:	33 e0       	ldi	r19, 0x03	; 3
 868:	40 e0       	ldi	r20, 0x00	; 0
 86a:	50 e0       	ldi	r21, 0x00	; 0
 86c:	0e 94 eb 04 	call	0x9d6	; 0x9d6 <__divmodsi4>
 870:	49 01       	movw	r8, r18
 872:	5a 01       	movw	r10, r20
 874:	7a 01       	movw	r14, r20
 876:	69 01       	movw	r12, r18
 878:	98 ec       	ldi	r25, 0xC8	; 200
 87a:	c9 1a       	sub	r12, r25
 87c:	d1 08       	sbc	r13, r1
 87e:	e1 08       	sbc	r14, r1
 880:	f1 08       	sbc	r15, r1
 882:	d8 01       	movw	r26, r16
 884:	a7 70       	andi	r26, 0x07	; 7
 886:	bb 27       	eor	r27, r27
 888:	11 96       	adiw	r26, 0x01	; 1
 88a:	0e 94 0a 05 	call	0xa14	; 0xa14 <__muluhisi3>
 88e:	20 91 16 01 	lds	r18, 0x0116	; 0x800116 <accumulator>
 892:	30 91 17 01 	lds	r19, 0x0117	; 0x800117 <accumulator+0x1>
 896:	40 91 18 01 	lds	r20, 0x0118	; 0x800118 <accumulator+0x2>
 89a:	50 91 19 01 	lds	r21, 0x0119	; 0x800119 <accumulator+0x3>
 89e:	62 0f       	add	r22, r18
 8a0:	73 1f       	adc	r23, r19
 8a2:	84 1f       	adc	r24, r20
 8a4:	95 1f       	adc	r25, r21
 8a6:	60 93 16 01 	sts	0x0116, r22	; 0x800116 <accumulator>
 8aa:	70 93 17 01 	sts	0x0117, r23	; 0x800117 <accumulator+0x1>
 8ae:	80 93 18 01 	sts	0x0118, r24	; 0x800118 <accumulator+0x2>
 8b2:	90 93 19 01 	sts	0x0119, r25	; 0x800119 <accumulator+0x3>
 8b6:	25 e0       	ldi	r18, 0x05	; 5
 8b8:	96 95       	lsr	r25
 8ba:	87 95       	ror	r24
 8bc:	77 95       	ror	r23
 8be:	67 95       	ror	r22
 8c0:	2a 95       	dec	r18
 8c2:	d1 f7       	brne	.-12     	; 0x8b8 <main+0x194>
 8c4:	c6 2f       	mov	r28, r22
 8c6:	cc 25       	eor	r28, r12
 8c8:	d0 e0       	ldi	r29, 0x00	; 0
 8ca:	be 01       	movw	r22, r28
 8cc:	83 e0       	ldi	r24, 0x03	; 3
 8ce:	0e 94 1e 01 	call	0x23c	; 0x23c <analogWrite>
 8d2:	6f ef       	ldi	r22, 0xFF	; 255
 8d4:	70 e0       	ldi	r23, 0x00	; 0
 8d6:	6c 1b       	sub	r22, r28
 8d8:	7d 0b       	sbc	r23, r29
 8da:	89 e0       	ldi	r24, 0x09	; 9
 8dc:	0e 94 1e 01 	call	0x23c	; 0x23c <analogWrite>
 8e0:	c8 01       	movw	r24, r16
 8e2:	8f 77       	andi	r24, 0x7F	; 127
 8e4:	99 27       	eor	r25, r25
 8e6:	89 2b       	or	r24, r25
 8e8:	99 f5       	brne	.+102    	; 0x950 <__stack+0x51>
 8ea:	87 e7       	ldi	r24, 0x77	; 119
 8ec:	90 e0       	ldi	r25, 0x00	; 0
 8ee:	0e 94 67 02 	call	0x4ce	; 0x4ce <_ZN5Print5printEPK19__FlashStringHelper.constprop.7>
 8f2:	b8 01       	movw	r22, r16
 8f4:	90 e0       	ldi	r25, 0x00	; 0
 8f6:	80 e0       	ldi	r24, 0x00	; 0
 8f8:	4a e0       	ldi	r20, 0x0A	; 10
 8fa:	0e 94 a2 02 	call	0x544	; 0x544 <_ZN5Print11printNumberEmh.constprop.12>
 8fe:	81 e7       	ldi	r24, 0x71	; 113
 900:	90 e0       	ldi	r25, 0x00	; 0
 902:	0e 94 67 02 	call	0x4ce	; 0x4ce <_ZN5Print5printEPK19__FlashStringHelper.constprop.7>
 906:	b1 01       	movw	r22, r2
 908:	90 e0       	ldi	r25, 0x00	; 0
 90a:	80 e0       	ldi	r24, 0x00	; 0
 90c:	4a e0       	ldi	r20, 0x0A	; 10
 90e:	0e 94 a2 02 	call	0x544	; 0x544 <_ZN5Print11printNumberEmh.constprop.12>
 912:	88 e6       	ldi	r24, 0x68	; 104
 914:	90 e0       	ldi	r25, 0x00	; 0
 916:	0e 94 67 02 	call	0x4ce	; 0x4ce <_ZN5Print5printEPK19__FlashStringHelper.constprop.7>
 91a:	4a e0       	ldi	r20, 0x0A	; 10
 91c:	c7 01       	movw	r24, r14
 91e:	b6 01       	movw	r22, r12
 920:	f7 fe       	sbrs	r15, 7
 922:	0c c0       	rjmp	.+24     	; 0x93c <__stack+0x3d>
 924:	6d e2       	ldi	r22, 0x2D	; 45
 926:	85 e2       	ldi	r24, 0x25	; 37
 928:	91 e0       	ldi	r25, 0x01	; 1
 92a:	0e 94 1a 02 	call	0x434	; 0x434 <_ZN14HardwareSerial5writeEh>
 92e:	c3 01       	movw	r24, r6
 930:	b2 01       	movw	r22, r4
 932:	68 19       	sub	r22, r8
 934:	79 09       	sbc	r23, r9
 936:	8a 09       	sbc	r24, r10
 938:	9b 09       	sbc	r25, r11
 93a:	4a e0       	ldi	r20, 0x0A	; 10
 93c:	0e 94 a2 02 	call	0x544	; 0x544 <_ZN5Print11printNumberEmh.constprop.12>
 940:	42 e0       	ldi	r20, 0x02	; 2
 942:	50 e0       	ldi	r21, 0x00	; 0
 944:	62 e1       	ldi	r22, 0x12	; 18
 946:	71 e0       	ldi	r23, 0x01	; 1
 948:	85 e2       	ldi	r24, 0x25	; 37
 94a:	91 e0       	ldi	r25, 0x01	; 1
 94c:	0e 94 7a 01 	call	0x2f4	; 0x2f4 <_ZN5Print5writeEPKhj>
 950:	80 91 1a 01 	lds	r24, 0x011A	; 0x80011a <sampleIndex>
 954:	90 91 1b 01 	lds	r25, 0x011B	; 0x80011b <sampleIndex+0x1>
 958:	01 96       	adiw	r24, 0x01	; 1
 95a:	90 93 1b 01 	sts	0x011B, r25	; 0x80011b <sampleIndex+0x1>
 95e:	80 93 1a 01 	sts	0x011A, r24	; 0x80011a <sampleIndex>
 962:	80 e0       	ldi	r24, 0x00	; 0
 964:	90 e0       	ldi	r25, 0x00	; 0
 966:	89 2b       	or	r24, r25
 968:	09 f4       	brne	.+2      	; 0x96c <__stack+0x6d>
 96a:	5f cf       	rjmp	.-322    	; 0x82a <main+0x106>
 96c:	0e 94 e4 01 	call	0x3c8	; 0x3c8 <_Z17Serial0_availablev>
 970:	88 23       	and	r24, r24
 972:	09 f4       	brne	.+2      	; 0x976 <__stack+0x77>
 974:	5a cf       	rjmp	.-332    	; 0x82a <main+0x106>
 976:	0e 94 00 00 	call	0	; 0x0 <__vectors>
 97a:	57 cf       	rjmp	.-338    	; 0x82a <main+0x106>

0000097c <_GLOBAL__sub_I___vector_18>:
 97c:	e5 e2       	ldi	r30, 0x25	; 37
 97e:	f1 e0       	ldi	r31, 0x01	; 1
 980:	13 82       	std	Z+3, r1	; 0x03
 982:	12 82       	std	Z+2, r1	; 0x02
 984:	88 ee       	ldi	r24, 0xE8	; 232
 986:	93 e0       	ldi	r25, 0x03	; 3
 988:	a0 e0       	ldi	r26, 0x00	; 0
 98a:	b0 e0       	ldi	r27, 0x00	; 0
 98c:	84 83       	std	Z+4, r24	; 0x04
 98e:	95 83       	std	Z+5, r25	; 0x05
 990:	a6 83       	std	Z+6, r26	; 0x06
 992:	b7 83       	std	Z+7, r27	; 0x07
 994:	84 e0       	ldi	r24, 0x04	; 4
 996:	91 e0       	ldi	r25, 0x01	; 1
 998:	91 83       	std	Z+1, r25	; 0x01
 99a:	80 83       	st	Z, r24
 99c:	85 ec       	ldi	r24, 0xC5	; 197
 99e:	90 e0       	ldi	r25, 0x00	; 0
 9a0:	95 87       	std	Z+13, r25	; 0x0d
 9a2:	84 87       	std	Z+12, r24	; 0x0c
 9a4:	84 ec       	ldi	r24, 0xC4	; 196
 9a6:	90 e0       	ldi	r25, 0x00	; 0
 9a8:	97 87       	std	Z+15, r25	; 0x0f
 9aa:	86 87       	std	Z+14, r24	; 0x0e
 9ac:	80 ec       	ldi	r24, 0xC0	; 192
 9ae:	90 e0       	ldi	r25, 0x00	; 0
 9b0:	91 8b       	std	Z+17, r25	; 0x11
 9b2:	80 8b       	std	Z+16, r24	; 0x10
 9b4:	81 ec       	ldi	r24, 0xC1	; 193
 9b6:	90 e0       	ldi	r25, 0x00	; 0
 9b8:	93 8b       	std	Z+19, r25	; 0x13
 9ba:	82 8b       	std	Z+18, r24	; 0x12
 9bc:	82 ec       	ldi	r24, 0xC2	; 194
 9be:	90 e0       	ldi	r25, 0x00	; 0
 9c0:	95 8b       	std	Z+21, r25	; 0x15
 9c2:	84 8b       	std	Z+20, r24	; 0x14
 9c4:	86 ec       	ldi	r24, 0xC6	; 198
 9c6:	90 e0       	ldi	r25, 0x00	; 0
 9c8:	97 8b       	std	Z+23, r25	; 0x17
 9ca:	86 8b       	std	Z+22, r24	; 0x16
 9cc:	11 8e       	std	Z+25, r1	; 0x19
 9ce:	12 8e       	std	Z+26, r1	; 0x1a
 9d0:	13 8e       	std	Z+27, r1	; 0x1b
 9d2:	14 8e       	std	Z+28, r1	; 0x1c
 9d4:	08 95       	ret

000009d6 <__divmodsi4>:
 9d6:	05 2e       	mov	r0, r21
 9d8:	97 fb       	bst	r25, 7
 9da:	1e f4       	brtc	.+6      	; 0x9e2 <__divmodsi4+0xc>
 9dc:	00 94       	com	r0
 9de:	0e 94 02 05 	call	0xa04	; 0xa04 <__negsi2>
 9e2:	57 fd       	sbrc	r21, 7
 9e4:	07 d0       	rcall	.+14     	; 0x9f4 <__divmodsi4_neg2>
 9e6:	0e 94 15 05 	call	0xa2a	; 0xa2a <__udivmodsi4>
 9ea:	07 fc       	sbrc	r0, 7
 9ec:	03 d0       	rcall	.+6      	; 0x9f4 <__divmodsi4_neg2>
 9ee:	4e f4       	brtc	.+18     	; 0xa02 <__divmodsi4_exit>
 9f0:	0c 94 02 05 	jmp	0xa04	; 0xa04 <__negsi2>

000009f4 <__divmodsi4_neg2>:
 9f4:	50 95       	com	r21
 9f6:	40 95       	com	r20
 9f8:	30 95       	com	r19
 9fa:	21 95       	neg	r18
 9fc:	3f 4f       	sbci	r19, 0xFF	; 255
 9fe:	4f 4f       	sbci	r20, 0xFF	; 255
 a00:	5f 4f       	sbci	r21, 0xFF	; 255

00000a02 <__divmodsi4_exit>:
 a02:	08 95       	ret

00000a04 <__negsi2>:
 a04:	90 95       	com	r25
 a06:	80 95       	com	r24
 a08:	70 95       	com	r23
 a0a:	61 95       	neg	r22
 a0c:	7f 4f       	sbci	r23, 0xFF	; 255
 a0e:	8f 4f       	sbci	r24, 0xFF	; 255
 a10:	9f 4f       	sbci	r25, 0xFF	; 255
 a12:	08 95       	ret

00000a14 <__muluhisi3>:
 a14:	0e 94 37 05 	call	0xa6e	; 0xa6e <__umulhisi3>
 a18:	a5 9f       	mul	r26, r21
 a1a:	90 0d       	add	r25, r0
 a1c:	b4 9f       	mul	r27, r20
 a1e:	90 0d       	add	r25, r0
 a20:	a4 9f       	mul	r26, r20
 a22:	80 0d       	add	r24, r0
 a24:	91 1d       	adc	r25, r1
 a26:	11 24       	eor	r1, r1
 a28:	08 95       	ret

00000a2a <__udivmodsi4>:
 a2a:	a1 e2       	ldi	r26, 0x21	; 33
 a2c:	1a 2e       	mov	r1, r26
 a2e:	aa 1b       	sub	r26, r26
 a30:	bb 1b       	sub	r27, r27
 a32:	fd 01       	movw	r30, r26
 a34:	0d c0       	rjmp	.+26     	; 0xa50 <__udivmodsi4_ep>

00000a36 <__udivmodsi4_loop>:
 a36:	aa 1f       	adc	r26, r26
 a38:	bb 1f       	adc	r27, r27
 a3a:	ee 1f       	adc	r30, r30
 a3c:	ff 1f       	adc	r31, r31
 a3e:	a2 17       	cp	r26, r18
 a40:	b3 07       	cpc	r27, r19
 a42:	e4 07       	cpc	r30, r20
 a44:	f5 07       	cpc	r31, r21
 a46:	20 f0       	brcs	.+8      	; 0xa50 <__udivmodsi4_ep>
 a48:	a2 1b       	sub	r26, r18
 a4a:	b3 0b       	sbc	r27, r19
 a4c:	e4 0b       	sbc	r30, r20
 a4e:	f5 0b       	sbc	r31, r21

00000a50 <__udivmodsi4_ep>:
 a50:	66 1f       	adc	r22, r22
 a52:	77 1f       	adc	r23, r23
 a54:	88 1f       	adc	r24, r24
 a56:	99 1f       	adc	r25, r25
 a58:	1a 94       	dec	r1
 a5a:	69 f7       	brne	.-38     	; 0xa36 <__udivmodsi4_loop>
 a5c:	60 95       	com	r22
 a5e:	70 95       	com	r23
 a60:	80 95       	com	r24
 a62:	90 95       	com	r25
 a64:	9b 01       	movw	r18, r22
 a66:	ac 01       	movw	r20, r24
 a68:	bd 01       	movw	r22, r26
 a6a:	cf 01       	movw	r24, r30
 a6c:	08 95       	ret

00000a6e <__umulhisi3>:
 a6e:	a2 9f       	mul	r26, r18
 a70:	b0 01       	movw	r22, r0
 a72:	b3 9f       	mul	r27, r19
 a74:	c0 01       	movw	r24, r0
 a76:	a3 9f       	mul	r26, r19
 a78:	70 0d       	add	r23, r0
 a7a:	81 1d       	adc	r24, r1
 a7c:	11 24       	eor	r1, r1
 a7e:	91 1d       	adc	r25, r1
 a80:	b2 9f       	mul	r27, r18
 a82:	70 0d       	add	r23, r0
 a84:	81 1d       	adc	r24, r1
 a86:	11 24       	eor	r1, r1
 a88:	91 1d       	adc	r25, r1
 a8a:	08 95       	ret

00000a8c <__tablejump2__>:
 a8c:	ee 0f       	add	r30, r30
 a8e:	ff 1f       	adc	r31, r31
 a90:	05 90       	lpm	r0, Z+
 a92:	f4 91       	lpm	r31, Z
 a94:	e0 2d       	mov	r30, r0
 a96:	09 94       	ijmp

00000a98 <_exit>:
 a98:	f8 94       	cli

00000a9a <__stop_program>:
 a9a:	ff cf       	rjmp	.-2      	; 0xa9a <__stop_program>
