
examples/peripheral-timing-oracle/peripheral-timing-oracle.elf:     file format elf32-avr


Disassembly of section .text:

00000000 <__vectors>:
   0:	0c 94 34 00 	jmp	0x68	; 0x68 <__ctors_end>
   4:	0c 94 3e 00 	jmp	0x7c	; 0x7c <__bad_interrupt>
   8:	0c 94 3e 00 	jmp	0x7c	; 0x7c <__bad_interrupt>
   c:	0c 94 3e 00 	jmp	0x7c	; 0x7c <__bad_interrupt>
  10:	0c 94 3e 00 	jmp	0x7c	; 0x7c <__bad_interrupt>
  14:	0c 94 3e 00 	jmp	0x7c	; 0x7c <__bad_interrupt>
  18:	0c 94 3e 00 	jmp	0x7c	; 0x7c <__bad_interrupt>
  1c:	0c 94 3e 00 	jmp	0x7c	; 0x7c <__bad_interrupt>
  20:	0c 94 3e 00 	jmp	0x7c	; 0x7c <__bad_interrupt>
  24:	0c 94 3e 00 	jmp	0x7c	; 0x7c <__bad_interrupt>
  28:	0c 94 3e 00 	jmp	0x7c	; 0x7c <__bad_interrupt>
  2c:	0c 94 3e 00 	jmp	0x7c	; 0x7c <__bad_interrupt>
  30:	0c 94 3e 00 	jmp	0x7c	; 0x7c <__bad_interrupt>
  34:	0c 94 3e 00 	jmp	0x7c	; 0x7c <__bad_interrupt>
  38:	0c 94 3e 00 	jmp	0x7c	; 0x7c <__bad_interrupt>
  3c:	0c 94 3e 00 	jmp	0x7c	; 0x7c <__bad_interrupt>
  40:	0c 94 3e 00 	jmp	0x7c	; 0x7c <__bad_interrupt>
  44:	0c 94 3e 00 	jmp	0x7c	; 0x7c <__bad_interrupt>
  48:	0c 94 3e 00 	jmp	0x7c	; 0x7c <__bad_interrupt>
  4c:	0c 94 3e 00 	jmp	0x7c	; 0x7c <__bad_interrupt>
  50:	0c 94 3e 00 	jmp	0x7c	; 0x7c <__bad_interrupt>
  54:	0c 94 3e 00 	jmp	0x7c	; 0x7c <__bad_interrupt>
  58:	0c 94 3e 00 	jmp	0x7c	; 0x7c <__bad_interrupt>
  5c:	0c 94 3e 00 	jmp	0x7c	; 0x7c <__bad_interrupt>
  60:	0c 94 3e 00 	jmp	0x7c	; 0x7c <__bad_interrupt>
  64:	0c 94 3e 00 	jmp	0x7c	; 0x7c <__bad_interrupt>

00000068 <__ctors_end>:
  68:	11 24       	eor	r1, r1
  6a:	1f be       	out	0x3f, r1	; 63
  6c:	cf ef       	ldi	r28, 0xFF	; 255
  6e:	d8 e0       	ldi	r29, 0x08	; 8
  70:	de bf       	out	0x3e, r29	; 62
  72:	cd bf       	out	0x3d, r28	; 61
  74:	0e 94 71 00 	call	0xe2	; 0xe2 <main>
  78:	0c 94 8f 01 	jmp	0x31e	; 0x31e <_exit>

0000007c <__bad_interrupt>:
  7c:	0c 94 00 00 	jmp	0	; 0x0 <__vectors>

00000080 <timer_start>:
  80:	10 92 80 00 	sts	0x0080, r1	; 0x800080 <__TEXT_REGION_LENGTH__+0x7f8080>
  84:	e1 e8       	ldi	r30, 0x81	; 129
  86:	f0 e0       	ldi	r31, 0x00	; 0
  88:	10 82       	st	Z, r1
  8a:	10 92 85 00 	sts	0x0085, r1	; 0x800085 <__TEXT_REGION_LENGTH__+0x7f8085>
  8e:	10 92 84 00 	sts	0x0084, r1	; 0x800084 <__TEXT_REGION_LENGTH__+0x7f8084>
  92:	81 e0       	ldi	r24, 0x01	; 1
  94:	80 83       	st	Z, r24
  96:	08 95       	ret

00000098 <measure_twi_command>:
  98:	cf 93       	push	r28
  9a:	df 93       	push	r29
  9c:	00 d0       	rcall	.+0      	; 0x9e <L0^A>

0000009e <L0^A>:
  9e:	0f 92       	push	r0
  a0:	cd b7       	in	r28, 0x3d	; 61
  a2:	de b7       	in	r29, 0x3e	; 62
  a4:	89 83       	std	Y+1, r24	; 0x01
  a6:	6a 83       	std	Y+2, r22	; 0x02
  a8:	7b 83       	std	Y+3, r23	; 0x03
  aa:	0e 94 40 00 	call	0x80	; 0x80 <timer_start>
  ae:	89 81       	ldd	r24, Y+1	; 0x01
  b0:	84 68       	ori	r24, 0x84	; 132
  b2:	80 93 bc 00 	sts	0x00BC, r24	; 0x8000bc <__TEXT_REGION_LENGTH__+0x7f80bc>

000000b6 <.L3>:
  b6:	80 91 bc 00 	lds	r24, 0x00BC	; 0x8000bc <__TEXT_REGION_LENGTH__+0x7f80bc>
  ba:	87 ff       	sbrs	r24, 7
  bc:	fc cf       	rjmp	.-8      	; 0xb6 <.L3>
  be:	80 91 b9 00 	lds	r24, 0x00B9	; 0x8000b9 <__TEXT_REGION_LENGTH__+0x7f80b9>
  c2:	88 7f       	andi	r24, 0xF8	; 248
  c4:	ea 81       	ldd	r30, Y+2	; 0x02
  c6:	fb 81       	ldd	r31, Y+3	; 0x03
  c8:	80 83       	st	Z, r24
  ca:	80 91 84 00 	lds	r24, 0x0084	; 0x800084 <__TEXT_REGION_LENGTH__+0x7f8084>
  ce:	90 91 85 00 	lds	r25, 0x0085	; 0x800085 <__TEXT_REGION_LENGTH__+0x7f8085>
  d2:	10 92 81 00 	sts	0x0081, r1	; 0x800081 <__TEXT_REGION_LENGTH__+0x7f8081>
  d6:	0f 90       	pop	r0
  d8:	0f 90       	pop	r0
  da:	0f 90       	pop	r0
  dc:	df 91       	pop	r29
  de:	cf 91       	pop	r28
  e0:	08 95       	ret

000000e2 <main>:
  e2:	0f 92       	push	r0
  e4:	cd b7       	in	r28, 0x3d	; 61
  e6:	de b7       	in	r29, 0x3e	; 62
  e8:	e0 e0       	ldi	r30, 0x00	; 0
  ea:	f3 e0       	ldi	r31, 0x03	; 3

000000ec <.L6>:
  ec:	11 92       	st	Z+, r1
  ee:	e8 32       	cpi	r30, 0x28	; 40
  f0:	23 e0       	ldi	r18, 0x03	; 3
  f2:	f2 07       	cpc	r31, r18
  f4:	d9 f7       	brne	.-10     	; 0xec <.L6>
  f6:	87 ea       	ldi	r24, 0xA7	; 167
  f8:	80 93 00 03 	sts	0x0300, r24	; 0x800300 <_end+0x200>
  fc:	10 92 c5 00 	sts	0x00C5, r1	; 0x8000c5 <__TEXT_REGION_LENGTH__+0x7f80c5>
 100:	10 92 c4 00 	sts	0x00C4, r1	; 0x8000c4 <__TEXT_REGION_LENGTH__+0x7f80c4>
 104:	80 e4       	ldi	r24, 0x40	; 64
 106:	80 93 c0 00 	sts	0x00C0, r24	; 0x8000c0 <__TEXT_REGION_LENGTH__+0x7f80c0>
 10a:	88 e0       	ldi	r24, 0x08	; 8
 10c:	80 93 c1 00 	sts	0x00C1, r24	; 0x8000c1 <__TEXT_REGION_LENGTH__+0x7f80c1>
 110:	86 e0       	ldi	r24, 0x06	; 6
 112:	80 93 c2 00 	sts	0x00C2, r24	; 0x8000c2 <__TEXT_REGION_LENGTH__+0x7f80c2>
 116:	0e 94 40 00 	call	0x80	; 0x80 <timer_start>
 11a:	85 e5       	ldi	r24, 0x55	; 85
 11c:	80 93 c6 00 	sts	0x00C6, r24	; 0x8000c6 <__TEXT_REGION_LENGTH__+0x7f80c6>

00000120 <.L7>:
 120:	80 91 c0 00 	lds	r24, 0x00C0	; 0x8000c0 <__TEXT_REGION_LENGTH__+0x7f80c0>
 124:	86 ff       	sbrs	r24, 6
 126:	fc cf       	rjmp	.-8      	; 0x120 <.L7>
 128:	80 91 84 00 	lds	r24, 0x0084	; 0x800084 <__TEXT_REGION_LENGTH__+0x7f8084>
 12c:	90 91 85 00 	lds	r25, 0x0085	; 0x800085 <__TEXT_REGION_LENGTH__+0x7f8085>
 130:	10 92 81 00 	sts	0x0081, r1	; 0x800081 <__TEXT_REGION_LENGTH__+0x7f8081>
 134:	80 93 01 03 	sts	0x0301, r24	; 0x800301 <_end+0x201>
 138:	90 93 02 03 	sts	0x0302, r25	; 0x800302 <_end+0x202>
 13c:	22 9a       	sbi	0x04, 2	; 4
 13e:	80 e5       	ldi	r24, 0x50	; 80
 140:	8c bd       	out	0x2c, r24	; 44
 142:	1d bc       	out	0x2d, r1	; 45
 144:	0e 94 40 00 	call	0x80	; 0x80 <timer_start>
 148:	8c e3       	ldi	r24, 0x3C	; 60
 14a:	8e bd       	out	0x2e, r24	; 46

0000014c <.L8>:
 14c:	0d b4       	in	r0, 0x2d	; 45
 14e:	07 fe       	sbrs	r0, 7
 150:	fd cf       	rjmp	.-6      	; 0x14c <.L8>
 152:	80 91 84 00 	lds	r24, 0x0084	; 0x800084 <__TEXT_REGION_LENGTH__+0x7f8084>
 156:	90 91 85 00 	lds	r25, 0x0085	; 0x800085 <__TEXT_REGION_LENGTH__+0x7f8085>
 15a:	10 92 81 00 	sts	0x0081, r1	; 0x800081 <__TEXT_REGION_LENGTH__+0x7f8081>
 15e:	3e b5       	in	r19, 0x2e	; 46
 160:	2d b5       	in	r18, 0x2d	; 45
 162:	80 93 03 03 	sts	0x0303, r24	; 0x800303 <_end+0x203>
 166:	90 93 04 03 	sts	0x0304, r25	; 0x800304 <_end+0x204>
 16a:	30 93 05 03 	sts	0x0305, r19	; 0x800305 <_end+0x205>
 16e:	20 93 06 03 	sts	0x0306, r18	; 0x800306 <_end+0x206>
 172:	10 92 b9 00 	sts	0x00B9, r1	; 0x8000b9 <__TEXT_REGION_LENGTH__+0x7f80b9>
 176:	10 92 b8 00 	sts	0x00B8, r1	; 0x8000b8 <__TEXT_REGION_LENGTH__+0x7f80b8>
 17a:	84 e0       	ldi	r24, 0x04	; 4
 17c:	80 93 bc 00 	sts	0x00BC, r24	; 0x8000bc <__TEXT_REGION_LENGTH__+0x7f80bc>
 180:	19 82       	std	Y+1, r1	; 0x01
 182:	be 01       	movw	r22, r28
 184:	6f 5f       	subi	r22, 0xFF	; 255
 186:	7f 4f       	sbci	r23, 0xFF	; 255
 188:	80 e2       	ldi	r24, 0x20	; 32
 18a:	0e 94 4c 00 	call	0x98	; 0x98 <measure_twi_command>
 18e:	80 93 07 03 	sts	0x0307, r24	; 0x800307 <_end+0x207>
 192:	90 93 08 03 	sts	0x0308, r25	; 0x800308 <_end+0x208>
 196:	89 81       	ldd	r24, Y+1	; 0x01
 198:	80 93 09 03 	sts	0x0309, r24	; 0x800309 <_end+0x209>
 19c:	80 ea       	ldi	r24, 0xA0	; 160
 19e:	80 93 bb 00 	sts	0x00BB, r24	; 0x8000bb <__TEXT_REGION_LENGTH__+0x7f80bb>
 1a2:	be 01       	movw	r22, r28
 1a4:	6f 5f       	subi	r22, 0xFF	; 255
 1a6:	7f 4f       	sbci	r23, 0xFF	; 255
 1a8:	80 e0       	ldi	r24, 0x00	; 0
 1aa:	0e 94 4c 00 	call	0x98	; 0x98 <measure_twi_command>
 1ae:	80 93 0a 03 	sts	0x030A, r24	; 0x80030a <_end+0x20a>
 1b2:	90 93 0b 03 	sts	0x030B, r25	; 0x80030b <_end+0x20b>
 1b6:	89 81       	ldd	r24, Y+1	; 0x01
 1b8:	80 93 0c 03 	sts	0x030C, r24	; 0x80030c <_end+0x20c>
 1bc:	8b ea       	ldi	r24, 0xAB	; 171
 1be:	80 93 bb 00 	sts	0x00BB, r24	; 0x8000bb <__TEXT_REGION_LENGTH__+0x7f80bb>
 1c2:	be 01       	movw	r22, r28
 1c4:	6f 5f       	subi	r22, 0xFF	; 255
 1c6:	7f 4f       	sbci	r23, 0xFF	; 255
 1c8:	80 e0       	ldi	r24, 0x00	; 0
 1ca:	0e 94 4c 00 	call	0x98	; 0x98 <measure_twi_command>
 1ce:	80 93 0d 03 	sts	0x030D, r24	; 0x80030d <_end+0x20d>
 1d2:	90 93 0e 03 	sts	0x030E, r25	; 0x80030e <_end+0x20e>
 1d6:	89 81       	ldd	r24, Y+1	; 0x01
 1d8:	80 93 0f 03 	sts	0x030F, r24	; 0x80030f <_end+0x20f>
 1dc:	be 01       	movw	r22, r28
 1de:	6f 5f       	subi	r22, 0xFF	; 255
 1e0:	7f 4f       	sbci	r23, 0xFF	; 255
 1e2:	80 e2       	ldi	r24, 0x20	; 32
 1e4:	0e 94 4c 00 	call	0x98	; 0x98 <measure_twi_command>
 1e8:	80 93 10 03 	sts	0x0310, r24	; 0x800310 <_end+0x210>
 1ec:	90 93 11 03 	sts	0x0311, r25	; 0x800311 <_end+0x211>
 1f0:	89 81       	ldd	r24, Y+1	; 0x01
 1f2:	80 93 12 03 	sts	0x0312, r24	; 0x800312 <_end+0x212>
 1f6:	81 ea       	ldi	r24, 0xA1	; 161
 1f8:	80 93 bb 00 	sts	0x00BB, r24	; 0x8000bb <__TEXT_REGION_LENGTH__+0x7f80bb>
 1fc:	be 01       	movw	r22, r28
 1fe:	6f 5f       	subi	r22, 0xFF	; 255
 200:	7f 4f       	sbci	r23, 0xFF	; 255
 202:	80 e0       	ldi	r24, 0x00	; 0
 204:	0e 94 4c 00 	call	0x98	; 0x98 <measure_twi_command>
 208:	80 93 13 03 	sts	0x0313, r24	; 0x800313 <_end+0x213>
 20c:	90 93 14 03 	sts	0x0314, r25	; 0x800314 <_end+0x214>
 210:	89 81       	ldd	r24, Y+1	; 0x01
 212:	80 93 15 03 	sts	0x0315, r24	; 0x800315 <_end+0x215>
 216:	be 01       	movw	r22, r28
 218:	6f 5f       	subi	r22, 0xFF	; 255
 21a:	7f 4f       	sbci	r23, 0xFF	; 255
 21c:	80 e0       	ldi	r24, 0x00	; 0
 21e:	0e 94 4c 00 	call	0x98	; 0x98 <measure_twi_command>
 222:	80 93 16 03 	sts	0x0316, r24	; 0x800316 <_end+0x216>
 226:	90 93 17 03 	sts	0x0317, r25	; 0x800317 <_end+0x217>
 22a:	89 81       	ldd	r24, Y+1	; 0x01
 22c:	80 93 18 03 	sts	0x0318, r24	; 0x800318 <_end+0x218>
 230:	80 91 bb 00 	lds	r24, 0x00BB	; 0x8000bb <__TEXT_REGION_LENGTH__+0x7f80bb>
 234:	80 93 19 03 	sts	0x0319, r24	; 0x800319 <_end+0x219>
 238:	0e 94 40 00 	call	0x80	; 0x80 <timer_start>
 23c:	84 e9       	ldi	r24, 0x94	; 148
 23e:	80 93 bc 00 	sts	0x00BC, r24	; 0x8000bc <__TEXT_REGION_LENGTH__+0x7f80bc>

00000242 <.L9>:
 242:	80 91 bc 00 	lds	r24, 0x00BC	; 0x8000bc <__TEXT_REGION_LENGTH__+0x7f80bc>
 246:	84 fd       	sbrc	r24, 4
 248:	fc cf       	rjmp	.-8      	; 0x242 <.L9>
 24a:	80 91 84 00 	lds	r24, 0x0084	; 0x800084 <__TEXT_REGION_LENGTH__+0x7f8084>
 24e:	90 91 85 00 	lds	r25, 0x0085	; 0x800085 <__TEXT_REGION_LENGTH__+0x7f8085>
 252:	10 92 81 00 	sts	0x0081, r1	; 0x800081 <__TEXT_REGION_LENGTH__+0x7f8081>
 256:	20 91 bc 00 	lds	r18, 0x00BC	; 0x8000bc <__TEXT_REGION_LENGTH__+0x7f80bc>
 25a:	80 93 1a 03 	sts	0x031A, r24	; 0x80031a <_end+0x21a>
 25e:	90 93 1b 03 	sts	0x031B, r25	; 0x80031b <_end+0x21b>
 262:	20 93 1c 03 	sts	0x031C, r18	; 0x80031c <_end+0x21c>
 266:	10 92 c5 00 	sts	0x00C5, r1	; 0x8000c5 <__TEXT_REGION_LENGTH__+0x7f80c5>
 26a:	10 92 c4 00 	sts	0x00C4, r1	; 0x8000c4 <__TEXT_REGION_LENGTH__+0x7f80c4>
 26e:	10 92 c0 00 	sts	0x00C0, r1	; 0x8000c0 <__TEXT_REGION_LENGTH__+0x7f80c0>
 272:	80 e1       	ldi	r24, 0x10	; 16
 274:	80 93 c1 00 	sts	0x00C1, r24	; 0x8000c1 <__TEXT_REGION_LENGTH__+0x7f80c1>
 278:	86 e0       	ldi	r24, 0x06	; 6
 27a:	80 93 c2 00 	sts	0x00C2, r24	; 0x8000c2 <__TEXT_REGION_LENGTH__+0x7f80c2>
 27e:	0e 94 40 00 	call	0x80	; 0x80 <timer_start>
 282:	81 e7       	ldi	r24, 0x71	; 113
 284:	80 93 27 03 	sts	0x0327, r24	; 0x800327 <_end+0x227>

00000288 <.L10>:
 288:	80 91 c0 00 	lds	r24, 0x00C0	; 0x8000c0 <__TEXT_REGION_LENGTH__+0x7f80c0>
 28c:	87 ff       	sbrs	r24, 7
 28e:	fc cf       	rjmp	.-8      	; 0x288 <.L10>
 290:	80 91 84 00 	lds	r24, 0x0084	; 0x800084 <__TEXT_REGION_LENGTH__+0x7f8084>
 294:	90 91 85 00 	lds	r25, 0x0085	; 0x800085 <__TEXT_REGION_LENGTH__+0x7f8085>
 298:	10 92 81 00 	sts	0x0081, r1	; 0x800081 <__TEXT_REGION_LENGTH__+0x7f8081>
 29c:	20 91 c0 00 	lds	r18, 0x00C0	; 0x8000c0 <__TEXT_REGION_LENGTH__+0x7f80c0>
 2a0:	30 91 c6 00 	lds	r19, 0x00C6	; 0x8000c6 <__TEXT_REGION_LENGTH__+0x7f80c6>
 2a4:	80 93 1d 03 	sts	0x031D, r24	; 0x80031d <_end+0x21d>
 2a8:	90 93 1e 03 	sts	0x031E, r25	; 0x80031e <_end+0x21e>
 2ac:	30 93 1f 03 	sts	0x031F, r19	; 0x80031f <_end+0x21f>
 2b0:	20 93 20 03 	sts	0x0320, r18	; 0x800320 <_end+0x220>
 2b4:	10 92 c1 00 	sts	0x00C1, r1	; 0x8000c1 <__TEXT_REGION_LENGTH__+0x7f80c1>
 2b8:	10 92 c0 00 	sts	0x00C0, r1	; 0x8000c0 <__TEXT_REGION_LENGTH__+0x7f80c0>
 2bc:	80 e1       	ldi	r24, 0x10	; 16
 2be:	80 93 c1 00 	sts	0x00C1, r24	; 0x8000c1 <__TEXT_REGION_LENGTH__+0x7f80c1>
 2c2:	0e 94 40 00 	call	0x80	; 0x80 <timer_start>
 2c6:	82 e7       	ldi	r24, 0x72	; 114
 2c8:	80 93 27 03 	sts	0x0327, r24	; 0x800327 <_end+0x227>

000002cc <.L12>:
 2cc:	80 91 c0 00 	lds	r24, 0x00C0	; 0x8000c0 <__TEXT_REGION_LENGTH__+0x7f80c0>
 2d0:	83 fd       	sbrc	r24, 3
 2d2:	07 c0       	rjmp	.+14     	; 0x2e2 <.L11>
 2d4:	80 91 84 00 	lds	r24, 0x0084	; 0x800084 <__TEXT_REGION_LENGTH__+0x7f8084>
 2d8:	90 91 85 00 	lds	r25, 0x0085	; 0x800085 <__TEXT_REGION_LENGTH__+0x7f8085>
 2dc:	88 3e       	cpi	r24, 0xE8	; 232
 2de:	93 40       	sbci	r25, 0x03	; 3
 2e0:	a8 f3       	brcs	.-22     	; 0x2cc <.L12>

000002e2 <.L11>:
 2e2:	80 91 84 00 	lds	r24, 0x0084	; 0x800084 <__TEXT_REGION_LENGTH__+0x7f8084>
 2e6:	90 91 85 00 	lds	r25, 0x0085	; 0x800085 <__TEXT_REGION_LENGTH__+0x7f8085>
 2ea:	10 92 81 00 	sts	0x0081, r1	; 0x800081 <__TEXT_REGION_LENGTH__+0x7f8081>
 2ee:	50 91 c0 00 	lds	r21, 0x00C0	; 0x8000c0 <__TEXT_REGION_LENGTH__+0x7f80c0>
 2f2:	40 91 c6 00 	lds	r20, 0x00C6	; 0x8000c6 <__TEXT_REGION_LENGTH__+0x7f80c6>
 2f6:	30 91 c6 00 	lds	r19, 0x00C6	; 0x8000c6 <__TEXT_REGION_LENGTH__+0x7f80c6>
 2fa:	20 91 c0 00 	lds	r18, 0x00C0	; 0x8000c0 <__TEXT_REGION_LENGTH__+0x7f80c0>
 2fe:	80 93 21 03 	sts	0x0321, r24	; 0x800321 <_end+0x221>
 302:	90 93 22 03 	sts	0x0322, r25	; 0x800322 <_end+0x222>
 306:	50 93 23 03 	sts	0x0323, r21	; 0x800323 <_end+0x223>
 30a:	40 93 24 03 	sts	0x0324, r20	; 0x800324 <_end+0x224>
 30e:	30 93 25 03 	sts	0x0325, r19	; 0x800325 <_end+0x225>
 312:	20 93 26 03 	sts	0x0326, r18	; 0x800326 <_end+0x226>
 316:	8c e5       	ldi	r24, 0x5C	; 92
 318:	80 93 27 03 	sts	0x0327, r24	; 0x800327 <_end+0x227>

0000031c <.L13>:
 31c:	ff cf       	rjmp	.-2      	; 0x31c <.L13>

0000031e <_exit>:
 31e:	f8 94       	cli

00000320 <__stop_program>:
 320:	ff cf       	rjmp	.-2      	; 0x320 <__stop_program>
