
examples\arduino-serial-echo\build\arduino-serial-echo.ino.elf:     file format elf32-avr


Disassembly of section .text:

00000000 <__vectors>:
   0:	0c 94 35 00 	jmp	0x6a	; 0x6a <__ctors_end>
   4:	0c 94 5d 00 	jmp	0xba	; 0xba <__bad_interrupt>
   8:	0c 94 5d 00 	jmp	0xba	; 0xba <__bad_interrupt>
   c:	0c 94 5d 00 	jmp	0xba	; 0xba <__bad_interrupt>
  10:	0c 94 5d 00 	jmp	0xba	; 0xba <__bad_interrupt>
  14:	0c 94 5d 00 	jmp	0xba	; 0xba <__bad_interrupt>
  18:	0c 94 5d 00 	jmp	0xba	; 0xba <__bad_interrupt>
  1c:	0c 94 5d 00 	jmp	0xba	; 0xba <__bad_interrupt>
  20:	0c 94 5d 00 	jmp	0xba	; 0xba <__bad_interrupt>
  24:	0c 94 5d 00 	jmp	0xba	; 0xba <__bad_interrupt>
  28:	0c 94 5d 00 	jmp	0xba	; 0xba <__bad_interrupt>
  2c:	0c 94 5d 00 	jmp	0xba	; 0xba <__bad_interrupt>
  30:	0c 94 5d 00 	jmp	0xba	; 0xba <__bad_interrupt>
  34:	0c 94 5d 00 	jmp	0xba	; 0xba <__bad_interrupt>
  38:	0c 94 5d 00 	jmp	0xba	; 0xba <__bad_interrupt>
  3c:	0c 94 5d 00 	jmp	0xba	; 0xba <__bad_interrupt>
  40:	0c 94 85 01 	jmp	0x30a	; 0x30a <__vector_16>
  44:	0c 94 5d 00 	jmp	0xba	; 0xba <__bad_interrupt>
  48:	0c 94 f5 01 	jmp	0x3ea	; 0x3ea <__vector_18>
  4c:	0c 94 cf 01 	jmp	0x39e	; 0x39e <__vector_19>
  50:	0c 94 5d 00 	jmp	0xba	; 0xba <__bad_interrupt>
  54:	0c 94 5d 00 	jmp	0xba	; 0xba <__bad_interrupt>
  58:	0c 94 5d 00 	jmp	0xba	; 0xba <__bad_interrupt>
  5c:	0c 94 5d 00 	jmp	0xba	; 0xba <__bad_interrupt>
  60:	0c 94 5d 00 	jmp	0xba	; 0xba <__bad_interrupt>
  64:	0c 94 5d 00 	jmp	0xba	; 0xba <__bad_interrupt>

00000068 <__ctors_start>:
  68:	d6 02       	muls	r29, r22

0000006a <__ctors_end>:
  6a:	11 24       	eor	r1, r1
  6c:	1f be       	out	0x3f, r1	; 63
  6e:	cf ef       	ldi	r28, 0xFF	; 255
  70:	d8 e0       	ldi	r29, 0x08	; 8
  72:	de bf       	out	0x3e, r29	; 62
  74:	cd bf       	out	0x3d, r28	; 61

00000076 <__do_copy_data>:
  76:	11 e0       	ldi	r17, 0x01	; 1
  78:	a0 e0       	ldi	r26, 0x00	; 0
  7a:	b1 e0       	ldi	r27, 0x01	; 1
  7c:	e6 e1       	ldi	r30, 0x16	; 22
  7e:	f6 e0       	ldi	r31, 0x06	; 6
  80:	02 c0       	rjmp	.+4      	; 0x86 <__do_copy_data+0x10>
  82:	05 90       	lpm	r0, Z+
  84:	0d 92       	st	X+, r0
  86:	a2 31       	cpi	r26, 0x12	; 18
  88:	b1 07       	cpc	r27, r17
  8a:	d9 f7       	brne	.-10     	; 0x82 <__do_copy_data+0xc>

0000008c <__do_clear_bss>:
  8c:	21 e0       	ldi	r18, 0x01	; 1
  8e:	a2 e1       	ldi	r26, 0x12	; 18
  90:	b1 e0       	ldi	r27, 0x01	; 1
  92:	01 c0       	rjmp	.+2      	; 0x96 <.do_clear_bss_start>

00000094 <.do_clear_bss_loop>:
  94:	1d 92       	st	X+, r1

00000096 <.do_clear_bss_start>:
  96:	ab 3b       	cpi	r26, 0xBB	; 187
  98:	b2 07       	cpc	r27, r18
  9a:	e1 f7       	brne	.-8      	; 0x94 <.do_clear_bss_loop>

0000009c <__do_global_ctors>:
  9c:	10 e0       	ldi	r17, 0x00	; 0
  9e:	c5 e3       	ldi	r28, 0x35	; 53
  a0:	d0 e0       	ldi	r29, 0x00	; 0
  a2:	04 c0       	rjmp	.+8      	; 0xac <__do_global_ctors+0x10>
  a4:	21 97       	sbiw	r28, 0x01	; 1
  a6:	fe 01       	movw	r30, r28
  a8:	0e 94 03 03 	call	0x606	; 0x606 <__tablejump2__>
  ac:	c4 33       	cpi	r28, 0x34	; 52
  ae:	d1 07       	cpc	r29, r17
  b0:	c9 f7       	brne	.-14     	; 0xa4 <__do_global_ctors+0x8>
  b2:	0e 94 27 02 	call	0x44e	; 0x44e <main>
  b6:	0c 94 09 03 	jmp	0x612	; 0x612 <_exit>

000000ba <__bad_interrupt>:
  ba:	0c 94 00 00 	jmp	0	; 0x0 <__vectors>

000000be <_ZN5Print5writeEPKhj>:
  be:	af 92       	push	r10
  c0:	bf 92       	push	r11
  c2:	cf 92       	push	r12
  c4:	df 92       	push	r13
  c6:	ef 92       	push	r14
  c8:	ff 92       	push	r15
  ca:	0f 93       	push	r16
  cc:	1f 93       	push	r17
  ce:	cf 93       	push	r28
  d0:	df 93       	push	r29
  d2:	6c 01       	movw	r12, r24
  d4:	7b 01       	movw	r14, r22
  d6:	8b 01       	movw	r16, r22
  d8:	04 0f       	add	r16, r20
  da:	15 1f       	adc	r17, r21
  dc:	eb 01       	movw	r28, r22
  de:	5e 01       	movw	r10, r28
  e0:	ae 18       	sub	r10, r14
  e2:	bf 08       	sbc	r11, r15
  e4:	c0 17       	cp	r28, r16
  e6:	d1 07       	cpc	r29, r17
  e8:	59 f0       	breq	.+22     	; 0x100 <_ZN5Print5writeEPKhj+0x42>
  ea:	69 91       	ld	r22, Y+
  ec:	d6 01       	movw	r26, r12
  ee:	ed 91       	ld	r30, X+
  f0:	fc 91       	ld	r31, X
  f2:	01 90       	ld	r0, Z+
  f4:	f0 81       	ld	r31, Z
  f6:	e0 2d       	mov	r30, r0
  f8:	c6 01       	movw	r24, r12
  fa:	09 95       	icall
  fc:	89 2b       	or	r24, r25
  fe:	79 f7       	brne	.-34     	; 0xde <_ZN5Print5writeEPKhj+0x20>
 100:	c5 01       	movw	r24, r10
 102:	df 91       	pop	r29
 104:	cf 91       	pop	r28
 106:	1f 91       	pop	r17
 108:	0f 91       	pop	r16
 10a:	ff 90       	pop	r15
 10c:	ef 90       	pop	r14
 10e:	df 90       	pop	r13
 110:	cf 90       	pop	r12
 112:	bf 90       	pop	r11
 114:	af 90       	pop	r10
 116:	08 95       	ret

00000118 <_ZN14HardwareSerial17availableForWriteEv>:
 118:	fc 01       	movw	r30, r24
 11a:	53 8d       	ldd	r21, Z+27	; 0x1b
 11c:	44 8d       	ldd	r20, Z+28	; 0x1c
 11e:	25 2f       	mov	r18, r21
 120:	30 e0       	ldi	r19, 0x00	; 0
 122:	84 2f       	mov	r24, r20
 124:	90 e0       	ldi	r25, 0x00	; 0
 126:	82 1b       	sub	r24, r18
 128:	93 0b       	sbc	r25, r19
 12a:	54 17       	cp	r21, r20
 12c:	10 f0       	brcs	.+4      	; 0x132 <_ZN14HardwareSerial17availableForWriteEv+0x1a>
 12e:	cf 96       	adiw	r24, 0x3f	; 63
 130:	08 95       	ret
 132:	01 97       	sbiw	r24, 0x01	; 1
 134:	08 95       	ret

00000136 <_ZN14HardwareSerial4readEv>:
 136:	fc 01       	movw	r30, r24
 138:	91 8d       	ldd	r25, Z+25	; 0x19
 13a:	82 8d       	ldd	r24, Z+26	; 0x1a
 13c:	98 17       	cp	r25, r24
 13e:	61 f0       	breq	.+24     	; 0x158 <_ZN14HardwareSerial4readEv+0x22>
 140:	a2 8d       	ldd	r26, Z+26	; 0x1a
 142:	ae 0f       	add	r26, r30
 144:	bf 2f       	mov	r27, r31
 146:	b1 1d       	adc	r27, r1
 148:	5d 96       	adiw	r26, 0x1d	; 29
 14a:	8c 91       	ld	r24, X
 14c:	92 8d       	ldd	r25, Z+26	; 0x1a
 14e:	9f 5f       	subi	r25, 0xFF	; 255
 150:	9f 73       	andi	r25, 0x3F	; 63
 152:	92 8f       	std	Z+26, r25	; 0x1a
 154:	90 e0       	ldi	r25, 0x00	; 0
 156:	08 95       	ret
 158:	8f ef       	ldi	r24, 0xFF	; 255
 15a:	9f ef       	ldi	r25, 0xFF	; 255
 15c:	08 95       	ret

0000015e <_ZN14HardwareSerial4peekEv>:
 15e:	fc 01       	movw	r30, r24
 160:	91 8d       	ldd	r25, Z+25	; 0x19
 162:	82 8d       	ldd	r24, Z+26	; 0x1a
 164:	98 17       	cp	r25, r24
 166:	31 f0       	breq	.+12     	; 0x174 <_ZN14HardwareSerial4peekEv+0x16>
 168:	82 8d       	ldd	r24, Z+26	; 0x1a
 16a:	e8 0f       	add	r30, r24
 16c:	f1 1d       	adc	r31, r1
 16e:	85 8d       	ldd	r24, Z+29	; 0x1d
 170:	90 e0       	ldi	r25, 0x00	; 0
 172:	08 95       	ret
 174:	8f ef       	ldi	r24, 0xFF	; 255
 176:	9f ef       	ldi	r25, 0xFF	; 255
 178:	08 95       	ret

0000017a <_ZN14HardwareSerial9availableEv>:
 17a:	fc 01       	movw	r30, r24
 17c:	91 8d       	ldd	r25, Z+25	; 0x19
 17e:	22 8d       	ldd	r18, Z+26	; 0x1a
 180:	89 2f       	mov	r24, r25
 182:	90 e0       	ldi	r25, 0x00	; 0
 184:	80 5c       	subi	r24, 0xC0	; 192
 186:	9f 4f       	sbci	r25, 0xFF	; 255
 188:	82 1b       	sub	r24, r18
 18a:	91 09       	sbc	r25, r1
 18c:	8f 73       	andi	r24, 0x3F	; 63
 18e:	99 27       	eor	r25, r25
 190:	08 95       	ret

00000192 <_Z17Serial0_availablev>:
 192:	85 e1       	ldi	r24, 0x15	; 21
 194:	91 e0       	ldi	r25, 0x01	; 1
 196:	0e 94 bd 00 	call	0x17a	; 0x17a <_ZN14HardwareSerial9availableEv>
 19a:	21 e0       	ldi	r18, 0x01	; 1
 19c:	89 2b       	or	r24, r25
 19e:	09 f4       	brne	.+2      	; 0x1a2 <_Z17Serial0_availablev+0x10>
 1a0:	20 e0       	ldi	r18, 0x00	; 0
 1a2:	82 2f       	mov	r24, r18
 1a4:	08 95       	ret

000001a6 <_Z14serialEventRunv>:
 1a6:	80 e0       	ldi	r24, 0x00	; 0
 1a8:	90 e0       	ldi	r25, 0x00	; 0
 1aa:	89 2b       	or	r24, r25
 1ac:	29 f0       	breq	.+10     	; 0x1b8 <_Z14serialEventRunv+0x12>
 1ae:	0e 94 c9 00 	call	0x192	; 0x192 <_Z17Serial0_availablev>
 1b2:	81 11       	cpse	r24, r1
 1b4:	0c 94 00 00 	jmp	0	; 0x0 <__vectors>
 1b8:	08 95       	ret

000001ba <_ZN14HardwareSerial17_tx_udr_empty_irqEv>:
 1ba:	fc 01       	movw	r30, r24
 1bc:	a4 8d       	ldd	r26, Z+28	; 0x1c
 1be:	a8 0f       	add	r26, r24
 1c0:	b9 2f       	mov	r27, r25
 1c2:	b1 1d       	adc	r27, r1
 1c4:	a3 5a       	subi	r26, 0xA3	; 163
 1c6:	bf 4f       	sbci	r27, 0xFF	; 255
 1c8:	2c 91       	ld	r18, X
 1ca:	84 8d       	ldd	r24, Z+28	; 0x1c
 1cc:	90 e0       	ldi	r25, 0x00	; 0
 1ce:	01 96       	adiw	r24, 0x01	; 1
 1d0:	8f 73       	andi	r24, 0x3F	; 63
 1d2:	99 27       	eor	r25, r25
 1d4:	84 8f       	std	Z+28, r24	; 0x1c
 1d6:	a6 89       	ldd	r26, Z+22	; 0x16
 1d8:	b7 89       	ldd	r27, Z+23	; 0x17
 1da:	2c 93       	st	X, r18
 1dc:	a0 89       	ldd	r26, Z+16	; 0x10
 1de:	b1 89       	ldd	r27, Z+17	; 0x11
 1e0:	8c 91       	ld	r24, X
 1e2:	83 70       	andi	r24, 0x03	; 3
 1e4:	80 64       	ori	r24, 0x40	; 64
 1e6:	8c 93       	st	X, r24
 1e8:	93 8d       	ldd	r25, Z+27	; 0x1b
 1ea:	84 8d       	ldd	r24, Z+28	; 0x1c
 1ec:	98 13       	cpse	r25, r24
 1ee:	06 c0       	rjmp	.+12     	; 0x1fc <_ZN14HardwareSerial17_tx_udr_empty_irqEv+0x42>
 1f0:	02 88       	ldd	r0, Z+18	; 0x12
 1f2:	f3 89       	ldd	r31, Z+19	; 0x13
 1f4:	e0 2d       	mov	r30, r0
 1f6:	80 81       	ld	r24, Z
 1f8:	8f 7d       	andi	r24, 0xDF	; 223
 1fa:	80 83       	st	Z, r24
 1fc:	08 95       	ret

000001fe <_ZN14HardwareSerial5writeEh>:
 1fe:	ef 92       	push	r14
 200:	ff 92       	push	r15
 202:	0f 93       	push	r16
 204:	1f 93       	push	r17
 206:	cf 93       	push	r28
 208:	df 93       	push	r29
 20a:	ec 01       	movw	r28, r24
 20c:	81 e0       	ldi	r24, 0x01	; 1
 20e:	88 8f       	std	Y+24, r24	; 0x18
 210:	9b 8d       	ldd	r25, Y+27	; 0x1b
 212:	8c 8d       	ldd	r24, Y+28	; 0x1c
 214:	98 13       	cpse	r25, r24
 216:	1a c0       	rjmp	.+52     	; 0x24c <_ZN14HardwareSerial5writeEh+0x4e>
 218:	e8 89       	ldd	r30, Y+16	; 0x10
 21a:	f9 89       	ldd	r31, Y+17	; 0x11
 21c:	80 81       	ld	r24, Z
 21e:	85 ff       	sbrs	r24, 5
 220:	15 c0       	rjmp	.+42     	; 0x24c <_ZN14HardwareSerial5writeEh+0x4e>
 222:	9f b7       	in	r25, 0x3f	; 63
 224:	f8 94       	cli
 226:	ee 89       	ldd	r30, Y+22	; 0x16
 228:	ff 89       	ldd	r31, Y+23	; 0x17
 22a:	60 83       	st	Z, r22
 22c:	e8 89       	ldd	r30, Y+16	; 0x10
 22e:	f9 89       	ldd	r31, Y+17	; 0x11
 230:	80 81       	ld	r24, Z
 232:	83 70       	andi	r24, 0x03	; 3
 234:	80 64       	ori	r24, 0x40	; 64
 236:	80 83       	st	Z, r24
 238:	9f bf       	out	0x3f, r25	; 63
 23a:	81 e0       	ldi	r24, 0x01	; 1
 23c:	90 e0       	ldi	r25, 0x00	; 0
 23e:	df 91       	pop	r29
 240:	cf 91       	pop	r28
 242:	1f 91       	pop	r17
 244:	0f 91       	pop	r16
 246:	ff 90       	pop	r15
 248:	ef 90       	pop	r14
 24a:	08 95       	ret
 24c:	f6 2e       	mov	r15, r22
 24e:	0b 8d       	ldd	r16, Y+27	; 0x1b
 250:	10 e0       	ldi	r17, 0x00	; 0
 252:	0f 5f       	subi	r16, 0xFF	; 255
 254:	1f 4f       	sbci	r17, 0xFF	; 255
 256:	0f 73       	andi	r16, 0x3F	; 63
 258:	11 27       	eor	r17, r17
 25a:	e0 2e       	mov	r14, r16
 25c:	8c 8d       	ldd	r24, Y+28	; 0x1c
 25e:	8e 11       	cpse	r24, r14
 260:	0c c0       	rjmp	.+24     	; 0x27a <_ZN14HardwareSerial5writeEh+0x7c>
 262:	0f b6       	in	r0, 0x3f	; 63
 264:	07 fc       	sbrc	r0, 7
 266:	fa cf       	rjmp	.-12     	; 0x25c <_ZN14HardwareSerial5writeEh+0x5e>
 268:	e8 89       	ldd	r30, Y+16	; 0x10
 26a:	f9 89       	ldd	r31, Y+17	; 0x11
 26c:	80 81       	ld	r24, Z
 26e:	85 ff       	sbrs	r24, 5
 270:	f5 cf       	rjmp	.-22     	; 0x25c <_ZN14HardwareSerial5writeEh+0x5e>
 272:	ce 01       	movw	r24, r28
 274:	0e 94 dd 00 	call	0x1ba	; 0x1ba <_ZN14HardwareSerial17_tx_udr_empty_irqEv>
 278:	f1 cf       	rjmp	.-30     	; 0x25c <_ZN14HardwareSerial5writeEh+0x5e>
 27a:	eb 8d       	ldd	r30, Y+27	; 0x1b
 27c:	ec 0f       	add	r30, r28
 27e:	fd 2f       	mov	r31, r29
 280:	f1 1d       	adc	r31, r1
 282:	e3 5a       	subi	r30, 0xA3	; 163
 284:	ff 4f       	sbci	r31, 0xFF	; 255
 286:	f0 82       	st	Z, r15
 288:	9f b7       	in	r25, 0x3f	; 63
 28a:	f8 94       	cli
 28c:	0b 8f       	std	Y+27, r16	; 0x1b
 28e:	ea 89       	ldd	r30, Y+18	; 0x12
 290:	fb 89       	ldd	r31, Y+19	; 0x13
 292:	80 81       	ld	r24, Z
 294:	80 62       	ori	r24, 0x20	; 32
 296:	cf cf       	rjmp	.-98     	; 0x236 <_ZN14HardwareSerial5writeEh+0x38>

00000298 <_ZN14HardwareSerial5flushEv>:
 298:	cf 93       	push	r28
 29a:	df 93       	push	r29
 29c:	ec 01       	movw	r28, r24
 29e:	88 8d       	ldd	r24, Y+24	; 0x18
 2a0:	88 23       	and	r24, r24
 2a2:	b9 f0       	breq	.+46     	; 0x2d2 <_ZN14HardwareSerial5flushEv+0x3a>
 2a4:	aa 89       	ldd	r26, Y+18	; 0x12
 2a6:	bb 89       	ldd	r27, Y+19	; 0x13
 2a8:	e8 89       	ldd	r30, Y+16	; 0x10
 2aa:	f9 89       	ldd	r31, Y+17	; 0x11
 2ac:	8c 91       	ld	r24, X
 2ae:	85 fd       	sbrc	r24, 5
 2b0:	03 c0       	rjmp	.+6      	; 0x2b8 <_ZN14HardwareSerial5flushEv+0x20>
 2b2:	80 81       	ld	r24, Z
 2b4:	86 fd       	sbrc	r24, 6
 2b6:	0d c0       	rjmp	.+26     	; 0x2d2 <_ZN14HardwareSerial5flushEv+0x3a>
 2b8:	0f b6       	in	r0, 0x3f	; 63
 2ba:	07 fc       	sbrc	r0, 7
 2bc:	f7 cf       	rjmp	.-18     	; 0x2ac <_ZN14HardwareSerial5flushEv+0x14>
 2be:	8c 91       	ld	r24, X
 2c0:	85 ff       	sbrs	r24, 5
 2c2:	f2 cf       	rjmp	.-28     	; 0x2a8 <_ZN14HardwareSerial5flushEv+0x10>
 2c4:	80 81       	ld	r24, Z
 2c6:	85 ff       	sbrs	r24, 5
 2c8:	ed cf       	rjmp	.-38     	; 0x2a4 <_ZN14HardwareSerial5flushEv+0xc>
 2ca:	ce 01       	movw	r24, r28
 2cc:	0e 94 dd 00 	call	0x1ba	; 0x1ba <_ZN14HardwareSerial17_tx_udr_empty_irqEv>
 2d0:	e9 cf       	rjmp	.-46     	; 0x2a4 <_ZN14HardwareSerial5flushEv+0xc>
 2d2:	df 91       	pop	r29
 2d4:	cf 91       	pop	r28
 2d6:	08 95       	ret

000002d8 <_ZL13publishResultv>:
 2d8:	87 ea       	ldi	r24, 0xA7	; 167
 2da:	80 93 00 03 	sts	0x0300, r24	; 0x800300 <__bss_end+0x145>
 2de:	80 91 14 01 	lds	r24, 0x0114	; 0x800114 <rxCount>
 2e2:	80 93 01 03 	sts	0x0301, r24	; 0x800301 <__bss_end+0x146>
 2e6:	80 91 13 01 	lds	r24, 0x0113	; 0x800113 <rxXor>
 2ea:	80 93 02 03 	sts	0x0302, r24	; 0x800302 <__bss_end+0x147>
 2ee:	80 91 12 01 	lds	r24, 0x0112	; 0x800112 <lastRx>
 2f2:	80 93 03 03 	sts	0x0303, r24	; 0x800303 <__bss_end+0x148>
 2f6:	85 e1       	ldi	r24, 0x15	; 21
 2f8:	91 e0       	ldi	r25, 0x01	; 1
 2fa:	0e 94 bd 00 	call	0x17a	; 0x17a <_ZN14HardwareSerial9availableEv>
 2fe:	80 93 04 03 	sts	0x0304, r24	; 0x800304 <__bss_end+0x149>
 302:	8c e5       	ldi	r24, 0x5C	; 92
 304:	80 93 05 03 	sts	0x0305, r24	; 0x800305 <__bss_end+0x14a>
 308:	08 95       	ret

0000030a <__vector_16>:
 30a:	1f 92       	push	r1
 30c:	0f 92       	push	r0
 30e:	0f b6       	in	r0, 0x3f	; 63
 310:	0f 92       	push	r0
 312:	11 24       	eor	r1, r1
 314:	2f 93       	push	r18
 316:	3f 93       	push	r19
 318:	8f 93       	push	r24
 31a:	9f 93       	push	r25
 31c:	af 93       	push	r26
 31e:	bf 93       	push	r27
 320:	80 91 b7 01 	lds	r24, 0x01B7	; 0x8001b7 <timer0_millis>
 324:	90 91 b8 01 	lds	r25, 0x01B8	; 0x8001b8 <timer0_millis+0x1>
 328:	a0 91 b9 01 	lds	r26, 0x01B9	; 0x8001b9 <timer0_millis+0x2>
 32c:	b0 91 ba 01 	lds	r27, 0x01BA	; 0x8001ba <timer0_millis+0x3>
 330:	30 91 b6 01 	lds	r19, 0x01B6	; 0x8001b6 <timer0_fract>
 334:	23 e0       	ldi	r18, 0x03	; 3
 336:	23 0f       	add	r18, r19
 338:	2d 37       	cpi	r18, 0x7D	; 125
 33a:	58 f5       	brcc	.+86     	; 0x392 <__vector_16+0x88>
 33c:	01 96       	adiw	r24, 0x01	; 1
 33e:	a1 1d       	adc	r26, r1
 340:	b1 1d       	adc	r27, r1
 342:	20 93 b6 01 	sts	0x01B6, r18	; 0x8001b6 <timer0_fract>
 346:	80 93 b7 01 	sts	0x01B7, r24	; 0x8001b7 <timer0_millis>
 34a:	90 93 b8 01 	sts	0x01B8, r25	; 0x8001b8 <timer0_millis+0x1>
 34e:	a0 93 b9 01 	sts	0x01B9, r26	; 0x8001b9 <timer0_millis+0x2>
 352:	b0 93 ba 01 	sts	0x01BA, r27	; 0x8001ba <timer0_millis+0x3>
 356:	80 91 b2 01 	lds	r24, 0x01B2	; 0x8001b2 <timer0_overflow_count>
 35a:	90 91 b3 01 	lds	r25, 0x01B3	; 0x8001b3 <timer0_overflow_count+0x1>
 35e:	a0 91 b4 01 	lds	r26, 0x01B4	; 0x8001b4 <timer0_overflow_count+0x2>
 362:	b0 91 b5 01 	lds	r27, 0x01B5	; 0x8001b5 <timer0_overflow_count+0x3>
 366:	01 96       	adiw	r24, 0x01	; 1
 368:	a1 1d       	adc	r26, r1
 36a:	b1 1d       	adc	r27, r1
 36c:	80 93 b2 01 	sts	0x01B2, r24	; 0x8001b2 <timer0_overflow_count>
 370:	90 93 b3 01 	sts	0x01B3, r25	; 0x8001b3 <timer0_overflow_count+0x1>
 374:	a0 93 b4 01 	sts	0x01B4, r26	; 0x8001b4 <timer0_overflow_count+0x2>
 378:	b0 93 b5 01 	sts	0x01B5, r27	; 0x8001b5 <timer0_overflow_count+0x3>
 37c:	bf 91       	pop	r27
 37e:	af 91       	pop	r26
 380:	9f 91       	pop	r25
 382:	8f 91       	pop	r24
 384:	3f 91       	pop	r19
 386:	2f 91       	pop	r18
 388:	0f 90       	pop	r0
 38a:	0f be       	out	0x3f, r0	; 63
 38c:	0f 90       	pop	r0
 38e:	1f 90       	pop	r1
 390:	18 95       	reti
 392:	26 e8       	ldi	r18, 0x86	; 134
 394:	23 0f       	add	r18, r19
 396:	02 96       	adiw	r24, 0x02	; 2
 398:	a1 1d       	adc	r26, r1
 39a:	b1 1d       	adc	r27, r1
 39c:	d2 cf       	rjmp	.-92     	; 0x342 <__vector_16+0x38>

0000039e <__vector_19>:
 39e:	1f 92       	push	r1
 3a0:	0f 92       	push	r0
 3a2:	0f b6       	in	r0, 0x3f	; 63
 3a4:	0f 92       	push	r0
 3a6:	11 24       	eor	r1, r1
 3a8:	2f 93       	push	r18
 3aa:	3f 93       	push	r19
 3ac:	4f 93       	push	r20
 3ae:	5f 93       	push	r21
 3b0:	6f 93       	push	r22
 3b2:	7f 93       	push	r23
 3b4:	8f 93       	push	r24
 3b6:	9f 93       	push	r25
 3b8:	af 93       	push	r26
 3ba:	bf 93       	push	r27
 3bc:	ef 93       	push	r30
 3be:	ff 93       	push	r31
 3c0:	85 e1       	ldi	r24, 0x15	; 21
 3c2:	91 e0       	ldi	r25, 0x01	; 1
 3c4:	0e 94 dd 00 	call	0x1ba	; 0x1ba <_ZN14HardwareSerial17_tx_udr_empty_irqEv>
 3c8:	ff 91       	pop	r31
 3ca:	ef 91       	pop	r30
 3cc:	bf 91       	pop	r27
 3ce:	af 91       	pop	r26
 3d0:	9f 91       	pop	r25
 3d2:	8f 91       	pop	r24
 3d4:	7f 91       	pop	r23
 3d6:	6f 91       	pop	r22
 3d8:	5f 91       	pop	r21
 3da:	4f 91       	pop	r20
 3dc:	3f 91       	pop	r19
 3de:	2f 91       	pop	r18
 3e0:	0f 90       	pop	r0
 3e2:	0f be       	out	0x3f, r0	; 63
 3e4:	0f 90       	pop	r0
 3e6:	1f 90       	pop	r1
 3e8:	18 95       	reti

000003ea <__vector_18>:
 3ea:	1f 92       	push	r1
 3ec:	0f 92       	push	r0
 3ee:	0f b6       	in	r0, 0x3f	; 63
 3f0:	0f 92       	push	r0
 3f2:	11 24       	eor	r1, r1
 3f4:	2f 93       	push	r18
 3f6:	8f 93       	push	r24
 3f8:	9f 93       	push	r25
 3fa:	ef 93       	push	r30
 3fc:	ff 93       	push	r31
 3fe:	e0 91 25 01 	lds	r30, 0x0125	; 0x800125 <Serial+0x10>
 402:	f0 91 26 01 	lds	r31, 0x0126	; 0x800126 <Serial+0x11>
 406:	80 81       	ld	r24, Z
 408:	e0 91 2b 01 	lds	r30, 0x012B	; 0x80012b <Serial+0x16>
 40c:	f0 91 2c 01 	lds	r31, 0x012C	; 0x80012c <Serial+0x17>
 410:	82 fd       	sbrc	r24, 2
 412:	1b c0       	rjmp	.+54     	; 0x44a <__LOCK_REGION_LENGTH__+0x4a>
 414:	90 81       	ld	r25, Z
 416:	80 91 2e 01 	lds	r24, 0x012E	; 0x80012e <Serial+0x19>
 41a:	8f 5f       	subi	r24, 0xFF	; 255
 41c:	8f 73       	andi	r24, 0x3F	; 63
 41e:	20 91 2f 01 	lds	r18, 0x012F	; 0x80012f <Serial+0x1a>
 422:	82 17       	cp	r24, r18
 424:	41 f0       	breq	.+16     	; 0x436 <__LOCK_REGION_LENGTH__+0x36>
 426:	e0 91 2e 01 	lds	r30, 0x012E	; 0x80012e <Serial+0x19>
 42a:	f0 e0       	ldi	r31, 0x00	; 0
 42c:	eb 5e       	subi	r30, 0xEB	; 235
 42e:	fe 4f       	sbci	r31, 0xFE	; 254
 430:	95 8f       	std	Z+29, r25	; 0x1d
 432:	80 93 2e 01 	sts	0x012E, r24	; 0x80012e <Serial+0x19>
 436:	ff 91       	pop	r31
 438:	ef 91       	pop	r30
 43a:	9f 91       	pop	r25
 43c:	8f 91       	pop	r24
 43e:	2f 91       	pop	r18
 440:	0f 90       	pop	r0
 442:	0f be       	out	0x3f, r0	; 63
 444:	0f 90       	pop	r0
 446:	1f 90       	pop	r1
 448:	18 95       	reti
 44a:	80 81       	ld	r24, Z
 44c:	f4 cf       	rjmp	.-24     	; 0x436 <__LOCK_REGION_LENGTH__+0x36>

0000044e <main>:
 44e:	78 94       	sei
 450:	84 b5       	in	r24, 0x24	; 36
 452:	82 60       	ori	r24, 0x02	; 2
 454:	84 bd       	out	0x24, r24	; 36
 456:	84 b5       	in	r24, 0x24	; 36
 458:	81 60       	ori	r24, 0x01	; 1
 45a:	84 bd       	out	0x24, r24	; 36
 45c:	85 b5       	in	r24, 0x25	; 37
 45e:	82 60       	ori	r24, 0x02	; 2
 460:	85 bd       	out	0x25, r24	; 37
 462:	85 b5       	in	r24, 0x25	; 37
 464:	81 60       	ori	r24, 0x01	; 1
 466:	85 bd       	out	0x25, r24	; 37
 468:	80 91 6e 00 	lds	r24, 0x006E	; 0x80006e <__DATA_REGION_ORIGIN__+0xe>
 46c:	81 60       	ori	r24, 0x01	; 1
 46e:	80 93 6e 00 	sts	0x006E, r24	; 0x80006e <__DATA_REGION_ORIGIN__+0xe>
 472:	10 92 81 00 	sts	0x0081, r1	; 0x800081 <__DATA_REGION_ORIGIN__+0x21>
 476:	80 91 81 00 	lds	r24, 0x0081	; 0x800081 <__DATA_REGION_ORIGIN__+0x21>
 47a:	82 60       	ori	r24, 0x02	; 2
 47c:	80 93 81 00 	sts	0x0081, r24	; 0x800081 <__DATA_REGION_ORIGIN__+0x21>
 480:	80 91 81 00 	lds	r24, 0x0081	; 0x800081 <__DATA_REGION_ORIGIN__+0x21>
 484:	81 60       	ori	r24, 0x01	; 1
 486:	80 93 81 00 	sts	0x0081, r24	; 0x800081 <__DATA_REGION_ORIGIN__+0x21>
 48a:	80 91 80 00 	lds	r24, 0x0080	; 0x800080 <__DATA_REGION_ORIGIN__+0x20>
 48e:	81 60       	ori	r24, 0x01	; 1
 490:	80 93 80 00 	sts	0x0080, r24	; 0x800080 <__DATA_REGION_ORIGIN__+0x20>
 494:	80 91 b1 00 	lds	r24, 0x00B1	; 0x8000b1 <__DATA_REGION_ORIGIN__+0x51>
 498:	84 60       	ori	r24, 0x04	; 4
 49a:	80 93 b1 00 	sts	0x00B1, r24	; 0x8000b1 <__DATA_REGION_ORIGIN__+0x51>
 49e:	80 91 b0 00 	lds	r24, 0x00B0	; 0x8000b0 <__DATA_REGION_ORIGIN__+0x50>
 4a2:	81 60       	ori	r24, 0x01	; 1
 4a4:	80 93 b0 00 	sts	0x00B0, r24	; 0x8000b0 <__DATA_REGION_ORIGIN__+0x50>
 4a8:	80 91 7a 00 	lds	r24, 0x007A	; 0x80007a <__DATA_REGION_ORIGIN__+0x1a>
 4ac:	84 60       	ori	r24, 0x04	; 4
 4ae:	80 93 7a 00 	sts	0x007A, r24	; 0x80007a <__DATA_REGION_ORIGIN__+0x1a>
 4b2:	80 91 7a 00 	lds	r24, 0x007A	; 0x80007a <__DATA_REGION_ORIGIN__+0x1a>
 4b6:	82 60       	ori	r24, 0x02	; 2
 4b8:	80 93 7a 00 	sts	0x007A, r24	; 0x80007a <__DATA_REGION_ORIGIN__+0x1a>
 4bc:	80 91 7a 00 	lds	r24, 0x007A	; 0x80007a <__DATA_REGION_ORIGIN__+0x1a>
 4c0:	81 60       	ori	r24, 0x01	; 1
 4c2:	80 93 7a 00 	sts	0x007A, r24	; 0x80007a <__DATA_REGION_ORIGIN__+0x1a>
 4c6:	80 91 7a 00 	lds	r24, 0x007A	; 0x80007a <__DATA_REGION_ORIGIN__+0x1a>
 4ca:	80 68       	ori	r24, 0x80	; 128
 4cc:	80 93 7a 00 	sts	0x007A, r24	; 0x80007a <__DATA_REGION_ORIGIN__+0x1a>
 4d0:	10 92 c1 00 	sts	0x00C1, r1	; 0x8000c1 <__DATA_REGION_ORIGIN__+0x61>
 4d4:	e0 e0       	ldi	r30, 0x00	; 0
 4d6:	f3 e0       	ldi	r31, 0x03	; 3
 4d8:	11 92       	st	Z+, r1
 4da:	e0 31       	cpi	r30, 0x10	; 16
 4dc:	83 e0       	ldi	r24, 0x03	; 3
 4de:	f8 07       	cpc	r31, r24
 4e0:	d9 f7       	brne	.-10     	; 0x4d8 <main+0x8a>
 4e2:	e0 91 25 01 	lds	r30, 0x0125	; 0x800125 <Serial+0x10>
 4e6:	f0 91 26 01 	lds	r31, 0x0126	; 0x800126 <Serial+0x11>
 4ea:	82 e0       	ldi	r24, 0x02	; 2
 4ec:	80 83       	st	Z, r24
 4ee:	e0 91 21 01 	lds	r30, 0x0121	; 0x800121 <Serial+0xc>
 4f2:	f0 91 22 01 	lds	r31, 0x0122	; 0x800122 <Serial+0xd>
 4f6:	10 82       	st	Z, r1
 4f8:	e0 91 23 01 	lds	r30, 0x0123	; 0x800123 <Serial+0xe>
 4fc:	f0 91 24 01 	lds	r31, 0x0124	; 0x800124 <Serial+0xf>
 500:	8f ec       	ldi	r24, 0xCF	; 207
 502:	80 83       	st	Z, r24
 504:	10 92 2d 01 	sts	0x012D, r1	; 0x80012d <Serial+0x18>
 508:	e0 91 29 01 	lds	r30, 0x0129	; 0x800129 <Serial+0x14>
 50c:	f0 91 2a 01 	lds	r31, 0x012A	; 0x80012a <Serial+0x15>
 510:	86 e0       	ldi	r24, 0x06	; 6
 512:	80 83       	st	Z, r24
 514:	e0 91 27 01 	lds	r30, 0x0127	; 0x800127 <Serial+0x12>
 518:	f0 91 28 01 	lds	r31, 0x0128	; 0x800128 <Serial+0x13>
 51c:	80 81       	ld	r24, Z
 51e:	80 61       	ori	r24, 0x10	; 16
 520:	80 83       	st	Z, r24
 522:	e0 91 27 01 	lds	r30, 0x0127	; 0x800127 <Serial+0x12>
 526:	f0 91 28 01 	lds	r31, 0x0128	; 0x800128 <Serial+0x13>
 52a:	80 81       	ld	r24, Z
 52c:	88 60       	ori	r24, 0x08	; 8
 52e:	80 83       	st	Z, r24
 530:	e0 91 27 01 	lds	r30, 0x0127	; 0x800127 <Serial+0x12>
 534:	f0 91 28 01 	lds	r31, 0x0128	; 0x800128 <Serial+0x13>
 538:	80 81       	ld	r24, Z
 53a:	80 68       	ori	r24, 0x80	; 128
 53c:	80 83       	st	Z, r24
 53e:	e0 91 27 01 	lds	r30, 0x0127	; 0x800127 <Serial+0x12>
 542:	f0 91 28 01 	lds	r31, 0x0128	; 0x800128 <Serial+0x13>
 546:	80 81       	ld	r24, Z
 548:	8f 7d       	andi	r24, 0xDF	; 223
 54a:	80 83       	st	Z, r24
 54c:	0e 94 6c 01 	call	0x2d8	; 0x2d8 <_ZL13publishResultv>
 550:	c0 e0       	ldi	r28, 0x00	; 0
 552:	d0 e0       	ldi	r29, 0x00	; 0
 554:	85 e1       	ldi	r24, 0x15	; 21
 556:	91 e0       	ldi	r25, 0x01	; 1
 558:	0e 94 bd 00 	call	0x17a	; 0x17a <_ZN14HardwareSerial9availableEv>
 55c:	18 16       	cp	r1, r24
 55e:	19 06       	cpc	r1, r25
 560:	d4 f4       	brge	.+52     	; 0x596 <main+0x148>
 562:	85 e1       	ldi	r24, 0x15	; 21
 564:	91 e0       	ldi	r25, 0x01	; 1
 566:	0e 94 9b 00 	call	0x136	; 0x136 <_ZN14HardwareSerial4readEv>
 56a:	97 fd       	sbrc	r25, 7
 56c:	14 c0       	rjmp	.+40     	; 0x596 <main+0x148>
 56e:	90 91 14 01 	lds	r25, 0x0114	; 0x800114 <rxCount>
 572:	9f 5f       	subi	r25, 0xFF	; 255
 574:	90 93 14 01 	sts	0x0114, r25	; 0x800114 <rxCount>
 578:	90 91 13 01 	lds	r25, 0x0113	; 0x800113 <rxXor>
 57c:	98 27       	eor	r25, r24
 57e:	90 93 13 01 	sts	0x0113, r25	; 0x800113 <rxXor>
 582:	80 93 12 01 	sts	0x0112, r24	; 0x800112 <lastRx>
 586:	68 2f       	mov	r22, r24
 588:	85 e1       	ldi	r24, 0x15	; 21
 58a:	91 e0       	ldi	r25, 0x01	; 1
 58c:	0e 94 ff 00 	call	0x1fe	; 0x1fe <_ZN14HardwareSerial5writeEh>
 590:	0e 94 6c 01 	call	0x2d8	; 0x2d8 <_ZL13publishResultv>
 594:	df cf       	rjmp	.-66     	; 0x554 <main+0x106>
 596:	0e 94 6c 01 	call	0x2d8	; 0x2d8 <_ZL13publishResultv>
 59a:	20 97       	sbiw	r28, 0x00	; 0
 59c:	d9 f2       	breq	.-74     	; 0x554 <main+0x106>
 59e:	0e 94 c9 00 	call	0x192	; 0x192 <_Z17Serial0_availablev>
 5a2:	88 23       	and	r24, r24
 5a4:	b9 f2       	breq	.-82     	; 0x554 <main+0x106>
 5a6:	0e 94 00 00 	call	0	; 0x0 <__vectors>
 5aa:	d4 cf       	rjmp	.-88     	; 0x554 <main+0x106>

000005ac <_GLOBAL__sub_I___vector_18>:
 5ac:	e5 e1       	ldi	r30, 0x15	; 21
 5ae:	f1 e0       	ldi	r31, 0x01	; 1
 5b0:	13 82       	std	Z+3, r1	; 0x03
 5b2:	12 82       	std	Z+2, r1	; 0x02
 5b4:	88 ee       	ldi	r24, 0xE8	; 232
 5b6:	93 e0       	ldi	r25, 0x03	; 3
 5b8:	a0 e0       	ldi	r26, 0x00	; 0
 5ba:	b0 e0       	ldi	r27, 0x00	; 0
 5bc:	84 83       	std	Z+4, r24	; 0x04
 5be:	95 83       	std	Z+5, r25	; 0x05
 5c0:	a6 83       	std	Z+6, r26	; 0x06
 5c2:	b7 83       	std	Z+7, r27	; 0x07
 5c4:	84 e0       	ldi	r24, 0x04	; 4
 5c6:	91 e0       	ldi	r25, 0x01	; 1
 5c8:	91 83       	std	Z+1, r25	; 0x01
 5ca:	80 83       	st	Z, r24
 5cc:	85 ec       	ldi	r24, 0xC5	; 197
 5ce:	90 e0       	ldi	r25, 0x00	; 0
 5d0:	95 87       	std	Z+13, r25	; 0x0d
 5d2:	84 87       	std	Z+12, r24	; 0x0c
 5d4:	84 ec       	ldi	r24, 0xC4	; 196
 5d6:	90 e0       	ldi	r25, 0x00	; 0
 5d8:	97 87       	std	Z+15, r25	; 0x0f
 5da:	86 87       	std	Z+14, r24	; 0x0e
 5dc:	80 ec       	ldi	r24, 0xC0	; 192
 5de:	90 e0       	ldi	r25, 0x00	; 0
 5e0:	91 8b       	std	Z+17, r25	; 0x11
 5e2:	80 8b       	std	Z+16, r24	; 0x10
 5e4:	81 ec       	ldi	r24, 0xC1	; 193
 5e6:	90 e0       	ldi	r25, 0x00	; 0
 5e8:	93 8b       	std	Z+19, r25	; 0x13
 5ea:	82 8b       	std	Z+18, r24	; 0x12
 5ec:	82 ec       	ldi	r24, 0xC2	; 194
 5ee:	90 e0       	ldi	r25, 0x00	; 0
 5f0:	95 8b       	std	Z+21, r25	; 0x15
 5f2:	84 8b       	std	Z+20, r24	; 0x14
 5f4:	86 ec       	ldi	r24, 0xC6	; 198
 5f6:	90 e0       	ldi	r25, 0x00	; 0
 5f8:	97 8b       	std	Z+23, r25	; 0x17
 5fa:	86 8b       	std	Z+22, r24	; 0x16
 5fc:	11 8e       	std	Z+25, r1	; 0x19
 5fe:	12 8e       	std	Z+26, r1	; 0x1a
 600:	13 8e       	std	Z+27, r1	; 0x1b
 602:	14 8e       	std	Z+28, r1	; 0x1c
 604:	08 95       	ret

00000606 <__tablejump2__>:
 606:	ee 0f       	add	r30, r30
 608:	ff 1f       	adc	r31, r31
 60a:	05 90       	lpm	r0, Z+
 60c:	f4 91       	lpm	r31, Z
 60e:	e0 2d       	mov	r30, r0
 610:	09 94       	ijmp

00000612 <_exit>:
 612:	f8 94       	cli

00000614 <__stop_program>:
 614:	ff cf       	rjmp	.-2      	; 0x614 <__stop_program>
