
examples/arduino-peripheral-bound/build/arduino-peripheral-bound.ino.elf:     file format elf32-avr


Disassembly of section .text:

00000000 <__vectors>:
   0:	0c 94 34 00 	jmp	0x68	; 0x68 <__ctors_end>
   4:	0c 94 46 00 	jmp	0x8c	; 0x8c <__bad_interrupt>
   8:	0c 94 46 00 	jmp	0x8c	; 0x8c <__bad_interrupt>
   c:	0c 94 46 00 	jmp	0x8c	; 0x8c <__bad_interrupt>
  10:	0c 94 46 00 	jmp	0x8c	; 0x8c <__bad_interrupt>
  14:	0c 94 46 00 	jmp	0x8c	; 0x8c <__bad_interrupt>
  18:	0c 94 46 00 	jmp	0x8c	; 0x8c <__bad_interrupt>
  1c:	0c 94 46 00 	jmp	0x8c	; 0x8c <__bad_interrupt>
  20:	0c 94 46 00 	jmp	0x8c	; 0x8c <__bad_interrupt>
  24:	0c 94 46 00 	jmp	0x8c	; 0x8c <__bad_interrupt>
  28:	0c 94 46 00 	jmp	0x8c	; 0x8c <__bad_interrupt>
  2c:	0c 94 46 00 	jmp	0x8c	; 0x8c <__bad_interrupt>
  30:	0c 94 46 00 	jmp	0x8c	; 0x8c <__bad_interrupt>
  34:	0c 94 46 00 	jmp	0x8c	; 0x8c <__bad_interrupt>
  38:	0c 94 46 00 	jmp	0x8c	; 0x8c <__bad_interrupt>
  3c:	0c 94 46 00 	jmp	0x8c	; 0x8c <__bad_interrupt>
  40:	0c 94 6d 00 	jmp	0xda	; 0xda <__vector_16>
  44:	0c 94 46 00 	jmp	0x8c	; 0x8c <__bad_interrupt>
  48:	0c 94 46 00 	jmp	0x8c	; 0x8c <__bad_interrupt>
  4c:	0c 94 11 01 	jmp	0x222	; 0x222 <__vector_19>
  50:	0c 94 ff 00 	jmp	0x1fe	; 0x1fe <__vector_20>
  54:	0c 94 b7 00 	jmp	0x16e	; 0x16e <__vector_21>
  58:	0c 94 46 00 	jmp	0x8c	; 0x8c <__bad_interrupt>
  5c:	0c 94 46 00 	jmp	0x8c	; 0x8c <__bad_interrupt>
  60:	0c 94 46 00 	jmp	0x8c	; 0x8c <__bad_interrupt>
  64:	0c 94 46 00 	jmp	0x8c	; 0x8c <__bad_interrupt>

00000068 <__ctors_end>:
  68:	11 24       	eor	r1, r1
  6a:	1f be       	out	0x3f, r1	; 63
  6c:	cf ef       	ldi	r28, 0xFF	; 255
  6e:	d8 e0       	ldi	r29, 0x08	; 8
  70:	de bf       	out	0x3e, r29	; 62
  72:	cd bf       	out	0x3d, r28	; 61

00000074 <__do_clear_bss>:
  74:	21 e0       	ldi	r18, 0x01	; 1
  76:	a0 e0       	ldi	r26, 0x00	; 0
  78:	b1 e0       	ldi	r27, 0x01	; 1
  7a:	01 c0       	rjmp	.+2      	; 0x7e <.do_clear_bss_start>

0000007c <.do_clear_bss_loop>:
  7c:	1d 92       	st	X+, r1

0000007e <.do_clear_bss_start>:
  7e:	a3 31       	cpi	r26, 0x13	; 19
  80:	b2 07       	cpc	r27, r18
  82:	e1 f7       	brne	.-8      	; 0x7c <.do_clear_bss_loop>
  84:	0e 94 43 01 	call	0x286	; 0x286 <main>
  88:	0c 94 5b 02 	jmp	0x4b6	; 0x4b6 <_exit>

0000008c <__bad_interrupt>:
  8c:	0c 94 00 00 	jmp	0	; 0x0 <__vectors>

00000090 <_Z10startBatchv>:
  90:	81 e0       	ldi	r24, 0x01	; 1
  92:	90 e0       	ldi	r25, 0x00	; 0
  94:	90 93 05 01 	sts	0x0105, r25	; 0x800105 <txSent+0x1>
  98:	80 93 04 01 	sts	0x0104, r24	; 0x800104 <txSent>
  9c:	10 92 03 01 	sts	0x0103, r1	; 0x800103 <txSum+0x1>
  a0:	10 92 02 01 	sts	0x0102, r1	; 0x800102 <txSum>
  a4:	10 92 09 01 	sts	0x0109, r1	; 0x800109 <txDone>
  a8:	10 92 08 01 	sts	0x0108, r1	; 0x800108 <adcCount>
  ac:	10 92 07 01 	sts	0x0107, r1	; 0x800107 <adcSum+0x1>
  b0:	10 92 06 01 	sts	0x0106, r1	; 0x800106 <adcSum>
  b4:	10 92 01 01 	sts	0x0101, r1	; 0x800101 <_edata+0x1>
  b8:	10 92 00 01 	sts	0x0100, r1	; 0x800100 <_edata>
  bc:	80 e4       	ldi	r24, 0x40	; 64
  be:	80 93 c0 00 	sts	0x00C0, r24	; 0x8000c0 <__DATA_REGION_ORIGIN__+0x60>
  c2:	e1 ec       	ldi	r30, 0xC1	; 193
  c4:	f0 e0       	ldi	r31, 0x00	; 0
  c6:	88 e0       	ldi	r24, 0x08	; 8
  c8:	80 83       	st	Z, r24
  ca:	10 92 c6 00 	sts	0x00C6, r1	; 0x8000c6 <__DATA_REGION_ORIGIN__+0x66>
  ce:	88 e2       	ldi	r24, 0x28	; 40
  d0:	80 83       	st	Z, r24
  d2:	8f ec       	ldi	r24, 0xCF	; 207
  d4:	80 93 7a 00 	sts	0x007A, r24	; 0x80007a <__DATA_REGION_ORIGIN__+0x1a>
  d8:	08 95       	ret

000000da <__vector_16>:
  da:	1f 92       	push	r1
  dc:	0f 92       	push	r0
  de:	0f b6       	in	r0, 0x3f	; 63
  e0:	0f 92       	push	r0
  e2:	11 24       	eor	r1, r1
  e4:	2f 93       	push	r18
  e6:	3f 93       	push	r19
  e8:	8f 93       	push	r24
  ea:	9f 93       	push	r25
  ec:	af 93       	push	r26
  ee:	bf 93       	push	r27
  f0:	80 91 0f 01 	lds	r24, 0x010F	; 0x80010f <timer0_millis>
  f4:	90 91 10 01 	lds	r25, 0x0110	; 0x800110 <timer0_millis+0x1>
  f8:	a0 91 11 01 	lds	r26, 0x0111	; 0x800111 <timer0_millis+0x2>
  fc:	b0 91 12 01 	lds	r27, 0x0112	; 0x800112 <timer0_millis+0x3>
 100:	30 91 0e 01 	lds	r19, 0x010E	; 0x80010e <timer0_fract>
 104:	23 e0       	ldi	r18, 0x03	; 3
 106:	23 0f       	add	r18, r19
 108:	2d 37       	cpi	r18, 0x7D	; 125
 10a:	58 f5       	brcc	.+86     	; 0x162 <__vector_16+0x88>
 10c:	01 96       	adiw	r24, 0x01	; 1
 10e:	a1 1d       	adc	r26, r1
 110:	b1 1d       	adc	r27, r1
 112:	20 93 0e 01 	sts	0x010E, r18	; 0x80010e <timer0_fract>
 116:	80 93 0f 01 	sts	0x010F, r24	; 0x80010f <timer0_millis>
 11a:	90 93 10 01 	sts	0x0110, r25	; 0x800110 <timer0_millis+0x1>
 11e:	a0 93 11 01 	sts	0x0111, r26	; 0x800111 <timer0_millis+0x2>
 122:	b0 93 12 01 	sts	0x0112, r27	; 0x800112 <timer0_millis+0x3>
 126:	80 91 0a 01 	lds	r24, 0x010A	; 0x80010a <timer0_overflow_count>
 12a:	90 91 0b 01 	lds	r25, 0x010B	; 0x80010b <timer0_overflow_count+0x1>
 12e:	a0 91 0c 01 	lds	r26, 0x010C	; 0x80010c <timer0_overflow_count+0x2>
 132:	b0 91 0d 01 	lds	r27, 0x010D	; 0x80010d <timer0_overflow_count+0x3>
 136:	01 96       	adiw	r24, 0x01	; 1
 138:	a1 1d       	adc	r26, r1
 13a:	b1 1d       	adc	r27, r1
 13c:	80 93 0a 01 	sts	0x010A, r24	; 0x80010a <timer0_overflow_count>
 140:	90 93 0b 01 	sts	0x010B, r25	; 0x80010b <timer0_overflow_count+0x1>
 144:	a0 93 0c 01 	sts	0x010C, r26	; 0x80010c <timer0_overflow_count+0x2>
 148:	b0 93 0d 01 	sts	0x010D, r27	; 0x80010d <timer0_overflow_count+0x3>
 14c:	bf 91       	pop	r27
 14e:	af 91       	pop	r26
 150:	9f 91       	pop	r25
 152:	8f 91       	pop	r24
 154:	3f 91       	pop	r19
 156:	2f 91       	pop	r18
 158:	0f 90       	pop	r0
 15a:	0f be       	out	0x3f, r0	; 63
 15c:	0f 90       	pop	r0
 15e:	1f 90       	pop	r1
 160:	18 95       	reti
 162:	26 e8       	ldi	r18, 0x86	; 134
 164:	23 0f       	add	r18, r19
 166:	02 96       	adiw	r24, 0x02	; 2
 168:	a1 1d       	adc	r26, r1
 16a:	b1 1d       	adc	r27, r1
 16c:	d2 cf       	rjmp	.-92     	; 0x112 <__vector_16+0x38>

0000016e <__vector_21>:
 16e:	1f 92       	push	r1
 170:	0f 92       	push	r0
 172:	0f b6       	in	r0, 0x3f	; 63
 174:	0f 92       	push	r0
 176:	11 24       	eor	r1, r1
 178:	2f 93       	push	r18
 17a:	3f 93       	push	r19
 17c:	8f 93       	push	r24
 17e:	9f 93       	push	r25
 180:	20 91 78 00 	lds	r18, 0x0078	; 0x800078 <__DATA_REGION_ORIGIN__+0x18>
 184:	30 91 79 00 	lds	r19, 0x0079	; 0x800079 <__DATA_REGION_ORIGIN__+0x19>
 188:	30 93 01 01 	sts	0x0101, r19	; 0x800101 <_edata+0x1>
 18c:	20 93 00 01 	sts	0x0100, r18	; 0x800100 <_edata>
 190:	80 91 06 01 	lds	r24, 0x0106	; 0x800106 <adcSum>
 194:	90 91 07 01 	lds	r25, 0x0107	; 0x800107 <adcSum+0x1>
 198:	82 0f       	add	r24, r18
 19a:	93 1f       	adc	r25, r19
 19c:	90 93 07 01 	sts	0x0107, r25	; 0x800107 <adcSum+0x1>
 1a0:	80 93 06 01 	sts	0x0106, r24	; 0x800106 <adcSum>
 1a4:	80 91 08 01 	lds	r24, 0x0108	; 0x800108 <adcCount>
 1a8:	8f 5f       	subi	r24, 0xFF	; 255
 1aa:	80 93 08 01 	sts	0x0108, r24	; 0x800108 <adcCount>
 1ae:	80 91 08 01 	lds	r24, 0x0108	; 0x800108 <adcCount>
 1b2:	36 95       	lsr	r19
 1b4:	27 95       	ror	r18
 1b6:	36 95       	lsr	r19
 1b8:	27 95       	ror	r18
 1ba:	82 27       	eor	r24, r18
 1bc:	90 e0       	ldi	r25, 0x00	; 0
 1be:	90 93 89 00 	sts	0x0089, r25	; 0x800089 <__DATA_REGION_ORIGIN__+0x29>
 1c2:	80 93 88 00 	sts	0x0088, r24	; 0x800088 <__DATA_REGION_ORIGIN__+0x28>
 1c6:	2f ef       	ldi	r18, 0xFF	; 255
 1c8:	30 e0       	ldi	r19, 0x00	; 0
 1ca:	28 1b       	sub	r18, r24
 1cc:	39 0b       	sbc	r19, r25
 1ce:	30 93 8b 00 	sts	0x008B, r19	; 0x80008b <__DATA_REGION_ORIGIN__+0x2b>
 1d2:	20 93 8a 00 	sts	0x008A, r18	; 0x80008a <__DATA_REGION_ORIGIN__+0x2a>
 1d6:	80 91 08 01 	lds	r24, 0x0108	; 0x800108 <adcCount>
 1da:	80 32       	cpi	r24, 0x20	; 32
 1dc:	70 f4       	brcc	.+28     	; 0x1fa <__vector_21+0x8c>
 1de:	80 91 7a 00 	lds	r24, 0x007A	; 0x80007a <__DATA_REGION_ORIGIN__+0x1a>
 1e2:	80 64       	ori	r24, 0x40	; 64
 1e4:	80 93 7a 00 	sts	0x007A, r24	; 0x80007a <__DATA_REGION_ORIGIN__+0x1a>
 1e8:	9f 91       	pop	r25
 1ea:	8f 91       	pop	r24
 1ec:	3f 91       	pop	r19
 1ee:	2f 91       	pop	r18
 1f0:	0f 90       	pop	r0
 1f2:	0f be       	out	0x3f, r0	; 63
 1f4:	0f 90       	pop	r0
 1f6:	1f 90       	pop	r1
 1f8:	18 95       	reti
 1fa:	87 e0       	ldi	r24, 0x07	; 7
 1fc:	f3 cf       	rjmp	.-26     	; 0x1e4 <__vector_21+0x76>

000001fe <__vector_20>:
 1fe:	1f 92       	push	r1
 200:	0f 92       	push	r0
 202:	0f b6       	in	r0, 0x3f	; 63
 204:	0f 92       	push	r0
 206:	11 24       	eor	r1, r1
 208:	8f 93       	push	r24
 20a:	81 e0       	ldi	r24, 0x01	; 1
 20c:	80 93 09 01 	sts	0x0109, r24	; 0x800109 <txDone>
 210:	88 e0       	ldi	r24, 0x08	; 8
 212:	80 93 c1 00 	sts	0x00C1, r24	; 0x8000c1 <__DATA_REGION_ORIGIN__+0x61>
 216:	8f 91       	pop	r24
 218:	0f 90       	pop	r0
 21a:	0f be       	out	0x3f, r0	; 63
 21c:	0f 90       	pop	r0
 21e:	1f 90       	pop	r1
 220:	18 95       	reti

00000222 <__vector_19>:
 222:	1f 92       	push	r1
 224:	0f 92       	push	r0
 226:	0f b6       	in	r0, 0x3f	; 63
 228:	0f 92       	push	r0
 22a:	11 24       	eor	r1, r1
 22c:	2f 93       	push	r18
 22e:	3f 93       	push	r19
 230:	8f 93       	push	r24
 232:	9f 93       	push	r25
 234:	80 91 04 01 	lds	r24, 0x0104	; 0x800104 <txSent>
 238:	90 91 05 01 	lds	r25, 0x0105	; 0x800105 <txSent+0x1>
 23c:	80 93 c6 00 	sts	0x00C6, r24	; 0x8000c6 <__DATA_REGION_ORIGIN__+0x66>
 240:	20 91 02 01 	lds	r18, 0x0102	; 0x800102 <txSum>
 244:	30 91 03 01 	lds	r19, 0x0103	; 0x800103 <txSum+0x1>
 248:	82 0f       	add	r24, r18
 24a:	93 2f       	mov	r25, r19
 24c:	91 1d       	adc	r25, r1
 24e:	90 93 03 01 	sts	0x0103, r25	; 0x800103 <txSum+0x1>
 252:	80 93 02 01 	sts	0x0102, r24	; 0x800102 <txSum>
 256:	80 91 04 01 	lds	r24, 0x0104	; 0x800104 <txSent>
 25a:	90 91 05 01 	lds	r25, 0x0105	; 0x800105 <txSent+0x1>
 25e:	01 96       	adiw	r24, 0x01	; 1
 260:	90 93 05 01 	sts	0x0105, r25	; 0x800105 <txSent+0x1>
 264:	80 93 04 01 	sts	0x0104, r24	; 0x800104 <txSent>
 268:	81 15       	cp	r24, r1
 26a:	92 40       	sbci	r25, 0x02	; 2
 26c:	19 f4       	brne	.+6      	; 0x274 <__vector_19+0x52>
 26e:	88 e4       	ldi	r24, 0x48	; 72
 270:	80 93 c1 00 	sts	0x00C1, r24	; 0x8000c1 <__DATA_REGION_ORIGIN__+0x61>
 274:	9f 91       	pop	r25
 276:	8f 91       	pop	r24
 278:	3f 91       	pop	r19
 27a:	2f 91       	pop	r18
 27c:	0f 90       	pop	r0
 27e:	0f be       	out	0x3f, r0	; 63
 280:	0f 90       	pop	r0
 282:	1f 90       	pop	r1
 284:	18 95       	reti

00000286 <main>:
 286:	78 94       	sei
 288:	84 b5       	in	r24, 0x24	; 36
 28a:	82 60       	ori	r24, 0x02	; 2
 28c:	84 bd       	out	0x24, r24	; 36
 28e:	84 b5       	in	r24, 0x24	; 36
 290:	81 60       	ori	r24, 0x01	; 1
 292:	84 bd       	out	0x24, r24	; 36
 294:	85 b5       	in	r24, 0x25	; 37
 296:	82 60       	ori	r24, 0x02	; 2
 298:	85 bd       	out	0x25, r24	; 37
 29a:	85 b5       	in	r24, 0x25	; 37
 29c:	81 60       	ori	r24, 0x01	; 1
 29e:	85 bd       	out	0x25, r24	; 37
 2a0:	80 91 6e 00 	lds	r24, 0x006E	; 0x80006e <__DATA_REGION_ORIGIN__+0xe>
 2a4:	81 60       	ori	r24, 0x01	; 1
 2a6:	80 93 6e 00 	sts	0x006E, r24	; 0x80006e <__DATA_REGION_ORIGIN__+0xe>
 2aa:	10 92 81 00 	sts	0x0081, r1	; 0x800081 <__DATA_REGION_ORIGIN__+0x21>
 2ae:	80 91 81 00 	lds	r24, 0x0081	; 0x800081 <__DATA_REGION_ORIGIN__+0x21>
 2b2:	82 60       	ori	r24, 0x02	; 2
 2b4:	80 93 81 00 	sts	0x0081, r24	; 0x800081 <__DATA_REGION_ORIGIN__+0x21>
 2b8:	80 91 81 00 	lds	r24, 0x0081	; 0x800081 <__DATA_REGION_ORIGIN__+0x21>
 2bc:	81 60       	ori	r24, 0x01	; 1
 2be:	80 93 81 00 	sts	0x0081, r24	; 0x800081 <__DATA_REGION_ORIGIN__+0x21>
 2c2:	80 91 80 00 	lds	r24, 0x0080	; 0x800080 <__DATA_REGION_ORIGIN__+0x20>
 2c6:	81 60       	ori	r24, 0x01	; 1
 2c8:	80 93 80 00 	sts	0x0080, r24	; 0x800080 <__DATA_REGION_ORIGIN__+0x20>
 2cc:	80 91 b1 00 	lds	r24, 0x00B1	; 0x8000b1 <__DATA_REGION_ORIGIN__+0x51>
 2d0:	84 60       	ori	r24, 0x04	; 4
 2d2:	80 93 b1 00 	sts	0x00B1, r24	; 0x8000b1 <__DATA_REGION_ORIGIN__+0x51>
 2d6:	80 91 b0 00 	lds	r24, 0x00B0	; 0x8000b0 <__DATA_REGION_ORIGIN__+0x50>
 2da:	81 60       	ori	r24, 0x01	; 1
 2dc:	80 93 b0 00 	sts	0x00B0, r24	; 0x8000b0 <__DATA_REGION_ORIGIN__+0x50>
 2e0:	80 91 7a 00 	lds	r24, 0x007A	; 0x80007a <__DATA_REGION_ORIGIN__+0x1a>
 2e4:	84 60       	ori	r24, 0x04	; 4
 2e6:	80 93 7a 00 	sts	0x007A, r24	; 0x80007a <__DATA_REGION_ORIGIN__+0x1a>
 2ea:	80 91 7a 00 	lds	r24, 0x007A	; 0x80007a <__DATA_REGION_ORIGIN__+0x1a>
 2ee:	82 60       	ori	r24, 0x02	; 2
 2f0:	80 93 7a 00 	sts	0x007A, r24	; 0x80007a <__DATA_REGION_ORIGIN__+0x1a>
 2f4:	80 91 7a 00 	lds	r24, 0x007A	; 0x80007a <__DATA_REGION_ORIGIN__+0x1a>
 2f8:	81 60       	ori	r24, 0x01	; 1
 2fa:	80 93 7a 00 	sts	0x007A, r24	; 0x80007a <__DATA_REGION_ORIGIN__+0x1a>
 2fe:	80 91 7a 00 	lds	r24, 0x007A	; 0x80007a <__DATA_REGION_ORIGIN__+0x1a>
 302:	80 68       	ori	r24, 0x80	; 128
 304:	80 93 7a 00 	sts	0x007A, r24	; 0x80007a <__DATA_REGION_ORIGIN__+0x1a>
 308:	10 92 c1 00 	sts	0x00C1, r1	; 0x8000c1 <__DATA_REGION_ORIGIN__+0x61>
 30c:	f8 94       	cli
 30e:	e0 e0       	ldi	r30, 0x00	; 0
 310:	f3 e0       	ldi	r31, 0x03	; 3
 312:	11 92       	st	Z+, r1
 314:	e5 31       	cpi	r30, 0x15	; 21
 316:	83 e0       	ldi	r24, 0x03	; 3
 318:	f8 07       	cpc	r31, r24
 31a:	d9 f7       	brne	.-10     	; 0x312 <main+0x8c>
 31c:	10 92 16 03 	sts	0x0316, r1	; 0x800316 <__bss_end+0x203>
 320:	10 92 15 03 	sts	0x0315, r1	; 0x800315 <__bss_end+0x202>
 324:	10 92 6e 00 	sts	0x006E, r1	; 0x80006e <__DATA_REGION_ORIGIN__+0xe>
 328:	15 bc       	out	0x25, r1	; 37
 32a:	10 92 b1 00 	sts	0x00B1, r1	; 0x8000b1 <__DATA_REGION_ORIGIN__+0x51>
 32e:	86 e0       	ldi	r24, 0x06	; 6
 330:	84 b9       	out	0x04, r24	; 4
 332:	15 b8       	out	0x05, r1	; 5
 334:	92 e0       	ldi	r25, 0x02	; 2
 336:	9a b9       	out	0x0a, r25	; 10
 338:	1b b8       	out	0x0b, r1	; 11
 33a:	91 ea       	ldi	r25, 0xA1	; 161
 33c:	90 93 80 00 	sts	0x0080, r25	; 0x800080 <__DATA_REGION_ORIGIN__+0x20>
 340:	99 e0       	ldi	r25, 0x09	; 9
 342:	90 93 81 00 	sts	0x0081, r25	; 0x800081 <__DATA_REGION_ORIGIN__+0x21>
 346:	10 92 85 00 	sts	0x0085, r1	; 0x800085 <__DATA_REGION_ORIGIN__+0x25>
 34a:	10 92 84 00 	sts	0x0084, r1	; 0x800084 <__DATA_REGION_ORIGIN__+0x24>
 34e:	20 e4       	ldi	r18, 0x40	; 64
 350:	30 e0       	ldi	r19, 0x00	; 0
 352:	30 93 89 00 	sts	0x0089, r19	; 0x800089 <__DATA_REGION_ORIGIN__+0x29>
 356:	20 93 88 00 	sts	0x0088, r18	; 0x800088 <__DATA_REGION_ORIGIN__+0x28>
 35a:	2f eb       	ldi	r18, 0xBF	; 191
 35c:	30 e0       	ldi	r19, 0x00	; 0
 35e:	30 93 8b 00 	sts	0x008B, r19	; 0x80008b <__DATA_REGION_ORIGIN__+0x2b>
 362:	20 93 8a 00 	sts	0x008A, r18	; 0x80008a <__DATA_REGION_ORIGIN__+0x2a>
 366:	10 92 c5 00 	sts	0x00C5, r1	; 0x8000c5 <__DATA_REGION_ORIGIN__+0x65>
 36a:	10 92 c4 00 	sts	0x00C4, r1	; 0x8000c4 <__DATA_REGION_ORIGIN__+0x64>
 36e:	80 93 c2 00 	sts	0x00C2, r24	; 0x8000c2 <__DATA_REGION_ORIGIN__+0x62>
 372:	80 e4       	ldi	r24, 0x40	; 64
 374:	80 93 7c 00 	sts	0x007C, r24	; 0x80007c <__DATA_REGION_ORIGIN__+0x1c>
 378:	10 92 7b 00 	sts	0x007B, r1	; 0x80007b <__DATA_REGION_ORIGIN__+0x1b>
 37c:	81 e0       	ldi	r24, 0x01	; 1
 37e:	80 93 7e 00 	sts	0x007E, r24	; 0x80007e <__DATA_REGION_ORIGIN__+0x1e>
 382:	83 b7       	in	r24, 0x33	; 51
 384:	81 7f       	andi	r24, 0xF1	; 241
 386:	83 bf       	out	0x33, r24	; 51
 388:	0e 94 48 00 	call	0x90	; 0x90 <_Z10startBatchv>
 38c:	78 94       	sei
 38e:	c0 e0       	ldi	r28, 0x00	; 0
 390:	d0 e0       	ldi	r29, 0x00	; 0
 392:	f8 94       	cli
 394:	80 91 09 01 	lds	r24, 0x0109	; 0x800109 <txDone>
 398:	88 23       	and	r24, r24
 39a:	a9 f0       	breq	.+42     	; 0x3c6 <main+0x140>
 39c:	80 91 08 01 	lds	r24, 0x0108	; 0x800108 <adcCount>
 3a0:	80 32       	cpi	r24, 0x20	; 32
 3a2:	89 f4       	brne	.+34     	; 0x3c6 <main+0x140>
 3a4:	80 91 15 03 	lds	r24, 0x0315	; 0x800315 <__bss_end+0x202>
 3a8:	90 91 16 03 	lds	r25, 0x0316	; 0x800316 <__bss_end+0x203>
 3ac:	01 96       	adiw	r24, 0x01	; 1
 3ae:	90 93 16 03 	sts	0x0316, r25	; 0x800316 <__bss_end+0x203>
 3b2:	80 93 15 03 	sts	0x0315, r24	; 0x800315 <__bss_end+0x202>
 3b6:	80 91 ff 02 	lds	r24, 0x02FF	; 0x8002ff <__bss_end+0x1ec>
 3ba:	82 34       	cpi	r24, 0x42	; 66
 3bc:	89 f0       	breq	.+34     	; 0x3e0 <main+0x15a>
 3be:	0e 94 48 00 	call	0x90	; 0x90 <_Z10startBatchv>
 3c2:	78 94       	sei
 3c4:	08 c0       	rjmp	.+16     	; 0x3d6 <main+0x150>
 3c6:	83 b7       	in	r24, 0x33	; 51
 3c8:	81 60       	ori	r24, 0x01	; 1
 3ca:	83 bf       	out	0x33, r24	; 51
 3cc:	78 94       	sei
 3ce:	88 95       	sleep
 3d0:	83 b7       	in	r24, 0x33	; 51
 3d2:	8e 7f       	andi	r24, 0xFE	; 254
 3d4:	83 bf       	out	0x33, r24	; 51
 3d6:	20 97       	sbiw	r28, 0x00	; 0
 3d8:	e1 f2       	breq	.-72     	; 0x392 <main+0x10c>
 3da:	0e 94 00 00 	call	0	; 0x0 <__vectors>
 3de:	d9 cf       	rjmp	.-78     	; 0x392 <main+0x10c>
 3e0:	10 92 81 00 	sts	0x0081, r1	; 0x800081 <__DATA_REGION_ORIGIN__+0x21>
 3e4:	81 e0       	ldi	r24, 0x01	; 1
 3e6:	80 93 80 00 	sts	0x0080, r24	; 0x800080 <__DATA_REGION_ORIGIN__+0x20>
 3ea:	15 b8       	out	0x05, r1	; 5
 3ec:	87 ea       	ldi	r24, 0xA7	; 167
 3ee:	80 93 00 03 	sts	0x0300, r24	; 0x800300 <__bss_end+0x1ed>
 3f2:	80 91 08 01 	lds	r24, 0x0108	; 0x800108 <adcCount>
 3f6:	80 93 01 03 	sts	0x0301, r24	; 0x800301 <__bss_end+0x1ee>
 3fa:	80 91 06 01 	lds	r24, 0x0106	; 0x800106 <adcSum>
 3fe:	90 91 07 01 	lds	r25, 0x0107	; 0x800107 <adcSum+0x1>
 402:	80 93 02 03 	sts	0x0302, r24	; 0x800302 <__bss_end+0x1ef>
 406:	80 91 06 01 	lds	r24, 0x0106	; 0x800106 <adcSum>
 40a:	90 91 07 01 	lds	r25, 0x0107	; 0x800107 <adcSum+0x1>
 40e:	90 93 03 03 	sts	0x0303, r25	; 0x800303 <__bss_end+0x1f0>
 412:	80 91 04 01 	lds	r24, 0x0104	; 0x800104 <txSent>
 416:	90 91 05 01 	lds	r25, 0x0105	; 0x800105 <txSent+0x1>
 41a:	80 93 04 03 	sts	0x0304, r24	; 0x800304 <__bss_end+0x1f1>
 41e:	80 91 04 01 	lds	r24, 0x0104	; 0x800104 <txSent>
 422:	90 91 05 01 	lds	r25, 0x0105	; 0x800105 <txSent+0x1>
 426:	90 93 05 03 	sts	0x0305, r25	; 0x800305 <__bss_end+0x1f2>
 42a:	80 91 09 01 	lds	r24, 0x0109	; 0x800109 <txDone>
 42e:	80 93 06 03 	sts	0x0306, r24	; 0x800306 <__bss_end+0x1f3>
 432:	80 91 02 01 	lds	r24, 0x0102	; 0x800102 <txSum>
 436:	90 91 03 01 	lds	r25, 0x0103	; 0x800103 <txSum+0x1>
 43a:	80 93 07 03 	sts	0x0307, r24	; 0x800307 <__bss_end+0x1f4>
 43e:	80 91 02 01 	lds	r24, 0x0102	; 0x800102 <txSum>
 442:	90 91 03 01 	lds	r25, 0x0103	; 0x800103 <txSum+0x1>
 446:	90 93 08 03 	sts	0x0308, r25	; 0x800308 <__bss_end+0x1f5>
 44a:	80 91 00 01 	lds	r24, 0x0100	; 0x800100 <_edata>
 44e:	90 91 01 01 	lds	r25, 0x0101	; 0x800101 <_edata+0x1>
 452:	80 93 09 03 	sts	0x0309, r24	; 0x800309 <__bss_end+0x1f6>
 456:	80 91 00 01 	lds	r24, 0x0100	; 0x800100 <_edata>
 45a:	90 91 01 01 	lds	r25, 0x0101	; 0x800101 <_edata+0x1>
 45e:	90 93 0a 03 	sts	0x030A, r25	; 0x80030a <__bss_end+0x1f7>
 462:	80 91 88 00 	lds	r24, 0x0088	; 0x800088 <__DATA_REGION_ORIGIN__+0x28>
 466:	80 93 0b 03 	sts	0x030B, r24	; 0x80030b <__bss_end+0x1f8>
 46a:	80 91 8a 00 	lds	r24, 0x008A	; 0x80008a <__DATA_REGION_ORIGIN__+0x2a>
 46e:	80 93 0c 03 	sts	0x030C, r24	; 0x80030c <__bss_end+0x1f9>
 472:	80 91 80 00 	lds	r24, 0x0080	; 0x800080 <__DATA_REGION_ORIGIN__+0x20>
 476:	80 93 0d 03 	sts	0x030D, r24	; 0x80030d <__bss_end+0x1fa>
 47a:	80 91 81 00 	lds	r24, 0x0081	; 0x800081 <__DATA_REGION_ORIGIN__+0x21>
 47e:	80 93 0e 03 	sts	0x030E, r24	; 0x80030e <__bss_end+0x1fb>
 482:	80 91 c1 00 	lds	r24, 0x00C1	; 0x8000c1 <__DATA_REGION_ORIGIN__+0x61>
 486:	80 93 0f 03 	sts	0x030F, r24	; 0x80030f <__bss_end+0x1fc>
 48a:	80 91 7a 00 	lds	r24, 0x007A	; 0x80007a <__DATA_REGION_ORIGIN__+0x1a>
 48e:	80 93 10 03 	sts	0x0310, r24	; 0x800310 <__bss_end+0x1fd>
 492:	80 91 78 00 	lds	r24, 0x0078	; 0x800078 <__DATA_REGION_ORIGIN__+0x18>
 496:	80 93 11 03 	sts	0x0311, r24	; 0x800311 <__bss_end+0x1fe>
 49a:	80 91 79 00 	lds	r24, 0x0079	; 0x800079 <__DATA_REGION_ORIGIN__+0x19>
 49e:	80 93 12 03 	sts	0x0312, r24	; 0x800312 <__bss_end+0x1ff>
 4a2:	89 b1       	in	r24, 0x09	; 9
 4a4:	82 fb       	bst	r24, 2
 4a6:	88 27       	eor	r24, r24
 4a8:	80 f9       	bld	r24, 0
 4aa:	80 93 13 03 	sts	0x0313, r24	; 0x800313 <__bss_end+0x200>
 4ae:	8c e5       	ldi	r24, 0x5C	; 92
 4b0:	80 93 14 03 	sts	0x0314, r24	; 0x800314 <__bss_end+0x201>
 4b4:	ff cf       	rjmp	.-2      	; 0x4b4 <__LOCK_REGION_LENGTH__+0xb4>

000004b6 <_exit>:
 4b6:	f8 94       	cli

000004b8 <__stop_program>:
 4b8:	ff cf       	rjmp	.-2      	; 0x4b8 <__stop_program>
