
examples/comparator-oracle/comparator-oracle.elf:     file format elf32-avr


Disassembly of section .text:

00000000 <__vectors>:
   0:	0c 94 34 00 	jmp	0x68	; 0x68 <__ctors_end>
   4:	0c 94 46 00 	jmp	0x8c	; 0x8c <__bad_interrupt>
   8:	0c 94 46 00 	jmp	0x8c	; 0x8c <__bad_interrupt>
   c:	0c 94 46 00 	jmp	0x8c	; 0x8c <__bad_interrupt>
  10:	0c 94 46 00 	jmp	0x8c	; 0x8c <__bad_interrupt>
  14:	0c 94 46 00 	jmp	0x8c	; 0x8c <__bad_interrupt>
  18:	0c 94 46 00 	jmp	0x8c	; 0x8c <__bad_interrupt>
  1c:	0c 94 46 00 	jmp	0x8c	; 0x8c <__bad_interrupt>
  20:	0c 94 46 00 	jmp	0x8c	; 0x8c <__bad_interrupt>
  24:	0c 94 46 00 	jmp	0x8c	; 0x8c <__bad_interrupt>
  28:	0c 94 46 00 	jmp	0x8c	; 0x8c <__bad_interrupt>
  2c:	0c 94 46 00 	jmp	0x8c	; 0x8c <__bad_interrupt>
  30:	0c 94 46 00 	jmp	0x8c	; 0x8c <__bad_interrupt>
  34:	0c 94 46 00 	jmp	0x8c	; 0x8c <__bad_interrupt>
  38:	0c 94 46 00 	jmp	0x8c	; 0x8c <__bad_interrupt>
  3c:	0c 94 46 00 	jmp	0x8c	; 0x8c <__bad_interrupt>
  40:	0c 94 46 00 	jmp	0x8c	; 0x8c <__bad_interrupt>
  44:	0c 94 46 00 	jmp	0x8c	; 0x8c <__bad_interrupt>
  48:	0c 94 46 00 	jmp	0x8c	; 0x8c <__bad_interrupt>
  4c:	0c 94 46 00 	jmp	0x8c	; 0x8c <__bad_interrupt>
  50:	0c 94 46 00 	jmp	0x8c	; 0x8c <__bad_interrupt>
  54:	0c 94 46 00 	jmp	0x8c	; 0x8c <__bad_interrupt>
  58:	0c 94 46 00 	jmp	0x8c	; 0x8c <__bad_interrupt>
  5c:	0c 94 48 00 	jmp	0x90	; 0x90 <__vector_23>
  60:	0c 94 46 00 	jmp	0x8c	; 0x8c <__bad_interrupt>
  64:	0c 94 46 00 	jmp	0x8c	; 0x8c <__bad_interrupt>

00000068 <__ctors_end>:
  68:	11 24       	eor	r1, r1
  6a:	1f be       	out	0x3f, r1	; 63
  6c:	cf ef       	ldi	r28, 0xFF	; 255
  6e:	d8 e0       	ldi	r29, 0x08	; 8
  70:	de bf       	out	0x3e, r29	; 62
  72:	cd bf       	out	0x3d, r28	; 61

00000074 <__do_clear_bss>:
  74:	21 e0       	ldi	r18, 0x01	; 1

00000076 <.Loc.1>:
  76:	a0 e0       	ldi	r26, 0x00	; 0

00000078 <.Loc.2>:
  78:	b1 e0       	ldi	r27, 0x01	; 1

0000007a <.Loc.3>:
  7a:	01 c0       	rjmp	.+2      	; 0x7e <.Loc.5>

0000007c <.Loc.4>:
  7c:	1d 92       	st	X+, r1

0000007e <.Loc.5>:
  7e:	a2 30       	cpi	r26, 0x02	; 2

00000080 <.Loc.6>:
  80:	b2 07       	cpc	r27, r18

00000082 <.Loc.7>:
  82:	e1 f7       	brne	.-8      	; 0x7c <.Loc.4>

00000084 <L0^A>:
  84:	0e 94 5a 00 	call	0xb4	; 0xb4 <main>
  88:	0c 94 80 00 	jmp	0x100	; 0x100 <_exit>

0000008c <__bad_interrupt>:
  8c:	0c 94 00 00 	jmp	0	; 0x0 <__vectors>

00000090 <__vector_23>:
  90:	8f 93       	push	r24
  92:	8f b7       	in	r24, 0x3f	; 63
  94:	8f 93       	push	r24
  96:	80 91 01 01 	lds	r24, 0x0101	; 0x800101 <edges>
  9a:	8f 5f       	subi	r24, 0xFF	; 255
  9c:	80 93 01 01 	sts	0x0101, r24	; 0x800101 <edges>
  a0:	80 b7       	in	r24, 0x30	; 48
  a2:	85 fb       	bst	r24, 5
  a4:	88 27       	eor	r24, r24
  a6:	80 f9       	bld	r24, 0
  a8:	80 93 00 01 	sts	0x0100, r24	; 0x800100 <aco_in_isr>
  ac:	8f 91       	pop	r24
  ae:	8f bf       	out	0x3f, r24	; 63
  b0:	8f 91       	pop	r24
  b2:	18 95       	reti

000000b4 <main>:
  b4:	e0 e0       	ldi	r30, 0x00	; 0
  b6:	f3 e0       	ldi	r31, 0x03	; 3

000000b8 <.L3>:
  b8:	11 92       	st	Z+, r1
  ba:	e8 30       	cpi	r30, 0x08	; 8
  bc:	83 e0       	ldi	r24, 0x03	; 3
  be:	f8 07       	cpc	r31, r24
  c0:	d9 f7       	brne	.-10     	; 0xb8 <.L3>
  c2:	83 e0       	ldi	r24, 0x03	; 3
  c4:	80 bf       	out	0x30, r24	; 48
  c6:	80 b7       	in	r24, 0x30	; 48
  c8:	88 60       	ori	r24, 0x08	; 8
  ca:	80 bf       	out	0x30, r24	; 48
  cc:	78 94       	sei
  ce:	87 ea       	ldi	r24, 0xA7	; 167
  d0:	80 93 00 03 	sts	0x0300, r24	; 0x800300 <__bss_end+0x1fe>
  d4:	9c e5       	ldi	r25, 0x5C	; 92

000000d6 <.L5>:
  d6:	80 91 01 01 	lds	r24, 0x0101	; 0x800101 <edges>
  da:	80 93 01 03 	sts	0x0301, r24	; 0x800301 <__bss_end+0x1ff>
  de:	80 b7       	in	r24, 0x30	; 48
  e0:	85 fb       	bst	r24, 5
  e2:	88 27       	eor	r24, r24
  e4:	80 f9       	bld	r24, 0
  e6:	80 93 02 03 	sts	0x0302, r24	; 0x800302 <__bss_end+0x200>
  ea:	80 91 00 01 	lds	r24, 0x0100	; 0x800100 <aco_in_isr>
  ee:	80 93 03 03 	sts	0x0303, r24	; 0x800303 <__bss_end+0x201>
  f2:	80 91 01 01 	lds	r24, 0x0101	; 0x800101 <edges>
  f6:	81 11       	cpse	r24, r1
  f8:	90 93 04 03 	sts	0x0304, r25	; 0x800304 <__bss_end+0x202>
  fc:	00 00       	nop
  fe:	eb cf       	rjmp	.-42     	; 0xd6 <.L5>

00000100 <_exit>:
 100:	f8 94       	cli

00000102 <__stop_program>:
 102:	ff cf       	rjmp	.-2      	; 0x102 <__stop_program>
