
examples\arduino-isr-heavy\build\arduino-isr-heavy.ino.elf:     file format elf32-avr


Disassembly of section .text:

00000000 <__vectors>:
   0:	0c 94 61 00 	jmp	0xc2	; 0xc2 <__ctors_end>
   4:	0c 94 7e 00 	jmp	0xfc	; 0xfc <__bad_interrupt>
   8:	0c 94 7e 00 	jmp	0xfc	; 0xfc <__bad_interrupt>
   c:	0c 94 7e 00 	jmp	0xfc	; 0xfc <__bad_interrupt>
  10:	0c 94 7e 00 	jmp	0xfc	; 0xfc <__bad_interrupt>
  14:	0c 94 7e 00 	jmp	0xfc	; 0xfc <__bad_interrupt>
  18:	0c 94 7e 00 	jmp	0xfc	; 0xfc <__bad_interrupt>
  1c:	0c 94 7e 00 	jmp	0xfc	; 0xfc <__bad_interrupt>
  20:	0c 94 7e 00 	jmp	0xfc	; 0xfc <__bad_interrupt>
  24:	0c 94 7e 00 	jmp	0xfc	; 0xfc <__bad_interrupt>
  28:	0c 94 7e 00 	jmp	0xfc	; 0xfc <__bad_interrupt>
  2c:	0c 94 d3 01 	jmp	0x3a6	; 0x3a6 <__vector_11>
  30:	0c 94 7e 00 	jmp	0xfc	; 0xfc <__bad_interrupt>
  34:	0c 94 7e 00 	jmp	0xfc	; 0xfc <__bad_interrupt>
  38:	0c 94 7e 00 	jmp	0xfc	; 0xfc <__bad_interrupt>
  3c:	0c 94 7e 00 	jmp	0xfc	; 0xfc <__bad_interrupt>
  40:	0c 94 89 01 	jmp	0x312	; 0x312 <__vector_16>
  44:	0c 94 7e 00 	jmp	0xfc	; 0xfc <__bad_interrupt>
  48:	0c 94 7e 00 	jmp	0xfc	; 0xfc <__bad_interrupt>
  4c:	0c 94 7e 00 	jmp	0xfc	; 0xfc <__bad_interrupt>
  50:	0c 94 7e 00 	jmp	0xfc	; 0xfc <__bad_interrupt>
  54:	0c 94 7e 00 	jmp	0xfc	; 0xfc <__bad_interrupt>
  58:	0c 94 7e 00 	jmp	0xfc	; 0xfc <__bad_interrupt>
  5c:	0c 94 7e 00 	jmp	0xfc	; 0xfc <__bad_interrupt>
  60:	0c 94 7e 00 	jmp	0xfc	; 0xfc <__bad_interrupt>
  64:	0c 94 7e 00 	jmp	0xfc	; 0xfc <__bad_interrupt>

00000068 <port_to_mode_PGM>:
  68:	00 00 00 00 24 00 27 00 2a 00                       ....$.'.*.

00000072 <port_to_output_PGM>:
  72:	00 00 00 00 25 00 28 00 2b 00                       ....%.(.+.

0000007c <port_to_input_PGM>:
  7c:	00 00 00 00 23 00 26 00 29 00                       ....#.&.).

00000086 <digital_pin_to_port_PGM>:
  86:	04 04 04 04 04 04 04 04 02 02 02 02 02 02 03 03     ................
  96:	03 03 03 03                                         ....

0000009a <digital_pin_to_bit_mask_PGM>:
  9a:	01 02 04 08 10 20 40 80 01 02 04 08 10 20 01 02     ..... @...... ..
  aa:	04 08 10 20                                         ... 

000000ae <digital_pin_to_timer_PGM>:
  ae:	00 00 00 08 00 02 01 00 00 03 04 07 00 00 00 00     ................
  be:	00 00 00 00                                         ....

000000c2 <__ctors_end>:
  c2:	11 24       	eor	r1, r1
  c4:	1f be       	out	0x3f, r1	; 63
  c6:	cf ef       	ldi	r28, 0xFF	; 255
  c8:	d8 e0       	ldi	r29, 0x08	; 8
  ca:	de bf       	out	0x3e, r29	; 62
  cc:	cd bf       	out	0x3d, r28	; 61

000000ce <__do_copy_data>:
  ce:	11 e0       	ldi	r17, 0x01	; 1
  d0:	a0 e0       	ldi	r26, 0x00	; 0
  d2:	b1 e0       	ldi	r27, 0x01	; 1
  d4:	e8 ef       	ldi	r30, 0xF8	; 248
  d6:	f6 e0       	ldi	r31, 0x06	; 6
  d8:	02 c0       	rjmp	.+4      	; 0xde <__do_copy_data+0x10>
  da:	05 90       	lpm	r0, Z+
  dc:	0d 92       	st	X+, r0
  de:	a2 30       	cpi	r26, 0x02	; 2
  e0:	b1 07       	cpc	r27, r17
  e2:	d9 f7       	brne	.-10     	; 0xda <__do_copy_data+0xc>

000000e4 <__do_clear_bss>:
  e4:	21 e0       	ldi	r18, 0x01	; 1
  e6:	a2 e0       	ldi	r26, 0x02	; 2
  e8:	b1 e0       	ldi	r27, 0x01	; 1
  ea:	01 c0       	rjmp	.+2      	; 0xee <.do_clear_bss_start>

000000ec <.do_clear_bss_loop>:
  ec:	1d 92       	st	X+, r1

000000ee <.do_clear_bss_start>:
  ee:	a5 31       	cpi	r26, 0x15	; 21
  f0:	b2 07       	cpc	r27, r18
  f2:	e1 f7       	brne	.-8      	; 0xec <.do_clear_bss_loop>
  f4:	0e 94 19 02 	call	0x432	; 0x432 <main>
  f8:	0c 94 7a 03 	jmp	0x6f4	; 0x6f4 <_exit>

000000fc <__bad_interrupt>:
  fc:	0c 94 00 00 	jmp	0	; 0x0 <__vectors>

00000100 <turnOffPWM>:
 100:	83 30       	cpi	r24, 0x03	; 3
 102:	81 f0       	breq	.+32     	; 0x124 <turnOffPWM+0x24>
 104:	28 f4       	brcc	.+10     	; 0x110 <turnOffPWM+0x10>
 106:	81 30       	cpi	r24, 0x01	; 1
 108:	99 f0       	breq	.+38     	; 0x130 <turnOffPWM+0x30>
 10a:	82 30       	cpi	r24, 0x02	; 2
 10c:	a9 f0       	breq	.+42     	; 0x138 <turnOffPWM+0x38>
 10e:	08 95       	ret
 110:	87 30       	cpi	r24, 0x07	; 7
 112:	a9 f0       	breq	.+42     	; 0x13e <turnOffPWM+0x3e>
 114:	88 30       	cpi	r24, 0x08	; 8
 116:	c9 f0       	breq	.+50     	; 0x14a <turnOffPWM+0x4a>
 118:	84 30       	cpi	r24, 0x04	; 4
 11a:	b1 f4       	brne	.+44     	; 0x148 <turnOffPWM+0x48>
 11c:	80 91 80 00 	lds	r24, 0x0080	; 0x800080 <__DATA_REGION_ORIGIN__+0x20>
 120:	8f 7d       	andi	r24, 0xDF	; 223
 122:	03 c0       	rjmp	.+6      	; 0x12a <turnOffPWM+0x2a>
 124:	80 91 80 00 	lds	r24, 0x0080	; 0x800080 <__DATA_REGION_ORIGIN__+0x20>
 128:	8f 77       	andi	r24, 0x7F	; 127
 12a:	80 93 80 00 	sts	0x0080, r24	; 0x800080 <__DATA_REGION_ORIGIN__+0x20>
 12e:	08 95       	ret
 130:	84 b5       	in	r24, 0x24	; 36
 132:	8f 77       	andi	r24, 0x7F	; 127
 134:	84 bd       	out	0x24, r24	; 36
 136:	08 95       	ret
 138:	84 b5       	in	r24, 0x24	; 36
 13a:	8f 7d       	andi	r24, 0xDF	; 223
 13c:	fb cf       	rjmp	.-10     	; 0x134 <turnOffPWM+0x34>
 13e:	80 91 b0 00 	lds	r24, 0x00B0	; 0x8000b0 <__DATA_REGION_ORIGIN__+0x50>
 142:	8f 77       	andi	r24, 0x7F	; 127
 144:	80 93 b0 00 	sts	0x00B0, r24	; 0x8000b0 <__DATA_REGION_ORIGIN__+0x50>
 148:	08 95       	ret
 14a:	80 91 b0 00 	lds	r24, 0x00B0	; 0x8000b0 <__DATA_REGION_ORIGIN__+0x50>
 14e:	8f 7d       	andi	r24, 0xDF	; 223
 150:	f9 cf       	rjmp	.-14     	; 0x144 <turnOffPWM+0x44>

00000152 <digitalRead.constprop.1>:
 152:	cf 93       	push	r28
 154:	df 93       	push	r29
 156:	e0 eb       	ldi	r30, 0xB0	; 176
 158:	f0 e0       	ldi	r31, 0x00	; 0
 15a:	84 91       	lpm	r24, Z
 15c:	ec e9       	ldi	r30, 0x9C	; 156
 15e:	f0 e0       	ldi	r31, 0x00	; 0
 160:	d4 91       	lpm	r29, Z
 162:	e8 e8       	ldi	r30, 0x88	; 136
 164:	f0 e0       	ldi	r31, 0x00	; 0
 166:	c4 91       	lpm	r28, Z
 168:	cc 23       	and	r28, r28
 16a:	a1 f0       	breq	.+40     	; 0x194 <digitalRead.constprop.1+0x42>
 16c:	81 11       	cpse	r24, r1
 16e:	0e 94 80 00 	call	0x100	; 0x100 <turnOffPWM>
 172:	ec 2f       	mov	r30, r28
 174:	f0 e0       	ldi	r31, 0x00	; 0
 176:	ee 0f       	add	r30, r30
 178:	ff 1f       	adc	r31, r31
 17a:	e4 58       	subi	r30, 0x84	; 132
 17c:	ff 4f       	sbci	r31, 0xFF	; 255
 17e:	a5 91       	lpm	r26, Z+
 180:	b4 91       	lpm	r27, Z
 182:	ec 91       	ld	r30, X
 184:	ed 23       	and	r30, r29
 186:	81 e0       	ldi	r24, 0x01	; 1
 188:	90 e0       	ldi	r25, 0x00	; 0
 18a:	09 f4       	brne	.+2      	; 0x18e <digitalRead.constprop.1+0x3c>
 18c:	80 e0       	ldi	r24, 0x00	; 0
 18e:	df 91       	pop	r29
 190:	cf 91       	pop	r28
 192:	08 95       	ret
 194:	80 e0       	ldi	r24, 0x00	; 0
 196:	90 e0       	ldi	r25, 0x00	; 0
 198:	fa cf       	rjmp	.-12     	; 0x18e <digitalRead.constprop.1+0x3c>

0000019a <digitalWrite>:
 19a:	1f 93       	push	r17
 19c:	cf 93       	push	r28
 19e:	df 93       	push	r29
 1a0:	28 2f       	mov	r18, r24
 1a2:	30 e0       	ldi	r19, 0x00	; 0
 1a4:	f9 01       	movw	r30, r18
 1a6:	e2 55       	subi	r30, 0x52	; 82
 1a8:	ff 4f       	sbci	r31, 0xFF	; 255
 1aa:	84 91       	lpm	r24, Z
 1ac:	f9 01       	movw	r30, r18
 1ae:	e6 56       	subi	r30, 0x66	; 102
 1b0:	ff 4f       	sbci	r31, 0xFF	; 255
 1b2:	d4 91       	lpm	r29, Z
 1b4:	f9 01       	movw	r30, r18
 1b6:	ea 57       	subi	r30, 0x7A	; 122
 1b8:	ff 4f       	sbci	r31, 0xFF	; 255
 1ba:	c4 91       	lpm	r28, Z
 1bc:	cc 23       	and	r28, r28
 1be:	a9 f0       	breq	.+42     	; 0x1ea <digitalWrite+0x50>
 1c0:	16 2f       	mov	r17, r22
 1c2:	81 11       	cpse	r24, r1
 1c4:	0e 94 80 00 	call	0x100	; 0x100 <turnOffPWM>
 1c8:	ec 2f       	mov	r30, r28
 1ca:	f0 e0       	ldi	r31, 0x00	; 0
 1cc:	ee 0f       	add	r30, r30
 1ce:	ff 1f       	adc	r31, r31
 1d0:	ee 58       	subi	r30, 0x8E	; 142
 1d2:	ff 4f       	sbci	r31, 0xFF	; 255
 1d4:	a5 91       	lpm	r26, Z+
 1d6:	b4 91       	lpm	r27, Z
 1d8:	8f b7       	in	r24, 0x3f	; 63
 1da:	f8 94       	cli
 1dc:	ec 91       	ld	r30, X
 1de:	11 11       	cpse	r17, r1
 1e0:	08 c0       	rjmp	.+16     	; 0x1f2 <digitalWrite+0x58>
 1e2:	d0 95       	com	r29
 1e4:	de 23       	and	r29, r30
 1e6:	dc 93       	st	X, r29
 1e8:	8f bf       	out	0x3f, r24	; 63
 1ea:	df 91       	pop	r29
 1ec:	cf 91       	pop	r28
 1ee:	1f 91       	pop	r17
 1f0:	08 95       	ret
 1f2:	de 2b       	or	r29, r30
 1f4:	f8 cf       	rjmp	.-16     	; 0x1e6 <digitalWrite+0x4c>

000001f6 <pinMode>:
 1f6:	cf 93       	push	r28
 1f8:	df 93       	push	r29
 1fa:	90 e0       	ldi	r25, 0x00	; 0
 1fc:	fc 01       	movw	r30, r24
 1fe:	e6 56       	subi	r30, 0x66	; 102
 200:	ff 4f       	sbci	r31, 0xFF	; 255
 202:	24 91       	lpm	r18, Z
 204:	8a 57       	subi	r24, 0x7A	; 122
 206:	9f 4f       	sbci	r25, 0xFF	; 255
 208:	fc 01       	movw	r30, r24
 20a:	84 91       	lpm	r24, Z
 20c:	88 23       	and	r24, r24
 20e:	d1 f0       	breq	.+52     	; 0x244 <pinMode+0x4e>
 210:	90 e0       	ldi	r25, 0x00	; 0
 212:	88 0f       	add	r24, r24
 214:	99 1f       	adc	r25, r25
 216:	fc 01       	movw	r30, r24
 218:	e8 59       	subi	r30, 0x98	; 152
 21a:	ff 4f       	sbci	r31, 0xFF	; 255
 21c:	a5 91       	lpm	r26, Z+
 21e:	b4 91       	lpm	r27, Z
 220:	fc 01       	movw	r30, r24
 222:	ee 58       	subi	r30, 0x8E	; 142
 224:	ff 4f       	sbci	r31, 0xFF	; 255
 226:	c5 91       	lpm	r28, Z+
 228:	d4 91       	lpm	r29, Z
 22a:	61 11       	cpse	r22, r1
 22c:	0e c0       	rjmp	.+28     	; 0x24a <pinMode+0x54>
 22e:	9f b7       	in	r25, 0x3f	; 63
 230:	f8 94       	cli
 232:	8c 91       	ld	r24, X
 234:	e2 2f       	mov	r30, r18
 236:	e0 95       	com	r30
 238:	8e 23       	and	r24, r30
 23a:	8c 93       	st	X, r24
 23c:	28 81       	ld	r18, Y
 23e:	e2 23       	and	r30, r18
 240:	e8 83       	st	Y, r30
 242:	9f bf       	out	0x3f, r25	; 63
 244:	df 91       	pop	r29
 246:	cf 91       	pop	r28
 248:	08 95       	ret
 24a:	8f b7       	in	r24, 0x3f	; 63
 24c:	f8 94       	cli
 24e:	ec 91       	ld	r30, X
 250:	e2 2b       	or	r30, r18
 252:	ec 93       	st	X, r30
 254:	8f bf       	out	0x3f, r24	; 63
 256:	f6 cf       	rjmp	.-20     	; 0x244 <pinMode+0x4e>

00000258 <analogWrite>:
 258:	1f 93       	push	r17
 25a:	cf 93       	push	r28
 25c:	df 93       	push	r29
 25e:	18 2f       	mov	r17, r24
 260:	eb 01       	movw	r28, r22
 262:	61 e0       	ldi	r22, 0x01	; 1
 264:	0e 94 fb 00 	call	0x1f6	; 0x1f6 <pinMode>
 268:	20 97       	sbiw	r28, 0x00	; 0
 26a:	39 f4       	brne	.+14     	; 0x27a <analogWrite+0x22>
 26c:	60 e0       	ldi	r22, 0x00	; 0
 26e:	81 2f       	mov	r24, r17
 270:	df 91       	pop	r29
 272:	cf 91       	pop	r28
 274:	1f 91       	pop	r17
 276:	0c 94 cd 00 	jmp	0x19a	; 0x19a <digitalWrite>
 27a:	cf 3f       	cpi	r28, 0xFF	; 255
 27c:	d1 05       	cpc	r29, r1
 27e:	11 f4       	brne	.+4      	; 0x284 <analogWrite+0x2c>
 280:	61 e0       	ldi	r22, 0x01	; 1
 282:	f5 cf       	rjmp	.-22     	; 0x26e <analogWrite+0x16>
 284:	e1 2f       	mov	r30, r17
 286:	f0 e0       	ldi	r31, 0x00	; 0
 288:	e2 55       	subi	r30, 0x52	; 82
 28a:	ff 4f       	sbci	r31, 0xFF	; 255
 28c:	e4 91       	lpm	r30, Z
 28e:	e3 30       	cpi	r30, 0x03	; 3
 290:	31 f1       	breq	.+76     	; 0x2de <analogWrite+0x86>
 292:	40 f4       	brcc	.+16     	; 0x2a4 <analogWrite+0x4c>
 294:	e1 30       	cpi	r30, 0x01	; 1
 296:	b1 f0       	breq	.+44     	; 0x2c4 <analogWrite+0x6c>
 298:	e2 30       	cpi	r30, 0x02	; 2
 29a:	e1 f0       	breq	.+56     	; 0x2d4 <analogWrite+0x7c>
 29c:	c0 38       	cpi	r28, 0x80	; 128
 29e:	d1 05       	cpc	r29, r1
 2a0:	7c f7       	brge	.-34     	; 0x280 <analogWrite+0x28>
 2a2:	e4 cf       	rjmp	.-56     	; 0x26c <analogWrite+0x14>
 2a4:	e7 30       	cpi	r30, 0x07	; 7
 2a6:	29 f1       	breq	.+74     	; 0x2f2 <analogWrite+0x9a>
 2a8:	e8 30       	cpi	r30, 0x08	; 8
 2aa:	59 f1       	breq	.+86     	; 0x302 <analogWrite+0xaa>
 2ac:	e4 30       	cpi	r30, 0x04	; 4
 2ae:	b1 f7       	brne	.-20     	; 0x29c <analogWrite+0x44>
 2b0:	80 91 80 00 	lds	r24, 0x0080	; 0x800080 <__DATA_REGION_ORIGIN__+0x20>
 2b4:	80 62       	ori	r24, 0x20	; 32
 2b6:	80 93 80 00 	sts	0x0080, r24	; 0x800080 <__DATA_REGION_ORIGIN__+0x20>
 2ba:	d0 93 8b 00 	sts	0x008B, r29	; 0x80008b <__DATA_REGION_ORIGIN__+0x2b>
 2be:	c0 93 8a 00 	sts	0x008A, r28	; 0x80008a <__DATA_REGION_ORIGIN__+0x2a>
 2c2:	04 c0       	rjmp	.+8      	; 0x2cc <analogWrite+0x74>
 2c4:	84 b5       	in	r24, 0x24	; 36
 2c6:	80 68       	ori	r24, 0x80	; 128
 2c8:	84 bd       	out	0x24, r24	; 36
 2ca:	c7 bd       	out	0x27, r28	; 39
 2cc:	df 91       	pop	r29
 2ce:	cf 91       	pop	r28
 2d0:	1f 91       	pop	r17
 2d2:	08 95       	ret
 2d4:	84 b5       	in	r24, 0x24	; 36
 2d6:	80 62       	ori	r24, 0x20	; 32
 2d8:	84 bd       	out	0x24, r24	; 36
 2da:	c8 bd       	out	0x28, r28	; 40
 2dc:	f7 cf       	rjmp	.-18     	; 0x2cc <analogWrite+0x74>
 2de:	80 91 80 00 	lds	r24, 0x0080	; 0x800080 <__DATA_REGION_ORIGIN__+0x20>
 2e2:	80 68       	ori	r24, 0x80	; 128
 2e4:	80 93 80 00 	sts	0x0080, r24	; 0x800080 <__DATA_REGION_ORIGIN__+0x20>
 2e8:	d0 93 89 00 	sts	0x0089, r29	; 0x800089 <__DATA_REGION_ORIGIN__+0x29>
 2ec:	c0 93 88 00 	sts	0x0088, r28	; 0x800088 <__DATA_REGION_ORIGIN__+0x28>
 2f0:	ed cf       	rjmp	.-38     	; 0x2cc <analogWrite+0x74>
 2f2:	80 91 b0 00 	lds	r24, 0x00B0	; 0x8000b0 <__DATA_REGION_ORIGIN__+0x50>
 2f6:	80 68       	ori	r24, 0x80	; 128
 2f8:	80 93 b0 00 	sts	0x00B0, r24	; 0x8000b0 <__DATA_REGION_ORIGIN__+0x50>
 2fc:	c0 93 b3 00 	sts	0x00B3, r28	; 0x8000b3 <__DATA_REGION_ORIGIN__+0x53>
 300:	e5 cf       	rjmp	.-54     	; 0x2cc <analogWrite+0x74>
 302:	80 91 b0 00 	lds	r24, 0x00B0	; 0x8000b0 <__DATA_REGION_ORIGIN__+0x50>
 306:	80 62       	ori	r24, 0x20	; 32
 308:	80 93 b0 00 	sts	0x00B0, r24	; 0x8000b0 <__DATA_REGION_ORIGIN__+0x50>
 30c:	c0 93 b4 00 	sts	0x00B4, r28	; 0x8000b4 <__DATA_REGION_ORIGIN__+0x54>
 310:	dd cf       	rjmp	.-70     	; 0x2cc <analogWrite+0x74>

00000312 <__vector_16>:
 312:	1f 92       	push	r1
 314:	0f 92       	push	r0
 316:	0f b6       	in	r0, 0x3f	; 63
 318:	0f 92       	push	r0
 31a:	11 24       	eor	r1, r1
 31c:	2f 93       	push	r18
 31e:	3f 93       	push	r19
 320:	8f 93       	push	r24
 322:	9f 93       	push	r25
 324:	af 93       	push	r26
 326:	bf 93       	push	r27
 328:	80 91 11 01 	lds	r24, 0x0111	; 0x800111 <timer0_millis>
 32c:	90 91 12 01 	lds	r25, 0x0112	; 0x800112 <timer0_millis+0x1>
 330:	a0 91 13 01 	lds	r26, 0x0113	; 0x800113 <timer0_millis+0x2>
 334:	b0 91 14 01 	lds	r27, 0x0114	; 0x800114 <timer0_millis+0x3>
 338:	30 91 10 01 	lds	r19, 0x0110	; 0x800110 <timer0_fract>
 33c:	23 e0       	ldi	r18, 0x03	; 3
 33e:	23 0f       	add	r18, r19
 340:	2d 37       	cpi	r18, 0x7D	; 125
 342:	58 f5       	brcc	.+86     	; 0x39a <__vector_16+0x88>
 344:	01 96       	adiw	r24, 0x01	; 1
 346:	a1 1d       	adc	r26, r1
 348:	b1 1d       	adc	r27, r1
 34a:	20 93 10 01 	sts	0x0110, r18	; 0x800110 <timer0_fract>
 34e:	80 93 11 01 	sts	0x0111, r24	; 0x800111 <timer0_millis>
 352:	90 93 12 01 	sts	0x0112, r25	; 0x800112 <timer0_millis+0x1>
 356:	a0 93 13 01 	sts	0x0113, r26	; 0x800113 <timer0_millis+0x2>
 35a:	b0 93 14 01 	sts	0x0114, r27	; 0x800114 <timer0_millis+0x3>
 35e:	80 91 0c 01 	lds	r24, 0x010C	; 0x80010c <timer0_overflow_count>
 362:	90 91 0d 01 	lds	r25, 0x010D	; 0x80010d <timer0_overflow_count+0x1>
 366:	a0 91 0e 01 	lds	r26, 0x010E	; 0x80010e <timer0_overflow_count+0x2>
 36a:	b0 91 0f 01 	lds	r27, 0x010F	; 0x80010f <timer0_overflow_count+0x3>
 36e:	01 96       	adiw	r24, 0x01	; 1
 370:	a1 1d       	adc	r26, r1
 372:	b1 1d       	adc	r27, r1
 374:	80 93 0c 01 	sts	0x010C, r24	; 0x80010c <timer0_overflow_count>
 378:	90 93 0d 01 	sts	0x010D, r25	; 0x80010d <timer0_overflow_count+0x1>
 37c:	a0 93 0e 01 	sts	0x010E, r26	; 0x80010e <timer0_overflow_count+0x2>
 380:	b0 93 0f 01 	sts	0x010F, r27	; 0x80010f <timer0_overflow_count+0x3>
 384:	bf 91       	pop	r27
 386:	af 91       	pop	r26
 388:	9f 91       	pop	r25
 38a:	8f 91       	pop	r24
 38c:	3f 91       	pop	r19
 38e:	2f 91       	pop	r18
 390:	0f 90       	pop	r0
 392:	0f be       	out	0x3f, r0	; 63
 394:	0f 90       	pop	r0
 396:	1f 90       	pop	r1
 398:	18 95       	reti
 39a:	26 e8       	ldi	r18, 0x86	; 134
 39c:	23 0f       	add	r18, r19
 39e:	02 96       	adiw	r24, 0x02	; 2
 3a0:	a1 1d       	adc	r26, r1
 3a2:	b1 1d       	adc	r27, r1
 3a4:	d2 cf       	rjmp	.-92     	; 0x34a <__vector_16+0x38>

000003a6 <__vector_11>:
 3a6:	1f 92       	push	r1
 3a8:	0f 92       	push	r0
 3aa:	0f b6       	in	r0, 0x3f	; 63
 3ac:	0f 92       	push	r0
 3ae:	11 24       	eor	r1, r1
 3b0:	8f 93       	push	r24
 3b2:	9f 93       	push	r25
 3b4:	80 91 08 01 	lds	r24, 0x0108	; 0x800108 <timerTicks>
 3b8:	90 91 09 01 	lds	r25, 0x0109	; 0x800109 <timerTicks+0x1>
 3bc:	01 96       	adiw	r24, 0x01	; 1
 3be:	90 93 09 01 	sts	0x0109, r25	; 0x800109 <timerTicks+0x1>
 3c2:	80 93 08 01 	sts	0x0108, r24	; 0x800108 <timerTicks>
 3c6:	80 91 05 01 	lds	r24, 0x0105	; 0x800105 <isrFlags>
 3ca:	81 60       	ori	r24, 0x01	; 1
 3cc:	80 93 05 01 	sts	0x0105, r24	; 0x800105 <isrFlags>
 3d0:	80 91 08 01 	lds	r24, 0x0108	; 0x800108 <timerTicks>
 3d4:	90 91 09 01 	lds	r25, 0x0109	; 0x800109 <timerTicks+0x1>
 3d8:	08 97       	sbiw	r24, 0x08	; 8
 3da:	28 f0       	brcs	.+10     	; 0x3e6 <__vector_11+0x40>
 3dc:	80 91 05 01 	lds	r24, 0x0105	; 0x800105 <isrFlags>
 3e0:	82 60       	ori	r24, 0x02	; 2
 3e2:	80 93 05 01 	sts	0x0105, r24	; 0x800105 <isrFlags>
 3e6:	80 91 02 01 	lds	r24, 0x0102	; 0x800102 <softPwmPhase>
 3ea:	8f 5f       	subi	r24, 0xFF	; 255
 3ec:	8f 70       	andi	r24, 0x0F	; 15
 3ee:	80 93 02 01 	sts	0x0102, r24	; 0x800102 <softPwmPhase>
 3f2:	90 91 02 01 	lds	r25, 0x0102	; 0x800102 <softPwmPhase>
 3f6:	80 91 00 01 	lds	r24, 0x0100	; 0x800100 <softPwmDuty>
 3fa:	98 17       	cp	r25, r24
 3fc:	c0 f4       	brcc	.+48     	; 0x42e <__LOCK_REGION_LENGTH__+0x2e>
 3fe:	2d 9a       	sbi	0x05, 5	; 5
 400:	80 91 02 01 	lds	r24, 0x0102	; 0x800102 <softPwmPhase>
 404:	81 11       	cpse	r24, r1
 406:	05 c0       	rjmp	.+10     	; 0x412 <__LOCK_REGION_LENGTH__+0x12>
 408:	80 91 05 01 	lds	r24, 0x0105	; 0x800105 <isrFlags>
 40c:	84 60       	ori	r24, 0x04	; 4
 40e:	80 93 05 01 	sts	0x0105, r24	; 0x800105 <isrFlags>
 412:	4a 9b       	sbis	0x09, 2	; 9
 414:	05 c0       	rjmp	.+10     	; 0x420 <__LOCK_REGION_LENGTH__+0x20>
 416:	80 91 05 01 	lds	r24, 0x0105	; 0x800105 <isrFlags>
 41a:	88 60       	ori	r24, 0x08	; 8
 41c:	80 93 05 01 	sts	0x0105, r24	; 0x800105 <isrFlags>
 420:	9f 91       	pop	r25
 422:	8f 91       	pop	r24
 424:	0f 90       	pop	r0
 426:	0f be       	out	0x3f, r0	; 63
 428:	0f 90       	pop	r0
 42a:	1f 90       	pop	r1
 42c:	18 95       	reti
 42e:	2d 98       	cbi	0x05, 5	; 5
 430:	e7 cf       	rjmp	.-50     	; 0x400 <__LOCK_REGION_LENGTH__>

00000432 <main>:
 432:	78 94       	sei
 434:	84 b5       	in	r24, 0x24	; 36
 436:	82 60       	ori	r24, 0x02	; 2
 438:	84 bd       	out	0x24, r24	; 36
 43a:	84 b5       	in	r24, 0x24	; 36
 43c:	81 60       	ori	r24, 0x01	; 1
 43e:	84 bd       	out	0x24, r24	; 36
 440:	85 b5       	in	r24, 0x25	; 37
 442:	82 60       	ori	r24, 0x02	; 2
 444:	85 bd       	out	0x25, r24	; 37
 446:	85 b5       	in	r24, 0x25	; 37
 448:	81 60       	ori	r24, 0x01	; 1
 44a:	85 bd       	out	0x25, r24	; 37
 44c:	80 91 6e 00 	lds	r24, 0x006E	; 0x80006e <__DATA_REGION_ORIGIN__+0xe>
 450:	81 60       	ori	r24, 0x01	; 1
 452:	80 93 6e 00 	sts	0x006E, r24	; 0x80006e <__DATA_REGION_ORIGIN__+0xe>
 456:	10 92 81 00 	sts	0x0081, r1	; 0x800081 <__DATA_REGION_ORIGIN__+0x21>
 45a:	80 91 81 00 	lds	r24, 0x0081	; 0x800081 <__DATA_REGION_ORIGIN__+0x21>
 45e:	82 60       	ori	r24, 0x02	; 2
 460:	80 93 81 00 	sts	0x0081, r24	; 0x800081 <__DATA_REGION_ORIGIN__+0x21>
 464:	80 91 81 00 	lds	r24, 0x0081	; 0x800081 <__DATA_REGION_ORIGIN__+0x21>
 468:	81 60       	ori	r24, 0x01	; 1
 46a:	80 93 81 00 	sts	0x0081, r24	; 0x800081 <__DATA_REGION_ORIGIN__+0x21>
 46e:	80 91 80 00 	lds	r24, 0x0080	; 0x800080 <__DATA_REGION_ORIGIN__+0x20>
 472:	81 60       	ori	r24, 0x01	; 1
 474:	80 93 80 00 	sts	0x0080, r24	; 0x800080 <__DATA_REGION_ORIGIN__+0x20>
 478:	80 91 b1 00 	lds	r24, 0x00B1	; 0x8000b1 <__DATA_REGION_ORIGIN__+0x51>
 47c:	84 60       	ori	r24, 0x04	; 4
 47e:	80 93 b1 00 	sts	0x00B1, r24	; 0x8000b1 <__DATA_REGION_ORIGIN__+0x51>
 482:	80 91 b0 00 	lds	r24, 0x00B0	; 0x8000b0 <__DATA_REGION_ORIGIN__+0x50>
 486:	81 60       	ori	r24, 0x01	; 1
 488:	80 93 b0 00 	sts	0x00B0, r24	; 0x8000b0 <__DATA_REGION_ORIGIN__+0x50>
 48c:	80 91 7a 00 	lds	r24, 0x007A	; 0x80007a <__DATA_REGION_ORIGIN__+0x1a>
 490:	84 60       	ori	r24, 0x04	; 4
 492:	80 93 7a 00 	sts	0x007A, r24	; 0x80007a <__DATA_REGION_ORIGIN__+0x1a>
 496:	80 91 7a 00 	lds	r24, 0x007A	; 0x80007a <__DATA_REGION_ORIGIN__+0x1a>
 49a:	82 60       	ori	r24, 0x02	; 2
 49c:	80 93 7a 00 	sts	0x007A, r24	; 0x80007a <__DATA_REGION_ORIGIN__+0x1a>
 4a0:	80 91 7a 00 	lds	r24, 0x007A	; 0x80007a <__DATA_REGION_ORIGIN__+0x1a>
 4a4:	81 60       	ori	r24, 0x01	; 1
 4a6:	80 93 7a 00 	sts	0x007A, r24	; 0x80007a <__DATA_REGION_ORIGIN__+0x1a>
 4aa:	80 91 7a 00 	lds	r24, 0x007A	; 0x80007a <__DATA_REGION_ORIGIN__+0x1a>
 4ae:	80 68       	ori	r24, 0x80	; 128
 4b0:	80 93 7a 00 	sts	0x007A, r24	; 0x80007a <__DATA_REGION_ORIGIN__+0x1a>
 4b4:	10 92 c1 00 	sts	0x00C1, r1	; 0x8000c1 <__DATA_REGION_ORIGIN__+0x61>
 4b8:	e0 e0       	ldi	r30, 0x00	; 0
 4ba:	f3 e0       	ldi	r31, 0x03	; 3
 4bc:	11 92       	st	Z+, r1
 4be:	e8 31       	cpi	r30, 0x18	; 24
 4c0:	83 e0       	ldi	r24, 0x03	; 3
 4c2:	f8 07       	cpc	r31, r24
 4c4:	d9 f7       	brne	.-10     	; 0x4bc <main+0x8a>
 4c6:	60 e0       	ldi	r22, 0x00	; 0
 4c8:	82 e0       	ldi	r24, 0x02	; 2
 4ca:	0e 94 fb 00 	call	0x1f6	; 0x1f6 <pinMode>
 4ce:	61 e0       	ldi	r22, 0x01	; 1
 4d0:	83 e0       	ldi	r24, 0x03	; 3
 4d2:	0e 94 fb 00 	call	0x1f6	; 0x1f6 <pinMode>
 4d6:	61 e0       	ldi	r22, 0x01	; 1
 4d8:	85 e0       	ldi	r24, 0x05	; 5
 4da:	0e 94 fb 00 	call	0x1f6	; 0x1f6 <pinMode>
 4de:	61 e0       	ldi	r22, 0x01	; 1
 4e0:	8d e0       	ldi	r24, 0x0D	; 13
 4e2:	0e 94 fb 00 	call	0x1f6	; 0x1f6 <pinMode>
 4e6:	60 e2       	ldi	r22, 0x20	; 32
 4e8:	70 e0       	ldi	r23, 0x00	; 0
 4ea:	83 e0       	ldi	r24, 0x03	; 3
 4ec:	0e 94 2c 01 	call	0x258	; 0x258 <analogWrite>
 4f0:	60 ee       	ldi	r22, 0xE0	; 224
 4f2:	70 e0       	ldi	r23, 0x00	; 0
 4f4:	85 e0       	ldi	r24, 0x05	; 5
 4f6:	0e 94 2c 01 	call	0x258	; 0x258 <analogWrite>
 4fa:	10 92 80 00 	sts	0x0080, r1	; 0x800080 <__DATA_REGION_ORIGIN__+0x20>
 4fe:	10 92 81 00 	sts	0x0081, r1	; 0x800081 <__DATA_REGION_ORIGIN__+0x21>
 502:	10 92 85 00 	sts	0x0085, r1	; 0x800085 <__DATA_REGION_ORIGIN__+0x25>
 506:	10 92 84 00 	sts	0x0084, r1	; 0x800084 <__DATA_REGION_ORIGIN__+0x24>
 50a:	8f e2       	ldi	r24, 0x2F	; 47
 50c:	90 e0       	ldi	r25, 0x00	; 0
 50e:	90 93 89 00 	sts	0x0089, r25	; 0x800089 <__DATA_REGION_ORIGIN__+0x29>
 512:	80 93 88 00 	sts	0x0088, r24	; 0x800088 <__DATA_REGION_ORIGIN__+0x28>
 516:	8a e0       	ldi	r24, 0x0A	; 10
 518:	80 93 81 00 	sts	0x0081, r24	; 0x800081 <__DATA_REGION_ORIGIN__+0x21>
 51c:	82 e0       	ldi	r24, 0x02	; 2
 51e:	80 93 6f 00 	sts	0x006F, r24	; 0x80006f <__DATA_REGION_ORIGIN__+0xf>
 522:	78 94       	sei
 524:	67 ea       	ldi	r22, 0xA7	; 167
 526:	a6 2e       	mov	r10, r22
 528:	7c e5       	ldi	r23, 0x5C	; 92
 52a:	97 2e       	mov	r9, r23
 52c:	0f ef       	ldi	r16, 0xFF	; 255
 52e:	10 e0       	ldi	r17, 0x00	; 0
 530:	eb e9       	ldi	r30, 0x9B	; 155
 532:	ee 2e       	mov	r14, r30
 534:	f1 2c       	mov	r15, r1
 536:	f0 e0       	ldi	r31, 0x00	; 0
 538:	cf 2e       	mov	r12, r31
 53a:	f0 e0       	ldi	r31, 0x00	; 0
 53c:	df 2e       	mov	r13, r31
 53e:	88 24       	eor	r8, r8
 540:	83 94       	inc	r8
 542:	40 e4       	ldi	r20, 0x40	; 64
 544:	74 2e       	mov	r7, r20
 546:	51 e1       	ldi	r21, 0x11	; 17
 548:	65 2e       	mov	r6, r21
 54a:	80 91 0b 01 	lds	r24, 0x010B	; 0x80010b <_ZZ4loopE5round>
 54e:	80 31       	cpi	r24, 0x10	; 16
 550:	08 f4       	brcc	.+2      	; 0x554 <main+0x122>
 552:	6f c0       	rjmp	.+222    	; 0x632 <main+0x200>
 554:	80 91 0a 01 	lds	r24, 0x010A	; 0x80010a <_ZZ4loopE13resultWritten>
 558:	81 11       	cpse	r24, r1
 55a:	6b c0       	rjmp	.+214    	; 0x632 <main+0x200>
 55c:	f8 94       	cli
 55e:	20 91 08 01 	lds	r18, 0x0108	; 0x800108 <timerTicks>
 562:	30 91 09 01 	lds	r19, 0x0109	; 0x800109 <timerTicks+0x1>
 566:	85 b1       	in	r24, 0x05	; 5
 568:	8f 7c       	andi	r24, 0xCF	; 207
 56a:	80 61       	ori	r24, 0x10	; 16
 56c:	85 b9       	out	0x05, r24	; 5
 56e:	a0 92 00 03 	sts	0x0300, r10	; 0x800300 <__bss_end+0x1eb>
 572:	80 91 0b 01 	lds	r24, 0x010B	; 0x80010b <_ZZ4loopE5round>
 576:	80 93 01 03 	sts	0x0301, r24	; 0x800301 <__bss_end+0x1ec>
 57a:	80 91 06 01 	lds	r24, 0x0106	; 0x800106 <_ZZ4loopE6adcSum>
 57e:	80 93 02 03 	sts	0x0302, r24	; 0x800302 <__bss_end+0x1ed>
 582:	80 91 07 01 	lds	r24, 0x0107	; 0x800107 <_ZZ4loopE6adcSum+0x1>
 586:	80 93 03 03 	sts	0x0303, r24	; 0x800303 <__bss_end+0x1ee>
 58a:	81 e0       	ldi	r24, 0x01	; 1
 58c:	21 15       	cp	r18, r1
 58e:	31 05       	cpc	r19, r1
 590:	09 f4       	brne	.+2      	; 0x594 <main+0x162>
 592:	80 e0       	ldi	r24, 0x00	; 0
 594:	80 93 04 03 	sts	0x0304, r24	; 0x800304 <__bss_end+0x1ef>
 598:	81 e0       	ldi	r24, 0x01	; 1
 59a:	20 31       	cpi	r18, 0x10	; 16
 59c:	31 05       	cpc	r19, r1
 59e:	08 f4       	brcc	.+2      	; 0x5a2 <main+0x170>
 5a0:	80 e0       	ldi	r24, 0x00	; 0
 5a2:	80 93 05 03 	sts	0x0305, r24	; 0x800305 <__bss_end+0x1f0>
 5a6:	81 e0       	ldi	r24, 0x01	; 1
 5a8:	21 39       	cpi	r18, 0x91	; 145
 5aa:	31 40       	sbci	r19, 0x01	; 1
 5ac:	08 f0       	brcs	.+2      	; 0x5b0 <main+0x17e>
 5ae:	80 e0       	ldi	r24, 0x00	; 0
 5b0:	80 93 06 03 	sts	0x0306, r24	; 0x800306 <__bss_end+0x1f1>
 5b4:	80 91 05 01 	lds	r24, 0x0105	; 0x800105 <isrFlags>
 5b8:	80 93 07 03 	sts	0x0307, r24	; 0x800307 <__bss_end+0x1f2>
 5bc:	80 91 04 01 	lds	r24, 0x0104	; 0x800104 <_ZZ4loopE8inputMix>
 5c0:	80 93 08 03 	sts	0x0308, r24	; 0x800308 <__bss_end+0x1f3>
 5c4:	80 91 03 01 	lds	r24, 0x0103	; 0x800103 <_ZZ4loopE6pwmMix>
 5c8:	80 93 09 03 	sts	0x0309, r24	; 0x800309 <__bss_end+0x1f4>
 5cc:	80 91 00 01 	lds	r24, 0x0100	; 0x800100 <softPwmDuty>
 5d0:	80 93 0a 03 	sts	0x030A, r24	; 0x80030a <__bss_end+0x1f5>
 5d4:	80 91 b4 00 	lds	r24, 0x00B4	; 0x8000b4 <__DATA_REGION_ORIGIN__+0x54>
 5d8:	80 93 0b 03 	sts	0x030B, r24	; 0x80030b <__bss_end+0x1f6>
 5dc:	88 b5       	in	r24, 0x28	; 40
 5de:	80 93 0c 03 	sts	0x030C, r24	; 0x80030c <__bss_end+0x1f7>
 5e2:	85 b1       	in	r24, 0x05	; 5
 5e4:	80 93 0d 03 	sts	0x030D, r24	; 0x80030d <__bss_end+0x1f8>
 5e8:	80 91 b0 00 	lds	r24, 0x00B0	; 0x8000b0 <__DATA_REGION_ORIGIN__+0x50>
 5ec:	80 93 0e 03 	sts	0x030E, r24	; 0x80030e <__bss_end+0x1f9>
 5f0:	84 b5       	in	r24, 0x24	; 36
 5f2:	80 93 0f 03 	sts	0x030F, r24	; 0x80030f <__bss_end+0x1fa>
 5f6:	80 91 6f 00 	lds	r24, 0x006F	; 0x80006f <__DATA_REGION_ORIGIN__+0xf>
 5fa:	80 93 10 03 	sts	0x0310, r24	; 0x800310 <__bss_end+0x1fb>
 5fe:	80 91 78 00 	lds	r24, 0x0078	; 0x800078 <__DATA_REGION_ORIGIN__+0x18>
 602:	80 93 11 03 	sts	0x0311, r24	; 0x800311 <__bss_end+0x1fc>
 606:	80 91 79 00 	lds	r24, 0x0079	; 0x800079 <__DATA_REGION_ORIGIN__+0x19>
 60a:	80 93 12 03 	sts	0x0312, r24	; 0x800312 <__bss_end+0x1fd>
 60e:	0e 94 a9 00 	call	0x152	; 0x152 <digitalRead.constprop.1>
 612:	21 e0       	ldi	r18, 0x01	; 1
 614:	89 2b       	or	r24, r25
 616:	09 f4       	brne	.+2      	; 0x61a <main+0x1e8>
 618:	20 e0       	ldi	r18, 0x00	; 0
 61a:	20 93 13 03 	sts	0x0313, r18	; 0x800313 <__bss_end+0x1fe>
 61e:	90 92 14 03 	sts	0x0314, r9	; 0x800314 <__bss_end+0x1ff>
 622:	80 92 0a 01 	sts	0x010A, r8	; 0x80010a <_ZZ4loopE13resultWritten>
 626:	80 91 ff 02 	lds	r24, 0x02FF	; 0x8002ff <__bss_end+0x1ea>
 62a:	82 34       	cpi	r24, 0x42	; 66
 62c:	09 f4       	brne	.+2      	; 0x630 <main+0x1fe>
 62e:	ff cf       	rjmp	.-2      	; 0x62e <main+0x1fc>
 630:	78 94       	sei
 632:	70 92 7c 00 	sts	0x007C, r7	; 0x80007c <__DATA_REGION_ORIGIN__+0x1c>
 636:	80 91 7a 00 	lds	r24, 0x007A	; 0x80007a <__DATA_REGION_ORIGIN__+0x1a>
 63a:	80 64       	ori	r24, 0x40	; 64
 63c:	80 93 7a 00 	sts	0x007A, r24	; 0x80007a <__DATA_REGION_ORIGIN__+0x1a>
 640:	80 91 7a 00 	lds	r24, 0x007A	; 0x80007a <__DATA_REGION_ORIGIN__+0x1a>
 644:	86 fd       	sbrc	r24, 6
 646:	fc cf       	rjmp	.-8      	; 0x640 <main+0x20e>
 648:	c0 91 78 00 	lds	r28, 0x0078	; 0x800078 <__DATA_REGION_ORIGIN__+0x18>
 64c:	d0 91 79 00 	lds	r29, 0x0079	; 0x800079 <__DATA_REGION_ORIGIN__+0x19>
 650:	b0 90 0b 01 	lds	r11, 0x010B	; 0x80010b <_ZZ4loopE5round>
 654:	80 91 06 01 	lds	r24, 0x0106	; 0x800106 <_ZZ4loopE6adcSum>
 658:	90 91 07 01 	lds	r25, 0x0107	; 0x800107 <_ZZ4loopE6adcSum+0x1>
 65c:	8c 0f       	add	r24, r28
 65e:	9d 1f       	adc	r25, r29
 660:	90 93 07 01 	sts	0x0107, r25	; 0x800107 <_ZZ4loopE6adcSum+0x1>
 664:	80 93 06 01 	sts	0x0106, r24	; 0x800106 <_ZZ4loopE6adcSum>
 668:	ce 01       	movw	r24, r28
 66a:	26 e0       	ldi	r18, 0x06	; 6
 66c:	96 95       	lsr	r25
 66e:	87 95       	ror	r24
 670:	2a 95       	dec	r18
 672:	e1 f7       	brne	.-8      	; 0x66c <main+0x23a>
 674:	8b 0d       	add	r24, r11
 676:	8f 70       	andi	r24, 0x0F	; 15
 678:	80 93 00 01 	sts	0x0100, r24	; 0x800100 <softPwmDuty>
 67c:	b6 9c       	mul	r11, r6
 67e:	c0 0d       	add	r28, r0
 680:	11 24       	eor	r1, r1
 682:	d0 e0       	ldi	r29, 0x00	; 0
 684:	be 01       	movw	r22, r28
 686:	83 e0       	ldi	r24, 0x03	; 3
 688:	0e 94 2c 01 	call	0x258	; 0x258 <analogWrite>
 68c:	b8 01       	movw	r22, r16
 68e:	6c 1b       	sub	r22, r28
 690:	7d 0b       	sbc	r23, r29
 692:	85 e0       	ldi	r24, 0x05	; 5
 694:	0e 94 2c 01 	call	0x258	; 0x258 <analogWrite>
 698:	c0 91 04 01 	lds	r28, 0x0104	; 0x800104 <_ZZ4loopE8inputMix>
 69c:	d0 e0       	ldi	r29, 0x00	; 0
 69e:	cc 0f       	add	r28, r28
 6a0:	dd 1f       	adc	r29, r29
 6a2:	0e 94 a9 00 	call	0x152	; 0x152 <digitalRead.constprop.1>
 6a6:	89 2b       	or	r24, r25
 6a8:	19 f5       	brne	.+70     	; 0x6f0 <main+0x2be>
 6aa:	83 ec       	ldi	r24, 0xC3	; 195
 6ac:	cb 25       	eor	r28, r11
 6ae:	c8 27       	eor	r28, r24
 6b0:	c0 93 04 01 	sts	0x0104, r28	; 0x800104 <_ZZ4loopE8inputMix>
 6b4:	80 91 b4 00 	lds	r24, 0x00B4	; 0x8000b4 <__DATA_REGION_ORIGIN__+0x54>
 6b8:	48 b5       	in	r20, 0x28	; 40
 6ba:	30 91 b0 00 	lds	r19, 0x00B0	; 0x8000b0 <__DATA_REGION_ORIGIN__+0x50>
 6be:	24 b5       	in	r18, 0x24	; 36
 6c0:	90 91 00 01 	lds	r25, 0x0100	; 0x800100 <softPwmDuty>
 6c4:	84 0f       	add	r24, r20
 6c6:	83 0f       	add	r24, r19
 6c8:	82 0f       	add	r24, r18
 6ca:	89 0f       	add	r24, r25
 6cc:	90 91 03 01 	lds	r25, 0x0103	; 0x800103 <_ZZ4loopE6pwmMix>
 6d0:	89 27       	eor	r24, r25
 6d2:	80 93 03 01 	sts	0x0103, r24	; 0x800103 <_ZZ4loopE6pwmMix>
 6d6:	b3 94       	inc	r11
 6d8:	b0 92 0b 01 	sts	0x010B, r11	; 0x80010b <_ZZ4loopE5round>
 6dc:	c7 01       	movw	r24, r14
 6de:	01 97       	sbiw	r24, 0x01	; 1
 6e0:	f1 f7       	brne	.-4      	; 0x6de <main+0x2ac>
 6e2:	c1 14       	cp	r12, r1
 6e4:	d1 04       	cpc	r13, r1
 6e6:	09 f4       	brne	.+2      	; 0x6ea <main+0x2b8>
 6e8:	30 cf       	rjmp	.-416    	; 0x54a <main+0x118>
 6ea:	0e 94 00 00 	call	0	; 0x0 <__vectors>
 6ee:	29 cf       	rjmp	.-430    	; 0x542 <main+0x110>
 6f0:	8c e3       	ldi	r24, 0x3C	; 60
 6f2:	dc cf       	rjmp	.-72     	; 0x6ac <main+0x27a>

000006f4 <_exit>:
 6f4:	f8 94       	cli

000006f6 <__stop_program>:
 6f6:	ff cf       	rjmp	.-2      	; 0x6f6 <__stop_program>
