
examples/arduino-lowpower-wdt/build/arduino-lowpower-wdt.ino.elf:     file format elf32-avr


Disassembly of section .text:

00000000 <__vectors>:
   0:	0c 94 34 00 	jmp	0x68	; 0x68 <__ctors_end>
   4:	0c 94 46 00 	jmp	0x8c	; 0x8c <__bad_interrupt>
   8:	0c 94 46 00 	jmp	0x8c	; 0x8c <__bad_interrupt>
   c:	0c 94 46 00 	jmp	0x8c	; 0x8c <__bad_interrupt>
  10:	0c 94 46 00 	jmp	0x8c	; 0x8c <__bad_interrupt>
  14:	0c 94 46 00 	jmp	0x8c	; 0x8c <__bad_interrupt>
  18:	0c 94 92 00 	jmp	0x124	; 0x124 <__vector_6>
  1c:	0c 94 46 00 	jmp	0x8c	; 0x8c <__bad_interrupt>
  20:	0c 94 46 00 	jmp	0x8c	; 0x8c <__bad_interrupt>
  24:	0c 94 46 00 	jmp	0x8c	; 0x8c <__bad_interrupt>
  28:	0c 94 46 00 	jmp	0x8c	; 0x8c <__bad_interrupt>
  2c:	0c 94 46 00 	jmp	0x8c	; 0x8c <__bad_interrupt>
  30:	0c 94 46 00 	jmp	0x8c	; 0x8c <__bad_interrupt>
  34:	0c 94 46 00 	jmp	0x8c	; 0x8c <__bad_interrupt>
  38:	0c 94 46 00 	jmp	0x8c	; 0x8c <__bad_interrupt>
  3c:	0c 94 46 00 	jmp	0x8c	; 0x8c <__bad_interrupt>
  40:	0c 94 48 00 	jmp	0x90	; 0x90 <__vector_16>
  44:	0c 94 46 00 	jmp	0x8c	; 0x8c <__bad_interrupt>
  48:	0c 94 46 00 	jmp	0x8c	; 0x8c <__bad_interrupt>
  4c:	0c 94 46 00 	jmp	0x8c	; 0x8c <__bad_interrupt>
  50:	0c 94 46 00 	jmp	0x8c	; 0x8c <__bad_interrupt>
  54:	0c 94 46 00 	jmp	0x8c	; 0x8c <__bad_interrupt>
  58:	0c 94 46 00 	jmp	0x8c	; 0x8c <__bad_interrupt>
  5c:	0c 94 46 00 	jmp	0x8c	; 0x8c <__bad_interrupt>
  60:	0c 94 46 00 	jmp	0x8c	; 0x8c <__bad_interrupt>
  64:	0c 94 46 00 	jmp	0x8c	; 0x8c <__bad_interrupt>

00000068 <__ctors_end>:
  68:	11 24       	eor	r1, r1
  6a:	1f be       	out	0x3f, r1	; 63
  6c:	cf ef       	ldi	r28, 0xFF	; 255
  6e:	d8 e0       	ldi	r29, 0x08	; 8
  70:	de bf       	out	0x3e, r29	; 62
  72:	cd bf       	out	0x3d, r28	; 61

00000074 <__do_clear_bss>:
  74:	21 e0       	ldi	r18, 0x01	; 1
  76:	a0 e0       	ldi	r26, 0x00	; 0
  78:	b1 e0       	ldi	r27, 0x01	; 1
  7a:	01 c0       	rjmp	.+2      	; 0x7e <.do_clear_bss_start>

0000007c <.do_clear_bss_loop>:
  7c:	1d 92       	st	X+, r1

0000007e <.do_clear_bss_start>:
  7e:	aa 30       	cpi	r26, 0x0A	; 10
  80:	b2 07       	cpc	r27, r18
  82:	e1 f7       	brne	.-8      	; 0x7c <.do_clear_bss_loop>
  84:	0e 94 a3 00 	call	0x146	; 0x146 <main>
  88:	0c 94 1b 01 	jmp	0x236	; 0x236 <_exit>

0000008c <__bad_interrupt>:
  8c:	0c 94 00 00 	jmp	0	; 0x0 <__vectors>

00000090 <__vector_16>:
  90:	1f 92       	push	r1
  92:	0f 92       	push	r0
  94:	0f b6       	in	r0, 0x3f	; 63
  96:	0f 92       	push	r0
  98:	11 24       	eor	r1, r1
  9a:	2f 93       	push	r18
  9c:	3f 93       	push	r19
  9e:	8f 93       	push	r24
  a0:	9f 93       	push	r25
  a2:	af 93       	push	r26
  a4:	bf 93       	push	r27
  a6:	80 91 06 01 	lds	r24, 0x0106	; 0x800106 <timer0_millis>
  aa:	90 91 07 01 	lds	r25, 0x0107	; 0x800107 <timer0_millis+0x1>
  ae:	a0 91 08 01 	lds	r26, 0x0108	; 0x800108 <timer0_millis+0x2>
  b2:	b0 91 09 01 	lds	r27, 0x0109	; 0x800109 <timer0_millis+0x3>
  b6:	30 91 05 01 	lds	r19, 0x0105	; 0x800105 <timer0_fract>
  ba:	23 e0       	ldi	r18, 0x03	; 3
  bc:	23 0f       	add	r18, r19
  be:	2d 37       	cpi	r18, 0x7D	; 125
  c0:	58 f5       	brcc	.+86     	; 0x118 <__vector_16+0x88>
  c2:	01 96       	adiw	r24, 0x01	; 1
  c4:	a1 1d       	adc	r26, r1
  c6:	b1 1d       	adc	r27, r1
  c8:	20 93 05 01 	sts	0x0105, r18	; 0x800105 <timer0_fract>
  cc:	80 93 06 01 	sts	0x0106, r24	; 0x800106 <timer0_millis>
  d0:	90 93 07 01 	sts	0x0107, r25	; 0x800107 <timer0_millis+0x1>
  d4:	a0 93 08 01 	sts	0x0108, r26	; 0x800108 <timer0_millis+0x2>
  d8:	b0 93 09 01 	sts	0x0109, r27	; 0x800109 <timer0_millis+0x3>
  dc:	80 91 01 01 	lds	r24, 0x0101	; 0x800101 <timer0_overflow_count>
  e0:	90 91 02 01 	lds	r25, 0x0102	; 0x800102 <timer0_overflow_count+0x1>
  e4:	a0 91 03 01 	lds	r26, 0x0103	; 0x800103 <timer0_overflow_count+0x2>
  e8:	b0 91 04 01 	lds	r27, 0x0104	; 0x800104 <timer0_overflow_count+0x3>
  ec:	01 96       	adiw	r24, 0x01	; 1
  ee:	a1 1d       	adc	r26, r1
  f0:	b1 1d       	adc	r27, r1
  f2:	80 93 01 01 	sts	0x0101, r24	; 0x800101 <timer0_overflow_count>
  f6:	90 93 02 01 	sts	0x0102, r25	; 0x800102 <timer0_overflow_count+0x1>
  fa:	a0 93 03 01 	sts	0x0103, r26	; 0x800103 <timer0_overflow_count+0x2>
  fe:	b0 93 04 01 	sts	0x0104, r27	; 0x800104 <timer0_overflow_count+0x3>
 102:	bf 91       	pop	r27
 104:	af 91       	pop	r26
 106:	9f 91       	pop	r25
 108:	8f 91       	pop	r24
 10a:	3f 91       	pop	r19
 10c:	2f 91       	pop	r18
 10e:	0f 90       	pop	r0
 110:	0f be       	out	0x3f, r0	; 63
 112:	0f 90       	pop	r0
 114:	1f 90       	pop	r1
 116:	18 95       	reti
 118:	26 e8       	ldi	r18, 0x86	; 134
 11a:	23 0f       	add	r18, r19
 11c:	02 96       	adiw	r24, 0x02	; 2
 11e:	a1 1d       	adc	r26, r1
 120:	b1 1d       	adc	r27, r1
 122:	d2 cf       	rjmp	.-92     	; 0xc8 <__vector_16+0x38>

00000124 <__vector_6>:
 124:	1f 92       	push	r1
 126:	0f 92       	push	r0
 128:	0f b6       	in	r0, 0x3f	; 63
 12a:	0f 92       	push	r0
 12c:	11 24       	eor	r1, r1
 12e:	8f 93       	push	r24
 130:	80 91 00 01 	lds	r24, 0x0100	; 0x800100 <wakeups>
 134:	8f 5f       	subi	r24, 0xFF	; 255
 136:	80 93 00 01 	sts	0x0100, r24	; 0x800100 <wakeups>
 13a:	8f 91       	pop	r24
 13c:	0f 90       	pop	r0
 13e:	0f be       	out	0x3f, r0	; 63
 140:	0f 90       	pop	r0
 142:	1f 90       	pop	r1
 144:	18 95       	reti

00000146 <main>:
 146:	78 94       	sei
 148:	84 b5       	in	r24, 0x24	; 36
 14a:	82 60       	ori	r24, 0x02	; 2
 14c:	84 bd       	out	0x24, r24	; 36
 14e:	84 b5       	in	r24, 0x24	; 36
 150:	81 60       	ori	r24, 0x01	; 1
 152:	84 bd       	out	0x24, r24	; 36
 154:	85 b5       	in	r24, 0x25	; 37
 156:	82 60       	ori	r24, 0x02	; 2
 158:	85 bd       	out	0x25, r24	; 37
 15a:	85 b5       	in	r24, 0x25	; 37
 15c:	81 60       	ori	r24, 0x01	; 1
 15e:	85 bd       	out	0x25, r24	; 37
 160:	80 91 6e 00 	lds	r24, 0x006E	; 0x80006e <__DATA_REGION_ORIGIN__+0xe>
 164:	81 60       	ori	r24, 0x01	; 1
 166:	80 93 6e 00 	sts	0x006E, r24	; 0x80006e <__DATA_REGION_ORIGIN__+0xe>
 16a:	10 92 81 00 	sts	0x0081, r1	; 0x800081 <__DATA_REGION_ORIGIN__+0x21>
 16e:	80 91 81 00 	lds	r24, 0x0081	; 0x800081 <__DATA_REGION_ORIGIN__+0x21>
 172:	82 60       	ori	r24, 0x02	; 2
 174:	80 93 81 00 	sts	0x0081, r24	; 0x800081 <__DATA_REGION_ORIGIN__+0x21>
 178:	80 91 81 00 	lds	r24, 0x0081	; 0x800081 <__DATA_REGION_ORIGIN__+0x21>
 17c:	81 60       	ori	r24, 0x01	; 1
 17e:	80 93 81 00 	sts	0x0081, r24	; 0x800081 <__DATA_REGION_ORIGIN__+0x21>
 182:	80 91 80 00 	lds	r24, 0x0080	; 0x800080 <__DATA_REGION_ORIGIN__+0x20>
 186:	81 60       	ori	r24, 0x01	; 1
 188:	80 93 80 00 	sts	0x0080, r24	; 0x800080 <__DATA_REGION_ORIGIN__+0x20>
 18c:	80 91 b1 00 	lds	r24, 0x00B1	; 0x8000b1 <__DATA_REGION_ORIGIN__+0x51>
 190:	84 60       	ori	r24, 0x04	; 4
 192:	80 93 b1 00 	sts	0x00B1, r24	; 0x8000b1 <__DATA_REGION_ORIGIN__+0x51>
 196:	80 91 b0 00 	lds	r24, 0x00B0	; 0x8000b0 <__DATA_REGION_ORIGIN__+0x50>
 19a:	81 60       	ori	r24, 0x01	; 1
 19c:	80 93 b0 00 	sts	0x00B0, r24	; 0x8000b0 <__DATA_REGION_ORIGIN__+0x50>
 1a0:	80 91 7a 00 	lds	r24, 0x007A	; 0x80007a <__DATA_REGION_ORIGIN__+0x1a>
 1a4:	84 60       	ori	r24, 0x04	; 4
 1a6:	80 93 7a 00 	sts	0x007A, r24	; 0x80007a <__DATA_REGION_ORIGIN__+0x1a>
 1aa:	80 91 7a 00 	lds	r24, 0x007A	; 0x80007a <__DATA_REGION_ORIGIN__+0x1a>
 1ae:	82 60       	ori	r24, 0x02	; 2
 1b0:	80 93 7a 00 	sts	0x007A, r24	; 0x80007a <__DATA_REGION_ORIGIN__+0x1a>
 1b4:	80 91 7a 00 	lds	r24, 0x007A	; 0x80007a <__DATA_REGION_ORIGIN__+0x1a>
 1b8:	81 60       	ori	r24, 0x01	; 1
 1ba:	80 93 7a 00 	sts	0x007A, r24	; 0x80007a <__DATA_REGION_ORIGIN__+0x1a>
 1be:	80 91 7a 00 	lds	r24, 0x007A	; 0x80007a <__DATA_REGION_ORIGIN__+0x1a>
 1c2:	80 68       	ori	r24, 0x80	; 128
 1c4:	80 93 7a 00 	sts	0x007A, r24	; 0x80007a <__DATA_REGION_ORIGIN__+0x1a>
 1c8:	10 92 c1 00 	sts	0x00C1, r1	; 0x8000c1 <__DATA_REGION_ORIGIN__+0x61>
 1cc:	10 92 00 03 	sts	0x0300, r1	; 0x800300 <__bss_end+0x1f6>
 1d0:	10 92 01 03 	sts	0x0301, r1	; 0x800301 <__bss_end+0x1f7>
 1d4:	10 92 02 03 	sts	0x0302, r1	; 0x800302 <__bss_end+0x1f8>
 1d8:	10 92 03 03 	sts	0x0303, r1	; 0x800303 <__bss_end+0x1f9>
 1dc:	10 92 04 03 	sts	0x0304, r1	; 0x800304 <__bss_end+0x1fa>
 1e0:	10 92 05 03 	sts	0x0305, r1	; 0x800305 <__bss_end+0x1fb>
 1e4:	10 92 06 03 	sts	0x0306, r1	; 0x800306 <__bss_end+0x1fc>
 1e8:	10 92 07 03 	sts	0x0307, r1	; 0x800307 <__bss_end+0x1fd>
 1ec:	87 ea       	ldi	r24, 0xA7	; 167
 1ee:	80 93 00 03 	sts	0x0300, r24	; 0x800300 <__bss_end+0x1f6>
 1f2:	8c e5       	ldi	r24, 0x5C	; 92
 1f4:	80 93 04 03 	sts	0x0304, r24	; 0x800304 <__bss_end+0x1fa>
 1f8:	18 e1       	ldi	r17, 0x18	; 24
 1fa:	00 e4       	ldi	r16, 0x40	; 64
 1fc:	c0 e0       	ldi	r28, 0x00	; 0
 1fe:	d0 e0       	ldi	r29, 0x00	; 0
 200:	f8 94       	cli
 202:	a8 95       	wdr
 204:	10 93 60 00 	sts	0x0060, r17	; 0x800060 <__DATA_REGION_ORIGIN__>
 208:	00 93 60 00 	sts	0x0060, r16	; 0x800060 <__DATA_REGION_ORIGIN__>
 20c:	78 94       	sei
 20e:	83 b7       	in	r24, 0x33	; 51
 210:	81 7f       	andi	r24, 0xF1	; 241
 212:	84 60       	ori	r24, 0x04	; 4
 214:	83 bf       	out	0x33, r24	; 51
 216:	83 b7       	in	r24, 0x33	; 51
 218:	81 60       	ori	r24, 0x01	; 1
 21a:	83 bf       	out	0x33, r24	; 51
 21c:	88 95       	sleep
 21e:	83 b7       	in	r24, 0x33	; 51
 220:	8e 7f       	andi	r24, 0xFE	; 254
 222:	83 bf       	out	0x33, r24	; 51
 224:	80 91 00 01 	lds	r24, 0x0100	; 0x800100 <wakeups>
 228:	80 93 01 03 	sts	0x0301, r24	; 0x800301 <__bss_end+0x1f7>
 22c:	20 97       	sbiw	r28, 0x00	; 0
 22e:	41 f3       	breq	.-48     	; 0x200 <main+0xba>
 230:	0e 94 00 00 	call	0	; 0x0 <__vectors>
 234:	e5 cf       	rjmp	.-54     	; 0x200 <main+0xba>

00000236 <_exit>:
 236:	f8 94       	cli

00000238 <__stop_program>:
 238:	ff cf       	rjmp	.-2      	; 0x238 <__stop_program>
