
examples\arduino-digital-read\build\arduino-digital-read.ino.elf:     file format elf32-avr


Disassembly of section .text:

00000000 <__vectors>:
   0:	0c 94 61 00 	jmp	0xc2	; 0xc2 <__ctors_end>
   4:	0c 94 73 00 	jmp	0xe6	; 0xe6 <__bad_interrupt>
   8:	0c 94 73 00 	jmp	0xe6	; 0xe6 <__bad_interrupt>
   c:	0c 94 73 00 	jmp	0xe6	; 0xe6 <__bad_interrupt>
  10:	0c 94 73 00 	jmp	0xe6	; 0xe6 <__bad_interrupt>
  14:	0c 94 73 00 	jmp	0xe6	; 0xe6 <__bad_interrupt>
  18:	0c 94 73 00 	jmp	0xe6	; 0xe6 <__bad_interrupt>
  1c:	0c 94 73 00 	jmp	0xe6	; 0xe6 <__bad_interrupt>
  20:	0c 94 73 00 	jmp	0xe6	; 0xe6 <__bad_interrupt>
  24:	0c 94 73 00 	jmp	0xe6	; 0xe6 <__bad_interrupt>
  28:	0c 94 73 00 	jmp	0xe6	; 0xe6 <__bad_interrupt>
  2c:	0c 94 73 00 	jmp	0xe6	; 0xe6 <__bad_interrupt>
  30:	0c 94 73 00 	jmp	0xe6	; 0xe6 <__bad_interrupt>
  34:	0c 94 73 00 	jmp	0xe6	; 0xe6 <__bad_interrupt>
  38:	0c 94 73 00 	jmp	0xe6	; 0xe6 <__bad_interrupt>
  3c:	0c 94 73 00 	jmp	0xe6	; 0xe6 <__bad_interrupt>
  40:	0c 94 9e 00 	jmp	0x13c	; 0x13c <__vector_16>
  44:	0c 94 73 00 	jmp	0xe6	; 0xe6 <__bad_interrupt>
  48:	0c 94 73 00 	jmp	0xe6	; 0xe6 <__bad_interrupt>
  4c:	0c 94 73 00 	jmp	0xe6	; 0xe6 <__bad_interrupt>
  50:	0c 94 73 00 	jmp	0xe6	; 0xe6 <__bad_interrupt>
  54:	0c 94 73 00 	jmp	0xe6	; 0xe6 <__bad_interrupt>
  58:	0c 94 73 00 	jmp	0xe6	; 0xe6 <__bad_interrupt>
  5c:	0c 94 73 00 	jmp	0xe6	; 0xe6 <__bad_interrupt>
  60:	0c 94 73 00 	jmp	0xe6	; 0xe6 <__bad_interrupt>
  64:	0c 94 73 00 	jmp	0xe6	; 0xe6 <__bad_interrupt>

00000068 <port_to_mode_PGM>:
  68:	00 00 00 00 24 00 27 00 2a 00                       ....$.'.*.

00000072 <port_to_input_PGM>:
  72:	00 00 00 00 23 00 26 00 29 00                       ....#.&.).

0000007c <port_to_output_PGM>:
  7c:	00 00 00 00 25 00 28 00 2b 00                       ....%.(.+.

00000086 <digital_pin_to_port_PGM>:
  86:	04 04 04 04 04 04 04 04 02 02 02 02 02 02 03 03     ................
  96:	03 03 03 03                                         ....

0000009a <digital_pin_to_bit_mask_PGM>:
  9a:	01 02 04 08 10 20 40 80 01 02 04 08 10 20 01 02     ..... @...... ..
  aa:	04 08 10 20                                         ... 

000000ae <digital_pin_to_timer_PGM>:
  ae:	00 00 00 08 00 02 01 00 00 03 04 07 00 00 00 00     ................
  be:	00 00 00 00                                         ....

000000c2 <__ctors_end>:
  c2:	11 24       	eor	r1, r1
  c4:	1f be       	out	0x3f, r1	; 63
  c6:	cf ef       	ldi	r28, 0xFF	; 255
  c8:	d8 e0       	ldi	r29, 0x08	; 8
  ca:	de bf       	out	0x3e, r29	; 62
  cc:	cd bf       	out	0x3d, r28	; 61

000000ce <__do_clear_bss>:
  ce:	21 e0       	ldi	r18, 0x01	; 1
  d0:	a0 e0       	ldi	r26, 0x00	; 0
  d2:	b1 e0       	ldi	r27, 0x01	; 1
  d4:	01 c0       	rjmp	.+2      	; 0xd8 <.do_clear_bss_start>

000000d6 <.do_clear_bss_loop>:
  d6:	1d 92       	st	X+, r1

000000d8 <.do_clear_bss_start>:
  d8:	a9 30       	cpi	r26, 0x09	; 9
  da:	b2 07       	cpc	r27, r18
  dc:	e1 f7       	brne	.-8      	; 0xd6 <.do_clear_bss_loop>
  de:	0e 94 e8 00 	call	0x1d0	; 0x1d0 <main>
  e2:	0c 94 bb 01 	jmp	0x376	; 0x376 <_exit>

000000e6 <__bad_interrupt>:
  e6:	0c 94 00 00 	jmp	0	; 0x0 <__vectors>

000000ea <turnOffPWM>:
  ea:	83 30       	cpi	r24, 0x03	; 3
  ec:	81 f0       	breq	.+32     	; 0x10e <turnOffPWM+0x24>
  ee:	28 f4       	brcc	.+10     	; 0xfa <turnOffPWM+0x10>
  f0:	81 30       	cpi	r24, 0x01	; 1
  f2:	99 f0       	breq	.+38     	; 0x11a <turnOffPWM+0x30>
  f4:	82 30       	cpi	r24, 0x02	; 2
  f6:	a9 f0       	breq	.+42     	; 0x122 <turnOffPWM+0x38>
  f8:	08 95       	ret
  fa:	87 30       	cpi	r24, 0x07	; 7
  fc:	a9 f0       	breq	.+42     	; 0x128 <turnOffPWM+0x3e>
  fe:	88 30       	cpi	r24, 0x08	; 8
 100:	c9 f0       	breq	.+50     	; 0x134 <turnOffPWM+0x4a>
 102:	84 30       	cpi	r24, 0x04	; 4
 104:	b1 f4       	brne	.+44     	; 0x132 <turnOffPWM+0x48>
 106:	80 91 80 00 	lds	r24, 0x0080	; 0x800080 <__DATA_REGION_ORIGIN__+0x20>
 10a:	8f 7d       	andi	r24, 0xDF	; 223
 10c:	03 c0       	rjmp	.+6      	; 0x114 <turnOffPWM+0x2a>
 10e:	80 91 80 00 	lds	r24, 0x0080	; 0x800080 <__DATA_REGION_ORIGIN__+0x20>
 112:	8f 77       	andi	r24, 0x7F	; 127
 114:	80 93 80 00 	sts	0x0080, r24	; 0x800080 <__DATA_REGION_ORIGIN__+0x20>
 118:	08 95       	ret
 11a:	84 b5       	in	r24, 0x24	; 36
 11c:	8f 77       	andi	r24, 0x7F	; 127
 11e:	84 bd       	out	0x24, r24	; 36
 120:	08 95       	ret
 122:	84 b5       	in	r24, 0x24	; 36
 124:	8f 7d       	andi	r24, 0xDF	; 223
 126:	fb cf       	rjmp	.-10     	; 0x11e <turnOffPWM+0x34>
 128:	80 91 b0 00 	lds	r24, 0x00B0	; 0x8000b0 <__DATA_REGION_ORIGIN__+0x50>
 12c:	8f 77       	andi	r24, 0x7F	; 127
 12e:	80 93 b0 00 	sts	0x00B0, r24	; 0x8000b0 <__DATA_REGION_ORIGIN__+0x50>
 132:	08 95       	ret
 134:	80 91 b0 00 	lds	r24, 0x00B0	; 0x8000b0 <__DATA_REGION_ORIGIN__+0x50>
 138:	8f 7d       	andi	r24, 0xDF	; 223
 13a:	f9 cf       	rjmp	.-14     	; 0x12e <turnOffPWM+0x44>

0000013c <__vector_16>:
 13c:	1f 92       	push	r1
 13e:	0f 92       	push	r0
 140:	0f b6       	in	r0, 0x3f	; 63
 142:	0f 92       	push	r0
 144:	11 24       	eor	r1, r1
 146:	2f 93       	push	r18
 148:	3f 93       	push	r19
 14a:	8f 93       	push	r24
 14c:	9f 93       	push	r25
 14e:	af 93       	push	r26
 150:	bf 93       	push	r27
 152:	80 91 05 01 	lds	r24, 0x0105	; 0x800105 <timer0_millis>
 156:	90 91 06 01 	lds	r25, 0x0106	; 0x800106 <timer0_millis+0x1>
 15a:	a0 91 07 01 	lds	r26, 0x0107	; 0x800107 <timer0_millis+0x2>
 15e:	b0 91 08 01 	lds	r27, 0x0108	; 0x800108 <timer0_millis+0x3>
 162:	30 91 04 01 	lds	r19, 0x0104	; 0x800104 <timer0_fract>
 166:	23 e0       	ldi	r18, 0x03	; 3
 168:	23 0f       	add	r18, r19
 16a:	2d 37       	cpi	r18, 0x7D	; 125
 16c:	58 f5       	brcc	.+86     	; 0x1c4 <__vector_16+0x88>
 16e:	01 96       	adiw	r24, 0x01	; 1
 170:	a1 1d       	adc	r26, r1
 172:	b1 1d       	adc	r27, r1
 174:	20 93 04 01 	sts	0x0104, r18	; 0x800104 <timer0_fract>
 178:	80 93 05 01 	sts	0x0105, r24	; 0x800105 <timer0_millis>
 17c:	90 93 06 01 	sts	0x0106, r25	; 0x800106 <timer0_millis+0x1>
 180:	a0 93 07 01 	sts	0x0107, r26	; 0x800107 <timer0_millis+0x2>
 184:	b0 93 08 01 	sts	0x0108, r27	; 0x800108 <timer0_millis+0x3>
 188:	80 91 00 01 	lds	r24, 0x0100	; 0x800100 <timer0_overflow_count>
 18c:	90 91 01 01 	lds	r25, 0x0101	; 0x800101 <timer0_overflow_count+0x1>
 190:	a0 91 02 01 	lds	r26, 0x0102	; 0x800102 <timer0_overflow_count+0x2>
 194:	b0 91 03 01 	lds	r27, 0x0103	; 0x800103 <timer0_overflow_count+0x3>
 198:	01 96       	adiw	r24, 0x01	; 1
 19a:	a1 1d       	adc	r26, r1
 19c:	b1 1d       	adc	r27, r1
 19e:	80 93 00 01 	sts	0x0100, r24	; 0x800100 <timer0_overflow_count>
 1a2:	90 93 01 01 	sts	0x0101, r25	; 0x800101 <timer0_overflow_count+0x1>
 1a6:	a0 93 02 01 	sts	0x0102, r26	; 0x800102 <timer0_overflow_count+0x2>
 1aa:	b0 93 03 01 	sts	0x0103, r27	; 0x800103 <timer0_overflow_count+0x3>
 1ae:	bf 91       	pop	r27
 1b0:	af 91       	pop	r26
 1b2:	9f 91       	pop	r25
 1b4:	8f 91       	pop	r24
 1b6:	3f 91       	pop	r19
 1b8:	2f 91       	pop	r18
 1ba:	0f 90       	pop	r0
 1bc:	0f be       	out	0x3f, r0	; 63
 1be:	0f 90       	pop	r0
 1c0:	1f 90       	pop	r1
 1c2:	18 95       	reti
 1c4:	26 e8       	ldi	r18, 0x86	; 134
 1c6:	23 0f       	add	r18, r19
 1c8:	02 96       	adiw	r24, 0x02	; 2
 1ca:	a1 1d       	adc	r26, r1
 1cc:	b1 1d       	adc	r27, r1
 1ce:	d2 cf       	rjmp	.-92     	; 0x174 <__vector_16+0x38>

000001d0 <main>:
 1d0:	78 94       	sei
 1d2:	84 b5       	in	r24, 0x24	; 36
 1d4:	82 60       	ori	r24, 0x02	; 2
 1d6:	84 bd       	out	0x24, r24	; 36
 1d8:	84 b5       	in	r24, 0x24	; 36
 1da:	81 60       	ori	r24, 0x01	; 1
 1dc:	84 bd       	out	0x24, r24	; 36
 1de:	85 b5       	in	r24, 0x25	; 37
 1e0:	82 60       	ori	r24, 0x02	; 2
 1e2:	85 bd       	out	0x25, r24	; 37
 1e4:	85 b5       	in	r24, 0x25	; 37
 1e6:	81 60       	ori	r24, 0x01	; 1
 1e8:	85 bd       	out	0x25, r24	; 37
 1ea:	80 91 6e 00 	lds	r24, 0x006E	; 0x80006e <__DATA_REGION_ORIGIN__+0xe>
 1ee:	81 60       	ori	r24, 0x01	; 1
 1f0:	80 93 6e 00 	sts	0x006E, r24	; 0x80006e <__DATA_REGION_ORIGIN__+0xe>
 1f4:	10 92 81 00 	sts	0x0081, r1	; 0x800081 <__DATA_REGION_ORIGIN__+0x21>
 1f8:	80 91 81 00 	lds	r24, 0x0081	; 0x800081 <__DATA_REGION_ORIGIN__+0x21>
 1fc:	82 60       	ori	r24, 0x02	; 2
 1fe:	80 93 81 00 	sts	0x0081, r24	; 0x800081 <__DATA_REGION_ORIGIN__+0x21>
 202:	80 91 81 00 	lds	r24, 0x0081	; 0x800081 <__DATA_REGION_ORIGIN__+0x21>
 206:	81 60       	ori	r24, 0x01	; 1
 208:	80 93 81 00 	sts	0x0081, r24	; 0x800081 <__DATA_REGION_ORIGIN__+0x21>
 20c:	80 91 80 00 	lds	r24, 0x0080	; 0x800080 <__DATA_REGION_ORIGIN__+0x20>
 210:	81 60       	ori	r24, 0x01	; 1
 212:	80 93 80 00 	sts	0x0080, r24	; 0x800080 <__DATA_REGION_ORIGIN__+0x20>
 216:	80 91 b1 00 	lds	r24, 0x00B1	; 0x8000b1 <__DATA_REGION_ORIGIN__+0x51>
 21a:	84 60       	ori	r24, 0x04	; 4
 21c:	80 93 b1 00 	sts	0x00B1, r24	; 0x8000b1 <__DATA_REGION_ORIGIN__+0x51>
 220:	80 91 b0 00 	lds	r24, 0x00B0	; 0x8000b0 <__DATA_REGION_ORIGIN__+0x50>
 224:	81 60       	ori	r24, 0x01	; 1
 226:	80 93 b0 00 	sts	0x00B0, r24	; 0x8000b0 <__DATA_REGION_ORIGIN__+0x50>
 22a:	80 91 7a 00 	lds	r24, 0x007A	; 0x80007a <__DATA_REGION_ORIGIN__+0x1a>
 22e:	84 60       	ori	r24, 0x04	; 4
 230:	80 93 7a 00 	sts	0x007A, r24	; 0x80007a <__DATA_REGION_ORIGIN__+0x1a>
 234:	80 91 7a 00 	lds	r24, 0x007A	; 0x80007a <__DATA_REGION_ORIGIN__+0x1a>
 238:	82 60       	ori	r24, 0x02	; 2
 23a:	80 93 7a 00 	sts	0x007A, r24	; 0x80007a <__DATA_REGION_ORIGIN__+0x1a>
 23e:	80 91 7a 00 	lds	r24, 0x007A	; 0x80007a <__DATA_REGION_ORIGIN__+0x1a>
 242:	81 60       	ori	r24, 0x01	; 1
 244:	80 93 7a 00 	sts	0x007A, r24	; 0x80007a <__DATA_REGION_ORIGIN__+0x1a>
 248:	80 91 7a 00 	lds	r24, 0x007A	; 0x80007a <__DATA_REGION_ORIGIN__+0x1a>
 24c:	80 68       	ori	r24, 0x80	; 128
 24e:	80 93 7a 00 	sts	0x007A, r24	; 0x80007a <__DATA_REGION_ORIGIN__+0x1a>
 252:	10 92 c1 00 	sts	0x00C1, r1	; 0x8000c1 <__DATA_REGION_ORIGIN__+0x61>
 256:	7c e9       	ldi	r23, 0x9C	; 156
 258:	e7 2e       	mov	r14, r23
 25a:	70 e0       	ldi	r23, 0x00	; 0
 25c:	f7 2e       	mov	r15, r23
 25e:	f7 01       	movw	r30, r14
 260:	24 91       	lpm	r18, Z
 262:	e8 e8       	ldi	r30, 0x88	; 136
 264:	ce 2e       	mov	r12, r30
 266:	e0 e0       	ldi	r30, 0x00	; 0
 268:	de 2e       	mov	r13, r30
 26a:	f6 01       	movw	r30, r12
 26c:	84 91       	lpm	r24, Z
 26e:	88 23       	and	r24, r24
 270:	c1 f0       	breq	.+48     	; 0x2a2 <main+0xd2>
 272:	90 e0       	ldi	r25, 0x00	; 0
 274:	88 0f       	add	r24, r24
 276:	99 1f       	adc	r25, r25
 278:	fc 01       	movw	r30, r24
 27a:	e8 59       	subi	r30, 0x98	; 152
 27c:	ff 4f       	sbci	r31, 0xFF	; 255
 27e:	a5 91       	lpm	r26, Z+
 280:	b4 91       	lpm	r27, Z
 282:	fc 01       	movw	r30, r24
 284:	e4 58       	subi	r30, 0x84	; 132
 286:	ff 4f       	sbci	r31, 0xFF	; 255
 288:	c5 91       	lpm	r28, Z+
 28a:	d4 91       	lpm	r29, Z
 28c:	3f b7       	in	r19, 0x3f	; 63
 28e:	f8 94       	cli
 290:	9c 91       	ld	r25, X
 292:	82 2f       	mov	r24, r18
 294:	80 95       	com	r24
 296:	98 23       	and	r25, r24
 298:	9c 93       	st	X, r25
 29a:	98 81       	ld	r25, Y
 29c:	89 23       	and	r24, r25
 29e:	88 83       	st	Y, r24
 2a0:	3f bf       	out	0x3f, r19	; 63
 2a2:	c7 ea       	ldi	r28, 0xA7	; 167
 2a4:	d0 e0       	ldi	r29, 0x00	; 0
 2a6:	fe 01       	movw	r30, r28
 2a8:	24 91       	lpm	r18, Z
 2aa:	03 e9       	ldi	r16, 0x93	; 147
 2ac:	10 e0       	ldi	r17, 0x00	; 0
 2ae:	f8 01       	movw	r30, r16
 2b0:	84 91       	lpm	r24, Z
 2b2:	88 23       	and	r24, r24
 2b4:	99 f0       	breq	.+38     	; 0x2dc <main+0x10c>
 2b6:	90 e0       	ldi	r25, 0x00	; 0
 2b8:	88 0f       	add	r24, r24
 2ba:	99 1f       	adc	r25, r25
 2bc:	fc 01       	movw	r30, r24
 2be:	e8 59       	subi	r30, 0x98	; 152
 2c0:	ff 4f       	sbci	r31, 0xFF	; 255
 2c2:	a5 91       	lpm	r26, Z+
 2c4:	b4 91       	lpm	r27, Z
 2c6:	fc 01       	movw	r30, r24
 2c8:	e4 58       	subi	r30, 0x84	; 132
 2ca:	ff 4f       	sbci	r31, 0xFF	; 255
 2cc:	85 91       	lpm	r24, Z+
 2ce:	94 91       	lpm	r25, Z
 2d0:	8f b7       	in	r24, 0x3f	; 63
 2d2:	f8 94       	cli
 2d4:	9c 91       	ld	r25, X
 2d6:	29 2b       	or	r18, r25
 2d8:	2c 93       	st	X, r18
 2da:	8f bf       	out	0x3f, r24	; 63
 2dc:	20 eb       	ldi	r18, 0xB0	; 176
 2de:	62 2e       	mov	r6, r18
 2e0:	20 e0       	ldi	r18, 0x00	; 0
 2e2:	72 2e       	mov	r7, r18
 2e4:	3b eb       	ldi	r19, 0xBB	; 187
 2e6:	a3 2e       	mov	r10, r19
 2e8:	30 e0       	ldi	r19, 0x00	; 0
 2ea:	b3 2e       	mov	r11, r19
 2ec:	40 e0       	ldi	r20, 0x00	; 0
 2ee:	84 2e       	mov	r8, r20
 2f0:	40 e0       	ldi	r20, 0x00	; 0
 2f2:	94 2e       	mov	r9, r20
 2f4:	f3 01       	movw	r30, r6
 2f6:	84 91       	lpm	r24, Z
 2f8:	f7 01       	movw	r30, r14
 2fa:	54 90       	lpm	r5, Z
 2fc:	f6 01       	movw	r30, r12
 2fe:	44 90       	lpm	r4, Z
 300:	44 20       	and	r4, r4
 302:	09 f4       	brne	.+2      	; 0x306 <main+0x136>
 304:	34 c0       	rjmp	.+104    	; 0x36e <main+0x19e>
 306:	81 11       	cpse	r24, r1
 308:	0e 94 75 00 	call	0xea	; 0xea <turnOffPWM>
 30c:	e4 2d       	mov	r30, r4
 30e:	f0 e0       	ldi	r31, 0x00	; 0
 310:	ee 0f       	add	r30, r30
 312:	ff 1f       	adc	r31, r31
 314:	ee 58       	subi	r30, 0x8E	; 142
 316:	ff 4f       	sbci	r31, 0xFF	; 255
 318:	a5 91       	lpm	r26, Z+
 31a:	b4 91       	lpm	r27, Z
 31c:	8c 91       	ld	r24, X
 31e:	58 22       	and	r5, r24
 320:	81 e0       	ldi	r24, 0x01	; 1
 322:	09 f4       	brne	.+2      	; 0x326 <main+0x156>
 324:	80 e0       	ldi	r24, 0x00	; 0
 326:	48 2e       	mov	r4, r24
 328:	f5 01       	movw	r30, r10
 32a:	84 91       	lpm	r24, Z
 32c:	fe 01       	movw	r30, r28
 32e:	54 90       	lpm	r5, Z
 330:	f8 01       	movw	r30, r16
 332:	34 90       	lpm	r3, Z
 334:	33 20       	and	r3, r3
 336:	a1 f0       	breq	.+40     	; 0x360 <main+0x190>
 338:	81 11       	cpse	r24, r1
 33a:	0e 94 75 00 	call	0xea	; 0xea <turnOffPWM>
 33e:	e3 2d       	mov	r30, r3
 340:	f0 e0       	ldi	r31, 0x00	; 0
 342:	ee 0f       	add	r30, r30
 344:	ff 1f       	adc	r31, r31
 346:	e4 58       	subi	r30, 0x84	; 132
 348:	ff 4f       	sbci	r31, 0xFF	; 255
 34a:	a5 91       	lpm	r26, Z+
 34c:	b4 91       	lpm	r27, Z
 34e:	8f b7       	in	r24, 0x3f	; 63
 350:	f8 94       	cli
 352:	9c 91       	ld	r25, X
 354:	41 10       	cpse	r4, r1
 356:	0d c0       	rjmp	.+26     	; 0x372 <main+0x1a2>
 358:	50 94       	com	r5
 35a:	59 22       	and	r5, r25
 35c:	5c 92       	st	X, r5
 35e:	8f bf       	out	0x3f, r24	; 63
 360:	81 14       	cp	r8, r1
 362:	91 04       	cpc	r9, r1
 364:	09 f4       	brne	.+2      	; 0x368 <main+0x198>
 366:	c6 cf       	rjmp	.-116    	; 0x2f4 <main+0x124>
 368:	0e 94 00 00 	call	0	; 0x0 <__vectors>
 36c:	c3 cf       	rjmp	.-122    	; 0x2f4 <main+0x124>
 36e:	41 2c       	mov	r4, r1
 370:	db cf       	rjmp	.-74     	; 0x328 <main+0x158>
 372:	59 2a       	or	r5, r25
 374:	f3 cf       	rjmp	.-26     	; 0x35c <main+0x18c>

00000376 <_exit>:
 376:	f8 94       	cli

00000378 <__stop_program>:
 378:	ff cf       	rjmp	.-2      	; 0x378 <__stop_program>
