
examples\attachInterrupt-blink\attachInterrupt-blink.elf:     file format elf32-avr


Disassembly of section .text:

00000000 <__vectors>:
   0:	0c 94 34 00 	jmp	0x68	; 0x68 <__ctors_end>
   4:	0c 94 48 00 	jmp	0x90	; 0x90 <__vector_1>
   8:	0c 94 46 00 	jmp	0x8c	; 0x8c <__bad_interrupt>
   c:	0c 94 46 00 	jmp	0x8c	; 0x8c <__bad_interrupt>
  10:	0c 94 46 00 	jmp	0x8c	; 0x8c <__bad_interrupt>
  14:	0c 94 46 00 	jmp	0x8c	; 0x8c <__bad_interrupt>
  18:	0c 94 46 00 	jmp	0x8c	; 0x8c <__bad_interrupt>
  1c:	0c 94 46 00 	jmp	0x8c	; 0x8c <__bad_interrupt>
  20:	0c 94 46 00 	jmp	0x8c	; 0x8c <__bad_interrupt>
  24:	0c 94 46 00 	jmp	0x8c	; 0x8c <__bad_interrupt>
  28:	0c 94 46 00 	jmp	0x8c	; 0x8c <__bad_interrupt>
  2c:	0c 94 46 00 	jmp	0x8c	; 0x8c <__bad_interrupt>
  30:	0c 94 46 00 	jmp	0x8c	; 0x8c <__bad_interrupt>
  34:	0c 94 46 00 	jmp	0x8c	; 0x8c <__bad_interrupt>
  38:	0c 94 46 00 	jmp	0x8c	; 0x8c <__bad_interrupt>
  3c:	0c 94 46 00 	jmp	0x8c	; 0x8c <__bad_interrupt>
  40:	0c 94 46 00 	jmp	0x8c	; 0x8c <__bad_interrupt>
  44:	0c 94 46 00 	jmp	0x8c	; 0x8c <__bad_interrupt>
  48:	0c 94 46 00 	jmp	0x8c	; 0x8c <__bad_interrupt>
  4c:	0c 94 46 00 	jmp	0x8c	; 0x8c <__bad_interrupt>
  50:	0c 94 46 00 	jmp	0x8c	; 0x8c <__bad_interrupt>
  54:	0c 94 46 00 	jmp	0x8c	; 0x8c <__bad_interrupt>
  58:	0c 94 46 00 	jmp	0x8c	; 0x8c <__bad_interrupt>
  5c:	0c 94 46 00 	jmp	0x8c	; 0x8c <__bad_interrupt>
  60:	0c 94 46 00 	jmp	0x8c	; 0x8c <__bad_interrupt>
  64:	0c 94 46 00 	jmp	0x8c	; 0x8c <__bad_interrupt>

00000068 <__ctors_end>:
  68:	11 24       	eor	r1, r1
  6a:	1f be       	out	0x3f, r1	; 63
  6c:	cf ef       	ldi	r28, 0xFF	; 255
  6e:	d8 e0       	ldi	r29, 0x08	; 8
  70:	de bf       	out	0x3e, r29	; 62
  72:	cd bf       	out	0x3d, r28	; 61

00000074 <__do_clear_bss>:
  74:	21 e0       	ldi	r18, 0x01	; 1

00000076 <.Loc.1>:
  76:	a0 e0       	ldi	r26, 0x00	; 0

00000078 <.Loc.2>:
  78:	b1 e0       	ldi	r27, 0x01	; 1

0000007a <.Loc.3>:
  7a:	01 c0       	rjmp	.+2      	; 0x7e <.Loc.5>

0000007c <.Loc.4>:
  7c:	1d 92       	st	X+, r1

0000007e <.Loc.5>:
  7e:	a1 30       	cpi	r26, 0x01	; 1

00000080 <.Loc.6>:
  80:	b2 07       	cpc	r27, r18

00000082 <.Loc.7>:
  82:	e1 f7       	brne	.-8      	; 0x7c <.Loc.4>

00000084 <L0^A>:
  84:	0e 94 5b 00 	call	0xb6	; 0xb6 <main>
  88:	0c 94 64 00 	jmp	0xc8	; 0xc8 <_exit>

0000008c <__bad_interrupt>:
  8c:	0c 94 00 00 	jmp	0	; 0x0 <__vectors>

00000090 <__vector_1>:
  90:	8f 93       	push	r24
  92:	8f b7       	in	r24, 0x3f	; 63
  94:	8f 93       	push	r24
  96:	80 91 00 01 	lds	r24, 0x0100	; 0x800100 <hits>
  9a:	8f 5f       	subi	r24, 0xFF	; 255
  9c:	80 93 00 01 	sts	0x0100, r24	; 0x800100 <hits>
  a0:	80 91 00 01 	lds	r24, 0x0100	; 0x800100 <hits>
  a4:	80 ff       	sbrs	r24, 0
  a6:	05 c0       	rjmp	.+10     	; 0xb2 <.L2>
  a8:	2d 9a       	sbi	0x05, 5	; 5

000000aa <.L1>:
  aa:	8f 91       	pop	r24
  ac:	8f bf       	out	0x3f, r24	; 63
  ae:	8f 91       	pop	r24
  b0:	18 95       	reti

000000b2 <.L2>:
  b2:	2d 98       	cbi	0x05, 5	; 5
  b4:	fa cf       	rjmp	.-12     	; 0xaa <.L1>

000000b6 <main>:
  b6:	25 9a       	sbi	0x04, 5	; 4
  b8:	52 98       	cbi	0x0a, 2	; 10
  ba:	83 e0       	ldi	r24, 0x03	; 3
  bc:	80 93 69 00 	sts	0x0069, r24	; 0x800069 <__TEXT_REGION_LENGTH__+0x7f8069>
  c0:	81 e0       	ldi	r24, 0x01	; 1
  c2:	8d bb       	out	0x1d, r24	; 29
  c4:	78 94       	sei

000000c6 <.L5>:
  c6:	ff cf       	rjmp	.-2      	; 0xc6 <.L5>

000000c8 <_exit>:
  c8:	f8 94       	cli

000000ca <__stop_program>:
  ca:	ff cf       	rjmp	.-2      	; 0xca <__stop_program>
