
examples/arduino-peripheral-mix/build/arduino-peripheral-mix.ino.elf:     file format elf32-avr


Disassembly of section .text:

00000000 <__vectors>:
   0:	0c 94 61 00 	jmp	0xc2	; 0xc2 <__ctors_end>
   4:	0c 94 73 00 	jmp	0xe6	; 0xe6 <__bad_interrupt>
   8:	0c 94 73 00 	jmp	0xe6	; 0xe6 <__bad_interrupt>
   c:	0c 94 73 00 	jmp	0xe6	; 0xe6 <__bad_interrupt>
  10:	0c 94 73 00 	jmp	0xe6	; 0xe6 <__bad_interrupt>
  14:	0c 94 73 00 	jmp	0xe6	; 0xe6 <__bad_interrupt>
  18:	0c 94 73 00 	jmp	0xe6	; 0xe6 <__bad_interrupt>
  1c:	0c 94 73 00 	jmp	0xe6	; 0xe6 <__bad_interrupt>
  20:	0c 94 73 00 	jmp	0xe6	; 0xe6 <__bad_interrupt>
  24:	0c 94 73 00 	jmp	0xe6	; 0xe6 <__bad_interrupt>
  28:	0c 94 73 00 	jmp	0xe6	; 0xe6 <__bad_interrupt>
  2c:	0c 94 d7 01 	jmp	0x3ae	; 0x3ae <__vector_11>
  30:	0c 94 73 00 	jmp	0xe6	; 0xe6 <__bad_interrupt>
  34:	0c 94 73 00 	jmp	0xe6	; 0xe6 <__bad_interrupt>
  38:	0c 94 73 00 	jmp	0xe6	; 0xe6 <__bad_interrupt>
  3c:	0c 94 73 00 	jmp	0xe6	; 0xe6 <__bad_interrupt>
  40:	0c 94 8d 01 	jmp	0x31a	; 0x31a <__vector_16>
  44:	0c 94 73 00 	jmp	0xe6	; 0xe6 <__bad_interrupt>
  48:	0c 94 73 00 	jmp	0xe6	; 0xe6 <__bad_interrupt>
  4c:	0c 94 73 00 	jmp	0xe6	; 0xe6 <__bad_interrupt>
  50:	0c 94 73 00 	jmp	0xe6	; 0xe6 <__bad_interrupt>
  54:	0c 94 73 00 	jmp	0xe6	; 0xe6 <__bad_interrupt>
  58:	0c 94 73 00 	jmp	0xe6	; 0xe6 <__bad_interrupt>
  5c:	0c 94 73 00 	jmp	0xe6	; 0xe6 <__bad_interrupt>
  60:	0c 94 73 00 	jmp	0xe6	; 0xe6 <__bad_interrupt>
  64:	0c 94 73 00 	jmp	0xe6	; 0xe6 <__bad_interrupt>

00000068 <__trampolines_end>:
  68:	00 00       	nop
  6a:	00 00       	nop
  6c:	24 00       	.word	0x0024	; ????
  6e:	27 00       	.word	0x0027	; ????
  70:	2a 00       	.word	0x002a	; ????

00000072 <port_to_output_PGM>:
  72:	00 00 00 00 25 00 28 00 2b 00                       ....%.(.+.

0000007c <port_to_input_PGM>:
  7c:	00 00 00 00 23 00 26 00 29 00                       ....#.&.).

00000086 <digital_pin_to_port_PGM>:
  86:	04 04 04 04 04 04 04 04 02 02 02 02 02 02 03 03     ................
  96:	03 03 03 03                                         ....

0000009a <digital_pin_to_bit_mask_PGM>:
  9a:	01 02 04 08 10 20 40 80 01 02 04 08 10 20 01 02     ..... @...... ..
  aa:	04 08 10 20                                         ...

000000ae <digital_pin_to_timer_PGM>:
  ae:	00 00 00 08 00 02 01 00 00 03 04 07 00 00 00 00     ................
  be:	00 00 00 00                                         ....

000000c2 <__ctors_end>:
  c2:	11 24       	eor	r1, r1
  c4:	1f be       	out	0x3f, r1	; 63
  c6:	cf ef       	ldi	r28, 0xFF	; 255
  c8:	d8 e0       	ldi	r29, 0x08	; 8
  ca:	de bf       	out	0x3e, r29	; 62
  cc:	cd bf       	out	0x3d, r28	; 61

000000ce <__do_clear_bss>:
  ce:	21 e0       	ldi	r18, 0x01	; 1
  d0:	a0 e0       	ldi	r26, 0x00	; 0
  d2:	b1 e0       	ldi	r27, 0x01	; 1
  d4:	01 c0       	rjmp	.+2      	; 0xd8 <.do_clear_bss_start>

000000d6 <.do_clear_bss_loop>:
  d6:	1d 92       	st	X+, r1

000000d8 <.do_clear_bss_start>:
  d8:	a1 31       	cpi	r26, 0x11	; 17
  da:	b2 07       	cpc	r27, r18
  dc:	e1 f7       	brne	.-8      	; 0xd6 <.do_clear_bss_loop>
  de:	0e 94 ee 01 	call	0x3dc	; 0x3dc <main>
  e2:	0c 94 8b 03 	jmp	0x716	; 0x716 <_exit>

000000e6 <__bad_interrupt>:
  e6:	0c 94 00 00 	jmp	0	; 0x0 <__vectors>

000000ea <turnOffPWM>:
  ea:	83 30       	cpi	r24, 0x03	; 3
  ec:	81 f0       	breq	.+32     	; 0x10e <turnOffPWM+0x24>
  ee:	28 f4       	brcc	.+10     	; 0xfa <turnOffPWM+0x10>
  f0:	81 30       	cpi	r24, 0x01	; 1
  f2:	99 f0       	breq	.+38     	; 0x11a <turnOffPWM+0x30>
  f4:	82 30       	cpi	r24, 0x02	; 2
  f6:	a9 f0       	breq	.+42     	; 0x122 <turnOffPWM+0x38>
  f8:	08 95       	ret
  fa:	87 30       	cpi	r24, 0x07	; 7
  fc:	a9 f0       	breq	.+42     	; 0x128 <turnOffPWM+0x3e>
  fe:	88 30       	cpi	r24, 0x08	; 8
 100:	c9 f0       	breq	.+50     	; 0x134 <turnOffPWM+0x4a>
 102:	84 30       	cpi	r24, 0x04	; 4
 104:	b1 f4       	brne	.+44     	; 0x132 <turnOffPWM+0x48>
 106:	80 91 80 00 	lds	r24, 0x0080	; 0x800080 <__DATA_REGION_ORIGIN__+0x20>
 10a:	8f 7d       	andi	r24, 0xDF	; 223
 10c:	03 c0       	rjmp	.+6      	; 0x114 <turnOffPWM+0x2a>
 10e:	80 91 80 00 	lds	r24, 0x0080	; 0x800080 <__DATA_REGION_ORIGIN__+0x20>
 112:	8f 77       	andi	r24, 0x7F	; 127
 114:	80 93 80 00 	sts	0x0080, r24	; 0x800080 <__DATA_REGION_ORIGIN__+0x20>
 118:	08 95       	ret
 11a:	84 b5       	in	r24, 0x24	; 36
 11c:	8f 77       	andi	r24, 0x7F	; 127
 11e:	84 bd       	out	0x24, r24	; 36
 120:	08 95       	ret
 122:	84 b5       	in	r24, 0x24	; 36
 124:	8f 7d       	andi	r24, 0xDF	; 223
 126:	fb cf       	rjmp	.-10     	; 0x11e <turnOffPWM+0x34>
 128:	80 91 b0 00 	lds	r24, 0x00B0	; 0x8000b0 <__DATA_REGION_ORIGIN__+0x50>
 12c:	8f 77       	andi	r24, 0x7F	; 127
 12e:	80 93 b0 00 	sts	0x00B0, r24	; 0x8000b0 <__DATA_REGION_ORIGIN__+0x50>
 132:	08 95       	ret
 134:	80 91 b0 00 	lds	r24, 0x00B0	; 0x8000b0 <__DATA_REGION_ORIGIN__+0x50>
 138:	8f 7d       	andi	r24, 0xDF	; 223
 13a:	f9 cf       	rjmp	.-14     	; 0x12e <turnOffPWM+0x44>

0000013c <digitalRead.constprop.1>:
 13c:	cf 93       	push	r28
 13e:	df 93       	push	r29
 140:	e0 eb       	ldi	r30, 0xB0	; 176
 142:	f0 e0       	ldi	r31, 0x00	; 0
 144:	84 91       	lpm	r24, Z
 146:	ec e9       	ldi	r30, 0x9C	; 156
 148:	f0 e0       	ldi	r31, 0x00	; 0
 14a:	d4 91       	lpm	r29, Z
 14c:	e8 e8       	ldi	r30, 0x88	; 136
 14e:	f0 e0       	ldi	r31, 0x00	; 0
 150:	c4 91       	lpm	r28, Z
 152:	cc 23       	and	r28, r28
 154:	a1 f0       	breq	.+40     	; 0x17e <digitalRead.constprop.1+0x42>
 156:	81 11       	cpse	r24, r1
 158:	0e 94 75 00 	call	0xea	; 0xea <turnOffPWM>
 15c:	ec 2f       	mov	r30, r28
 15e:	f0 e0       	ldi	r31, 0x00	; 0
 160:	ee 0f       	add	r30, r30
 162:	ff 1f       	adc	r31, r31
 164:	e4 58       	subi	r30, 0x84	; 132
 166:	ff 4f       	sbci	r31, 0xFF	; 255
 168:	a5 91       	lpm	r26, Z+
 16a:	b4 91       	lpm	r27, Z
 16c:	ec 91       	ld	r30, X
 16e:	ed 23       	and	r30, r29
 170:	81 e0       	ldi	r24, 0x01	; 1
 172:	90 e0       	ldi	r25, 0x00	; 0
 174:	09 f4       	brne	.+2      	; 0x178 <digitalRead.constprop.1+0x3c>
 176:	80 e0       	ldi	r24, 0x00	; 0
 178:	df 91       	pop	r29
 17a:	cf 91       	pop	r28
 17c:	08 95       	ret
 17e:	80 e0       	ldi	r24, 0x00	; 0
 180:	90 e0       	ldi	r25, 0x00	; 0
 182:	fa cf       	rjmp	.-12     	; 0x178 <digitalRead.constprop.1+0x3c>

00000184 <digitalWrite>:
 184:	1f 93       	push	r17
 186:	cf 93       	push	r28
 188:	df 93       	push	r29
 18a:	28 2f       	mov	r18, r24
 18c:	30 e0       	ldi	r19, 0x00	; 0
 18e:	f9 01       	movw	r30, r18
 190:	e2 55       	subi	r30, 0x52	; 82
 192:	ff 4f       	sbci	r31, 0xFF	; 255
 194:	84 91       	lpm	r24, Z
 196:	f9 01       	movw	r30, r18
 198:	e6 56       	subi	r30, 0x66	; 102
 19a:	ff 4f       	sbci	r31, 0xFF	; 255
 19c:	d4 91       	lpm	r29, Z
 19e:	f9 01       	movw	r30, r18
 1a0:	ea 57       	subi	r30, 0x7A	; 122
 1a2:	ff 4f       	sbci	r31, 0xFF	; 255
 1a4:	c4 91       	lpm	r28, Z
 1a6:	cc 23       	and	r28, r28
 1a8:	a9 f0       	breq	.+42     	; 0x1d4 <digitalWrite+0x50>
 1aa:	16 2f       	mov	r17, r22
 1ac:	81 11       	cpse	r24, r1
 1ae:	0e 94 75 00 	call	0xea	; 0xea <turnOffPWM>
 1b2:	ec 2f       	mov	r30, r28
 1b4:	f0 e0       	ldi	r31, 0x00	; 0
 1b6:	ee 0f       	add	r30, r30
 1b8:	ff 1f       	adc	r31, r31
 1ba:	ee 58       	subi	r30, 0x8E	; 142
 1bc:	ff 4f       	sbci	r31, 0xFF	; 255
 1be:	a5 91       	lpm	r26, Z+
 1c0:	b4 91       	lpm	r27, Z
 1c2:	8f b7       	in	r24, 0x3f	; 63
 1c4:	f8 94       	cli
 1c6:	ec 91       	ld	r30, X
 1c8:	11 11       	cpse	r17, r1
 1ca:	08 c0       	rjmp	.+16     	; 0x1dc <digitalWrite+0x58>
 1cc:	d0 95       	com	r29
 1ce:	de 23       	and	r29, r30
 1d0:	dc 93       	st	X, r29
 1d2:	8f bf       	out	0x3f, r24	; 63
 1d4:	df 91       	pop	r29
 1d6:	cf 91       	pop	r28
 1d8:	1f 91       	pop	r17
 1da:	08 95       	ret
 1dc:	de 2b       	or	r29, r30
 1de:	f8 cf       	rjmp	.-16     	; 0x1d0 <digitalWrite+0x4c>

000001e0 <pinMode>:
 1e0:	cf 93       	push	r28
 1e2:	df 93       	push	r29
 1e4:	90 e0       	ldi	r25, 0x00	; 0
 1e6:	fc 01       	movw	r30, r24
 1e8:	e6 56       	subi	r30, 0x66	; 102
 1ea:	ff 4f       	sbci	r31, 0xFF	; 255
 1ec:	24 91       	lpm	r18, Z
 1ee:	8a 57       	subi	r24, 0x7A	; 122
 1f0:	9f 4f       	sbci	r25, 0xFF	; 255
 1f2:	fc 01       	movw	r30, r24
 1f4:	84 91       	lpm	r24, Z
 1f6:	88 23       	and	r24, r24
 1f8:	d1 f0       	breq	.+52     	; 0x22e <pinMode+0x4e>
 1fa:	90 e0       	ldi	r25, 0x00	; 0
 1fc:	88 0f       	add	r24, r24
 1fe:	99 1f       	adc	r25, r25
 200:	fc 01       	movw	r30, r24
 202:	e8 59       	subi	r30, 0x98	; 152
 204:	ff 4f       	sbci	r31, 0xFF	; 255
 206:	a5 91       	lpm	r26, Z+
 208:	b4 91       	lpm	r27, Z
 20a:	fc 01       	movw	r30, r24
 20c:	ee 58       	subi	r30, 0x8E	; 142
 20e:	ff 4f       	sbci	r31, 0xFF	; 255
 210:	c5 91       	lpm	r28, Z+
 212:	d4 91       	lpm	r29, Z
 214:	61 11       	cpse	r22, r1
 216:	0e c0       	rjmp	.+28     	; 0x234 <pinMode+0x54>
 218:	9f b7       	in	r25, 0x3f	; 63
 21a:	f8 94       	cli
 21c:	8c 91       	ld	r24, X
 21e:	e2 2f       	mov	r30, r18
 220:	e0 95       	com	r30
 222:	8e 23       	and	r24, r30
 224:	8c 93       	st	X, r24
 226:	28 81       	ld	r18, Y
 228:	e2 23       	and	r30, r18
 22a:	e8 83       	st	Y, r30
 22c:	9f bf       	out	0x3f, r25	; 63
 22e:	df 91       	pop	r29
 230:	cf 91       	pop	r28
 232:	08 95       	ret
 234:	8f b7       	in	r24, 0x3f	; 63
 236:	f8 94       	cli
 238:	ec 91       	ld	r30, X
 23a:	e2 2b       	or	r30, r18
 23c:	ec 93       	st	X, r30
 23e:	8f bf       	out	0x3f, r24	; 63
 240:	f6 cf       	rjmp	.-20     	; 0x22e <pinMode+0x4e>

00000242 <analogWrite>:
 242:	1f 93       	push	r17
 244:	cf 93       	push	r28
 246:	df 93       	push	r29
 248:	18 2f       	mov	r17, r24
 24a:	eb 01       	movw	r28, r22
 24c:	61 e0       	ldi	r22, 0x01	; 1
 24e:	0e 94 f0 00 	call	0x1e0	; 0x1e0 <pinMode>
 252:	20 97       	sbiw	r28, 0x00	; 0
 254:	39 f4       	brne	.+14     	; 0x264 <analogWrite+0x22>
 256:	60 e0       	ldi	r22, 0x00	; 0
 258:	81 2f       	mov	r24, r17
 25a:	df 91       	pop	r29
 25c:	cf 91       	pop	r28
 25e:	1f 91       	pop	r17
 260:	0c 94 c2 00 	jmp	0x184	; 0x184 <digitalWrite>
 264:	cf 3f       	cpi	r28, 0xFF	; 255
 266:	d1 05       	cpc	r29, r1
 268:	11 f4       	brne	.+4      	; 0x26e <analogWrite+0x2c>
 26a:	61 e0       	ldi	r22, 0x01	; 1
 26c:	f5 cf       	rjmp	.-22     	; 0x258 <analogWrite+0x16>
 26e:	e1 2f       	mov	r30, r17
 270:	f0 e0       	ldi	r31, 0x00	; 0
 272:	e2 55       	subi	r30, 0x52	; 82
 274:	ff 4f       	sbci	r31, 0xFF	; 255
 276:	e4 91       	lpm	r30, Z
 278:	e3 30       	cpi	r30, 0x03	; 3
 27a:	31 f1       	breq	.+76     	; 0x2c8 <analogWrite+0x86>
 27c:	40 f4       	brcc	.+16     	; 0x28e <analogWrite+0x4c>
 27e:	e1 30       	cpi	r30, 0x01	; 1
 280:	b1 f0       	breq	.+44     	; 0x2ae <analogWrite+0x6c>
 282:	e2 30       	cpi	r30, 0x02	; 2
 284:	e1 f0       	breq	.+56     	; 0x2be <analogWrite+0x7c>
 286:	c0 38       	cpi	r28, 0x80	; 128
 288:	d1 05       	cpc	r29, r1
 28a:	7c f7       	brge	.-34     	; 0x26a <analogWrite+0x28>
 28c:	e4 cf       	rjmp	.-56     	; 0x256 <analogWrite+0x14>
 28e:	e7 30       	cpi	r30, 0x07	; 7
 290:	29 f1       	breq	.+74     	; 0x2dc <analogWrite+0x9a>
 292:	e8 30       	cpi	r30, 0x08	; 8
 294:	59 f1       	breq	.+86     	; 0x2ec <analogWrite+0xaa>
 296:	e4 30       	cpi	r30, 0x04	; 4
 298:	b1 f7       	brne	.-20     	; 0x286 <analogWrite+0x44>
 29a:	80 91 80 00 	lds	r24, 0x0080	; 0x800080 <__DATA_REGION_ORIGIN__+0x20>
 29e:	80 62       	ori	r24, 0x20	; 32
 2a0:	80 93 80 00 	sts	0x0080, r24	; 0x800080 <__DATA_REGION_ORIGIN__+0x20>
 2a4:	d0 93 8b 00 	sts	0x008B, r29	; 0x80008b <__DATA_REGION_ORIGIN__+0x2b>
 2a8:	c0 93 8a 00 	sts	0x008A, r28	; 0x80008a <__DATA_REGION_ORIGIN__+0x2a>
 2ac:	04 c0       	rjmp	.+8      	; 0x2b6 <analogWrite+0x74>
 2ae:	84 b5       	in	r24, 0x24	; 36
 2b0:	80 68       	ori	r24, 0x80	; 128
 2b2:	84 bd       	out	0x24, r24	; 36
 2b4:	c7 bd       	out	0x27, r28	; 39
 2b6:	df 91       	pop	r29
 2b8:	cf 91       	pop	r28
 2ba:	1f 91       	pop	r17
 2bc:	08 95       	ret
 2be:	84 b5       	in	r24, 0x24	; 36
 2c0:	80 62       	ori	r24, 0x20	; 32
 2c2:	84 bd       	out	0x24, r24	; 36
 2c4:	c8 bd       	out	0x28, r28	; 40
 2c6:	f7 cf       	rjmp	.-18     	; 0x2b6 <analogWrite+0x74>
 2c8:	80 91 80 00 	lds	r24, 0x0080	; 0x800080 <__DATA_REGION_ORIGIN__+0x20>
 2cc:	80 68       	ori	r24, 0x80	; 128
 2ce:	80 93 80 00 	sts	0x0080, r24	; 0x800080 <__DATA_REGION_ORIGIN__+0x20>
 2d2:	d0 93 89 00 	sts	0x0089, r29	; 0x800089 <__DATA_REGION_ORIGIN__+0x29>
 2d6:	c0 93 88 00 	sts	0x0088, r28	; 0x800088 <__DATA_REGION_ORIGIN__+0x28>
 2da:	ed cf       	rjmp	.-38     	; 0x2b6 <analogWrite+0x74>
 2dc:	80 91 b0 00 	lds	r24, 0x00B0	; 0x8000b0 <__DATA_REGION_ORIGIN__+0x50>
 2e0:	80 68       	ori	r24, 0x80	; 128
 2e2:	80 93 b0 00 	sts	0x00B0, r24	; 0x8000b0 <__DATA_REGION_ORIGIN__+0x50>
 2e6:	c0 93 b3 00 	sts	0x00B3, r28	; 0x8000b3 <__DATA_REGION_ORIGIN__+0x53>
 2ea:	e5 cf       	rjmp	.-54     	; 0x2b6 <analogWrite+0x74>
 2ec:	80 91 b0 00 	lds	r24, 0x00B0	; 0x8000b0 <__DATA_REGION_ORIGIN__+0x50>
 2f0:	80 62       	ori	r24, 0x20	; 32
 2f2:	80 93 b0 00 	sts	0x00B0, r24	; 0x8000b0 <__DATA_REGION_ORIGIN__+0x50>
 2f6:	c0 93 b4 00 	sts	0x00B4, r28	; 0x8000b4 <__DATA_REGION_ORIGIN__+0x54>
 2fa:	dd cf       	rjmp	.-70     	; 0x2b6 <analogWrite+0x74>

000002fc <_ZL7twiWaitv>:
 2fc:	80 91 bc 00 	lds	r24, 0x00BC	; 0x8000bc <__DATA_REGION_ORIGIN__+0x5c>
 300:	87 ff       	sbrs	r24, 7
 302:	fc cf       	rjmp	.-8      	; 0x2fc <_ZL7twiWaitv>
 304:	80 91 b9 00 	lds	r24, 0x00B9	; 0x8000b9 <__DATA_REGION_ORIGIN__+0x59>
 308:	88 7f       	andi	r24, 0xF8	; 248
 30a:	08 95       	ret

0000030c <_ZL12twiWriteByteh>:
 30c:	80 93 bb 00 	sts	0x00BB, r24	; 0x8000bb <__DATA_REGION_ORIGIN__+0x5b>
 310:	84 e8       	ldi	r24, 0x84	; 132
 312:	80 93 bc 00 	sts	0x00BC, r24	; 0x8000bc <__DATA_REGION_ORIGIN__+0x5c>
 316:	0c 94 7e 01 	jmp	0x2fc	; 0x2fc <_ZL7twiWaitv>

0000031a <__vector_16>:
 31a:	1f 92       	push	r1
 31c:	0f 92       	push	r0
 31e:	0f b6       	in	r0, 0x3f	; 63
 320:	0f 92       	push	r0
 322:	11 24       	eor	r1, r1
 324:	2f 93       	push	r18
 326:	3f 93       	push	r19
 328:	8f 93       	push	r24
 32a:	9f 93       	push	r25
 32c:	af 93       	push	r26
 32e:	bf 93       	push	r27
 330:	80 91 0d 01 	lds	r24, 0x010D	; 0x80010d <timer0_millis>
 334:	90 91 0e 01 	lds	r25, 0x010E	; 0x80010e <timer0_millis+0x1>
 338:	a0 91 0f 01 	lds	r26, 0x010F	; 0x80010f <timer0_millis+0x2>
 33c:	b0 91 10 01 	lds	r27, 0x0110	; 0x800110 <timer0_millis+0x3>
 340:	30 91 0c 01 	lds	r19, 0x010C	; 0x80010c <timer0_fract>
 344:	23 e0       	ldi	r18, 0x03	; 3
 346:	23 0f       	add	r18, r19
 348:	2d 37       	cpi	r18, 0x7D	; 125
 34a:	58 f5       	brcc	.+86     	; 0x3a2 <__vector_16+0x88>
 34c:	01 96       	adiw	r24, 0x01	; 1
 34e:	a1 1d       	adc	r26, r1
 350:	b1 1d       	adc	r27, r1
 352:	20 93 0c 01 	sts	0x010C, r18	; 0x80010c <timer0_fract>
 356:	80 93 0d 01 	sts	0x010D, r24	; 0x80010d <timer0_millis>
 35a:	90 93 0e 01 	sts	0x010E, r25	; 0x80010e <timer0_millis+0x1>
 35e:	a0 93 0f 01 	sts	0x010F, r26	; 0x80010f <timer0_millis+0x2>
 362:	b0 93 10 01 	sts	0x0110, r27	; 0x800110 <timer0_millis+0x3>
 366:	80 91 08 01 	lds	r24, 0x0108	; 0x800108 <timer0_overflow_count>
 36a:	90 91 09 01 	lds	r25, 0x0109	; 0x800109 <timer0_overflow_count+0x1>
 36e:	a0 91 0a 01 	lds	r26, 0x010A	; 0x80010a <timer0_overflow_count+0x2>
 372:	b0 91 0b 01 	lds	r27, 0x010B	; 0x80010b <timer0_overflow_count+0x3>
 376:	01 96       	adiw	r24, 0x01	; 1
 378:	a1 1d       	adc	r26, r1
 37a:	b1 1d       	adc	r27, r1
 37c:	80 93 08 01 	sts	0x0108, r24	; 0x800108 <timer0_overflow_count>
 380:	90 93 09 01 	sts	0x0109, r25	; 0x800109 <timer0_overflow_count+0x1>
 384:	a0 93 0a 01 	sts	0x010A, r26	; 0x80010a <timer0_overflow_count+0x2>
 388:	b0 93 0b 01 	sts	0x010B, r27	; 0x80010b <timer0_overflow_count+0x3>
 38c:	bf 91       	pop	r27
 38e:	af 91       	pop	r26
 390:	9f 91       	pop	r25
 392:	8f 91       	pop	r24
 394:	3f 91       	pop	r19
 396:	2f 91       	pop	r18
 398:	0f 90       	pop	r0
 39a:	0f be       	out	0x3f, r0	; 63
 39c:	0f 90       	pop	r0
 39e:	1f 90       	pop	r1
 3a0:	18 95       	reti
 3a2:	26 e8       	ldi	r18, 0x86	; 134
 3a4:	23 0f       	add	r18, r19
 3a6:	02 96       	adiw	r24, 0x02	; 2
 3a8:	a1 1d       	adc	r26, r1
 3aa:	b1 1d       	adc	r27, r1
 3ac:	d2 cf       	rjmp	.-92     	; 0x352 <__vector_16+0x38>

000003ae <__vector_11>:
 3ae:	1f 92       	push	r1
 3b0:	0f 92       	push	r0
 3b2:	0f b6       	in	r0, 0x3f	; 63
 3b4:	0f 92       	push	r0
 3b6:	11 24       	eor	r1, r1
 3b8:	8f 93       	push	r24
 3ba:	9f 93       	push	r25
 3bc:	80 91 05 01 	lds	r24, 0x0105	; 0x800105 <timerTicks>
 3c0:	90 91 06 01 	lds	r25, 0x0106	; 0x800106 <timerTicks+0x1>
 3c4:	01 96       	adiw	r24, 0x01	; 1
 3c6:	90 93 06 01 	sts	0x0106, r25	; 0x800106 <timerTicks+0x1>
 3ca:	80 93 05 01 	sts	0x0105, r24	; 0x800105 <timerTicks>
 3ce:	9f 91       	pop	r25
 3d0:	8f 91       	pop	r24
 3d2:	0f 90       	pop	r0
 3d4:	0f be       	out	0x3f, r0	; 63
 3d6:	0f 90       	pop	r0
 3d8:	1f 90       	pop	r1
 3da:	18 95       	reti

000003dc <main>:
 3dc:	78 94       	sei
 3de:	84 b5       	in	r24, 0x24	; 36
 3e0:	82 60       	ori	r24, 0x02	; 2
 3e2:	84 bd       	out	0x24, r24	; 36
 3e4:	84 b5       	in	r24, 0x24	; 36
 3e6:	81 60       	ori	r24, 0x01	; 1
 3e8:	84 bd       	out	0x24, r24	; 36
 3ea:	85 b5       	in	r24, 0x25	; 37
 3ec:	82 60       	ori	r24, 0x02	; 2
 3ee:	85 bd       	out	0x25, r24	; 37
 3f0:	85 b5       	in	r24, 0x25	; 37
 3f2:	81 60       	ori	r24, 0x01	; 1
 3f4:	85 bd       	out	0x25, r24	; 37
 3f6:	80 91 6e 00 	lds	r24, 0x006E	; 0x80006e <__DATA_REGION_ORIGIN__+0xe>
 3fa:	81 60       	ori	r24, 0x01	; 1
 3fc:	80 93 6e 00 	sts	0x006E, r24	; 0x80006e <__DATA_REGION_ORIGIN__+0xe>
 400:	10 92 81 00 	sts	0x0081, r1	; 0x800081 <__DATA_REGION_ORIGIN__+0x21>
 404:	80 91 81 00 	lds	r24, 0x0081	; 0x800081 <__DATA_REGION_ORIGIN__+0x21>
 408:	82 60       	ori	r24, 0x02	; 2
 40a:	80 93 81 00 	sts	0x0081, r24	; 0x800081 <__DATA_REGION_ORIGIN__+0x21>
 40e:	80 91 81 00 	lds	r24, 0x0081	; 0x800081 <__DATA_REGION_ORIGIN__+0x21>
 412:	81 60       	ori	r24, 0x01	; 1
 414:	80 93 81 00 	sts	0x0081, r24	; 0x800081 <__DATA_REGION_ORIGIN__+0x21>
 418:	80 91 80 00 	lds	r24, 0x0080	; 0x800080 <__DATA_REGION_ORIGIN__+0x20>
 41c:	81 60       	ori	r24, 0x01	; 1
 41e:	80 93 80 00 	sts	0x0080, r24	; 0x800080 <__DATA_REGION_ORIGIN__+0x20>
 422:	80 91 b1 00 	lds	r24, 0x00B1	; 0x8000b1 <__DATA_REGION_ORIGIN__+0x51>
 426:	84 60       	ori	r24, 0x04	; 4
 428:	80 93 b1 00 	sts	0x00B1, r24	; 0x8000b1 <__DATA_REGION_ORIGIN__+0x51>
 42c:	80 91 b0 00 	lds	r24, 0x00B0	; 0x8000b0 <__DATA_REGION_ORIGIN__+0x50>
 430:	81 60       	ori	r24, 0x01	; 1
 432:	80 93 b0 00 	sts	0x00B0, r24	; 0x8000b0 <__DATA_REGION_ORIGIN__+0x50>
 436:	80 91 7a 00 	lds	r24, 0x007A	; 0x80007a <__DATA_REGION_ORIGIN__+0x1a>
 43a:	84 60       	ori	r24, 0x04	; 4
 43c:	80 93 7a 00 	sts	0x007A, r24	; 0x80007a <__DATA_REGION_ORIGIN__+0x1a>
 440:	80 91 7a 00 	lds	r24, 0x007A	; 0x80007a <__DATA_REGION_ORIGIN__+0x1a>
 444:	82 60       	ori	r24, 0x02	; 2
 446:	80 93 7a 00 	sts	0x007A, r24	; 0x80007a <__DATA_REGION_ORIGIN__+0x1a>
 44a:	80 91 7a 00 	lds	r24, 0x007A	; 0x80007a <__DATA_REGION_ORIGIN__+0x1a>
 44e:	81 60       	ori	r24, 0x01	; 1
 450:	80 93 7a 00 	sts	0x007A, r24	; 0x80007a <__DATA_REGION_ORIGIN__+0x1a>
 454:	80 91 7a 00 	lds	r24, 0x007A	; 0x80007a <__DATA_REGION_ORIGIN__+0x1a>
 458:	80 68       	ori	r24, 0x80	; 128
 45a:	80 93 7a 00 	sts	0x007A, r24	; 0x80007a <__DATA_REGION_ORIGIN__+0x1a>
 45e:	10 92 c1 00 	sts	0x00C1, r1	; 0x8000c1 <__DATA_REGION_ORIGIN__+0x61>
 462:	e0 e0       	ldi	r30, 0x00	; 0
 464:	f3 e0       	ldi	r31, 0x03	; 3
 466:	11 92       	st	Z+, r1
 468:	e8 31       	cpi	r30, 0x18	; 24
 46a:	83 e0       	ldi	r24, 0x03	; 3
 46c:	f8 07       	cpc	r31, r24
 46e:	d9 f7       	brne	.-10     	; 0x466 <__LOCK_REGION_LENGTH__+0x66>
 470:	60 e0       	ldi	r22, 0x00	; 0
 472:	82 e0       	ldi	r24, 0x02	; 2
 474:	0e 94 f0 00 	call	0x1e0	; 0x1e0 <pinMode>
 478:	61 e0       	ldi	r22, 0x01	; 1
 47a:	87 e0       	ldi	r24, 0x07	; 7
 47c:	0e 94 f0 00 	call	0x1e0	; 0x1e0 <pinMode>
 480:	61 e0       	ldi	r22, 0x01	; 1
 482:	83 e0       	ldi	r24, 0x03	; 3
 484:	0e 94 f0 00 	call	0x1e0	; 0x1e0 <pinMode>
 488:	61 e0       	ldi	r22, 0x01	; 1
 48a:	85 e0       	ldi	r24, 0x05	; 5
 48c:	0e 94 f0 00 	call	0x1e0	; 0x1e0 <pinMode>
 490:	60 e4       	ldi	r22, 0x40	; 64
 492:	70 e0       	ldi	r23, 0x00	; 0
 494:	83 e0       	ldi	r24, 0x03	; 3
 496:	0e 94 21 01 	call	0x242	; 0x242 <analogWrite>
 49a:	60 ec       	ldi	r22, 0xC0	; 192
 49c:	70 e0       	ldi	r23, 0x00	; 0
 49e:	85 e0       	ldi	r24, 0x05	; 5
 4a0:	0e 94 21 01 	call	0x242	; 0x242 <analogWrite>
 4a4:	10 92 80 00 	sts	0x0080, r1	; 0x800080 <__DATA_REGION_ORIGIN__+0x20>
 4a8:	10 92 81 00 	sts	0x0081, r1	; 0x800081 <__DATA_REGION_ORIGIN__+0x21>
 4ac:	10 92 85 00 	sts	0x0085, r1	; 0x800085 <__DATA_REGION_ORIGIN__+0x25>
 4b0:	10 92 84 00 	sts	0x0084, r1	; 0x800084 <__DATA_REGION_ORIGIN__+0x24>
 4b4:	8f e3       	ldi	r24, 0x3F	; 63
 4b6:	90 e0       	ldi	r25, 0x00	; 0
 4b8:	90 93 89 00 	sts	0x0089, r25	; 0x800089 <__DATA_REGION_ORIGIN__+0x29>
 4bc:	80 93 88 00 	sts	0x0088, r24	; 0x800088 <__DATA_REGION_ORIGIN__+0x28>
 4c0:	8a e0       	ldi	r24, 0x0A	; 10
 4c2:	80 93 81 00 	sts	0x0081, r24	; 0x800081 <__DATA_REGION_ORIGIN__+0x21>
 4c6:	82 e0       	ldi	r24, 0x02	; 2
 4c8:	80 93 6f 00 	sts	0x006F, r24	; 0x80006f <__DATA_REGION_ORIGIN__+0xf>
 4cc:	10 92 b9 00 	sts	0x00B9, r1	; 0x8000b9 <__DATA_REGION_ORIGIN__+0x59>
 4d0:	8c e0       	ldi	r24, 0x0C	; 12
 4d2:	80 93 b8 00 	sts	0x00B8, r24	; 0x8000b8 <__DATA_REGION_ORIGIN__+0x58>
 4d6:	84 e0       	ldi	r24, 0x04	; 4
 4d8:	80 93 bc 00 	sts	0x00BC, r24	; 0x8000bc <__DATA_REGION_ORIGIN__+0x5c>
 4dc:	78 94       	sei
 4de:	cc 24       	eor	r12, r12
 4e0:	ca 94       	dec	r12
 4e2:	d1 2c       	mov	r13, r1
 4e4:	04 ea       	ldi	r16, 0xA4	; 164
 4e6:	73 ec       	ldi	r23, 0xC3	; 195
 4e8:	a7 2e       	mov	r10, r23
 4ea:	b1 2c       	mov	r11, r1
 4ec:	e0 e0       	ldi	r30, 0x00	; 0
 4ee:	8e 2e       	mov	r8, r30
 4f0:	e0 e0       	ldi	r30, 0x00	; 0
 4f2:	9e 2e       	mov	r9, r30
 4f4:	9a e5       	ldi	r25, 0x5A	; 90
 4f6:	29 2e       	mov	r2, r25
 4f8:	24 e8       	ldi	r18, 0x84	; 132
 4fa:	32 2e       	mov	r3, r18
 4fc:	34 e9       	ldi	r19, 0x94	; 148
 4fe:	63 2e       	mov	r6, r19
 500:	47 ea       	ldi	r20, 0xA7	; 167
 502:	54 2e       	mov	r5, r20
 504:	5c e5       	ldi	r21, 0x5C	; 92
 506:	45 2e       	mov	r4, r21
 508:	80 91 07 01 	lds	r24, 0x0107	; 0x800107 <_ZZ4loopE5round>
 50c:	8c 30       	cpi	r24, 0x0C	; 12
 50e:	08 f4       	brcc	.+2      	; 0x512 <__LOCK_REGION_LENGTH__+0x112>
 510:	81 c0       	rjmp	.+258    	; 0x614 <__LOCK_REGION_LENGTH__+0x214>
 512:	f8 94       	cli
 514:	10 92 6f 00 	sts	0x006F, r1	; 0x80006f <__DATA_REGION_ORIGIN__+0xf>
 518:	80 91 05 01 	lds	r24, 0x0105	; 0x800105 <timerTicks>
 51c:	90 91 06 01 	lds	r25, 0x0106	; 0x800106 <timerTicks+0x1>
 520:	50 92 00 03 	sts	0x0300, r5	; 0x800300 <__bss_end+0x1ef>
 524:	20 91 07 01 	lds	r18, 0x0107	; 0x800107 <_ZZ4loopE5round>
 528:	20 93 01 03 	sts	0x0301, r18	; 0x800301 <__bss_end+0x1f0>
 52c:	20 91 03 01 	lds	r18, 0x0103	; 0x800103 <_ZZ4loopE6adcSum>
 530:	20 93 02 03 	sts	0x0302, r18	; 0x800302 <__bss_end+0x1f1>
 534:	20 91 04 01 	lds	r18, 0x0104	; 0x800104 <_ZZ4loopE6adcSum+0x1>
 538:	20 93 03 03 	sts	0x0303, r18	; 0x800303 <__bss_end+0x1f2>
 53c:	21 e0       	ldi	r18, 0x01	; 1
 53e:	00 97       	sbiw	r24, 0x00	; 0
 540:	09 f4       	brne	.+2      	; 0x544 <__LOCK_REGION_LENGTH__+0x144>
 542:	20 e0       	ldi	r18, 0x00	; 0
 544:	20 93 04 03 	sts	0x0304, r18	; 0x800304 <__bss_end+0x1f3>
 548:	21 e0       	ldi	r18, 0x01	; 1
 54a:	82 33       	cpi	r24, 0x32	; 50
 54c:	91 05       	cpc	r25, r1
 54e:	08 f4       	brcc	.+2      	; 0x552 <__LOCK_REGION_LENGTH__+0x152>
 550:	20 e0       	ldi	r18, 0x00	; 0
 552:	20 93 05 03 	sts	0x0305, r18	; 0x800305 <__bss_end+0x1f4>
 556:	21 e0       	ldi	r18, 0x01	; 1
 558:	89 37       	cpi	r24, 0x79	; 121
 55a:	91 05       	cpc	r25, r1
 55c:	08 f0       	brcs	.+2      	; 0x560 <__LOCK_REGION_LENGTH__+0x160>
 55e:	20 e0       	ldi	r18, 0x00	; 0
 560:	20 93 06 03 	sts	0x0306, r18	; 0x800306 <__bss_end+0x1f5>
 564:	80 91 02 01 	lds	r24, 0x0102	; 0x800102 <_ZZ4loopE6twiMix>
 568:	80 93 07 03 	sts	0x0307, r24	; 0x800307 <__bss_end+0x1f6>
 56c:	80 91 01 01 	lds	r24, 0x0101	; 0x800101 <_ZZ4loopE8inputMix>
 570:	80 93 08 03 	sts	0x0308, r24	; 0x800308 <__bss_end+0x1f7>
 574:	80 91 00 01 	lds	r24, 0x0100	; 0x800100 <_edata>
 578:	80 93 09 03 	sts	0x0309, r24	; 0x800309 <__bss_end+0x1f8>
 57c:	80 91 b4 00 	lds	r24, 0x00B4	; 0x8000b4 <__DATA_REGION_ORIGIN__+0x54>
 580:	80 93 0a 03 	sts	0x030A, r24	; 0x80030a <__bss_end+0x1f9>
 584:	88 b5       	in	r24, 0x28	; 40
 586:	80 93 0b 03 	sts	0x030B, r24	; 0x80030b <__bss_end+0x1fa>
 58a:	8b b1       	in	r24, 0x0b	; 11
 58c:	80 93 0c 03 	sts	0x030C, r24	; 0x80030c <__bss_end+0x1fb>
 590:	80 91 b0 00 	lds	r24, 0x00B0	; 0x8000b0 <__DATA_REGION_ORIGIN__+0x50>
 594:	80 93 0d 03 	sts	0x030D, r24	; 0x80030d <__bss_end+0x1fc>
 598:	84 b5       	in	r24, 0x24	; 36
 59a:	80 93 0e 03 	sts	0x030E, r24	; 0x80030e <__bss_end+0x1fd>
 59e:	80 91 bb 00 	lds	r24, 0x00BB	; 0x8000bb <__DATA_REGION_ORIGIN__+0x5b>
 5a2:	80 93 0f 03 	sts	0x030F, r24	; 0x80030f <__bss_end+0x1fe>
 5a6:	80 91 b9 00 	lds	r24, 0x00B9	; 0x8000b9 <__DATA_REGION_ORIGIN__+0x59>
 5aa:	88 7f       	andi	r24, 0xF8	; 248
 5ac:	80 93 10 03 	sts	0x0310, r24	; 0x800310 <__bss_end+0x1ff>
 5b0:	80 91 78 00 	lds	r24, 0x0078	; 0x800078 <__DATA_REGION_ORIGIN__+0x18>
 5b4:	80 93 11 03 	sts	0x0311, r24	; 0x800311 <__bss_end+0x200>
 5b8:	80 91 79 00 	lds	r24, 0x0079	; 0x800079 <__DATA_REGION_ORIGIN__+0x19>
 5bc:	80 93 12 03 	sts	0x0312, r24	; 0x800312 <__bss_end+0x201>
 5c0:	0e 94 9e 00 	call	0x13c	; 0x13c <digitalRead.constprop.1>
 5c4:	21 e0       	ldi	r18, 0x01	; 1
 5c6:	89 2b       	or	r24, r25
 5c8:	09 f4       	brne	.+2      	; 0x5cc <__LOCK_REGION_LENGTH__+0x1cc>
 5ca:	20 e0       	ldi	r18, 0x00	; 0
 5cc:	20 93 13 03 	sts	0x0313, r18	; 0x800313 <__bss_end+0x202>
 5d0:	40 92 14 03 	sts	0x0314, r4	; 0x800314 <__bss_end+0x203>
 5d4:	80 91 ff 02 	lds	r24, 0x02FF	; 0x8002ff <__bss_end+0x1ee>
 5d8:	82 34       	cpi	r24, 0x42	; 66
 5da:	09 f4       	brne	.+2      	; 0x5de <__LOCK_REGION_LENGTH__+0x1de>
 5dc:	ff cf       	rjmp	.-2      	; 0x5dc <__LOCK_REGION_LENGTH__+0x1dc>
 5de:	10 92 07 01 	sts	0x0107, r1	; 0x800107 <_ZZ4loopE5round>
 5e2:	10 92 04 01 	sts	0x0104, r1	; 0x800104 <_ZZ4loopE6adcSum+0x1>
 5e6:	10 92 03 01 	sts	0x0103, r1	; 0x800103 <_ZZ4loopE6adcSum>
 5ea:	10 92 02 01 	sts	0x0102, r1	; 0x800102 <_ZZ4loopE6twiMix>
 5ee:	10 92 01 01 	sts	0x0101, r1	; 0x800101 <_ZZ4loopE8inputMix>
 5f2:	10 92 00 01 	sts	0x0100, r1	; 0x800100 <_edata>
 5f6:	10 92 06 01 	sts	0x0106, r1	; 0x800106 <timerTicks+0x1>
 5fa:	10 92 05 01 	sts	0x0105, r1	; 0x800105 <timerTicks>
 5fe:	82 e0       	ldi	r24, 0x02	; 2
 600:	80 93 6f 00 	sts	0x006F, r24	; 0x80006f <__DATA_REGION_ORIGIN__+0xf>
 604:	78 94       	sei
 606:	81 14       	cp	r8, r1
 608:	91 04       	cpc	r9, r1
 60a:	09 f4       	brne	.+2      	; 0x60e <__LOCK_REGION_LENGTH__+0x20e>
 60c:	7d cf       	rjmp	.-262    	; 0x508 <__LOCK_REGION_LENGTH__+0x108>
 60e:	0e 94 00 00 	call	0	; 0x0 <__vectors>
 612:	70 cf       	rjmp	.-288    	; 0x4f4 <__LOCK_REGION_LENGTH__+0xf4>
 614:	80 e4       	ldi	r24, 0x40	; 64
 616:	80 93 7c 00 	sts	0x007C, r24	; 0x80007c <__DATA_REGION_ORIGIN__+0x1c>
 61a:	80 91 7a 00 	lds	r24, 0x007A	; 0x80007a <__DATA_REGION_ORIGIN__+0x1a>
 61e:	80 64       	ori	r24, 0x40	; 64
 620:	80 93 7a 00 	sts	0x007A, r24	; 0x80007a <__DATA_REGION_ORIGIN__+0x1a>
 624:	80 91 7a 00 	lds	r24, 0x007A	; 0x80007a <__DATA_REGION_ORIGIN__+0x1a>
 628:	86 fd       	sbrc	r24, 6
 62a:	fc cf       	rjmp	.-8      	; 0x624 <__LOCK_REGION_LENGTH__+0x224>
 62c:	e0 90 78 00 	lds	r14, 0x0078	; 0x800078 <__DATA_REGION_ORIGIN__+0x18>
 630:	f0 90 79 00 	lds	r15, 0x0079	; 0x800079 <__DATA_REGION_ORIGIN__+0x19>
 634:	80 91 05 01 	lds	r24, 0x0105	; 0x800105 <timerTicks>
 638:	90 91 06 01 	lds	r25, 0x0106	; 0x800106 <timerTicks+0x1>
 63c:	10 91 07 01 	lds	r17, 0x0107	; 0x800107 <_ZZ4loopE5round>
 640:	7e 2c       	mov	r7, r14
 642:	8d e0       	ldi	r24, 0x0D	; 13
 644:	18 9f       	mul	r17, r24
 646:	70 0c       	add	r7, r0
 648:	11 24       	eor	r1, r1
 64a:	80 91 03 01 	lds	r24, 0x0103	; 0x800103 <_ZZ4loopE6adcSum>
 64e:	90 91 04 01 	lds	r25, 0x0104	; 0x800104 <_ZZ4loopE6adcSum+0x1>
 652:	8e 0d       	add	r24, r14
 654:	9f 1d       	adc	r25, r15
 656:	90 93 04 01 	sts	0x0104, r25	; 0x800104 <_ZZ4loopE6adcSum+0x1>
 65a:	80 93 03 01 	sts	0x0103, r24	; 0x800103 <_ZZ4loopE6adcSum>
 65e:	c7 2d       	mov	r28, r7
 660:	d0 e0       	ldi	r29, 0x00	; 0
 662:	be 01       	movw	r22, r28
 664:	83 e0       	ldi	r24, 0x03	; 3
 666:	0e 94 21 01 	call	0x242	; 0x242 <analogWrite>
 66a:	b6 01       	movw	r22, r12
 66c:	6c 1b       	sub	r22, r28
 66e:	7d 0b       	sbc	r23, r29
 670:	85 e0       	ldi	r24, 0x05	; 5
 672:	0e 94 21 01 	call	0x242	; 0x242 <analogWrite>
 676:	c0 91 01 01 	lds	r28, 0x0101	; 0x800101 <_ZZ4loopE8inputMix>
 67a:	d0 e0       	ldi	r29, 0x00	; 0
 67c:	cc 0f       	add	r28, r28
 67e:	dd 1f       	adc	r29, r29
 680:	0e 94 9e 00 	call	0x13c	; 0x13c <digitalRead.constprop.1>
 684:	89 2b       	or	r24, r25
 686:	09 f0       	breq	.+2      	; 0x68a <__LOCK_REGION_LENGTH__+0x28a>
 688:	44 c0       	rjmp	.+136    	; 0x712 <__LOCK_REGION_LENGTH__+0x312>
 68a:	85 ea       	ldi	r24, 0xA5	; 165
 68c:	c1 27       	eor	r28, r17
 68e:	c8 27       	eor	r28, r24
 690:	c0 93 01 01 	sts	0x0101, r28	; 0x800101 <_ZZ4loopE8inputMix>
 694:	80 91 b4 00 	lds	r24, 0x00B4	; 0x8000b4 <__DATA_REGION_ORIGIN__+0x54>
 698:	38 b5       	in	r19, 0x28	; 40
 69a:	20 91 b0 00 	lds	r18, 0x00B0	; 0x8000b0 <__DATA_REGION_ORIGIN__+0x50>
 69e:	94 b5       	in	r25, 0x24	; 36
 6a0:	83 0f       	add	r24, r19
 6a2:	82 0f       	add	r24, r18
 6a4:	89 0f       	add	r24, r25
 6a6:	90 91 00 01 	lds	r25, 0x0100	; 0x800100 <_edata>
 6aa:	89 27       	eor	r24, r25
 6ac:	80 93 00 01 	sts	0x0100, r24	; 0x800100 <_edata>
 6b0:	00 93 bc 00 	sts	0x00BC, r16	; 0x8000bc <__DATA_REGION_ORIGIN__+0x5c>
 6b4:	0e 94 7e 01 	call	0x2fc	; 0x2fc <_ZL7twiWaitv>
 6b8:	80 ea       	ldi	r24, 0xA0	; 160
 6ba:	0e 94 86 01 	call	0x30c	; 0x30c <_ZL12twiWriteByteh>
 6be:	81 2f       	mov	r24, r17
 6c0:	0e 94 86 01 	call	0x30c	; 0x30c <_ZL12twiWriteByteh>
 6c4:	8e 2d       	mov	r24, r14
 6c6:	0e 94 86 01 	call	0x30c	; 0x30c <_ZL12twiWriteByteh>
 6ca:	81 2f       	mov	r24, r17
 6cc:	82 25       	eor	r24, r2
 6ce:	0e 94 86 01 	call	0x30c	; 0x30c <_ZL12twiWriteByteh>
 6d2:	87 2d       	mov	r24, r7
 6d4:	0e 94 86 01 	call	0x30c	; 0x30c <_ZL12twiWriteByteh>
 6d8:	00 93 bc 00 	sts	0x00BC, r16	; 0x8000bc <__DATA_REGION_ORIGIN__+0x5c>
 6dc:	0e 94 7e 01 	call	0x2fc	; 0x2fc <_ZL7twiWaitv>
 6e0:	81 ea       	ldi	r24, 0xA1	; 161
 6e2:	0e 94 86 01 	call	0x30c	; 0x30c <_ZL12twiWriteByteh>
 6e6:	30 92 bc 00 	sts	0x00BC, r3	; 0x8000bc <__DATA_REGION_ORIGIN__+0x5c>
 6ea:	0e 94 7e 01 	call	0x2fc	; 0x2fc <_ZL7twiWaitv>
 6ee:	90 91 bb 00 	lds	r25, 0x00BB	; 0x8000bb <__DATA_REGION_ORIGIN__+0x5b>
 6f2:	60 92 bc 00 	sts	0x00BC, r6	; 0x8000bc <__DATA_REGION_ORIGIN__+0x5c>
 6f6:	80 91 02 01 	lds	r24, 0x0102	; 0x800102 <_ZZ4loopE6twiMix>
 6fa:	89 27       	eor	r24, r25
 6fc:	80 93 02 01 	sts	0x0102, r24	; 0x800102 <_ZZ4loopE6twiMix>
 700:	80 91 07 01 	lds	r24, 0x0107	; 0x800107 <_ZZ4loopE5round>
 704:	8f 5f       	subi	r24, 0xFF	; 255
 706:	80 93 07 01 	sts	0x0107, r24	; 0x800107 <_ZZ4loopE5round>
 70a:	c5 01       	movw	r24, r10
 70c:	01 97       	sbiw	r24, 0x01	; 1
 70e:	f1 f7       	brne	.-4      	; 0x70c <__LOCK_REGION_LENGTH__+0x30c>
 710:	7a cf       	rjmp	.-268    	; 0x606 <__LOCK_REGION_LENGTH__+0x206>
 712:	8a e5       	ldi	r24, 0x5A	; 90
 714:	bb cf       	rjmp	.-138    	; 0x68c <__LOCK_REGION_LENGTH__+0x28c>

00000716 <_exit>:
 716:	f8 94       	cli

00000718 <__stop_program>:
 718:	ff cf       	rjmp	.-2      	; 0x718 <__stop_program>
