
examples\arduino-float-math\build\arduino-float-math.ino.elf:     file format elf32-avr


Disassembly of section .text:

00000000 <__vectors>:
   0:	0c 94 6b 00 	jmp	0xd6	; 0xd6 <__ctors_end>
   4:	0c 94 88 00 	jmp	0x110	; 0x110 <__bad_interrupt>
   8:	0c 94 88 00 	jmp	0x110	; 0x110 <__bad_interrupt>
   c:	0c 94 88 00 	jmp	0x110	; 0x110 <__bad_interrupt>
  10:	0c 94 88 00 	jmp	0x110	; 0x110 <__bad_interrupt>
  14:	0c 94 88 00 	jmp	0x110	; 0x110 <__bad_interrupt>
  18:	0c 94 88 00 	jmp	0x110	; 0x110 <__bad_interrupt>
  1c:	0c 94 88 00 	jmp	0x110	; 0x110 <__bad_interrupt>
  20:	0c 94 88 00 	jmp	0x110	; 0x110 <__bad_interrupt>
  24:	0c 94 88 00 	jmp	0x110	; 0x110 <__bad_interrupt>
  28:	0c 94 88 00 	jmp	0x110	; 0x110 <__bad_interrupt>
  2c:	0c 94 88 00 	jmp	0x110	; 0x110 <__bad_interrupt>
  30:	0c 94 88 00 	jmp	0x110	; 0x110 <__bad_interrupt>
  34:	0c 94 88 00 	jmp	0x110	; 0x110 <__bad_interrupt>
  38:	0c 94 88 00 	jmp	0x110	; 0x110 <__bad_interrupt>
  3c:	0c 94 88 00 	jmp	0x110	; 0x110 <__bad_interrupt>
  40:	0c 94 8a 00 	jmp	0x114	; 0x114 <__vector_16>
  44:	0c 94 88 00 	jmp	0x110	; 0x110 <__bad_interrupt>
  48:	0c 94 88 00 	jmp	0x110	; 0x110 <__bad_interrupt>
  4c:	0c 94 88 00 	jmp	0x110	; 0x110 <__bad_interrupt>
  50:	0c 94 88 00 	jmp	0x110	; 0x110 <__bad_interrupt>
  54:	0c 94 88 00 	jmp	0x110	; 0x110 <__bad_interrupt>
  58:	0c 94 88 00 	jmp	0x110	; 0x110 <__bad_interrupt>
  5c:	0c 94 88 00 	jmp	0x110	; 0x110 <__bad_interrupt>
  60:	0c 94 88 00 	jmp	0x110	; 0x110 <__bad_interrupt>
  64:	0c 94 88 00 	jmp	0x110	; 0x110 <__bad_interrupt>
  68:	05 a8       	ldd	r0, Z+53	; 0x35
  6a:	4c cd       	rjmp	.-1384   	; 0xfffffb04 <__eeprom_end+0xff7efb04>
  6c:	b2 d4       	rcall	.+2404   	; 0x9d2 <__fp_cmp+0x42>
  6e:	4e b9       	out	0x0e, r20	; 14
  70:	38 36       	cpi	r19, 0x68	; 104
  72:	a9 02       	muls	r26, r25
  74:	0c 50       	subi	r16, 0x0C	; 12
  76:	b9 91       	ld	r27, Y+
  78:	86 88       	ldd	r8, Z+22	; 0x16
  7a:	08 3c       	cpi	r16, 0xC8	; 200
  7c:	a6 aa       	std	Z+54, r10	; 0x36
  7e:	aa 2a       	or	r10, r26
  80:	be 00       	.word	0x00be	; ????
  82:	00 00       	nop
  84:	80 3f       	cpi	r24, 0xF0	; 240

00000086 <port_to_mode_PGM>:
  86:	00 00 00 00 24 00 27 00 2a 00                       ....$.'.*.

00000090 <port_to_output_PGM>:
  90:	00 00 00 00 25 00 28 00 2b 00                       ....%.(.+.

0000009a <digital_pin_to_port_PGM>:
  9a:	04 04 04 04 04 04 04 04 02 02 02 02 02 02 03 03     ................
  aa:	03 03 03 03                                         ....

000000ae <digital_pin_to_bit_mask_PGM>:
  ae:	01 02 04 08 10 20 40 80 01 02 04 08 10 20 01 02     ..... @...... ..
  be:	04 08 10 20                                         ...

000000c2 <digital_pin_to_timer_PGM>:
  c2:	00 00 00 08 00 02 01 00 00 03 04 07 00 00 00 00     ................
  d2:	00 00 00 00                                         ....

000000d6 <__ctors_end>:
  d6:	11 24       	eor	r1, r1
  d8:	1f be       	out	0x3f, r1	; 63
  da:	cf ef       	ldi	r28, 0xFF	; 255
  dc:	d8 e0       	ldi	r29, 0x08	; 8
  de:	de bf       	out	0x3e, r29	; 62
  e0:	cd bf       	out	0x3d, r28	; 61

000000e2 <__do_copy_data>:
  e2:	11 e0       	ldi	r17, 0x01	; 1
  e4:	a0 e0       	ldi	r26, 0x00	; 0
  e6:	b1 e0       	ldi	r27, 0x01	; 1
  e8:	ec e7       	ldi	r30, 0x7C	; 124
  ea:	fa e0       	ldi	r31, 0x0A	; 10
  ec:	02 c0       	rjmp	.+4      	; 0xf2 <__do_copy_data+0x10>
  ee:	05 90       	lpm	r0, Z+
  f0:	0d 92       	st	X+, r0
  f2:	a4 30       	cpi	r26, 0x04	; 4
  f4:	b1 07       	cpc	r27, r17
  f6:	d9 f7       	brne	.-10     	; 0xee <__do_copy_data+0xc>

000000f8 <__do_clear_bss>:
  f8:	21 e0       	ldi	r18, 0x01	; 1
  fa:	a4 e0       	ldi	r26, 0x04	; 4
  fc:	b1 e0       	ldi	r27, 0x01	; 1
  fe:	01 c0       	rjmp	.+2      	; 0x102 <.do_clear_bss_start>

00000100 <.do_clear_bss_loop>:
 100:	1d 92       	st	X+, r1

00000102 <.do_clear_bss_start>:
 102:	a5 31       	cpi	r26, 0x15	; 21
 104:	b2 07       	cpc	r27, r18
 106:	e1 f7       	brne	.-8      	; 0x100 <.do_clear_bss_loop>
 108:	0e 94 d4 00 	call	0x1a8	; 0x1a8 <main>
 10c:	0c 94 3c 05 	jmp	0xa78	; 0xa78 <_exit>

00000110 <__bad_interrupt>:
 110:	0c 94 00 00 	jmp	0	; 0x0 <__vectors>

00000114 <__vector_16>:
 114:	1f 92       	push	r1
 116:	0f 92       	push	r0
 118:	0f b6       	in	r0, 0x3f	; 63
 11a:	0f 92       	push	r0
 11c:	11 24       	eor	r1, r1
 11e:	2f 93       	push	r18
 120:	3f 93       	push	r19
 122:	8f 93       	push	r24
 124:	9f 93       	push	r25
 126:	af 93       	push	r26
 128:	bf 93       	push	r27
 12a:	80 91 11 01 	lds	r24, 0x0111	; 0x800111 <timer0_millis>
 12e:	90 91 12 01 	lds	r25, 0x0112	; 0x800112 <timer0_millis+0x1>
 132:	a0 91 13 01 	lds	r26, 0x0113	; 0x800113 <timer0_millis+0x2>
 136:	b0 91 14 01 	lds	r27, 0x0114	; 0x800114 <timer0_millis+0x3>
 13a:	30 91 10 01 	lds	r19, 0x0110	; 0x800110 <timer0_fract>
 13e:	23 e0       	ldi	r18, 0x03	; 3
 140:	23 0f       	add	r18, r19
 142:	2d 37       	cpi	r18, 0x7D	; 125
 144:	58 f5       	brcc	.+86     	; 0x19c <__vector_16+0x88>
 146:	01 96       	adiw	r24, 0x01	; 1
 148:	a1 1d       	adc	r26, r1
 14a:	b1 1d       	adc	r27, r1
 14c:	20 93 10 01 	sts	0x0110, r18	; 0x800110 <timer0_fract>
 150:	80 93 11 01 	sts	0x0111, r24	; 0x800111 <timer0_millis>
 154:	90 93 12 01 	sts	0x0112, r25	; 0x800112 <timer0_millis+0x1>
 158:	a0 93 13 01 	sts	0x0113, r26	; 0x800113 <timer0_millis+0x2>
 15c:	b0 93 14 01 	sts	0x0114, r27	; 0x800114 <timer0_millis+0x3>
 160:	80 91 0c 01 	lds	r24, 0x010C	; 0x80010c <timer0_overflow_count>
 164:	90 91 0d 01 	lds	r25, 0x010D	; 0x80010d <timer0_overflow_count+0x1>
 168:	a0 91 0e 01 	lds	r26, 0x010E	; 0x80010e <timer0_overflow_count+0x2>
 16c:	b0 91 0f 01 	lds	r27, 0x010F	; 0x80010f <timer0_overflow_count+0x3>
 170:	01 96       	adiw	r24, 0x01	; 1
 172:	a1 1d       	adc	r26, r1
 174:	b1 1d       	adc	r27, r1
 176:	80 93 0c 01 	sts	0x010C, r24	; 0x80010c <timer0_overflow_count>
 17a:	90 93 0d 01 	sts	0x010D, r25	; 0x80010d <timer0_overflow_count+0x1>
 17e:	a0 93 0e 01 	sts	0x010E, r26	; 0x80010e <timer0_overflow_count+0x2>
 182:	b0 93 0f 01 	sts	0x010F, r27	; 0x80010f <timer0_overflow_count+0x3>
 186:	bf 91       	pop	r27
 188:	af 91       	pop	r26
 18a:	9f 91       	pop	r25
 18c:	8f 91       	pop	r24
 18e:	3f 91       	pop	r19
 190:	2f 91       	pop	r18
 192:	0f 90       	pop	r0
 194:	0f be       	out	0x3f, r0	; 63
 196:	0f 90       	pop	r0
 198:	1f 90       	pop	r1
 19a:	18 95       	reti
 19c:	26 e8       	ldi	r18, 0x86	; 134
 19e:	23 0f       	add	r18, r19
 1a0:	02 96       	adiw	r24, 0x02	; 2
 1a2:	a1 1d       	adc	r26, r1
 1a4:	b1 1d       	adc	r27, r1
 1a6:	d2 cf       	rjmp	.-92     	; 0x14c <__vector_16+0x38>

000001a8 <main>:
 1a8:	78 94       	sei
 1aa:	84 b5       	in	r24, 0x24	; 36
 1ac:	82 60       	ori	r24, 0x02	; 2
 1ae:	84 bd       	out	0x24, r24	; 36
 1b0:	84 b5       	in	r24, 0x24	; 36
 1b2:	81 60       	ori	r24, 0x01	; 1
 1b4:	84 bd       	out	0x24, r24	; 36
 1b6:	85 b5       	in	r24, 0x25	; 37
 1b8:	82 60       	ori	r24, 0x02	; 2
 1ba:	85 bd       	out	0x25, r24	; 37
 1bc:	85 b5       	in	r24, 0x25	; 37
 1be:	81 60       	ori	r24, 0x01	; 1
 1c0:	85 bd       	out	0x25, r24	; 37
 1c2:	80 91 6e 00 	lds	r24, 0x006E	; 0x80006e <__DATA_REGION_ORIGIN__+0xe>
 1c6:	81 60       	ori	r24, 0x01	; 1
 1c8:	80 93 6e 00 	sts	0x006E, r24	; 0x80006e <__DATA_REGION_ORIGIN__+0xe>
 1cc:	10 92 81 00 	sts	0x0081, r1	; 0x800081 <__DATA_REGION_ORIGIN__+0x21>
 1d0:	80 91 81 00 	lds	r24, 0x0081	; 0x800081 <__DATA_REGION_ORIGIN__+0x21>
 1d4:	82 60       	ori	r24, 0x02	; 2
 1d6:	80 93 81 00 	sts	0x0081, r24	; 0x800081 <__DATA_REGION_ORIGIN__+0x21>
 1da:	80 91 81 00 	lds	r24, 0x0081	; 0x800081 <__DATA_REGION_ORIGIN__+0x21>
 1de:	81 60       	ori	r24, 0x01	; 1
 1e0:	80 93 81 00 	sts	0x0081, r24	; 0x800081 <__DATA_REGION_ORIGIN__+0x21>
 1e4:	80 91 80 00 	lds	r24, 0x0080	; 0x800080 <__DATA_REGION_ORIGIN__+0x20>
 1e8:	81 60       	ori	r24, 0x01	; 1
 1ea:	80 93 80 00 	sts	0x0080, r24	; 0x800080 <__DATA_REGION_ORIGIN__+0x20>
 1ee:	80 91 b1 00 	lds	r24, 0x00B1	; 0x8000b1 <__DATA_REGION_ORIGIN__+0x51>
 1f2:	84 60       	ori	r24, 0x04	; 4
 1f4:	80 93 b1 00 	sts	0x00B1, r24	; 0x8000b1 <__DATA_REGION_ORIGIN__+0x51>
 1f8:	80 91 b0 00 	lds	r24, 0x00B0	; 0x8000b0 <__DATA_REGION_ORIGIN__+0x50>
 1fc:	81 60       	ori	r24, 0x01	; 1
 1fe:	80 93 b0 00 	sts	0x00B0, r24	; 0x8000b0 <__DATA_REGION_ORIGIN__+0x50>
 202:	80 91 7a 00 	lds	r24, 0x007A	; 0x80007a <__DATA_REGION_ORIGIN__+0x1a>
 206:	84 60       	ori	r24, 0x04	; 4
 208:	80 93 7a 00 	sts	0x007A, r24	; 0x80007a <__DATA_REGION_ORIGIN__+0x1a>
 20c:	80 91 7a 00 	lds	r24, 0x007A	; 0x80007a <__DATA_REGION_ORIGIN__+0x1a>
 210:	82 60       	ori	r24, 0x02	; 2
 212:	80 93 7a 00 	sts	0x007A, r24	; 0x80007a <__DATA_REGION_ORIGIN__+0x1a>
 216:	80 91 7a 00 	lds	r24, 0x007A	; 0x80007a <__DATA_REGION_ORIGIN__+0x1a>
 21a:	81 60       	ori	r24, 0x01	; 1
 21c:	80 93 7a 00 	sts	0x007A, r24	; 0x80007a <__DATA_REGION_ORIGIN__+0x1a>
 220:	80 91 7a 00 	lds	r24, 0x007A	; 0x80007a <__DATA_REGION_ORIGIN__+0x1a>
 224:	80 68       	ori	r24, 0x80	; 128
 226:	80 93 7a 00 	sts	0x007A, r24	; 0x80007a <__DATA_REGION_ORIGIN__+0x1a>
 22a:	10 92 c1 00 	sts	0x00C1, r1	; 0x8000c1 <__DATA_REGION_ORIGIN__+0x61>
 22e:	cb eb       	ldi	r28, 0xBB	; 187
 230:	d0 e0       	ldi	r29, 0x00	; 0
 232:	fe 01       	movw	r30, r28
 234:	24 91       	lpm	r18, Z
 236:	07 ea       	ldi	r16, 0xA7	; 167
 238:	10 e0       	ldi	r17, 0x00	; 0
 23a:	f8 01       	movw	r30, r16
 23c:	84 91       	lpm	r24, Z
 23e:	88 23       	and	r24, r24
 240:	99 f0       	breq	.+38     	; 0x268 <main+0xc0>
 242:	90 e0       	ldi	r25, 0x00	; 0
 244:	88 0f       	add	r24, r24
 246:	99 1f       	adc	r25, r25
 248:	fc 01       	movw	r30, r24
 24a:	ea 57       	subi	r30, 0x7A	; 122
 24c:	ff 4f       	sbci	r31, 0xFF	; 255
 24e:	a5 91       	lpm	r26, Z+
 250:	b4 91       	lpm	r27, Z
 252:	fc 01       	movw	r30, r24
 254:	e0 57       	subi	r30, 0x70	; 112
 256:	ff 4f       	sbci	r31, 0xFF	; 255
 258:	85 91       	lpm	r24, Z+
 25a:	94 91       	lpm	r25, Z
 25c:	8f b7       	in	r24, 0x3f	; 63
 25e:	f8 94       	cli
 260:	9c 91       	ld	r25, X
 262:	29 2b       	or	r18, r25
 264:	2c 93       	st	X, r18
 266:	8f bf       	out	0x3f, r24	; 63
 268:	3f ec       	ldi	r19, 0xCF	; 207
 26a:	83 2e       	mov	r8, r19
 26c:	30 e0       	ldi	r19, 0x00	; 0
 26e:	93 2e       	mov	r9, r19
 270:	40 e0       	ldi	r20, 0x00	; 0
 272:	a4 2e       	mov	r10, r20
 274:	40 e0       	ldi	r20, 0x00	; 0
 276:	b4 2e       	mov	r11, r20
 278:	60 91 08 01 	lds	r22, 0x0108	; 0x800108 <iterations>
 27c:	70 91 09 01 	lds	r23, 0x0109	; 0x800109 <iterations+0x1>
 280:	80 91 0a 01 	lds	r24, 0x010A	; 0x80010a <iterations+0x2>
 284:	90 91 0b 01 	lds	r25, 0x010B	; 0x80010b <iterations+0x3>
 288:	c0 90 00 01 	lds	r12, 0x0100	; 0x800100 <seed>
 28c:	d0 90 01 01 	lds	r13, 0x0101	; 0x800101 <seed+0x1>
 290:	e0 90 02 01 	lds	r14, 0x0102	; 0x800102 <seed+0x2>
 294:	f0 90 03 01 	lds	r15, 0x0103	; 0x800103 <seed+0x3>
 298:	6f 71       	andi	r22, 0x1F	; 31
 29a:	77 27       	eor	r23, r23
 29c:	88 27       	eor	r24, r24
 29e:	99 27       	eor	r25, r25
 2a0:	0e 94 3b 03 	call	0x676	; 0x676 <__floatunsisf>
 2a4:	20 e0       	ldi	r18, 0x00	; 0
 2a6:	30 e0       	ldi	r19, 0x00	; 0
 2a8:	40 e0       	ldi	r20, 0x00	; 0
 2aa:	5d e3       	ldi	r21, 0x3D	; 61
 2ac:	0e 94 0d 04 	call	0x81a	; 0x81a <__mulsf3>
 2b0:	a7 01       	movw	r20, r14
 2b2:	96 01       	movw	r18, r12
 2b4:	0e 94 58 02 	call	0x4b0	; 0x4b0 <__addsf3>
 2b8:	6b 01       	movw	r12, r22
 2ba:	7c 01       	movw	r14, r24
 2bc:	0e 94 7a 04 	call	0x8f4	; 0x8f4 <sin>
 2c0:	2b 01       	movw	r4, r22
 2c2:	3c 01       	movw	r6, r24
 2c4:	20 e0       	ldi	r18, 0x00	; 0
 2c6:	30 e0       	ldi	r19, 0x00	; 0
 2c8:	40 e0       	ldi	r20, 0x00	; 0
 2ca:	5f e3       	ldi	r21, 0x3F	; 63
 2cc:	c7 01       	movw	r24, r14
 2ce:	b6 01       	movw	r22, r12
 2d0:	0e 94 0d 04 	call	0x81a	; 0x81a <__mulsf3>
 2d4:	0e 94 c4 02 	call	0x588	; 0x588 <cos>
 2d8:	9b 01       	movw	r18, r22
 2da:	ac 01       	movw	r20, r24
 2dc:	c3 01       	movw	r24, r6
 2de:	b2 01       	movw	r22, r4
 2e0:	0e 94 58 02 	call	0x4b0	; 0x4b0 <__addsf3>
 2e4:	2b 01       	movw	r4, r22
 2e6:	3c 01       	movw	r6, r24
 2e8:	9f 77       	andi	r25, 0x7F	; 127
 2ea:	20 e0       	ldi	r18, 0x00	; 0
 2ec:	30 e0       	ldi	r19, 0x00	; 0
 2ee:	40 e8       	ldi	r20, 0x80	; 128
 2f0:	5e e3       	ldi	r21, 0x3E	; 62
 2f2:	0e 94 58 02 	call	0x4b0	; 0x4b0 <__addsf3>
 2f6:	0e 94 88 04 	call	0x910	; 0x910 <sqrt>
 2fa:	9b 01       	movw	r18, r22
 2fc:	ac 01       	movw	r20, r24
 2fe:	c0 90 08 01 	lds	r12, 0x0108	; 0x800108 <iterations>
 302:	d0 90 09 01 	lds	r13, 0x0109	; 0x800109 <iterations+0x1>
 306:	e0 90 0a 01 	lds	r14, 0x010A	; 0x80010a <iterations+0x2>
 30a:	f0 90 0b 01 	lds	r15, 0x010B	; 0x80010b <iterations+0x3>
 30e:	c3 01       	movw	r24, r6
 310:	b2 01       	movw	r22, r4
 312:	0e 94 0d 04 	call	0x81a	; 0x81a <__mulsf3>
 316:	2b 01       	movw	r4, r22
 318:	3c 01       	movw	r6, r24
 31a:	f7 e0       	ldi	r31, 0x07	; 7
 31c:	cf 22       	and	r12, r31
 31e:	dd 24       	eor	r13, r13
 320:	ee 24       	eor	r14, r14
 322:	ff 24       	eor	r15, r15
 324:	c7 01       	movw	r24, r14
 326:	b6 01       	movw	r22, r12
 328:	6f 5f       	subi	r22, 0xFF	; 255
 32a:	7f 4f       	sbci	r23, 0xFF	; 255
 32c:	8f 4f       	sbci	r24, 0xFF	; 255
 32e:	9f 4f       	sbci	r25, 0xFF	; 255
 330:	0e 94 3b 03 	call	0x676	; 0x676 <__floatunsisf>
 334:	20 e0       	ldi	r18, 0x00	; 0
 336:	30 e0       	ldi	r19, 0x00	; 0
 338:	40 e8       	ldi	r20, 0x80	; 128
 33a:	5f e3       	ldi	r21, 0x3F	; 63
 33c:	0e 94 58 02 	call	0x4b0	; 0x4b0 <__addsf3>
 340:	9b 01       	movw	r18, r22
 342:	ac 01       	movw	r20, r24
 344:	c3 01       	movw	r24, r6
 346:	b2 01       	movw	r22, r4
 348:	0e 94 c9 02 	call	0x592	; 0x592 <__divsf3>
 34c:	6b 01       	movw	r12, r22
 34e:	7c 01       	movw	r14, r24
 350:	20 91 04 01 	lds	r18, 0x0104	; 0x800104 <result>
 354:	30 91 05 01 	lds	r19, 0x0105	; 0x800105 <result+0x1>
 358:	40 91 06 01 	lds	r20, 0x0106	; 0x800106 <result+0x2>
 35c:	50 91 07 01 	lds	r21, 0x0107	; 0x800107 <result+0x3>
 360:	0e 94 58 02 	call	0x4b0	; 0x4b0 <__addsf3>
 364:	60 93 04 01 	sts	0x0104, r22	; 0x800104 <result>
 368:	70 93 05 01 	sts	0x0105, r23	; 0x800105 <result+0x1>
 36c:	80 93 06 01 	sts	0x0106, r24	; 0x800106 <result+0x2>
 370:	90 93 07 01 	sts	0x0107, r25	; 0x800107 <result+0x3>
 374:	60 91 04 01 	lds	r22, 0x0104	; 0x800104 <result>
 378:	70 91 05 01 	lds	r23, 0x0105	; 0x800105 <result+0x1>
 37c:	80 91 06 01 	lds	r24, 0x0106	; 0x800106 <result+0x2>
 380:	90 91 07 01 	lds	r25, 0x0107	; 0x800107 <result+0x3>
 384:	27 e1       	ldi	r18, 0x17	; 23
 386:	37 eb       	ldi	r19, 0xB7	; 183
 388:	41 ed       	ldi	r20, 0xD1	; 209
 38a:	58 e3       	ldi	r21, 0x38	; 56
 38c:	0e 94 0d 04 	call	0x81a	; 0x81a <__mulsf3>
 390:	a7 01       	movw	r20, r14
 392:	96 01       	movw	r18, r12
 394:	0e 94 58 02 	call	0x4b0	; 0x4b0 <__addsf3>
 398:	60 93 00 01 	sts	0x0100, r22	; 0x800100 <seed>
 39c:	70 93 01 01 	sts	0x0101, r23	; 0x800101 <seed+0x1>
 3a0:	80 93 02 01 	sts	0x0102, r24	; 0x800102 <seed+0x2>
 3a4:	90 93 03 01 	sts	0x0103, r25	; 0x800103 <seed+0x3>
 3a8:	80 91 08 01 	lds	r24, 0x0108	; 0x800108 <iterations>
 3ac:	90 91 09 01 	lds	r25, 0x0109	; 0x800109 <iterations+0x1>
 3b0:	a0 91 0a 01 	lds	r26, 0x010A	; 0x80010a <iterations+0x2>
 3b4:	b0 91 0b 01 	lds	r27, 0x010B	; 0x80010b <iterations+0x3>
 3b8:	8f 70       	andi	r24, 0x0F	; 15
 3ba:	99 27       	eor	r25, r25
 3bc:	aa 27       	eor	r26, r26
 3be:	bb 27       	eor	r27, r27
 3c0:	89 2b       	or	r24, r25
 3c2:	8a 2b       	or	r24, r26
 3c4:	8b 2b       	or	r24, r27
 3c6:	09 f0       	breq	.+2      	; 0x3ca <main+0x222>
 3c8:	34 c0       	rjmp	.+104    	; 0x432 <__LOCK_REGION_LENGTH__+0x32>
 3ca:	60 91 04 01 	lds	r22, 0x0104	; 0x800104 <result>
 3ce:	70 91 05 01 	lds	r23, 0x0105	; 0x800105 <result+0x1>
 3d2:	80 91 06 01 	lds	r24, 0x0106	; 0x800106 <result+0x2>
 3d6:	90 91 07 01 	lds	r25, 0x0107	; 0x800107 <result+0x3>
 3da:	f4 01       	movw	r30, r8
 3dc:	24 91       	lpm	r18, Z
 3de:	fe 01       	movw	r30, r28
 3e0:	d4 90       	lpm	r13, Z
 3e2:	f8 01       	movw	r30, r16
 3e4:	34 91       	lpm	r19, Z
 3e6:	33 23       	and	r19, r19
 3e8:	21 f1       	breq	.+72     	; 0x432 <__LOCK_REGION_LENGTH__+0x32>
 3ea:	22 23       	and	r18, r18
 3ec:	51 f0       	breq	.+20     	; 0x402 <__LOCK_REGION_LENGTH__+0x2>
 3ee:	23 30       	cpi	r18, 0x03	; 3
 3f0:	09 f4       	brne	.+2      	; 0x3f4 <main+0x24c>
 3f2:	43 c0       	rjmp	.+134    	; 0x47a <__LOCK_REGION_LENGTH__+0x7a>
 3f4:	c0 f5       	brcc	.+112    	; 0x466 <__LOCK_REGION_LENGTH__+0x66>
 3f6:	21 30       	cpi	r18, 0x01	; 1
 3f8:	09 f4       	brne	.+2      	; 0x3fc <main+0x254>
 3fa:	45 c0       	rjmp	.+138    	; 0x486 <__LOCK_REGION_LENGTH__+0x86>
 3fc:	22 30       	cpi	r18, 0x02	; 2
 3fe:	09 f4       	brne	.+2      	; 0x402 <__LOCK_REGION_LENGTH__+0x2>
 400:	46 c0       	rjmp	.+140    	; 0x48e <__LOCK_REGION_LENGTH__+0x8e>
 402:	e3 2f       	mov	r30, r19
 404:	f0 e0       	ldi	r31, 0x00	; 0
 406:	ee 0f       	add	r30, r30
 408:	ff 1f       	adc	r31, r31
 40a:	e0 57       	subi	r30, 0x70	; 112
 40c:	ff 4f       	sbci	r31, 0xFF	; 255
 40e:	e5 90       	lpm	r14, Z+
 410:	f4 90       	lpm	r15, Z
 412:	cf b6       	in	r12, 0x3f	; 63
 414:	f8 94       	cli
 416:	20 e0       	ldi	r18, 0x00	; 0
 418:	30 e0       	ldi	r19, 0x00	; 0
 41a:	a9 01       	movw	r20, r18
 41c:	0e 94 08 04 	call	0x810	; 0x810 <__gesf2>
 420:	f7 01       	movw	r30, r14
 422:	18 16       	cp	r1, r24
 424:	0c f4       	brge	.+2      	; 0x428 <__LOCK_REGION_LENGTH__+0x28>
 426:	40 c0       	rjmp	.+128    	; 0x4a8 <__LOCK_REGION_LENGTH__+0xa8>
 428:	80 81       	ld	r24, Z
 42a:	d0 94       	com	r13
 42c:	d8 22       	and	r13, r24
 42e:	d0 82       	st	Z, r13
 430:	cf be       	out	0x3f, r12	; 63
 432:	80 91 08 01 	lds	r24, 0x0108	; 0x800108 <iterations>
 436:	90 91 09 01 	lds	r25, 0x0109	; 0x800109 <iterations+0x1>
 43a:	a0 91 0a 01 	lds	r26, 0x010A	; 0x80010a <iterations+0x2>
 43e:	b0 91 0b 01 	lds	r27, 0x010B	; 0x80010b <iterations+0x3>
 442:	01 96       	adiw	r24, 0x01	; 1
 444:	a1 1d       	adc	r26, r1
 446:	b1 1d       	adc	r27, r1
 448:	80 93 08 01 	sts	0x0108, r24	; 0x800108 <iterations>
 44c:	90 93 09 01 	sts	0x0109, r25	; 0x800109 <iterations+0x1>
 450:	a0 93 0a 01 	sts	0x010A, r26	; 0x80010a <iterations+0x2>
 454:	b0 93 0b 01 	sts	0x010B, r27	; 0x80010b <iterations+0x3>
 458:	a1 14       	cp	r10, r1
 45a:	b1 04       	cpc	r11, r1
 45c:	09 f4       	brne	.+2      	; 0x460 <__LOCK_REGION_LENGTH__+0x60>
 45e:	0c cf       	rjmp	.-488    	; 0x278 <main+0xd0>
 460:	0e 94 00 00 	call	0	; 0x0 <__vectors>
 464:	09 cf       	rjmp	.-494    	; 0x278 <main+0xd0>
 466:	27 30       	cpi	r18, 0x07	; 7
 468:	a9 f0       	breq	.+42     	; 0x494 <__LOCK_REGION_LENGTH__+0x94>
 46a:	28 30       	cpi	r18, 0x08	; 8
 46c:	c9 f0       	breq	.+50     	; 0x4a0 <__LOCK_REGION_LENGTH__+0xa0>
 46e:	24 30       	cpi	r18, 0x04	; 4
 470:	41 f6       	brne	.-112    	; 0x402 <__LOCK_REGION_LENGTH__+0x2>
 472:	20 91 80 00 	lds	r18, 0x0080	; 0x800080 <__DATA_REGION_ORIGIN__+0x20>
 476:	2f 7d       	andi	r18, 0xDF	; 223
 478:	03 c0       	rjmp	.+6      	; 0x480 <__LOCK_REGION_LENGTH__+0x80>
 47a:	20 91 80 00 	lds	r18, 0x0080	; 0x800080 <__DATA_REGION_ORIGIN__+0x20>
 47e:	2f 77       	andi	r18, 0x7F	; 127
 480:	20 93 80 00 	sts	0x0080, r18	; 0x800080 <__DATA_REGION_ORIGIN__+0x20>
 484:	be cf       	rjmp	.-132    	; 0x402 <__LOCK_REGION_LENGTH__+0x2>
 486:	24 b5       	in	r18, 0x24	; 36
 488:	2f 77       	andi	r18, 0x7F	; 127
 48a:	24 bd       	out	0x24, r18	; 36
 48c:	ba cf       	rjmp	.-140    	; 0x402 <__LOCK_REGION_LENGTH__+0x2>
 48e:	24 b5       	in	r18, 0x24	; 36
 490:	2f 7d       	andi	r18, 0xDF	; 223
 492:	fb cf       	rjmp	.-10     	; 0x48a <__LOCK_REGION_LENGTH__+0x8a>
 494:	20 91 b0 00 	lds	r18, 0x00B0	; 0x8000b0 <__DATA_REGION_ORIGIN__+0x50>
 498:	2f 77       	andi	r18, 0x7F	; 127
 49a:	20 93 b0 00 	sts	0x00B0, r18	; 0x8000b0 <__DATA_REGION_ORIGIN__+0x50>
 49e:	b1 cf       	rjmp	.-158    	; 0x402 <__LOCK_REGION_LENGTH__+0x2>
 4a0:	20 91 b0 00 	lds	r18, 0x00B0	; 0x8000b0 <__DATA_REGION_ORIGIN__+0x50>
 4a4:	2f 7d       	andi	r18, 0xDF	; 223
 4a6:	f9 cf       	rjmp	.-14     	; 0x49a <__LOCK_REGION_LENGTH__+0x9a>
 4a8:	80 81       	ld	r24, Z
 4aa:	d8 2a       	or	r13, r24
 4ac:	c0 cf       	rjmp	.-128    	; 0x42e <__LOCK_REGION_LENGTH__+0x2e>

000004ae <__subsf3>:
 4ae:	50 58       	subi	r21, 0x80	; 128

000004b0 <__addsf3>:
 4b0:	bb 27       	eor	r27, r27
 4b2:	aa 27       	eor	r26, r26
 4b4:	0e 94 6f 02 	call	0x4de	; 0x4de <__addsf3x>
 4b8:	0c 94 ba 03 	jmp	0x774	; 0x774 <__fp_round>
 4bc:	0e 94 81 03 	call	0x702	; 0x702 <__fp_pscA>
 4c0:	38 f0       	brcs	.+14     	; 0x4d0 <__addsf3+0x20>
 4c2:	0e 94 88 03 	call	0x710	; 0x710 <__fp_pscB>
 4c6:	20 f0       	brcs	.+8      	; 0x4d0 <__addsf3+0x20>
 4c8:	39 f4       	brne	.+14     	; 0x4d8 <__addsf3+0x28>
 4ca:	9f 3f       	cpi	r25, 0xFF	; 255
 4cc:	19 f4       	brne	.+6      	; 0x4d4 <__addsf3+0x24>
 4ce:	26 f4       	brtc	.+8      	; 0x4d8 <__addsf3+0x28>
 4d0:	0c 94 7e 03 	jmp	0x6fc	; 0x6fc <__fp_nan>
 4d4:	0e f4       	brtc	.+2      	; 0x4d8 <__addsf3+0x28>
 4d6:	e0 95       	com	r30
 4d8:	e7 fb       	bst	r30, 7
 4da:	0c 94 78 03 	jmp	0x6f0	; 0x6f0 <__fp_inf>

000004de <__addsf3x>:
 4de:	e9 2f       	mov	r30, r25
 4e0:	0e 94 df 03 	call	0x7be	; 0x7be <__fp_split3>
 4e4:	58 f3       	brcs	.-42     	; 0x4bc <__addsf3+0xc>
 4e6:	ba 17       	cp	r27, r26
 4e8:	62 07       	cpc	r22, r18
 4ea:	73 07       	cpc	r23, r19
 4ec:	84 07       	cpc	r24, r20
 4ee:	95 07       	cpc	r25, r21
 4f0:	20 f0       	brcs	.+8      	; 0x4fa <__addsf3x+0x1c>
 4f2:	79 f4       	brne	.+30     	; 0x512 <__addsf3x+0x34>
 4f4:	a6 f5       	brtc	.+104    	; 0x55e <__addsf3x+0x80>
 4f6:	0c 94 01 04 	jmp	0x802	; 0x802 <__fp_zero>
 4fa:	0e f4       	brtc	.+2      	; 0x4fe <__addsf3x+0x20>
 4fc:	e0 95       	com	r30
 4fe:	0b 2e       	mov	r0, r27
 500:	ba 2f       	mov	r27, r26
 502:	a0 2d       	mov	r26, r0
 504:	0b 01       	movw	r0, r22
 506:	b9 01       	movw	r22, r18
 508:	90 01       	movw	r18, r0
 50a:	0c 01       	movw	r0, r24
 50c:	ca 01       	movw	r24, r20
 50e:	a0 01       	movw	r20, r0
 510:	11 24       	eor	r1, r1
 512:	ff 27       	eor	r31, r31
 514:	59 1b       	sub	r21, r25
 516:	99 f0       	breq	.+38     	; 0x53e <__addsf3x+0x60>
 518:	59 3f       	cpi	r21, 0xF9	; 249
 51a:	50 f4       	brcc	.+20     	; 0x530 <__addsf3x+0x52>
 51c:	50 3e       	cpi	r21, 0xE0	; 224
 51e:	68 f1       	brcs	.+90     	; 0x57a <__addsf3x+0x9c>
 520:	1a 16       	cp	r1, r26
 522:	f0 40       	sbci	r31, 0x00	; 0
 524:	a2 2f       	mov	r26, r18
 526:	23 2f       	mov	r18, r19
 528:	34 2f       	mov	r19, r20
 52a:	44 27       	eor	r20, r20
 52c:	58 5f       	subi	r21, 0xF8	; 248
 52e:	f3 cf       	rjmp	.-26     	; 0x516 <__addsf3x+0x38>
 530:	46 95       	lsr	r20
 532:	37 95       	ror	r19
 534:	27 95       	ror	r18
 536:	a7 95       	ror	r26
 538:	f0 40       	sbci	r31, 0x00	; 0
 53a:	53 95       	inc	r21
 53c:	c9 f7       	brne	.-14     	; 0x530 <__addsf3x+0x52>
 53e:	7e f4       	brtc	.+30     	; 0x55e <__addsf3x+0x80>
 540:	1f 16       	cp	r1, r31
 542:	ba 0b       	sbc	r27, r26
 544:	62 0b       	sbc	r22, r18
 546:	73 0b       	sbc	r23, r19
 548:	84 0b       	sbc	r24, r20
 54a:	ba f0       	brmi	.+46     	; 0x57a <__addsf3x+0x9c>
 54c:	91 50       	subi	r25, 0x01	; 1
 54e:	a1 f0       	breq	.+40     	; 0x578 <__addsf3x+0x9a>
 550:	ff 0f       	add	r31, r31
 552:	bb 1f       	adc	r27, r27
 554:	66 1f       	adc	r22, r22
 556:	77 1f       	adc	r23, r23
 558:	88 1f       	adc	r24, r24
 55a:	c2 f7       	brpl	.-16     	; 0x54c <__addsf3x+0x6e>
 55c:	0e c0       	rjmp	.+28     	; 0x57a <__addsf3x+0x9c>
 55e:	ba 0f       	add	r27, r26
 560:	62 1f       	adc	r22, r18
 562:	73 1f       	adc	r23, r19
 564:	84 1f       	adc	r24, r20
 566:	48 f4       	brcc	.+18     	; 0x57a <__addsf3x+0x9c>
 568:	87 95       	ror	r24
 56a:	77 95       	ror	r23
 56c:	67 95       	ror	r22
 56e:	b7 95       	ror	r27
 570:	f7 95       	ror	r31
 572:	9e 3f       	cpi	r25, 0xFE	; 254
 574:	08 f0       	brcs	.+2      	; 0x578 <__addsf3x+0x9a>
 576:	b0 cf       	rjmp	.-160    	; 0x4d8 <__addsf3+0x28>
 578:	93 95       	inc	r25
 57a:	88 0f       	add	r24, r24
 57c:	08 f0       	brcs	.+2      	; 0x580 <__addsf3x+0xa2>
 57e:	99 27       	eor	r25, r25
 580:	ee 0f       	add	r30, r30
 582:	97 95       	ror	r25
 584:	87 95       	ror	r24
 586:	08 95       	ret

00000588 <cos>:
 588:	0e 94 91 03 	call	0x722	; 0x722 <__fp_rempio2>
 58c:	e3 95       	inc	r30
 58e:	0c 94 cb 03 	jmp	0x796	; 0x796 <__fp_sinus>

00000592 <__divsf3>:
 592:	0e 94 dd 02 	call	0x5ba	; 0x5ba <__divsf3x>
 596:	0c 94 ba 03 	jmp	0x774	; 0x774 <__fp_round>
 59a:	0e 94 88 03 	call	0x710	; 0x710 <__fp_pscB>
 59e:	58 f0       	brcs	.+22     	; 0x5b6 <__divsf3+0x24>
 5a0:	0e 94 81 03 	call	0x702	; 0x702 <__fp_pscA>
 5a4:	40 f0       	brcs	.+16     	; 0x5b6 <__divsf3+0x24>
 5a6:	29 f4       	brne	.+10     	; 0x5b2 <__divsf3+0x20>
 5a8:	5f 3f       	cpi	r21, 0xFF	; 255
 5aa:	29 f0       	breq	.+10     	; 0x5b6 <__divsf3+0x24>
 5ac:	0c 94 78 03 	jmp	0x6f0	; 0x6f0 <__fp_inf>
 5b0:	51 11       	cpse	r21, r1
 5b2:	0c 94 02 04 	jmp	0x804	; 0x804 <__fp_szero>
 5b6:	0c 94 7e 03 	jmp	0x6fc	; 0x6fc <__fp_nan>

000005ba <__divsf3x>:
 5ba:	0e 94 df 03 	call	0x7be	; 0x7be <__fp_split3>
 5be:	68 f3       	brcs	.-38     	; 0x59a <__divsf3+0x8>

000005c0 <__divsf3_pse>:
 5c0:	99 23       	and	r25, r25
 5c2:	b1 f3       	breq	.-20     	; 0x5b0 <__divsf3+0x1e>
 5c4:	55 23       	and	r21, r21
 5c6:	91 f3       	breq	.-28     	; 0x5ac <__divsf3+0x1a>
 5c8:	95 1b       	sub	r25, r21
 5ca:	55 0b       	sbc	r21, r21
 5cc:	bb 27       	eor	r27, r27
 5ce:	aa 27       	eor	r26, r26
 5d0:	62 17       	cp	r22, r18
 5d2:	73 07       	cpc	r23, r19
 5d4:	84 07       	cpc	r24, r20
 5d6:	38 f0       	brcs	.+14     	; 0x5e6 <__divsf3_pse+0x26>
 5d8:	9f 5f       	subi	r25, 0xFF	; 255
 5da:	5f 4f       	sbci	r21, 0xFF	; 255
 5dc:	22 0f       	add	r18, r18
 5de:	33 1f       	adc	r19, r19
 5e0:	44 1f       	adc	r20, r20
 5e2:	aa 1f       	adc	r26, r26
 5e4:	a9 f3       	breq	.-22     	; 0x5d0 <__divsf3_pse+0x10>
 5e6:	35 d0       	rcall	.+106    	; 0x652 <__divsf3_pse+0x92>
 5e8:	0e 2e       	mov	r0, r30
 5ea:	3a f0       	brmi	.+14     	; 0x5fa <__divsf3_pse+0x3a>
 5ec:	e0 e8       	ldi	r30, 0x80	; 128
 5ee:	32 d0       	rcall	.+100    	; 0x654 <__divsf3_pse+0x94>
 5f0:	91 50       	subi	r25, 0x01	; 1
 5f2:	50 40       	sbci	r21, 0x00	; 0
 5f4:	e6 95       	lsr	r30
 5f6:	00 1c       	adc	r0, r0
 5f8:	ca f7       	brpl	.-14     	; 0x5ec <__divsf3_pse+0x2c>
 5fa:	2b d0       	rcall	.+86     	; 0x652 <__divsf3_pse+0x92>
 5fc:	fe 2f       	mov	r31, r30
 5fe:	29 d0       	rcall	.+82     	; 0x652 <__divsf3_pse+0x92>
 600:	66 0f       	add	r22, r22
 602:	77 1f       	adc	r23, r23
 604:	88 1f       	adc	r24, r24
 606:	bb 1f       	adc	r27, r27
 608:	26 17       	cp	r18, r22
 60a:	37 07       	cpc	r19, r23
 60c:	48 07       	cpc	r20, r24
 60e:	ab 07       	cpc	r26, r27
 610:	b0 e8       	ldi	r27, 0x80	; 128
 612:	09 f0       	breq	.+2      	; 0x616 <__divsf3_pse+0x56>
 614:	bb 0b       	sbc	r27, r27
 616:	80 2d       	mov	r24, r0
 618:	bf 01       	movw	r22, r30
 61a:	ff 27       	eor	r31, r31
 61c:	93 58       	subi	r25, 0x83	; 131
 61e:	5f 4f       	sbci	r21, 0xFF	; 255
 620:	3a f0       	brmi	.+14     	; 0x630 <__divsf3_pse+0x70>
 622:	9e 3f       	cpi	r25, 0xFE	; 254
 624:	51 05       	cpc	r21, r1
 626:	78 f0       	brcs	.+30     	; 0x646 <__divsf3_pse+0x86>
 628:	0c 94 78 03 	jmp	0x6f0	; 0x6f0 <__fp_inf>
 62c:	0c 94 02 04 	jmp	0x804	; 0x804 <__fp_szero>
 630:	5f 3f       	cpi	r21, 0xFF	; 255
 632:	e4 f3       	brlt	.-8      	; 0x62c <__divsf3_pse+0x6c>
 634:	98 3e       	cpi	r25, 0xE8	; 232
 636:	d4 f3       	brlt	.-12     	; 0x62c <__divsf3_pse+0x6c>
 638:	86 95       	lsr	r24
 63a:	77 95       	ror	r23
 63c:	67 95       	ror	r22
 63e:	b7 95       	ror	r27
 640:	f7 95       	ror	r31
 642:	9f 5f       	subi	r25, 0xFF	; 255
 644:	c9 f7       	brne	.-14     	; 0x638 <__divsf3_pse+0x78>
 646:	88 0f       	add	r24, r24
 648:	91 1d       	adc	r25, r1
 64a:	96 95       	lsr	r25
 64c:	87 95       	ror	r24
 64e:	97 f9       	bld	r25, 7
 650:	08 95       	ret
 652:	e1 e0       	ldi	r30, 0x01	; 1
 654:	66 0f       	add	r22, r22
 656:	77 1f       	adc	r23, r23
 658:	88 1f       	adc	r24, r24
 65a:	bb 1f       	adc	r27, r27
 65c:	62 17       	cp	r22, r18
 65e:	73 07       	cpc	r23, r19
 660:	84 07       	cpc	r24, r20
 662:	ba 07       	cpc	r27, r26
 664:	20 f0       	brcs	.+8      	; 0x66e <__divsf3_pse+0xae>
 666:	62 1b       	sub	r22, r18
 668:	73 0b       	sbc	r23, r19
 66a:	84 0b       	sbc	r24, r20
 66c:	ba 0b       	sbc	r27, r26
 66e:	ee 1f       	adc	r30, r30
 670:	88 f7       	brcc	.-30     	; 0x654 <__divsf3_pse+0x94>
 672:	e0 95       	com	r30
 674:	08 95       	ret

00000676 <__floatunsisf>:
 676:	e8 94       	clt
 678:	09 c0       	rjmp	.+18     	; 0x68c <__floatsisf+0x12>

0000067a <__floatsisf>:
 67a:	97 fb       	bst	r25, 7
 67c:	3e f4       	brtc	.+14     	; 0x68c <__floatsisf+0x12>
 67e:	90 95       	com	r25
 680:	80 95       	com	r24
 682:	70 95       	com	r23
 684:	61 95       	neg	r22
 686:	7f 4f       	sbci	r23, 0xFF	; 255
 688:	8f 4f       	sbci	r24, 0xFF	; 255
 68a:	9f 4f       	sbci	r25, 0xFF	; 255
 68c:	99 23       	and	r25, r25
 68e:	a9 f0       	breq	.+42     	; 0x6ba <__floatsisf+0x40>
 690:	f9 2f       	mov	r31, r25
 692:	96 e9       	ldi	r25, 0x96	; 150
 694:	bb 27       	eor	r27, r27
 696:	93 95       	inc	r25
 698:	f6 95       	lsr	r31
 69a:	87 95       	ror	r24
 69c:	77 95       	ror	r23
 69e:	67 95       	ror	r22
 6a0:	b7 95       	ror	r27
 6a2:	f1 11       	cpse	r31, r1
 6a4:	f8 cf       	rjmp	.-16     	; 0x696 <__floatsisf+0x1c>
 6a6:	fa f4       	brpl	.+62     	; 0x6e6 <__floatsisf+0x6c>
 6a8:	bb 0f       	add	r27, r27
 6aa:	11 f4       	brne	.+4      	; 0x6b0 <__floatsisf+0x36>
 6ac:	60 ff       	sbrs	r22, 0
 6ae:	1b c0       	rjmp	.+54     	; 0x6e6 <__floatsisf+0x6c>
 6b0:	6f 5f       	subi	r22, 0xFF	; 255
 6b2:	7f 4f       	sbci	r23, 0xFF	; 255
 6b4:	8f 4f       	sbci	r24, 0xFF	; 255
 6b6:	9f 4f       	sbci	r25, 0xFF	; 255
 6b8:	16 c0       	rjmp	.+44     	; 0x6e6 <__floatsisf+0x6c>
 6ba:	88 23       	and	r24, r24
 6bc:	11 f0       	breq	.+4      	; 0x6c2 <__floatsisf+0x48>
 6be:	96 e9       	ldi	r25, 0x96	; 150
 6c0:	11 c0       	rjmp	.+34     	; 0x6e4 <__floatsisf+0x6a>
 6c2:	77 23       	and	r23, r23
 6c4:	21 f0       	breq	.+8      	; 0x6ce <__floatsisf+0x54>
 6c6:	9e e8       	ldi	r25, 0x8E	; 142
 6c8:	87 2f       	mov	r24, r23
 6ca:	76 2f       	mov	r23, r22
 6cc:	05 c0       	rjmp	.+10     	; 0x6d8 <__floatsisf+0x5e>
 6ce:	66 23       	and	r22, r22
 6d0:	71 f0       	breq	.+28     	; 0x6ee <__floatsisf+0x74>
 6d2:	96 e8       	ldi	r25, 0x86	; 134
 6d4:	86 2f       	mov	r24, r22
 6d6:	70 e0       	ldi	r23, 0x00	; 0
 6d8:	60 e0       	ldi	r22, 0x00	; 0
 6da:	2a f0       	brmi	.+10     	; 0x6e6 <__floatsisf+0x6c>
 6dc:	9a 95       	dec	r25
 6de:	66 0f       	add	r22, r22
 6e0:	77 1f       	adc	r23, r23
 6e2:	88 1f       	adc	r24, r24
 6e4:	da f7       	brpl	.-10     	; 0x6dc <__floatsisf+0x62>
 6e6:	88 0f       	add	r24, r24
 6e8:	96 95       	lsr	r25
 6ea:	87 95       	ror	r24
 6ec:	97 f9       	bld	r25, 7
 6ee:	08 95       	ret

000006f0 <__fp_inf>:
 6f0:	97 f9       	bld	r25, 7
 6f2:	9f 67       	ori	r25, 0x7F	; 127
 6f4:	80 e8       	ldi	r24, 0x80	; 128
 6f6:	70 e0       	ldi	r23, 0x00	; 0
 6f8:	60 e0       	ldi	r22, 0x00	; 0
 6fa:	08 95       	ret

000006fc <__fp_nan>:
 6fc:	9f ef       	ldi	r25, 0xFF	; 255
 6fe:	80 ec       	ldi	r24, 0xC0	; 192
 700:	08 95       	ret

00000702 <__fp_pscA>:
 702:	00 24       	eor	r0, r0
 704:	0a 94       	dec	r0
 706:	16 16       	cp	r1, r22
 708:	17 06       	cpc	r1, r23
 70a:	18 06       	cpc	r1, r24
 70c:	09 06       	cpc	r0, r25
 70e:	08 95       	ret

00000710 <__fp_pscB>:
 710:	00 24       	eor	r0, r0
 712:	0a 94       	dec	r0
 714:	12 16       	cp	r1, r18
 716:	13 06       	cpc	r1, r19
 718:	14 06       	cpc	r1, r20
 71a:	05 06       	cpc	r0, r21
 71c:	08 95       	ret
 71e:	0c 94 7e 03 	jmp	0x6fc	; 0x6fc <__fp_nan>

00000722 <__fp_rempio2>:
 722:	0e 94 e7 03 	call	0x7ce	; 0x7ce <__fp_splitA>
 726:	d8 f3       	brcs	.-10     	; 0x71e <__fp_pscB+0xe>
 728:	e8 94       	clt
 72a:	e0 e0       	ldi	r30, 0x00	; 0
 72c:	bb 27       	eor	r27, r27
 72e:	9f 57       	subi	r25, 0x7F	; 127
 730:	f0 f0       	brcs	.+60     	; 0x76e <__fp_rempio2+0x4c>
 732:	2a ed       	ldi	r18, 0xDA	; 218
 734:	3f e0       	ldi	r19, 0x0F	; 15
 736:	49 ec       	ldi	r20, 0xC9	; 201
 738:	06 c0       	rjmp	.+12     	; 0x746 <__fp_rempio2+0x24>
 73a:	ee 0f       	add	r30, r30
 73c:	bb 0f       	add	r27, r27
 73e:	66 1f       	adc	r22, r22
 740:	77 1f       	adc	r23, r23
 742:	88 1f       	adc	r24, r24
 744:	28 f0       	brcs	.+10     	; 0x750 <__fp_rempio2+0x2e>
 746:	b2 3a       	cpi	r27, 0xA2	; 162
 748:	62 07       	cpc	r22, r18
 74a:	73 07       	cpc	r23, r19
 74c:	84 07       	cpc	r24, r20
 74e:	28 f0       	brcs	.+10     	; 0x75a <__fp_rempio2+0x38>
 750:	b2 5a       	subi	r27, 0xA2	; 162
 752:	62 0b       	sbc	r22, r18
 754:	73 0b       	sbc	r23, r19
 756:	84 0b       	sbc	r24, r20
 758:	e3 95       	inc	r30
 75a:	9a 95       	dec	r25
 75c:	72 f7       	brpl	.-36     	; 0x73a <__fp_rempio2+0x18>
 75e:	80 38       	cpi	r24, 0x80	; 128
 760:	30 f4       	brcc	.+12     	; 0x76e <__fp_rempio2+0x4c>
 762:	9a 95       	dec	r25
 764:	bb 0f       	add	r27, r27
 766:	66 1f       	adc	r22, r22
 768:	77 1f       	adc	r23, r23
 76a:	88 1f       	adc	r24, r24
 76c:	d2 f7       	brpl	.-12     	; 0x762 <__fp_rempio2+0x40>
 76e:	90 48       	sbci	r25, 0x80	; 128
 770:	0c 94 ee 04 	jmp	0x9dc	; 0x9dc <__fp_mpack_finite>

00000774 <__fp_round>:
 774:	09 2e       	mov	r0, r25
 776:	03 94       	inc	r0
 778:	00 0c       	add	r0, r0
 77a:	11 f4       	brne	.+4      	; 0x780 <__fp_round+0xc>
 77c:	88 23       	and	r24, r24
 77e:	52 f0       	brmi	.+20     	; 0x794 <__fp_round+0x20>
 780:	bb 0f       	add	r27, r27
 782:	40 f4       	brcc	.+16     	; 0x794 <__fp_round+0x20>
 784:	bf 2b       	or	r27, r31
 786:	11 f4       	brne	.+4      	; 0x78c <__fp_round+0x18>
 788:	60 ff       	sbrs	r22, 0
 78a:	04 c0       	rjmp	.+8      	; 0x794 <__fp_round+0x20>
 78c:	6f 5f       	subi	r22, 0xFF	; 255
 78e:	7f 4f       	sbci	r23, 0xFF	; 255
 790:	8f 4f       	sbci	r24, 0xFF	; 255
 792:	9f 4f       	sbci	r25, 0xFF	; 255
 794:	08 95       	ret

00000796 <__fp_sinus>:
 796:	ef 93       	push	r30
 798:	e0 ff       	sbrs	r30, 0
 79a:	07 c0       	rjmp	.+14     	; 0x7aa <__fp_sinus+0x14>
 79c:	a2 ea       	ldi	r26, 0xA2	; 162
 79e:	2a ed       	ldi	r18, 0xDA	; 218
 7a0:	3f e0       	ldi	r19, 0x0F	; 15
 7a2:	49 ec       	ldi	r20, 0xC9	; 201
 7a4:	5f eb       	ldi	r21, 0xBF	; 191
 7a6:	0e 94 6f 02 	call	0x4de	; 0x4de <__addsf3x>
 7aa:	0e 94 ba 03 	call	0x774	; 0x774 <__fp_round>
 7ae:	0f 90       	pop	r0
 7b0:	03 94       	inc	r0
 7b2:	01 fc       	sbrc	r0, 1
 7b4:	90 58       	subi	r25, 0x80	; 128
 7b6:	e8 e6       	ldi	r30, 0x68	; 104
 7b8:	f0 e0       	ldi	r31, 0x00	; 0
 7ba:	0c 94 01 05 	jmp	0xa02	; 0xa02 <__fp_powsodd>

000007be <__fp_split3>:
 7be:	57 fd       	sbrc	r21, 7
 7c0:	90 58       	subi	r25, 0x80	; 128
 7c2:	44 0f       	add	r20, r20
 7c4:	55 1f       	adc	r21, r21
 7c6:	59 f0       	breq	.+22     	; 0x7de <__fp_splitA+0x10>
 7c8:	5f 3f       	cpi	r21, 0xFF	; 255
 7ca:	71 f0       	breq	.+28     	; 0x7e8 <__fp_splitA+0x1a>
 7cc:	47 95       	ror	r20

000007ce <__fp_splitA>:
 7ce:	88 0f       	add	r24, r24
 7d0:	97 fb       	bst	r25, 7
 7d2:	99 1f       	adc	r25, r25
 7d4:	61 f0       	breq	.+24     	; 0x7ee <__fp_splitA+0x20>
 7d6:	9f 3f       	cpi	r25, 0xFF	; 255
 7d8:	79 f0       	breq	.+30     	; 0x7f8 <__fp_splitA+0x2a>
 7da:	87 95       	ror	r24
 7dc:	08 95       	ret
 7de:	12 16       	cp	r1, r18
 7e0:	13 06       	cpc	r1, r19
 7e2:	14 06       	cpc	r1, r20
 7e4:	55 1f       	adc	r21, r21
 7e6:	f2 cf       	rjmp	.-28     	; 0x7cc <__fp_split3+0xe>
 7e8:	46 95       	lsr	r20
 7ea:	f1 df       	rcall	.-30     	; 0x7ce <__fp_splitA>
 7ec:	08 c0       	rjmp	.+16     	; 0x7fe <__fp_splitA+0x30>
 7ee:	16 16       	cp	r1, r22
 7f0:	17 06       	cpc	r1, r23
 7f2:	18 06       	cpc	r1, r24
 7f4:	99 1f       	adc	r25, r25
 7f6:	f1 cf       	rjmp	.-30     	; 0x7da <__fp_splitA+0xc>
 7f8:	86 95       	lsr	r24
 7fa:	71 05       	cpc	r23, r1
 7fc:	61 05       	cpc	r22, r1
 7fe:	08 94       	sec
 800:	08 95       	ret

00000802 <__fp_zero>:
 802:	e8 94       	clt

00000804 <__fp_szero>:
 804:	bb 27       	eor	r27, r27
 806:	66 27       	eor	r22, r22
 808:	77 27       	eor	r23, r23
 80a:	cb 01       	movw	r24, r22
 80c:	97 f9       	bld	r25, 7
 80e:	08 95       	ret

00000810 <__gesf2>:
 810:	0e 94 c8 04 	call	0x990	; 0x990 <__fp_cmp>
 814:	08 f4       	brcc	.+2      	; 0x818 <__gesf2+0x8>
 816:	8f ef       	ldi	r24, 0xFF	; 255
 818:	08 95       	ret

0000081a <__mulsf3>:
 81a:	0e 94 20 04 	call	0x840	; 0x840 <__mulsf3x>
 81e:	0c 94 ba 03 	jmp	0x774	; 0x774 <__fp_round>
 822:	0e 94 81 03 	call	0x702	; 0x702 <__fp_pscA>
 826:	38 f0       	brcs	.+14     	; 0x836 <__mulsf3+0x1c>
 828:	0e 94 88 03 	call	0x710	; 0x710 <__fp_pscB>
 82c:	20 f0       	brcs	.+8      	; 0x836 <__mulsf3+0x1c>
 82e:	95 23       	and	r25, r21
 830:	11 f0       	breq	.+4      	; 0x836 <__mulsf3+0x1c>
 832:	0c 94 78 03 	jmp	0x6f0	; 0x6f0 <__fp_inf>
 836:	0c 94 7e 03 	jmp	0x6fc	; 0x6fc <__fp_nan>
 83a:	11 24       	eor	r1, r1
 83c:	0c 94 02 04 	jmp	0x804	; 0x804 <__fp_szero>

00000840 <__mulsf3x>:
 840:	0e 94 df 03 	call	0x7be	; 0x7be <__fp_split3>
 844:	70 f3       	brcs	.-36     	; 0x822 <__mulsf3+0x8>

00000846 <__mulsf3_pse>:
 846:	95 9f       	mul	r25, r21
 848:	c1 f3       	breq	.-16     	; 0x83a <__mulsf3+0x20>
 84a:	95 0f       	add	r25, r21
 84c:	50 e0       	ldi	r21, 0x00	; 0
 84e:	55 1f       	adc	r21, r21
 850:	62 9f       	mul	r22, r18
 852:	f0 01       	movw	r30, r0
 854:	72 9f       	mul	r23, r18
 856:	bb 27       	eor	r27, r27
 858:	f0 0d       	add	r31, r0
 85a:	b1 1d       	adc	r27, r1
 85c:	63 9f       	mul	r22, r19
 85e:	aa 27       	eor	r26, r26
 860:	f0 0d       	add	r31, r0
 862:	b1 1d       	adc	r27, r1
 864:	aa 1f       	adc	r26, r26
 866:	64 9f       	mul	r22, r20
 868:	66 27       	eor	r22, r22
 86a:	b0 0d       	add	r27, r0
 86c:	a1 1d       	adc	r26, r1
 86e:	66 1f       	adc	r22, r22
 870:	82 9f       	mul	r24, r18
 872:	22 27       	eor	r18, r18
 874:	b0 0d       	add	r27, r0
 876:	a1 1d       	adc	r26, r1
 878:	62 1f       	adc	r22, r18
 87a:	73 9f       	mul	r23, r19
 87c:	b0 0d       	add	r27, r0
 87e:	a1 1d       	adc	r26, r1
 880:	62 1f       	adc	r22, r18
 882:	83 9f       	mul	r24, r19
 884:	a0 0d       	add	r26, r0
 886:	61 1d       	adc	r22, r1
 888:	22 1f       	adc	r18, r18
 88a:	74 9f       	mul	r23, r20
 88c:	33 27       	eor	r19, r19
 88e:	a0 0d       	add	r26, r0
 890:	61 1d       	adc	r22, r1
 892:	23 1f       	adc	r18, r19
 894:	84 9f       	mul	r24, r20
 896:	60 0d       	add	r22, r0
 898:	21 1d       	adc	r18, r1
 89a:	82 2f       	mov	r24, r18
 89c:	76 2f       	mov	r23, r22
 89e:	6a 2f       	mov	r22, r26
 8a0:	11 24       	eor	r1, r1
 8a2:	9f 57       	subi	r25, 0x7F	; 127
 8a4:	50 40       	sbci	r21, 0x00	; 0
 8a6:	9a f0       	brmi	.+38     	; 0x8ce <__mulsf3_pse+0x88>
 8a8:	f1 f0       	breq	.+60     	; 0x8e6 <__mulsf3_pse+0xa0>
 8aa:	88 23       	and	r24, r24
 8ac:	4a f0       	brmi	.+18     	; 0x8c0 <__mulsf3_pse+0x7a>
 8ae:	ee 0f       	add	r30, r30
 8b0:	ff 1f       	adc	r31, r31
 8b2:	bb 1f       	adc	r27, r27
 8b4:	66 1f       	adc	r22, r22
 8b6:	77 1f       	adc	r23, r23
 8b8:	88 1f       	adc	r24, r24
 8ba:	91 50       	subi	r25, 0x01	; 1
 8bc:	50 40       	sbci	r21, 0x00	; 0
 8be:	a9 f7       	brne	.-22     	; 0x8aa <__mulsf3_pse+0x64>
 8c0:	9e 3f       	cpi	r25, 0xFE	; 254
 8c2:	51 05       	cpc	r21, r1
 8c4:	80 f0       	brcs	.+32     	; 0x8e6 <__mulsf3_pse+0xa0>
 8c6:	0c 94 78 03 	jmp	0x6f0	; 0x6f0 <__fp_inf>
 8ca:	0c 94 02 04 	jmp	0x804	; 0x804 <__fp_szero>
 8ce:	5f 3f       	cpi	r21, 0xFF	; 255
 8d0:	e4 f3       	brlt	.-8      	; 0x8ca <__mulsf3_pse+0x84>
 8d2:	98 3e       	cpi	r25, 0xE8	; 232
 8d4:	d4 f3       	brlt	.-12     	; 0x8ca <__mulsf3_pse+0x84>
 8d6:	86 95       	lsr	r24
 8d8:	77 95       	ror	r23
 8da:	67 95       	ror	r22
 8dc:	b7 95       	ror	r27
 8de:	f7 95       	ror	r31
 8e0:	e7 95       	ror	r30
 8e2:	9f 5f       	subi	r25, 0xFF	; 255
 8e4:	c1 f7       	brne	.-16     	; 0x8d6 <__mulsf3_pse+0x90>
 8e6:	fe 2b       	or	r31, r30
 8e8:	88 0f       	add	r24, r24
 8ea:	91 1d       	adc	r25, r1
 8ec:	96 95       	lsr	r25
 8ee:	87 95       	ror	r24
 8f0:	97 f9       	bld	r25, 7
 8f2:	08 95       	ret

000008f4 <sin>:
 8f4:	9f 93       	push	r25
 8f6:	0e 94 91 03 	call	0x722	; 0x722 <__fp_rempio2>
 8fa:	0f 90       	pop	r0
 8fc:	07 fc       	sbrc	r0, 7
 8fe:	ee 5f       	subi	r30, 0xFE	; 254
 900:	0c 94 cb 03 	jmp	0x796	; 0x796 <__fp_sinus>
 904:	19 f4       	brne	.+6      	; 0x90c <__stack+0xd>
 906:	16 f4       	brtc	.+4      	; 0x90c <__stack+0xd>
 908:	0c 94 7e 03 	jmp	0x6fc	; 0x6fc <__fp_nan>
 90c:	0c 94 ec 04 	jmp	0x9d8	; 0x9d8 <__fp_mpack>

00000910 <sqrt>:
 910:	0e 94 e7 03 	call	0x7ce	; 0x7ce <__fp_splitA>
 914:	b8 f3       	brcs	.-18     	; 0x904 <__stack+0x5>
 916:	99 23       	and	r25, r25
 918:	c9 f3       	breq	.-14     	; 0x90c <__stack+0xd>
 91a:	b6 f3       	brts	.-20     	; 0x908 <__stack+0x9>
 91c:	9f 57       	subi	r25, 0x7F	; 127
 91e:	55 0b       	sbc	r21, r21
 920:	87 ff       	sbrs	r24, 7
 922:	0e 94 fa 04 	call	0x9f4	; 0x9f4 <__fp_norm2>
 926:	00 24       	eor	r0, r0
 928:	a0 e6       	ldi	r26, 0x60	; 96
 92a:	40 ea       	ldi	r20, 0xA0	; 160
 92c:	90 01       	movw	r18, r0
 92e:	80 58       	subi	r24, 0x80	; 128
 930:	56 95       	lsr	r21
 932:	97 95       	ror	r25
 934:	28 f4       	brcc	.+10     	; 0x940 <sqrt+0x30>
 936:	80 5c       	subi	r24, 0xC0	; 192
 938:	66 0f       	add	r22, r22
 93a:	77 1f       	adc	r23, r23
 93c:	88 1f       	adc	r24, r24
 93e:	20 f0       	brcs	.+8      	; 0x948 <sqrt+0x38>
 940:	26 17       	cp	r18, r22
 942:	37 07       	cpc	r19, r23
 944:	48 07       	cpc	r20, r24
 946:	30 f4       	brcc	.+12     	; 0x954 <sqrt+0x44>
 948:	62 1b       	sub	r22, r18
 94a:	73 0b       	sbc	r23, r19
 94c:	84 0b       	sbc	r24, r20
 94e:	20 29       	or	r18, r0
 950:	31 29       	or	r19, r1
 952:	4a 2b       	or	r20, r26
 954:	a6 95       	lsr	r26
 956:	17 94       	ror	r1
 958:	07 94       	ror	r0
 95a:	20 25       	eor	r18, r0
 95c:	31 25       	eor	r19, r1
 95e:	4a 27       	eor	r20, r26
 960:	58 f7       	brcc	.-42     	; 0x938 <sqrt+0x28>
 962:	66 0f       	add	r22, r22
 964:	77 1f       	adc	r23, r23
 966:	88 1f       	adc	r24, r24
 968:	20 f0       	brcs	.+8      	; 0x972 <sqrt+0x62>
 96a:	26 17       	cp	r18, r22
 96c:	37 07       	cpc	r19, r23
 96e:	48 07       	cpc	r20, r24
 970:	30 f4       	brcc	.+12     	; 0x97e <sqrt+0x6e>
 972:	62 0b       	sbc	r22, r18
 974:	73 0b       	sbc	r23, r19
 976:	84 0b       	sbc	r24, r20
 978:	20 0d       	add	r18, r0
 97a:	31 1d       	adc	r19, r1
 97c:	41 1d       	adc	r20, r1
 97e:	a0 95       	com	r26
 980:	81 f7       	brne	.-32     	; 0x962 <sqrt+0x52>
 982:	b9 01       	movw	r22, r18
 984:	84 2f       	mov	r24, r20
 986:	91 58       	subi	r25, 0x81	; 129
 988:	88 0f       	add	r24, r24
 98a:	96 95       	lsr	r25
 98c:	87 95       	ror	r24
 98e:	08 95       	ret

00000990 <__fp_cmp>:
 990:	99 0f       	add	r25, r25
 992:	00 08       	sbc	r0, r0
 994:	55 0f       	add	r21, r21
 996:	aa 0b       	sbc	r26, r26
 998:	e0 e8       	ldi	r30, 0x80	; 128
 99a:	fe ef       	ldi	r31, 0xFE	; 254
 99c:	16 16       	cp	r1, r22
 99e:	17 06       	cpc	r1, r23
 9a0:	e8 07       	cpc	r30, r24
 9a2:	f9 07       	cpc	r31, r25
 9a4:	c0 f0       	brcs	.+48     	; 0x9d6 <__fp_cmp+0x46>
 9a6:	12 16       	cp	r1, r18
 9a8:	13 06       	cpc	r1, r19
 9aa:	e4 07       	cpc	r30, r20
 9ac:	f5 07       	cpc	r31, r21
 9ae:	98 f0       	brcs	.+38     	; 0x9d6 <__fp_cmp+0x46>
 9b0:	62 1b       	sub	r22, r18
 9b2:	73 0b       	sbc	r23, r19
 9b4:	84 0b       	sbc	r24, r20
 9b6:	95 0b       	sbc	r25, r21
 9b8:	39 f4       	brne	.+14     	; 0x9c8 <__fp_cmp+0x38>
 9ba:	0a 26       	eor	r0, r26
 9bc:	61 f0       	breq	.+24     	; 0x9d6 <__fp_cmp+0x46>
 9be:	23 2b       	or	r18, r19
 9c0:	24 2b       	or	r18, r20
 9c2:	25 2b       	or	r18, r21
 9c4:	21 f4       	brne	.+8      	; 0x9ce <__fp_cmp+0x3e>
 9c6:	08 95       	ret
 9c8:	0a 26       	eor	r0, r26
 9ca:	09 f4       	brne	.+2      	; 0x9ce <__fp_cmp+0x3e>
 9cc:	a1 40       	sbci	r26, 0x01	; 1
 9ce:	a6 95       	lsr	r26
 9d0:	8f ef       	ldi	r24, 0xFF	; 255
 9d2:	81 1d       	adc	r24, r1
 9d4:	81 1d       	adc	r24, r1
 9d6:	08 95       	ret

000009d8 <__fp_mpack>:
 9d8:	9f 3f       	cpi	r25, 0xFF	; 255
 9da:	31 f0       	breq	.+12     	; 0x9e8 <__fp_mpack_finite+0xc>

000009dc <__fp_mpack_finite>:
 9dc:	91 50       	subi	r25, 0x01	; 1
 9de:	20 f4       	brcc	.+8      	; 0x9e8 <__fp_mpack_finite+0xc>
 9e0:	87 95       	ror	r24
 9e2:	77 95       	ror	r23
 9e4:	67 95       	ror	r22
 9e6:	b7 95       	ror	r27
 9e8:	88 0f       	add	r24, r24
 9ea:	91 1d       	adc	r25, r1
 9ec:	96 95       	lsr	r25
 9ee:	87 95       	ror	r24
 9f0:	97 f9       	bld	r25, 7
 9f2:	08 95       	ret

000009f4 <__fp_norm2>:
 9f4:	91 50       	subi	r25, 0x01	; 1
 9f6:	50 40       	sbci	r21, 0x00	; 0
 9f8:	66 0f       	add	r22, r22
 9fa:	77 1f       	adc	r23, r23
 9fc:	88 1f       	adc	r24, r24
 9fe:	d2 f7       	brpl	.-12     	; 0x9f4 <__fp_norm2>
 a00:	08 95       	ret

00000a02 <__fp_powsodd>:
 a02:	9f 93       	push	r25
 a04:	8f 93       	push	r24
 a06:	7f 93       	push	r23
 a08:	6f 93       	push	r22
 a0a:	ff 93       	push	r31
 a0c:	ef 93       	push	r30
 a0e:	9b 01       	movw	r18, r22
 a10:	ac 01       	movw	r20, r24
 a12:	0e 94 0d 04 	call	0x81a	; 0x81a <__mulsf3>
 a16:	ef 91       	pop	r30
 a18:	ff 91       	pop	r31
 a1a:	0e 94 15 05 	call	0xa2a	; 0xa2a <__fp_powser>
 a1e:	2f 91       	pop	r18
 a20:	3f 91       	pop	r19
 a22:	4f 91       	pop	r20
 a24:	5f 91       	pop	r21
 a26:	0c 94 0d 04 	jmp	0x81a	; 0x81a <__mulsf3>

00000a2a <__fp_powser>:
 a2a:	df 93       	push	r29
 a2c:	cf 93       	push	r28
 a2e:	1f 93       	push	r17
 a30:	0f 93       	push	r16
 a32:	ff 92       	push	r15
 a34:	ef 92       	push	r14
 a36:	df 92       	push	r13
 a38:	7b 01       	movw	r14, r22
 a3a:	8c 01       	movw	r16, r24
 a3c:	68 94       	set
 a3e:	06 c0       	rjmp	.+12     	; 0xa4c <__fp_powser+0x22>
 a40:	da 2e       	mov	r13, r26
 a42:	ef 01       	movw	r28, r30
 a44:	0e 94 20 04 	call	0x840	; 0x840 <__mulsf3x>
 a48:	fe 01       	movw	r30, r28
 a4a:	e8 94       	clt
 a4c:	a5 91       	lpm	r26, Z+
 a4e:	25 91       	lpm	r18, Z+
 a50:	35 91       	lpm	r19, Z+
 a52:	45 91       	lpm	r20, Z+
 a54:	55 91       	lpm	r21, Z+
 a56:	a6 f3       	brts	.-24     	; 0xa40 <__fp_powser+0x16>
 a58:	ef 01       	movw	r28, r30
 a5a:	0e 94 6f 02 	call	0x4de	; 0x4de <__addsf3x>
 a5e:	fe 01       	movw	r30, r28
 a60:	97 01       	movw	r18, r14
 a62:	a8 01       	movw	r20, r16
 a64:	da 94       	dec	r13
 a66:	69 f7       	brne	.-38     	; 0xa42 <__fp_powser+0x18>
 a68:	df 90       	pop	r13
 a6a:	ef 90       	pop	r14
 a6c:	ff 90       	pop	r15
 a6e:	0f 91       	pop	r16
 a70:	1f 91       	pop	r17
 a72:	cf 91       	pop	r28
 a74:	df 91       	pop	r29
 a76:	08 95       	ret

00000a78 <_exit>:
 a78:	f8 94       	cli

00000a7a <__stop_program>:
 a7a:	ff cf       	rjmp	.-2      	; 0xa7a <__stop_program>
